../247gbsaffiliates/app/(admin)/admin/login/page.tsx(1,18): error TS2307: Cannot find module 'next/link' or its corresponding type declarations.
../247gbsaffiliates/app/(admin)/admin/login/page.tsx(5,9): error TS7026: JSX element implicitly has type 'any' because no interface 'JSX.IntrinsicElements' exists.
../247gbsaffiliates/app/(admin)/admin/login/page.tsx(5,9): error TS2875: This JSX tag requires the module path 'react/jsx-runtime' to exist, but none could be found. Make sure you have types for the appropriate package installed.
../247gbsaffiliates/app/(admin)/admin/login/page.tsx(6,13): error TS7026: JSX element implicitly has type 'any' because no interface 'JSX.IntrinsicElements' exists.
../247gbsaffiliates/app/(admin)/admin/login/page.tsx(7,17): error TS7026: JSX element implicitly has type 'any' because no interface 'JSX.IntrinsicElements' exists.
../247gbsaffiliates/app/(admin)/admin/login/page.tsx(9,25): error TS7026: JSX element implicitly has type 'any' because no interface 'JSX.IntrinsicElements' exists.
../247gbsaffiliates/app/(admin)/admin/login/page.tsx(9,87): error TS7026: JSX element implicitly has type 'any' because no interface 'JSX.IntrinsicElements' exists.
../247gbsaffiliates/app/(admin)/admin/login/page.tsx(12,17): error TS7026: JSX element implicitly has type 'any' because no interface 'JSX.IntrinsicElements' exists.
../247gbsaffiliates/app/(admin)/admin/login/page.tsx(13,17): error TS7026: JSX element implicitly has type 'any' because no interface 'JSX.IntrinsicElements' exists.
../247gbsaffiliates/app/(admin)/admin/login/page.tsx(14,21): error TS7026: JSX element implicitly has type 'any' because no interface 'JSX.IntrinsicElements' exists.
../247gbsaffiliates/app/(admin)/admin/login/page.tsx(16,21): error TS7026: JSX element implicitly has type 'any' because no interface 'JSX.IntrinsicElements' exists.
../247gbsaffiliates/app/(admin)/admin/login/page.tsx(17,21): error TS7026: JSX element implicitly has type 'any' because no interface 'JSX.IntrinsicElements' exists.
../247gbsaffiliates/app/(admin)/admin/login/page.tsx(17,86): error TS7026: JSX element implicitly has type 'any' because no interface 'JSX.IntrinsicElements' exists.
../247gbsaffiliates/app/(admin)/admin/login/page.tsx(18,17): error TS7026: JSX element implicitly has type 'any' because no interface 'JSX.IntrinsicElements' exists.
../247gbsaffiliates/app/(admin)/admin/login/page.tsx(20,17): error TS7026: JSX element implicitly has type 'any' because no interface 'JSX.IntrinsicElements' exists.
../247gbsaffiliates/app/(admin)/admin/login/page.tsx(21,21): error TS7026: JSX element implicitly has type 'any' because no interface 'JSX.IntrinsicElements' exists.
../247gbsaffiliates/app/(admin)/admin/login/page.tsx(22,25): error TS7026: JSX element implicitly has type 'any' because no interface 'JSX.IntrinsicElements' exists.
../247gbsaffiliates/app/(admin)/admin/login/page.tsx(27,25): error TS7026: JSX element implicitly has type 'any' because no interface 'JSX.IntrinsicElements' exists.
../247gbsaffiliates/app/(admin)/admin/login/page.tsx(28,25): error TS7026: JSX element implicitly has type 'any' because no interface 'JSX.IntrinsicElements' exists.
../247gbsaffiliates/app/(admin)/admin/login/page.tsx(34,21): error TS7026: JSX element implicitly has type 'any' because no interface 'JSX.IntrinsicElements' exists.
../247gbsaffiliates/app/(admin)/admin/login/page.tsx(36,21): error TS7026: JSX element implicitly has type 'any' because no interface 'JSX.IntrinsicElements' exists.
../247gbsaffiliates/app/(admin)/admin/login/page.tsx(37,25): error TS7026: JSX element implicitly has type 'any' because no interface 'JSX.IntrinsicElements' exists.
../247gbsaffiliates/app/(admin)/admin/login/page.tsx(42,25): error TS7026: JSX element implicitly has type 'any' because no interface 'JSX.IntrinsicElements' exists.
../247gbsaffiliates/app/(admin)/admin/login/page.tsx(43,25): error TS7026: JSX element implicitly has type 'any' because no interface 'JSX.IntrinsicElements' exists.
../247gbsaffiliates/app/(admin)/admin/login/page.tsx(49,21): error TS7026: JSX element implicitly has type 'any' because no interface 'JSX.IntrinsicElements' exists.
../247gbsaffiliates/app/(admin)/admin/login/page.tsx(51,21): error TS7026: JSX element implicitly has type 'any' because no interface 'JSX.IntrinsicElements' exists.
../247gbsaffiliates/app/(admin)/admin/login/page.tsx(52,25): error TS7026: JSX element implicitly has type 'any' because no interface 'JSX.IntrinsicElements' exists.
../247gbsaffiliates/app/(admin)/admin/login/page.tsx(53,29): error TS7026: JSX element implicitly has type 'any' because no interface 'JSX.IntrinsicElements' exists.
../247gbsaffiliates/app/(admin)/admin/login/page.tsx(57,29): error TS7026: JSX element implicitly has type 'any' because no interface 'JSX.IntrinsicElements' exists.
../247gbsaffiliates/app/(admin)/admin/login/page.tsx(59,29): error TS7026: JSX element implicitly has type 'any' because no interface 'JSX.IntrinsicElements' exists.
../247gbsaffiliates/app/(admin)/admin/login/page.tsx(60,25): error TS7026: JSX element implicitly has type 'any' because no interface 'JSX.IntrinsicElements' exists.
../247gbsaffiliates/app/(admin)/admin/login/page.tsx(67,21): error TS7026: JSX element implicitly has type 'any' because no interface 'JSX.IntrinsicElements' exists.
../247gbsaffiliates/app/(admin)/admin/login/page.tsx(69,21): error TS7026: JSX element implicitly has type 'any' because no interface 'JSX.IntrinsicElements' exists.
../247gbsaffiliates/app/(admin)/admin/login/page.tsx(74,21): error TS7026: JSX element implicitly has type 'any' because no interface 'JSX.IntrinsicElements' exists.
../247gbsaffiliates/app/(admin)/admin/login/page.tsx(75,17): error TS7026: JSX element implicitly has type 'any' because no interface 'JSX.IntrinsicElements' exists.
../247gbsaffiliates/app/(admin)/admin/login/page.tsx(77,17): error TS7026: JSX element implicitly has type 'any' because no interface 'JSX.IntrinsicElements' exists.
../247gbsaffiliates/app/(admin)/admin/login/page.tsx(78,21): error TS7026: JSX element implicitly has type 'any' because no interface 'JSX.IntrinsicElements' exists.
../247gbsaffiliates/app/(admin)/admin/login/page.tsx(80,21): error TS7026: JSX element implicitly has type 'any' because no interface 'JSX.IntrinsicElements' exists.
../247gbsaffiliates/app/(admin)/admin/login/page.tsx(81,17): error TS7026: JSX element implicitly has type 'any' because no interface 'JSX.IntrinsicElements' exists.
../247gbsaffiliates/app/(admin)/admin/login/page.tsx(82,13): error TS7026: JSX element implicitly has type 'any' because no interface 'JSX.IntrinsicElements' exists.
../247gbsaffiliates/app/(admin)/admin/login/page.tsx(83,9): error TS7026: JSX element implicitly has type 'any' because no interface 'JSX.IntrinsicElements' exists.
../247gbsaffiliates/app/(admin)/layout.tsx(1,31): error TS2307: Cannot find module 'next' or its corresponding type declarations.
../247gbsaffiliates/app/(admin)/layout.tsx(11,15): error TS2503: Cannot find namespace 'React'.
../247gbsaffiliates/app/(admin)/layout.tsx(13,12): error TS2875: This JSX tag requires the module path 'react/jsx-runtime' to exist, but none could be found. Make sure you have types for the appropriate package installed.
../247gbsaffiliates/app/(auth)/check-email/page.tsx(3,18): error TS2307: Cannot find module 'next/link' or its corresponding type declarations.
../247gbsaffiliates/app/(auth)/check-email/page.tsx(8,9): error TS7026: JSX element implicitly has type 'any' because no interface 'JSX.IntrinsicElements' exists.
../247gbsaffiliates/app/(auth)/check-email/page.tsx(8,9): error TS2875: This JSX tag requires the module path 'react/jsx-runtime' to exist, but none could be found. Make sure you have types for the appropriate package installed.
../247gbsaffiliates/app/(auth)/check-email/page.tsx(15,13): error TS7026: JSX element implicitly has type 'any' because no interface 'JSX.IntrinsicElements' exists.
../247gbsaffiliates/app/(auth)/check-email/page.tsx(16,17): error TS7026: JSX element implicitly has type 'any' because no interface 'JSX.IntrinsicElements' exists.
../247gbsaffiliates/app/(auth)/check-email/page.tsx(17,21): error TS7026: JSX element implicitly has type 'any' because no interface 'JSX.IntrinsicElements' exists.
../247gbsaffiliates/app/(auth)/check-email/page.tsx(18,25): error TS7026: JSX element implicitly has type 'any' because no interface 'JSX.IntrinsicElements' exists.
../247gbsaffiliates/app/(auth)/check-email/page.tsx(19,29): error TS7026: JSX element implicitly has type 'any' because no interface 'JSX.IntrinsicElements' exists.
../247gbsaffiliates/app/(auth)/check-email/page.tsx(19,95): error TS7026: JSX element implicitly has type 'any' because no interface 'JSX.IntrinsicElements' exists.
../247gbsaffiliates/app/(auth)/check-email/page.tsx(20,25): error TS7026: JSX element implicitly has type 'any' because no interface 'JSX.IntrinsicElements' exists.
../247gbsaffiliates/app/(auth)/check-email/page.tsx(21,25): error TS7026: JSX element implicitly has type 'any' because no interface 'JSX.IntrinsicElements' exists.
../247gbsaffiliates/app/(auth)/check-email/page.tsx(21,96): error TS7026: JSX element implicitly has type 'any' because no interface 'JSX.IntrinsicElements' exists.
../247gbsaffiliates/app/(auth)/check-email/page.tsx(22,21): error TS7026: JSX element implicitly has type 'any' because no interface 'JSX.IntrinsicElements' exists.
../247gbsaffiliates/app/(auth)/check-email/page.tsx(24,21): error TS7026: JSX element implicitly has type 'any' because no interface 'JSX.IntrinsicElements' exists.
../247gbsaffiliates/app/(auth)/check-email/page.tsx(25,25): error TS7026: JSX element implicitly has type 'any' because no interface 'JSX.IntrinsicElements' exists.
../247gbsaffiliates/app/(auth)/check-email/page.tsx(26,29): error TS7026: JSX element implicitly has type 'any' because no interface 'JSX.IntrinsicElements' exists.
../247gbsaffiliates/app/(auth)/check-email/page.tsx(27,33): error TS7026: JSX element implicitly has type 'any' because no interface 'JSX.IntrinsicElements' exists.
../247gbsaffiliates/app/(auth)/check-email/page.tsx(27,103): error TS7026: JSX element implicitly has type 'any' because no interface 'JSX.IntrinsicElements' exists.
../247gbsaffiliates/app/(auth)/check-email/page.tsx(28,29): error TS7026: JSX element implicitly has type 'any' because no interface 'JSX.IntrinsicElements' exists.
../247gbsaffiliates/app/(auth)/check-email/page.tsx(29,29): error TS7026: JSX element implicitly has type 'any' because no interface 'JSX.IntrinsicElements' exists.
../247gbsaffiliates/app/(auth)/check-email/page.tsx(30,33): error TS7026: JSX element implicitly has type 'any' because no interface 'JSX.IntrinsicElements' exists.
../247gbsaffiliates/app/(auth)/check-email/page.tsx(30,101): error TS7026: JSX element implicitly has type 'any' because no interface 'JSX.IntrinsicElements' exists.
../247gbsaffiliates/app/(auth)/check-email/page.tsx(31,29): error TS7026: JSX element implicitly has type 'any' because no interface 'JSX.IntrinsicElements' exists.
../247gbsaffiliates/app/(auth)/check-email/page.tsx(32,25): error TS7026: JSX element implicitly has type 'any' because no interface 'JSX.IntrinsicElements' exists.
../247gbsaffiliates/app/(auth)/check-email/page.tsx(33,21): error TS7026: JSX element implicitly has type 'any' because no interface 'JSX.IntrinsicElements' exists.
../247gbsaffiliates/app/(auth)/check-email/page.tsx(35,21): error TS7026: JSX element implicitly has type 'any' because no interface 'JSX.IntrinsicElements' exists.
../247gbsaffiliates/app/(auth)/check-email/page.tsx(36,25): error TS7026: JSX element implicitly has type 'any' because no interface 'JSX.IntrinsicElements' exists.
../247gbsaffiliates/app/(auth)/check-email/page.tsx(38,25): error TS7026: JSX element implicitly has type 'any' because no interface 'JSX.IntrinsicElements' exists.
../247gbsaffiliates/app/(auth)/check-email/page.tsx(39,25): error TS7026: JSX element implicitly has type 'any' because no interface 'JSX.IntrinsicElements' exists.
../247gbsaffiliates/app/(auth)/check-email/page.tsx(41,25): error TS7026: JSX element implicitly has type 'any' because no interface 'JSX.IntrinsicElements' exists.
../247gbsaffiliates/app/(auth)/check-email/page.tsx(42,21): error TS7026: JSX element implicitly has type 'any' because no interface 'JSX.IntrinsicElements' exists.
../247gbsaffiliates/app/(auth)/check-email/page.tsx(44,21): error TS7026: JSX element implicitly has type 'any' because no interface 'JSX.IntrinsicElements' exists.
../247gbsaffiliates/app/(auth)/check-email/page.tsx(46,29): error TS7026: JSX element implicitly has type 'any' because no interface 'JSX.IntrinsicElements' exists.
../247gbsaffiliates/app/(auth)/check-email/page.tsx(46,71): error TS7026: JSX element implicitly has type 'any' because no interface 'JSX.IntrinsicElements' exists.
../247gbsaffiliates/app/(auth)/check-email/page.tsx(47,29): error TS7026: JSX element implicitly has type 'any' because no interface 'JSX.IntrinsicElements' exists.
../247gbsaffiliates/app/(auth)/check-email/page.tsx(47,147): error TS7026: JSX element implicitly has type 'any' because no interface 'JSX.IntrinsicElements' exists.
../247gbsaffiliates/app/(auth)/check-email/page.tsx(50,25): error TS7026: JSX element implicitly has type 'any' because no interface 'JSX.IntrinsicElements' exists.
../247gbsaffiliates/app/(auth)/check-email/page.tsx(51,29): error TS7026: JSX element implicitly has type 'any' because no interface 'JSX.IntrinsicElements' exists.
../247gbsaffiliates/app/(auth)/check-email/page.tsx(53,29): error TS7026: JSX element implicitly has type 'any' because no interface 'JSX.IntrinsicElements' exists.
../247gbsaffiliates/app/(auth)/check-email/page.tsx(54,29): error TS7026: JSX element implicitly has type 'any' because no interface 'JSX.IntrinsicElements' exists.
../247gbsaffiliates/app/(auth)/check-email/page.tsx(55,33): error TS7026: JSX element implicitly has type 'any' because no interface 'JSX.IntrinsicElements' exists.
../247gbsaffiliates/app/(auth)/check-email/page.tsx(55,149): error TS7026: JSX element implicitly has type 'any' because no interface 'JSX.IntrinsicElements' exists.
../247gbsaffiliates/app/(auth)/check-email/page.tsx(56,33): error TS7026: JSX element implicitly has type 'any' because no interface 'JSX.IntrinsicElements' exists.
../247gbsaffiliates/app/(auth)/check-email/page.tsx(56,51): error TS7026: JSX element implicitly has type 'any' because no interface 'JSX.IntrinsicElements' exists.
../247gbsaffiliates/app/(auth)/check-email/page.tsx(57,29): error TS7026: JSX element implicitly has type 'any' because no interface 'JSX.IntrinsicElements' exists.
../247gbsaffiliates/app/(auth)/check-email/page.tsx(58,25): error TS7026: JSX element implicitly has type 'any' because no interface 'JSX.IntrinsicElements' exists.
../247gbsaffiliates/app/(auth)/check-email/page.tsx(59,21): error TS7026: JSX element implicitly has type 'any' because no interface 'JSX.IntrinsicElements' exists.
../247gbsaffiliates/app/(auth)/check-email/page.tsx(61,21): error TS7026: JSX element implicitly has type 'any' because no interface 'JSX.IntrinsicElements' exists.
../247gbsaffiliates/app/(auth)/check-email/page.tsx(62,25): error TS7026: JSX element implicitly has type 'any' because no interface 'JSX.IntrinsicElements' exists.
../247gbsaffiliates/app/(auth)/check-email/page.tsx(66,25): error TS7026: JSX element implicitly has type 'any' because no interface 'JSX.IntrinsicElements' exists.
../247gbsaffiliates/app/(auth)/check-email/page.tsx(67,25): error TS7026: JSX element implicitly has type 'any' because no interface 'JSX.IntrinsicElements' exists.
../247gbsaffiliates/app/(auth)/check-email/page.tsx(69,25): error TS7026: JSX element implicitly has type 'any' because no interface 'JSX.IntrinsicElements' exists.
../247gbsaffiliates/app/(auth)/check-email/page.tsx(70,21): error TS7026: JSX element implicitly has type 'any' because no interface 'JSX.IntrinsicElements' exists.
../247gbsaffiliates/app/(auth)/check-email/page.tsx(71,17): error TS7026: JSX element implicitly has type 'any' because no interface 'JSX.IntrinsicElements' exists.
../247gbsaffiliates/app/(auth)/check-email/page.tsx(72,13): error TS7026: JSX element implicitly has type 'any' because no interface 'JSX.IntrinsicElements' exists.
../247gbsaffiliates/app/(auth)/check-email/page.tsx(73,9): error TS7026: JSX element implicitly has type 'any' because no interface 'JSX.IntrinsicElements' exists.
../247gbsaffiliates/app/(auth)/forgot-password/page.tsx(3,18): error TS2307: Cannot find module 'next/link' or its corresponding type declarations.
../247gbsaffiliates/app/(auth)/forgot-password/page.tsx(9,9): error TS7026: JSX element implicitly has type 'any' because no interface 'JSX.IntrinsicElements' exists.
../247gbsaffiliates/app/(auth)/forgot-password/page.tsx(9,9): error TS2875: This JSX tag requires the module path 'react/jsx-runtime' to exist, but none could be found. Make sure you have types for the appropriate package installed.
../247gbsaffiliates/app/(auth)/forgot-password/page.tsx(16,13): error TS7026: JSX element implicitly has type 'any' because no interface 'JSX.IntrinsicElements' exists.
../247gbsaffiliates/app/(auth)/forgot-password/page.tsx(17,17): error TS7026: JSX element implicitly has type 'any' because no interface 'JSX.IntrinsicElements' exists.
../247gbsaffiliates/app/(auth)/forgot-password/page.tsx(18,21): error TS7026: JSX element implicitly has type 'any' because no interface 'JSX.IntrinsicElements' exists.
../247gbsaffiliates/app/(auth)/forgot-password/page.tsx(20,29): error TS7026: JSX element implicitly has type 'any' because no interface 'JSX.IntrinsicElements' exists.
../247gbsaffiliates/app/(auth)/forgot-password/page.tsx(20,131): error TS7026: JSX element implicitly has type 'any' because no interface 'JSX.IntrinsicElements' exists.
../247gbsaffiliates/app/(auth)/forgot-password/page.tsx(23,21): error TS7026: JSX element implicitly has type 'any' because no interface 'JSX.IntrinsicElements' exists.
../247gbsaffiliates/app/(auth)/forgot-password/page.tsx(25,21): error TS7026: JSX element implicitly has type 'any' because no interface 'JSX.IntrinsicElements' exists.
../247gbsaffiliates/app/(auth)/forgot-password/page.tsx(26,25): error TS7026: JSX element implicitly has type 'any' because no interface 'JSX.IntrinsicElements' exists.
../247gbsaffiliates/app/(auth)/forgot-password/page.tsx(26,124): error TS7026: JSX element implicitly has type 'any' because no interface 'JSX.IntrinsicElements' exists.
../247gbsaffiliates/app/(auth)/forgot-password/page.tsx(27,25): error TS7026: JSX element implicitly has type 'any' because no interface 'JSX.IntrinsicElements' exists.
../247gbsaffiliates/app/(auth)/forgot-password/page.tsx(29,25): error TS7026: JSX element implicitly has type 'any' because no interface 'JSX.IntrinsicElements' exists.
../247gbsaffiliates/app/(auth)/forgot-password/page.tsx(30,21): error TS7026: JSX element implicitly has type 'any' because no interface 'JSX.IntrinsicElements' exists.
../247gbsaffiliates/app/(auth)/forgot-password/page.tsx(32,21): error TS7026: JSX element implicitly has type 'any' because no interface 'JSX.IntrinsicElements' exists.
../247gbsaffiliates/app/(auth)/forgot-password/page.tsx(32,60): error TS7006: Parameter 'e' implicitly has an 'any' type.
../247gbsaffiliates/app/(auth)/forgot-password/page.tsx(34,29): error TS2322: Type '{ id: string; label: string; type: string; placeholder: string; icon: string; required: true; }' is not assignable to type 'AuthInputProps'.
  Property 'id' does not exist on type 'AuthInputProps'.
../247gbsaffiliates/app/(auth)/forgot-password/page.tsx(42,25): error TS7026: JSX element implicitly has type 'any' because no interface 'JSX.IntrinsicElements' exists.
../247gbsaffiliates/app/(auth)/forgot-password/page.tsx(46,29): error TS7026: JSX element implicitly has type 'any' because no interface 'JSX.IntrinsicElements' exists.
../247gbsaffiliates/app/(auth)/forgot-password/page.tsx(46,50): error TS7026: JSX element implicitly has type 'any' because no interface 'JSX.IntrinsicElements' exists.
../247gbsaffiliates/app/(auth)/forgot-password/page.tsx(47,29): error TS7026: JSX element implicitly has type 'any' because no interface 'JSX.IntrinsicElements' exists.
../247gbsaffiliates/app/(auth)/forgot-password/page.tsx(47,138): error TS7026: JSX element implicitly has type 'any' because no interface 'JSX.IntrinsicElements' exists.
../247gbsaffiliates/app/(auth)/forgot-password/page.tsx(48,25): error TS7026: JSX element implicitly has type 'any' because no interface 'JSX.IntrinsicElements' exists.
../247gbsaffiliates/app/(auth)/forgot-password/page.tsx(49,21): error TS7026: JSX element implicitly has type 'any' because no interface 'JSX.IntrinsicElements' exists.
../247gbsaffiliates/app/(auth)/forgot-password/page.tsx(51,21): error TS7026: JSX element implicitly has type 'any' because no interface 'JSX.IntrinsicElements' exists.
../247gbsaffiliates/app/(auth)/forgot-password/page.tsx(52,25): error TS7026: JSX element implicitly has type 'any' because no interface 'JSX.IntrinsicElements' exists.
../247gbsaffiliates/app/(auth)/forgot-password/page.tsx(55,25): error TS7026: JSX element implicitly has type 'any' because no interface 'JSX.IntrinsicElements' exists.
../247gbsaffiliates/app/(auth)/forgot-password/page.tsx(56,21): error TS7026: JSX element implicitly has type 'any' because no interface 'JSX.IntrinsicElements' exists.
../247gbsaffiliates/app/(auth)/forgot-password/page.tsx(58,21): error TS7026: JSX element implicitly has type 'any' because no interface 'JSX.IntrinsicElements' exists.
../247gbsaffiliates/app/(auth)/forgot-password/page.tsx(59,25): error TS7026: JSX element implicitly has type 'any' because no interface 'JSX.IntrinsicElements' exists.
../247gbsaffiliates/app/(auth)/forgot-password/page.tsx(60,29): error TS7026: JSX element implicitly has type 'any' because no interface 'JSX.IntrinsicElements' exists.
../247gbsaffiliates/app/(auth)/forgot-password/page.tsx(61,33): error TS7026: JSX element implicitly has type 'any' because no interface 'JSX.IntrinsicElements' exists.
../247gbsaffiliates/app/(auth)/forgot-password/page.tsx(61,110): error TS7026: JSX element implicitly has type 'any' because no interface 'JSX.IntrinsicElements' exists.
../247gbsaffiliates/app/(auth)/forgot-password/page.tsx(62,29): error TS7026: JSX element implicitly has type 'any' because no interface 'JSX.IntrinsicElements' exists.
../247gbsaffiliates/app/(auth)/forgot-password/page.tsx(63,29): error TS7026: JSX element implicitly has type 'any' because no interface 'JSX.IntrinsicElements' exists.
../247gbsaffiliates/app/(auth)/forgot-password/page.tsx(63,100): error TS7026: JSX element implicitly has type 'any' because no interface 'JSX.IntrinsicElements' exists.
../247gbsaffiliates/app/(auth)/forgot-password/page.tsx(64,25): error TS7026: JSX element implicitly has type 'any' because no interface 'JSX.IntrinsicElements' exists.
../247gbsaffiliates/app/(auth)/forgot-password/page.tsx(65,21): error TS7026: JSX element implicitly has type 'any' because no interface 'JSX.IntrinsicElements' exists.
../247gbsaffiliates/app/(auth)/forgot-password/page.tsx(66,17): error TS7026: JSX element implicitly has type 'any' because no interface 'JSX.IntrinsicElements' exists.
../247gbsaffiliates/app/(auth)/forgot-password/page.tsx(67,13): error TS7026: JSX element implicitly has type 'any' because no interface 'JSX.IntrinsicElements' exists.
../247gbsaffiliates/app/(auth)/forgot-password/page.tsx(68,9): error TS7026: JSX element implicitly has type 'any' because no interface 'JSX.IntrinsicElements' exists.
../247gbsaffiliates/app/(auth)/login/page.tsx(3,18): error TS2307: Cannot find module 'next/link' or its corresponding type declarations.
../247gbsaffiliates/app/(auth)/login/page.tsx(6,27): error TS2307: Cannot find module 'next/navigation' or its corresponding type declarations.
../247gbsaffiliates/app/(auth)/login/page.tsx(7,26): error TS2307: Cannot find module 'react' or its corresponding type declarations.
../247gbsaffiliates/app/(auth)/login/page.tsx(36,9): error TS7026: JSX element implicitly has type 'any' because no interface 'JSX.IntrinsicElements' exists.
../247gbsaffiliates/app/(auth)/login/page.tsx(36,9): error TS2875: This JSX tag requires the module path 'react/jsx-runtime' to exist, but none could be found. Make sure you have types for the appropriate package installed.
../247gbsaffiliates/app/(auth)/login/page.tsx(43,13): error TS7026: JSX element implicitly has type 'any' because no interface 'JSX.IntrinsicElements' exists.
../247gbsaffiliates/app/(auth)/login/page.tsx(44,17): error TS7026: JSX element implicitly has type 'any' because no interface 'JSX.IntrinsicElements' exists.
../247gbsaffiliates/app/(auth)/login/page.tsx(45,21): error TS7026: JSX element implicitly has type 'any' because no interface 'JSX.IntrinsicElements' exists.
../247gbsaffiliates/app/(auth)/login/page.tsx(46,25): error TS7026: JSX element implicitly has type 'any' because no interface 'JSX.IntrinsicElements' exists.
../247gbsaffiliates/app/(auth)/login/page.tsx(47,29): error TS7026: JSX element implicitly has type 'any' because no interface 'JSX.IntrinsicElements' exists.
../247gbsaffiliates/app/(auth)/login/page.tsx(48,33): error TS7026: JSX element implicitly has type 'any' because no interface 'JSX.IntrinsicElements' exists.
../247gbsaffiliates/app/(auth)/login/page.tsx(48,136): error TS7026: JSX element implicitly has type 'any' because no interface 'JSX.IntrinsicElements' exists.
../247gbsaffiliates/app/(auth)/login/page.tsx(49,29): error TS7026: JSX element implicitly has type 'any' because no interface 'JSX.IntrinsicElements' exists.
../247gbsaffiliates/app/(auth)/login/page.tsx(50,25): error TS7026: JSX element implicitly has type 'any' because no interface 'JSX.IntrinsicElements' exists.
../247gbsaffiliates/app/(auth)/login/page.tsx(51,25): error TS7026: JSX element implicitly has type 'any' because no interface 'JSX.IntrinsicElements' exists.
../247gbsaffiliates/app/(auth)/login/page.tsx(51,121): error TS7026: JSX element implicitly has type 'any' because no interface 'JSX.IntrinsicElements' exists.
../247gbsaffiliates/app/(auth)/login/page.tsx(52,21): error TS7026: JSX element implicitly has type 'any' because no interface 'JSX.IntrinsicElements' exists.
../247gbsaffiliates/app/(auth)/login/page.tsx(54,21): error TS7026: JSX element implicitly has type 'any' because no interface 'JSX.IntrinsicElements' exists.
../247gbsaffiliates/app/(auth)/login/page.tsx(56,29): error TS7026: JSX element implicitly has type 'any' because no interface 'JSX.IntrinsicElements' exists.
../247gbsaffiliates/app/(auth)/login/page.tsx(56,131): error TS7026: JSX element implicitly has type 'any' because no interface 'JSX.IntrinsicElements' exists.
../247gbsaffiliates/app/(auth)/login/page.tsx(59,21): error TS7026: JSX element implicitly has type 'any' because no interface 'JSX.IntrinsicElements' exists.
../247gbsaffiliates/app/(auth)/login/page.tsx(61,21): error TS7026: JSX element implicitly has type 'any' because no interface 'JSX.IntrinsicElements' exists.
../247gbsaffiliates/app/(auth)/login/page.tsx(62,25): error TS7026: JSX element implicitly has type 'any' because no interface 'JSX.IntrinsicElements' exists.
../247gbsaffiliates/app/(auth)/login/page.tsx(62,134): error TS7026: JSX element implicitly has type 'any' because no interface 'JSX.IntrinsicElements' exists.
../247gbsaffiliates/app/(auth)/login/page.tsx(63,25): error TS7026: JSX element implicitly has type 'any' because no interface 'JSX.IntrinsicElements' exists.
../247gbsaffiliates/app/(auth)/login/page.tsx(63,131): error TS7026: JSX element implicitly has type 'any' because no interface 'JSX.IntrinsicElements' exists.
../247gbsaffiliates/app/(auth)/login/page.tsx(64,21): error TS7026: JSX element implicitly has type 'any' because no interface 'JSX.IntrinsicElements' exists.
../247gbsaffiliates/app/(auth)/login/page.tsx(66,21): error TS7026: JSX element implicitly has type 'any' because no interface 'JSX.IntrinsicElements' exists.
../247gbsaffiliates/app/(auth)/login/page.tsx(66,60): error TS7006: Parameter 'e' implicitly has an 'any' type.
../247gbsaffiliates/app/(auth)/login/page.tsx(68,29): error TS2322: Type '{ id: string; label: string; type: string; placeholder: string; icon: string; required: true; }' is not assignable to type 'AuthInputProps'.
  Property 'id' does not exist on type 'AuthInputProps'.
../247gbsaffiliates/app/(auth)/login/page.tsx(76,25): error TS7026: JSX element implicitly has type 'any' because no interface 'JSX.IntrinsicElements' exists.
../247gbsaffiliates/app/(auth)/login/page.tsx(77,29): error TS7026: JSX element implicitly has type 'any' because no interface 'JSX.IntrinsicElements' exists.
../247gbsaffiliates/app/(auth)/login/page.tsx(78,33): error TS7026: JSX element implicitly has type 'any' because no interface 'JSX.IntrinsicElements' exists.
../247gbsaffiliates/app/(auth)/login/page.tsx(80,33): error TS7026: JSX element implicitly has type 'any' because no interface 'JSX.IntrinsicElements' exists.
../247gbsaffiliates/app/(auth)/login/page.tsx(84,29): error TS7026: JSX element implicitly has type 'any' because no interface 'JSX.IntrinsicElements' exists.
../247gbsaffiliates/app/(auth)/login/page.tsx(85,29): error TS7026: JSX element implicitly has type 'any' because no interface 'JSX.IntrinsicElements' exists.
../247gbsaffiliates/app/(auth)/login/page.tsx(86,33): error TS7026: JSX element implicitly has type 'any' because no interface 'JSX.IntrinsicElements' exists.
../247gbsaffiliates/app/(auth)/login/page.tsx(87,37): error TS7026: JSX element implicitly has type 'any' because no interface 'JSX.IntrinsicElements' exists.
../247gbsaffiliates/app/(auth)/login/page.tsx(87,93): error TS7026: JSX element implicitly has type 'any' because no interface 'JSX.IntrinsicElements' exists.
../247gbsaffiliates/app/(auth)/login/page.tsx(88,33): error TS7026: JSX element implicitly has type 'any' because no interface 'JSX.IntrinsicElements' exists.
../247gbsaffiliates/app/(auth)/login/page.tsx(89,33): error TS7026: JSX element implicitly has type 'any' because no interface 'JSX.IntrinsicElements' exists.
../247gbsaffiliates/app/(auth)/login/page.tsx(96,33): error TS7026: JSX element implicitly has type 'any' because no interface 'JSX.IntrinsicElements' exists.
../247gbsaffiliates/app/(auth)/login/page.tsx(97,37): error TS7026: JSX element implicitly has type 'any' because no interface 'JSX.IntrinsicElements' exists.
../247gbsaffiliates/app/(auth)/login/page.tsx(97,99): error TS7026: JSX element implicitly has type 'any' because no interface 'JSX.IntrinsicElements' exists.
../247gbsaffiliates/app/(auth)/login/page.tsx(98,33): error TS7026: JSX element implicitly has type 'any' because no interface 'JSX.IntrinsicElements' exists.
../247gbsaffiliates/app/(auth)/login/page.tsx(99,29): error TS7026: JSX element implicitly has type 'any' because no interface 'JSX.IntrinsicElements' exists.
../247gbsaffiliates/app/(auth)/login/page.tsx(100,25): error TS7026: JSX element implicitly has type 'any' because no interface 'JSX.IntrinsicElements' exists.
../247gbsaffiliates/app/(auth)/login/page.tsx(102,25): error TS7026: JSX element implicitly has type 'any' because no interface 'JSX.IntrinsicElements' exists.
../247gbsaffiliates/app/(auth)/login/page.tsx(103,29): error TS7026: JSX element implicitly has type 'any' because no interface 'JSX.IntrinsicElements' exists.
../247gbsaffiliates/app/(auth)/login/page.tsx(108,29): error TS7026: JSX element implicitly has type 'any' because no interface 'JSX.IntrinsicElements' exists.
../247gbsaffiliates/app/(auth)/login/page.tsx(110,29): error TS7026: JSX element implicitly has type 'any' because no interface 'JSX.IntrinsicElements' exists.
../247gbsaffiliates/app/(auth)/login/page.tsx(111,25): error TS7026: JSX element implicitly has type 'any' because no interface 'JSX.IntrinsicElements' exists.
../247gbsaffiliates/app/(auth)/login/page.tsx(113,25): error TS7026: JSX element implicitly has type 'any' because no interface 'JSX.IntrinsicElements' exists.
../247gbsaffiliates/app/(auth)/login/page.tsx(118,29): error TS7026: JSX element implicitly has type 'any' because no interface 'JSX.IntrinsicElements' exists.
../247gbsaffiliates/app/(auth)/login/page.tsx(118,141): error TS7026: JSX element implicitly has type 'any' because no interface 'JSX.IntrinsicElements' exists.
../247gbsaffiliates/app/(auth)/login/page.tsx(119,25): error TS7026: JSX element implicitly has type 'any' because no interface 'JSX.IntrinsicElements' exists.
../247gbsaffiliates/app/(auth)/login/page.tsx(120,21): error TS7026: JSX element implicitly has type 'any' because no interface 'JSX.IntrinsicElements' exists.
../247gbsaffiliates/app/(auth)/login/page.tsx(122,21): error TS7026: JSX element implicitly has type 'any' because no interface 'JSX.IntrinsicElements' exists.
../247gbsaffiliates/app/(auth)/login/page.tsx(123,25): error TS7026: JSX element implicitly has type 'any' because no interface 'JSX.IntrinsicElements' exists.
../247gbsaffiliates/app/(auth)/login/page.tsx(124,29): error TS7026: JSX element implicitly has type 'any' because no interface 'JSX.IntrinsicElements' exists.
../247gbsaffiliates/app/(auth)/login/page.tsx(124,79): error TS7026: JSX element implicitly has type 'any' because no interface 'JSX.IntrinsicElements' exists.
../247gbsaffiliates/app/(auth)/login/page.tsx(125,25): error TS7026: JSX element implicitly has type 'any' because no interface 'JSX.IntrinsicElements' exists.
../247gbsaffiliates/app/(auth)/login/page.tsx(126,25): error TS7026: JSX element implicitly has type 'any' because no interface 'JSX.IntrinsicElements' exists.
../247gbsaffiliates/app/(auth)/login/page.tsx(127,29): error TS7026: JSX element implicitly has type 'any' because no interface 'JSX.IntrinsicElements' exists.
../247gbsaffiliates/app/(auth)/login/page.tsx(127,92): error TS7026: JSX element implicitly has type 'any' because no interface 'JSX.IntrinsicElements' exists.
../247gbsaffiliates/app/(auth)/login/page.tsx(128,25): error TS7026: JSX element implicitly has type 'any' because no interface 'JSX.IntrinsicElements' exists.
../247gbsaffiliates/app/(auth)/login/page.tsx(129,21): error TS7026: JSX element implicitly has type 'any' because no interface 'JSX.IntrinsicElements' exists.
../247gbsaffiliates/app/(auth)/login/page.tsx(131,21): error TS7026: JSX element implicitly has type 'any' because no interface 'JSX.IntrinsicElements' exists.
../247gbsaffiliates/app/(auth)/login/page.tsx(132,25): error TS7026: JSX element implicitly has type 'any' because no interface 'JSX.IntrinsicElements' exists.
../247gbsaffiliates/app/(auth)/login/page.tsx(133,29): error TS7026: JSX element implicitly has type 'any' because no interface 'JSX.IntrinsicElements' exists.
../247gbsaffiliates/app/(auth)/login/page.tsx(134,33): error TS7026: JSX element implicitly has type 'any' because no interface 'JSX.IntrinsicElements' exists.
../247gbsaffiliates/app/(auth)/login/page.tsx(134,178): error TS7026: JSX element implicitly has type 'any' because no interface 'JSX.IntrinsicElements' exists.
../247gbsaffiliates/app/(auth)/login/page.tsx(135,33): error TS7026: JSX element implicitly has type 'any' because no interface 'JSX.IntrinsicElements' exists.
../247gbsaffiliates/app/(auth)/login/page.tsx(135,192): error TS7026: JSX element implicitly has type 'any' because no interface 'JSX.IntrinsicElements' exists.
../247gbsaffiliates/app/(auth)/login/page.tsx(136,33): error TS7026: JSX element implicitly has type 'any' because no interface 'JSX.IntrinsicElements' exists.
../247gbsaffiliates/app/(auth)/login/page.tsx(136,177): error TS7026: JSX element implicitly has type 'any' because no interface 'JSX.IntrinsicElements' exists.
../247gbsaffiliates/app/(auth)/login/page.tsx(137,33): error TS7026: JSX element implicitly has type 'any' because no interface 'JSX.IntrinsicElements' exists.
../247gbsaffiliates/app/(auth)/login/page.tsx(137,190): error TS7026: JSX element implicitly has type 'any' because no interface 'JSX.IntrinsicElements' exists.
../247gbsaffiliates/app/(auth)/login/page.tsx(138,29): error TS7026: JSX element implicitly has type 'any' because no interface 'JSX.IntrinsicElements' exists.
../247gbsaffiliates/app/(auth)/login/page.tsx(140,25): error TS7026: JSX element implicitly has type 'any' because no interface 'JSX.IntrinsicElements' exists.
../247gbsaffiliates/app/(auth)/login/page.tsx(141,25): error TS7026: JSX element implicitly has type 'any' because no interface 'JSX.IntrinsicElements' exists.
../247gbsaffiliates/app/(auth)/login/page.tsx(142,29): error TS7026: JSX element implicitly has type 'any' because no interface 'JSX.IntrinsicElements' exists.
../247gbsaffiliates/app/(auth)/login/page.tsx(143,33): error TS7026: JSX element implicitly has type 'any' because no interface 'JSX.IntrinsicElements' exists.
../247gbsaffiliates/app/(auth)/login/page.tsx(143,330): error TS7026: JSX element implicitly has type 'any' because no interface 'JSX.IntrinsicElements' exists.
../247gbsaffiliates/app/(auth)/login/page.tsx(144,29): error TS7026: JSX element implicitly has type 'any' because no interface 'JSX.IntrinsicElements' exists.
../247gbsaffiliates/app/(auth)/login/page.tsx(146,25): error TS7026: JSX element implicitly has type 'any' because no interface 'JSX.IntrinsicElements' exists.
../247gbsaffiliates/app/(auth)/login/page.tsx(147,21): error TS7026: JSX element implicitly has type 'any' because no interface 'JSX.IntrinsicElements' exists.
../247gbsaffiliates/app/(auth)/login/page.tsx(150,21): error TS7026: JSX element implicitly has type 'any' because no interface 'JSX.IntrinsicElements' exists.
../247gbsaffiliates/app/(auth)/login/page.tsx(151,25): error TS7026: JSX element implicitly has type 'any' because no interface 'JSX.IntrinsicElements' exists.
../247gbsaffiliates/app/(auth)/login/page.tsx(152,29): error TS7026: JSX element implicitly has type 'any' because no interface 'JSX.IntrinsicElements' exists.
../247gbsaffiliates/app/(auth)/login/page.tsx(152,98): error TS7026: JSX element implicitly has type 'any' because no interface 'JSX.IntrinsicElements' exists.
../247gbsaffiliates/app/(auth)/login/page.tsx(153,29): error TS7026: JSX element implicitly has type 'any' because no interface 'JSX.IntrinsicElements' exists.
../247gbsaffiliates/app/(auth)/login/page.tsx(153,121): error TS7026: JSX element implicitly has type 'any' because no interface 'JSX.IntrinsicElements' exists.
../247gbsaffiliates/app/(auth)/login/page.tsx(154,25): error TS7026: JSX element implicitly has type 'any' because no interface 'JSX.IntrinsicElements' exists.
../247gbsaffiliates/app/(auth)/login/page.tsx(156,25): error TS7026: JSX element implicitly has type 'any' because no interface 'JSX.IntrinsicElements' exists.
../247gbsaffiliates/app/(auth)/login/page.tsx(158,29): error TS7026: JSX element implicitly has type 'any' because no interface 'JSX.IntrinsicElements' exists.
../247gbsaffiliates/app/(auth)/login/page.tsx(163,33): error TS7026: JSX element implicitly has type 'any' because no interface 'JSX.IntrinsicElements' exists.
../247gbsaffiliates/app/(auth)/login/page.tsx(165,41): error TS7026: JSX element implicitly has type 'any' because no interface 'JSX.IntrinsicElements' exists.
../247gbsaffiliates/app/(auth)/login/page.tsx(165,115): error TS7026: JSX element implicitly has type 'any' because no interface 'JSX.IntrinsicElements' exists.
../247gbsaffiliates/app/(auth)/login/page.tsx(167,41): error TS7026: JSX element implicitly has type 'any' because no interface 'JSX.IntrinsicElements' exists.
../247gbsaffiliates/app/(auth)/login/page.tsx(167,98): error TS7026: JSX element implicitly has type 'any' because no interface 'JSX.IntrinsicElements' exists.
../247gbsaffiliates/app/(auth)/login/page.tsx(169,33): error TS7026: JSX element implicitly has type 'any' because no interface 'JSX.IntrinsicElements' exists.
../247gbsaffiliates/app/(auth)/login/page.tsx(170,33): error TS7026: JSX element implicitly has type 'any' because no interface 'JSX.IntrinsicElements' exists.
../247gbsaffiliates/app/(auth)/login/page.tsx(170,123): error TS7026: JSX element implicitly has type 'any' because no interface 'JSX.IntrinsicElements' exists.
../247gbsaffiliates/app/(auth)/login/page.tsx(171,29): error TS7026: JSX element implicitly has type 'any' because no interface 'JSX.IntrinsicElements' exists.
../247gbsaffiliates/app/(auth)/login/page.tsx(174,29): error TS7026: JSX element implicitly has type 'any' because no interface 'JSX.IntrinsicElements' exists.
../247gbsaffiliates/app/(auth)/login/page.tsx(179,33): error TS7026: JSX element implicitly has type 'any' because no interface 'JSX.IntrinsicElements' exists.
../247gbsaffiliates/app/(auth)/login/page.tsx(181,41): error TS7026: JSX element implicitly has type 'any' because no interface 'JSX.IntrinsicElements' exists.
../247gbsaffiliates/app/(auth)/login/page.tsx(181,115): error TS7026: JSX element implicitly has type 'any' because no interface 'JSX.IntrinsicElements' exists.
../247gbsaffiliates/app/(auth)/login/page.tsx(183,41): error TS7026: JSX element implicitly has type 'any' because no interface 'JSX.IntrinsicElements' exists.
../247gbsaffiliates/app/(auth)/login/page.tsx(183,90): error TS7026: JSX element implicitly has type 'any' because no interface 'JSX.IntrinsicElements' exists.
../247gbsaffiliates/app/(auth)/login/page.tsx(185,33): error TS7026: JSX element implicitly has type 'any' because no interface 'JSX.IntrinsicElements' exists.
../247gbsaffiliates/app/(auth)/login/page.tsx(186,33): error TS7026: JSX element implicitly has type 'any' because no interface 'JSX.IntrinsicElements' exists.
../247gbsaffiliates/app/(auth)/login/page.tsx(186,125): error TS7026: JSX element implicitly has type 'any' because no interface 'JSX.IntrinsicElements' exists.
../247gbsaffiliates/app/(auth)/login/page.tsx(187,29): error TS7026: JSX element implicitly has type 'any' because no interface 'JSX.IntrinsicElements' exists.
../247gbsaffiliates/app/(auth)/login/page.tsx(190,29): error TS7026: JSX element implicitly has type 'any' because no interface 'JSX.IntrinsicElements' exists.
../247gbsaffiliates/app/(auth)/login/page.tsx(195,33): error TS7026: JSX element implicitly has type 'any' because no interface 'JSX.IntrinsicElements' exists.
../247gbsaffiliates/app/(auth)/login/page.tsx(197,41): error TS7026: JSX element implicitly has type 'any' because no interface 'JSX.IntrinsicElements' exists.
../247gbsaffiliates/app/(auth)/login/page.tsx(197,115): error TS7026: JSX element implicitly has type 'any' because no interface 'JSX.IntrinsicElements' exists.
../247gbsaffiliates/app/(auth)/login/page.tsx(199,41): error TS7026: JSX element implicitly has type 'any' because no interface 'JSX.IntrinsicElements' exists.
../247gbsaffiliates/app/(auth)/login/page.tsx(199,91): error TS7026: JSX element implicitly has type 'any' because no interface 'JSX.IntrinsicElements' exists.
../247gbsaffiliates/app/(auth)/login/page.tsx(201,33): error TS7026: JSX element implicitly has type 'any' because no interface 'JSX.IntrinsicElements' exists.
../247gbsaffiliates/app/(auth)/login/page.tsx(202,33): error TS7026: JSX element implicitly has type 'any' because no interface 'JSX.IntrinsicElements' exists.
../247gbsaffiliates/app/(auth)/login/page.tsx(202,128): error TS7026: JSX element implicitly has type 'any' because no interface 'JSX.IntrinsicElements' exists.
../247gbsaffiliates/app/(auth)/login/page.tsx(203,29): error TS7026: JSX element implicitly has type 'any' because no interface 'JSX.IntrinsicElements' exists.
../247gbsaffiliates/app/(auth)/login/page.tsx(206,29): error TS7026: JSX element implicitly has type 'any' because no interface 'JSX.IntrinsicElements' exists.
../247gbsaffiliates/app/(auth)/login/page.tsx(211,33): error TS7026: JSX element implicitly has type 'any' because no interface 'JSX.IntrinsicElements' exists.
../247gbsaffiliates/app/(auth)/login/page.tsx(213,41): error TS7026: JSX element implicitly has type 'any' because no interface 'JSX.IntrinsicElements' exists.
../247gbsaffiliates/app/(auth)/login/page.tsx(213,115): error TS7026: JSX element implicitly has type 'any' because no interface 'JSX.IntrinsicElements' exists.
../247gbsaffiliates/app/(auth)/login/page.tsx(215,41): error TS7026: JSX element implicitly has type 'any' because no interface 'JSX.IntrinsicElements' exists.
../247gbsaffiliates/app/(auth)/login/page.tsx(215,105): error TS7026: JSX element implicitly has type 'any' because no interface 'JSX.IntrinsicElements' exists.
../247gbsaffiliates/app/(auth)/login/page.tsx(217,33): error TS7026: JSX element implicitly has type 'any' because no interface 'JSX.IntrinsicElements' exists.
../247gbsaffiliates/app/(auth)/login/page.tsx(218,33): error TS7026: JSX element implicitly has type 'any' because no interface 'JSX.IntrinsicElements' exists.
../247gbsaffiliates/app/(auth)/login/page.tsx(218,123): error TS7026: JSX element implicitly has type 'any' because no interface 'JSX.IntrinsicElements' exists.
../247gbsaffiliates/app/(auth)/login/page.tsx(219,29): error TS7026: JSX element implicitly has type 'any' because no interface 'JSX.IntrinsicElements' exists.
../247gbsaffiliates/app/(auth)/login/page.tsx(220,25): error TS7026: JSX element implicitly has type 'any' because no interface 'JSX.IntrinsicElements' exists.
../247gbsaffiliates/app/(auth)/login/page.tsx(221,21): error TS7026: JSX element implicitly has type 'any' because no interface 'JSX.IntrinsicElements' exists.
../247gbsaffiliates/app/(auth)/login/page.tsx(223,21): error TS7026: JSX element implicitly has type 'any' because no interface 'JSX.IntrinsicElements' exists.
../247gbsaffiliates/app/(auth)/login/page.tsx(228,21): error TS7026: JSX element implicitly has type 'any' because no interface 'JSX.IntrinsicElements' exists.
../247gbsaffiliates/app/(auth)/login/page.tsx(230,21): error TS7026: JSX element implicitly has type 'any' because no interface 'JSX.IntrinsicElements' exists.
../247gbsaffiliates/app/(auth)/login/page.tsx(232,21): error TS7026: JSX element implicitly has type 'any' because no interface 'JSX.IntrinsicElements' exists.
../247gbsaffiliates/app/(auth)/login/page.tsx(233,17): error TS7026: JSX element implicitly has type 'any' because no interface 'JSX.IntrinsicElements' exists.
../247gbsaffiliates/app/(auth)/login/page.tsx(234,13): error TS7026: JSX element implicitly has type 'any' because no interface 'JSX.IntrinsicElements' exists.
../247gbsaffiliates/app/(auth)/login/page.tsx(235,9): error TS7026: JSX element implicitly has type 'any' because no interface 'JSX.IntrinsicElements' exists.
../247gbsaffiliates/app/(auth)/role-selection/page.tsx(3,18): error TS2307: Cannot find module 'next/link' or its corresponding type declarations.
../247gbsaffiliates/app/(auth)/role-selection/page.tsx(32,9): error TS7026: JSX element implicitly has type 'any' because no interface 'JSX.IntrinsicElements' exists.
../247gbsaffiliates/app/(auth)/role-selection/page.tsx(32,9): error TS2875: This JSX tag requires the module path 'react/jsx-runtime' to exist, but none could be found. Make sure you have types for the appropriate package installed.
../247gbsaffiliates/app/(auth)/role-selection/page.tsx(33,13): error TS7026: JSX element implicitly has type 'any' because no interface 'JSX.IntrinsicElements' exists.
../247gbsaffiliates/app/(auth)/role-selection/page.tsx(34,17): error TS7026: JSX element implicitly has type 'any' because no interface 'JSX.IntrinsicElements' exists.
../247gbsaffiliates/app/(auth)/role-selection/page.tsx(35,21): error TS7026: JSX element implicitly has type 'any' because no interface 'JSX.IntrinsicElements' exists.
../247gbsaffiliates/app/(auth)/role-selection/page.tsx(36,25): error TS7026: JSX element implicitly has type 'any' because no interface 'JSX.IntrinsicElements' exists.
../247gbsaffiliates/app/(auth)/role-selection/page.tsx(36,128): error TS7026: JSX element implicitly has type 'any' because no interface 'JSX.IntrinsicElements' exists.
../247gbsaffiliates/app/(auth)/role-selection/page.tsx(37,21): error TS7026: JSX element implicitly has type 'any' because no interface 'JSX.IntrinsicElements' exists.
../247gbsaffiliates/app/(auth)/role-selection/page.tsx(38,17): error TS7026: JSX element implicitly has type 'any' because no interface 'JSX.IntrinsicElements' exists.
../247gbsaffiliates/app/(auth)/role-selection/page.tsx(39,17): error TS7026: JSX element implicitly has type 'any' because no interface 'JSX.IntrinsicElements' exists.
../247gbsaffiliates/app/(auth)/role-selection/page.tsx(39,113): error TS7026: JSX element implicitly has type 'any' because no interface 'JSX.IntrinsicElements' exists.
../247gbsaffiliates/app/(auth)/role-selection/page.tsx(40,13): error TS7026: JSX element implicitly has type 'any' because no interface 'JSX.IntrinsicElements' exists.
../247gbsaffiliates/app/(auth)/role-selection/page.tsx(42,13): error TS7026: JSX element implicitly has type 'any' because no interface 'JSX.IntrinsicElements' exists.
../247gbsaffiliates/app/(auth)/role-selection/page.tsx(44,21): error TS7026: JSX element implicitly has type 'any' because no interface 'JSX.IntrinsicElements' exists.
../247gbsaffiliates/app/(auth)/role-selection/page.tsx(44,123): error TS7026: JSX element implicitly has type 'any' because no interface 'JSX.IntrinsicElements' exists.
../247gbsaffiliates/app/(auth)/role-selection/page.tsx(47,13): error TS7026: JSX element implicitly has type 'any' because no interface 'JSX.IntrinsicElements' exists.
../247gbsaffiliates/app/(auth)/role-selection/page.tsx(49,13): error TS7026: JSX element implicitly has type 'any' because no interface 'JSX.IntrinsicElements' exists.
../247gbsaffiliates/app/(auth)/role-selection/page.tsx(50,17): error TS7026: JSX element implicitly has type 'any' because no interface 'JSX.IntrinsicElements' exists.
../247gbsaffiliates/app/(auth)/role-selection/page.tsx(50,134): error TS7026: JSX element implicitly has type 'any' because no interface 'JSX.IntrinsicElements' exists.
../247gbsaffiliates/app/(auth)/role-selection/page.tsx(51,17): error TS7026: JSX element implicitly has type 'any' because no interface 'JSX.IntrinsicElements' exists.
../247gbsaffiliates/app/(auth)/role-selection/page.tsx(53,17): error TS7026: JSX element implicitly has type 'any' because no interface 'JSX.IntrinsicElements' exists.
../247gbsaffiliates/app/(auth)/role-selection/page.tsx(54,13): error TS7026: JSX element implicitly has type 'any' because no interface 'JSX.IntrinsicElements' exists.
../247gbsaffiliates/app/(auth)/role-selection/page.tsx(56,13): error TS7026: JSX element implicitly has type 'any' because no interface 'JSX.IntrinsicElements' exists.
../247gbsaffiliates/app/(auth)/role-selection/page.tsx(65,29): error TS7026: JSX element implicitly has type 'any' because no interface 'JSX.IntrinsicElements' exists.
../247gbsaffiliates/app/(auth)/role-selection/page.tsx(67,29): error TS7026: JSX element implicitly has type 'any' because no interface 'JSX.IntrinsicElements' exists.
../247gbsaffiliates/app/(auth)/role-selection/page.tsx(69,25): error TS7026: JSX element implicitly has type 'any' because no interface 'JSX.IntrinsicElements' exists.
../247gbsaffiliates/app/(auth)/role-selection/page.tsx(70,29): error TS7026: JSX element implicitly has type 'any' because no interface 'JSX.IntrinsicElements' exists.
../247gbsaffiliates/app/(auth)/role-selection/page.tsx(72,29): error TS7026: JSX element implicitly has type 'any' because no interface 'JSX.IntrinsicElements' exists.
../247gbsaffiliates/app/(auth)/role-selection/page.tsx(73,25): error TS7026: JSX element implicitly has type 'any' because no interface 'JSX.IntrinsicElements' exists.
../247gbsaffiliates/app/(auth)/role-selection/page.tsx(74,25): error TS7026: JSX element implicitly has type 'any' because no interface 'JSX.IntrinsicElements' exists.
../247gbsaffiliates/app/(auth)/role-selection/page.tsx(76,25): error TS7026: JSX element implicitly has type 'any' because no interface 'JSX.IntrinsicElements' exists.
../247gbsaffiliates/app/(auth)/role-selection/page.tsx(77,25): error TS7026: JSX element implicitly has type 'any' because no interface 'JSX.IntrinsicElements' exists.
../247gbsaffiliates/app/(auth)/role-selection/page.tsx(79,25): error TS7026: JSX element implicitly has type 'any' because no interface 'JSX.IntrinsicElements' exists.
../247gbsaffiliates/app/(auth)/role-selection/page.tsx(80,25): error TS7026: JSX element implicitly has type 'any' because no interface 'JSX.IntrinsicElements' exists.
../247gbsaffiliates/app/(auth)/role-selection/page.tsx(81,41): error TS7026: JSX element implicitly has type 'any' because no interface 'JSX.IntrinsicElements' exists.
../247gbsaffiliates/app/(auth)/role-selection/page.tsx(81,106): error TS7026: JSX element implicitly has type 'any' because no interface 'JSX.IntrinsicElements' exists.
../247gbsaffiliates/app/(auth)/role-selection/page.tsx(82,25): error TS7026: JSX element implicitly has type 'any' because no interface 'JSX.IntrinsicElements' exists.
../247gbsaffiliates/app/(auth)/role-selection/page.tsx(85,13): error TS7026: JSX element implicitly has type 'any' because no interface 'JSX.IntrinsicElements' exists.
../247gbsaffiliates/app/(auth)/role-selection/page.tsx(87,13): error TS7026: JSX element implicitly has type 'any' because no interface 'JSX.IntrinsicElements' exists.
../247gbsaffiliates/app/(auth)/role-selection/page.tsx(88,17): error TS7026: JSX element implicitly has type 'any' because no interface 'JSX.IntrinsicElements' exists.
../247gbsaffiliates/app/(auth)/role-selection/page.tsx(93,17): error TS7026: JSX element implicitly has type 'any' because no interface 'JSX.IntrinsicElements' exists.
../247gbsaffiliates/app/(auth)/role-selection/page.tsx(94,17): error TS7026: JSX element implicitly has type 'any' because no interface 'JSX.IntrinsicElements' exists.
../247gbsaffiliates/app/(auth)/role-selection/page.tsx(95,21): error TS7026: JSX element implicitly has type 'any' because no interface 'JSX.IntrinsicElements' exists.
../247gbsaffiliates/app/(auth)/role-selection/page.tsx(97,21): error TS7026: JSX element implicitly has type 'any' because no interface 'JSX.IntrinsicElements' exists.
../247gbsaffiliates/app/(auth)/role-selection/page.tsx(98,17): error TS7026: JSX element implicitly has type 'any' because no interface 'JSX.IntrinsicElements' exists.
../247gbsaffiliates/app/(auth)/role-selection/page.tsx(99,13): error TS7026: JSX element implicitly has type 'any' because no interface 'JSX.IntrinsicElements' exists.
../247gbsaffiliates/app/(auth)/role-selection/page.tsx(100,9): error TS7026: JSX element implicitly has type 'any' because no interface 'JSX.IntrinsicElements' exists.
../247gbsaffiliates/app/(auth)/signup/page.tsx(1,26): error TS2307: Cannot find module 'react' or its corresponding type declarations.
../247gbsaffiliates/app/(auth)/signup/page.tsx(6,9): error TS2875: This JSX tag requires the module path 'react/jsx-runtime' to exist, but none could be found. Make sure you have types for the appropriate package installed.
../247gbsaffiliates/app/(auth)/signup/page.tsx(6,29): error TS7026: JSX element implicitly has type 'any' because no interface 'JSX.IntrinsicElements' exists.
../247gbsaffiliates/app/(auth)/verify-email/page.tsx(3,52): error TS2307: Cannot find module 'react' or its corresponding type declarations.
../247gbsaffiliates/app/(auth)/verify-email/page.tsx(4,27): error TS2307: Cannot find module 'next/navigation' or its corresponding type declarations.
../247gbsaffiliates/app/(auth)/verify-email/page.tsx(50,9): error TS7026: JSX element implicitly has type 'any' because no interface 'JSX.IntrinsicElements' exists.
../247gbsaffiliates/app/(auth)/verify-email/page.tsx(50,9): error TS2875: This JSX tag requires the module path 'react/jsx-runtime' to exist, but none could be found. Make sure you have types for the appropriate package installed.
../247gbsaffiliates/app/(auth)/verify-email/page.tsx(52,13): error TS7026: JSX element implicitly has type 'any' because no interface 'JSX.IntrinsicElements' exists.
../247gbsaffiliates/app/(auth)/verify-email/page.tsx(53,17): error TS7026: JSX element implicitly has type 'any' because no interface 'JSX.IntrinsicElements' exists.
../247gbsaffiliates/app/(auth)/verify-email/page.tsx(55,17): error TS7026: JSX element implicitly has type 'any' because no interface 'JSX.IntrinsicElements' exists.
../247gbsaffiliates/app/(auth)/verify-email/page.tsx(57,17): error TS7026: JSX element implicitly has type 'any' because no interface 'JSX.IntrinsicElements' exists.
../247gbsaffiliates/app/(auth)/verify-email/page.tsx(58,21): error TS7026: JSX element implicitly has type 'any' because no interface 'JSX.IntrinsicElements' exists.
../247gbsaffiliates/app/(auth)/verify-email/page.tsx(59,25): error TS7026: JSX element implicitly has type 'any' because no interface 'JSX.IntrinsicElements' exists.
../247gbsaffiliates/app/(auth)/verify-email/page.tsx(60,29): error TS7026: JSX element implicitly has type 'any' because no interface 'JSX.IntrinsicElements' exists.
../247gbsaffiliates/app/(auth)/verify-email/page.tsx(60,131): error TS7026: JSX element implicitly has type 'any' because no interface 'JSX.IntrinsicElements' exists.
../247gbsaffiliates/app/(auth)/verify-email/page.tsx(62,25): error TS7026: JSX element implicitly has type 'any' because no interface 'JSX.IntrinsicElements' exists.
../247gbsaffiliates/app/(auth)/verify-email/page.tsx(63,21): error TS7026: JSX element implicitly has type 'any' because no interface 'JSX.IntrinsicElements' exists.
../247gbsaffiliates/app/(auth)/verify-email/page.tsx(65,21): error TS7026: JSX element implicitly has type 'any' because no interface 'JSX.IntrinsicElements' exists.
../247gbsaffiliates/app/(auth)/verify-email/page.tsx(66,25): error TS7026: JSX element implicitly has type 'any' because no interface 'JSX.IntrinsicElements' exists.
../247gbsaffiliates/app/(auth)/verify-email/page.tsx(66,107): error TS7026: JSX element implicitly has type 'any' because no interface 'JSX.IntrinsicElements' exists.
../247gbsaffiliates/app/(auth)/verify-email/page.tsx(67,25): error TS7026: JSX element implicitly has type 'any' because no interface 'JSX.IntrinsicElements' exists.
../247gbsaffiliates/app/(auth)/verify-email/page.tsx(68,71): error TS7026: JSX element implicitly has type 'any' because no interface 'JSX.IntrinsicElements' exists.
../247gbsaffiliates/app/(auth)/verify-email/page.tsx(68,132): error TS7026: JSX element implicitly has type 'any' because no interface 'JSX.IntrinsicElements' exists.
../247gbsaffiliates/app/(auth)/verify-email/page.tsx(69,25): error TS7026: JSX element implicitly has type 'any' because no interface 'JSX.IntrinsicElements' exists.
../247gbsaffiliates/app/(auth)/verify-email/page.tsx(70,21): error TS7026: JSX element implicitly has type 'any' because no interface 'JSX.IntrinsicElements' exists.
../247gbsaffiliates/app/(auth)/verify-email/page.tsx(72,21): error TS7026: JSX element implicitly has type 'any' because no interface 'JSX.IntrinsicElements' exists.
../247gbsaffiliates/app/(auth)/verify-email/page.tsx(73,36): error TS7006: Parameter 'digit' implicitly has an 'any' type.
../247gbsaffiliates/app/(auth)/verify-email/page.tsx(73,43): error TS7006: Parameter 'index' implicitly has an 'any' type.
../247gbsaffiliates/app/(auth)/verify-email/page.tsx(74,29): error TS7026: JSX element implicitly has type 'any' because no interface 'JSX.IntrinsicElements' exists.
../247gbsaffiliates/app/(auth)/verify-email/page.tsx(76,38): error TS7006: Parameter 'el' implicitly has an 'any' type.
../247gbsaffiliates/app/(auth)/verify-email/page.tsx(80,44): error TS7006: Parameter 'e' implicitly has an 'any' type.
../247gbsaffiliates/app/(auth)/verify-email/page.tsx(81,45): error TS7006: Parameter 'e' implicitly has an 'any' type.
../247gbsaffiliates/app/(auth)/verify-email/page.tsx(85,21): error TS7026: JSX element implicitly has type 'any' because no interface 'JSX.IntrinsicElements' exists.
../247gbsaffiliates/app/(auth)/verify-email/page.tsx(87,21): error TS7026: JSX element implicitly has type 'any' because no interface 'JSX.IntrinsicElements' exists.
../247gbsaffiliates/app/(auth)/verify-email/page.tsx(88,36): error TS7026: JSX element implicitly has type 'any' because no interface 'JSX.IntrinsicElements' exists.
../247gbsaffiliates/app/(auth)/verify-email/page.tsx(88,99): error TS7026: JSX element implicitly has type 'any' because no interface 'JSX.IntrinsicElements' exists.
../247gbsaffiliates/app/(auth)/verify-email/page.tsx(89,21): error TS7026: JSX element implicitly has type 'any' because no interface 'JSX.IntrinsicElements' exists.
../247gbsaffiliates/app/(auth)/verify-email/page.tsx(91,21): error TS7026: JSX element implicitly has type 'any' because no interface 'JSX.IntrinsicElements' exists.
../247gbsaffiliates/app/(auth)/verify-email/page.tsx(97,21): error TS7026: JSX element implicitly has type 'any' because no interface 'JSX.IntrinsicElements' exists.
../247gbsaffiliates/app/(auth)/verify-email/page.tsx(99,21): error TS7026: JSX element implicitly has type 'any' because no interface 'JSX.IntrinsicElements' exists.
../247gbsaffiliates/app/(auth)/verify-email/page.tsx(100,51): error TS7026: JSX element implicitly has type 'any' because no interface 'JSX.IntrinsicElements' exists.
../247gbsaffiliates/app/(auth)/verify-email/page.tsx(100,121): error TS7026: JSX element implicitly has type 'any' because no interface 'JSX.IntrinsicElements' exists.
../247gbsaffiliates/app/(auth)/verify-email/page.tsx(101,21): error TS7026: JSX element implicitly has type 'any' because no interface 'JSX.IntrinsicElements' exists.
../247gbsaffiliates/app/(auth)/verify-email/page.tsx(102,17): error TS7026: JSX element implicitly has type 'any' because no interface 'JSX.IntrinsicElements' exists.
../247gbsaffiliates/app/(auth)/verify-email/page.tsx(104,17): error TS7026: JSX element implicitly has type 'any' because no interface 'JSX.IntrinsicElements' exists.
../247gbsaffiliates/app/(auth)/verify-email/page.tsx(105,21): error TS7026: JSX element implicitly has type 'any' because no interface 'JSX.IntrinsicElements' exists.
../247gbsaffiliates/app/(auth)/verify-email/page.tsx(107,21): error TS7026: JSX element implicitly has type 'any' because no interface 'JSX.IntrinsicElements' exists.
../247gbsaffiliates/app/(auth)/verify-email/page.tsx(108,17): error TS7026: JSX element implicitly has type 'any' because no interface 'JSX.IntrinsicElements' exists.
../247gbsaffiliates/app/(auth)/verify-email/page.tsx(109,13): error TS7026: JSX element implicitly has type 'any' because no interface 'JSX.IntrinsicElements' exists.
../247gbsaffiliates/app/(auth)/verify-email/page.tsx(112,13): error TS7026: JSX element implicitly has type 'any' because no interface 'JSX.IntrinsicElements' exists.
../247gbsaffiliates/app/(auth)/verify-email/page.tsx(113,17): error TS7026: JSX element implicitly has type 'any' because no interface 'JSX.IntrinsicElements' exists.
../247gbsaffiliates/app/(auth)/verify-email/page.tsx(115,17): error TS7026: JSX element implicitly has type 'any' because no interface 'JSX.IntrinsicElements' exists.
../247gbsaffiliates/app/(auth)/verify-email/page.tsx(117,17): error TS7026: JSX element implicitly has type 'any' because no interface 'JSX.IntrinsicElements' exists.
../247gbsaffiliates/app/(auth)/verify-email/page.tsx(118,21): error TS7026: JSX element implicitly has type 'any' because no interface 'JSX.IntrinsicElements' exists.
../247gbsaffiliates/app/(auth)/verify-email/page.tsx(119,25): error TS7026: JSX element implicitly has type 'any' because no interface 'JSX.IntrinsicElements' exists.
../247gbsaffiliates/app/(auth)/verify-email/page.tsx(119,91): error TS7026: JSX element implicitly has type 'any' because no interface 'JSX.IntrinsicElements' exists.
../247gbsaffiliates/app/(auth)/verify-email/page.tsx(120,21): error TS7026: JSX element implicitly has type 'any' because no interface 'JSX.IntrinsicElements' exists.
../247gbsaffiliates/app/(auth)/verify-email/page.tsx(121,21): error TS7026: JSX element implicitly has type 'any' because no interface 'JSX.IntrinsicElements' exists.
../247gbsaffiliates/app/(auth)/verify-email/page.tsx(121,103): error TS7026: JSX element implicitly has type 'any' because no interface 'JSX.IntrinsicElements' exists.
../247gbsaffiliates/app/(auth)/verify-email/page.tsx(122,21): error TS7026: JSX element implicitly has type 'any' because no interface 'JSX.IntrinsicElements' exists.
../247gbsaffiliates/app/(auth)/verify-email/page.tsx(124,21): error TS7026: JSX element implicitly has type 'any' because no interface 'JSX.IntrinsicElements' exists.
../247gbsaffiliates/app/(auth)/verify-email/page.tsx(125,17): error TS7026: JSX element implicitly has type 'any' because no interface 'JSX.IntrinsicElements' exists.
../247gbsaffiliates/app/(auth)/verify-email/page.tsx(126,13): error TS7026: JSX element implicitly has type 'any' because no interface 'JSX.IntrinsicElements' exists.
../247gbsaffiliates/app/(auth)/verify-email/page.tsx(127,9): error TS7026: JSX element implicitly has type 'any' because no interface 'JSX.IntrinsicElements' exists.
../247gbsaffiliates/app/cookies/page.tsx(3,19): error TS2307: Cannot find module 'react' or its corresponding type declarations.
../247gbsaffiliates/app/cookies/page.tsx(4,24): error TS2307: Cannot find module 'framer-motion' or its corresponding type declarations.
../247gbsaffiliates/app/cookies/page.tsx(5,67): error TS2307: Cannot find module 'react-icons/fa' or its corresponding type declarations.
../247gbsaffiliates/app/cookies/page.tsx(6,18): error TS2307: Cannot find module 'next/link' or its corresponding type declarations.
../247gbsaffiliates/app/cookies/page.tsx(10,9): error TS7026: JSX element implicitly has type 'any' because no interface 'JSX.IntrinsicElements' exists.
../247gbsaffiliates/app/cookies/page.tsx(10,9): error TS2875: This JSX tag requires the module path 'react/jsx-runtime' to exist, but none could be found. Make sure you have types for the appropriate package installed.
../247gbsaffiliates/app/cookies/page.tsx(12,13): error TS7026: JSX element implicitly has type 'any' because no interface 'JSX.IntrinsicElements' exists.
../247gbsaffiliates/app/cookies/page.tsx(14,21): error TS7026: JSX element implicitly has type 'any' because no interface 'JSX.IntrinsicElements' exists.
../247gbsaffiliates/app/cookies/page.tsx(15,25): error TS7026: JSX element implicitly has type 'any' because no interface 'JSX.IntrinsicElements' exists.
../247gbsaffiliates/app/cookies/page.tsx(15,85): error TS7026: JSX element implicitly has type 'any' because no interface 'JSX.IntrinsicElements' exists.
../247gbsaffiliates/app/cookies/page.tsx(16,21): error TS7026: JSX element implicitly has type 'any' because no interface 'JSX.IntrinsicElements' exists.
../247gbsaffiliates/app/cookies/page.tsx(17,21): error TS7026: JSX element implicitly has type 'any' because no interface 'JSX.IntrinsicElements' exists.
../247gbsaffiliates/app/cookies/page.tsx(17,83): error TS7026: JSX element implicitly has type 'any' because no interface 'JSX.IntrinsicElements' exists.
../247gbsaffiliates/app/cookies/page.tsx(22,13): error TS7026: JSX element implicitly has type 'any' because no interface 'JSX.IntrinsicElements' exists.
../247gbsaffiliates/app/cookies/page.tsx(24,13): error TS7026: JSX element implicitly has type 'any' because no interface 'JSX.IntrinsicElements' exists.
../247gbsaffiliates/app/cookies/page.tsx(30,21): error TS7026: JSX element implicitly has type 'any' because no interface 'JSX.IntrinsicElements' exists.
../247gbsaffiliates/app/cookies/page.tsx(31,25): error TS7026: JSX element implicitly has type 'any' because no interface 'JSX.IntrinsicElements' exists.
../247gbsaffiliates/app/cookies/page.tsx(33,25): error TS7026: JSX element implicitly has type 'any' because no interface 'JSX.IntrinsicElements' exists.
../247gbsaffiliates/app/cookies/page.tsx(34,25): error TS7026: JSX element implicitly has type 'any' because no interface 'JSX.IntrinsicElements' exists.
../247gbsaffiliates/app/cookies/page.tsx(35,29): error TS7026: JSX element implicitly has type 'any' because no interface 'JSX.IntrinsicElements' exists.
../247gbsaffiliates/app/cookies/page.tsx(35,131): error TS7026: JSX element implicitly has type 'any' because no interface 'JSX.IntrinsicElements' exists.
../247gbsaffiliates/app/cookies/page.tsx(36,29): error TS7026: JSX element implicitly has type 'any' because no interface 'JSX.IntrinsicElements' exists.
../247gbsaffiliates/app/cookies/page.tsx(36,117): error TS7026: JSX element implicitly has type 'any' because no interface 'JSX.IntrinsicElements' exists.
../247gbsaffiliates/app/cookies/page.tsx(37,25): error TS7026: JSX element implicitly has type 'any' because no interface 'JSX.IntrinsicElements' exists.
../247gbsaffiliates/app/cookies/page.tsx(38,21): error TS7026: JSX element implicitly has type 'any' because no interface 'JSX.IntrinsicElements' exists.
../247gbsaffiliates/app/cookies/page.tsx(40,21): error TS7026: JSX element implicitly has type 'any' because no interface 'JSX.IntrinsicElements' exists.
../247gbsaffiliates/app/cookies/page.tsx(41,25): error TS7026: JSX element implicitly has type 'any' because no interface 'JSX.IntrinsicElements' exists.
../247gbsaffiliates/app/cookies/page.tsx(43,25): error TS7026: JSX element implicitly has type 'any' because no interface 'JSX.IntrinsicElements' exists.
../247gbsaffiliates/app/cookies/page.tsx(44,21): error TS7026: JSX element implicitly has type 'any' because no interface 'JSX.IntrinsicElements' exists.
../247gbsaffiliates/app/cookies/page.tsx(46,21): error TS7026: JSX element implicitly has type 'any' because no interface 'JSX.IntrinsicElements' exists.
../247gbsaffiliates/app/cookies/page.tsx(47,25): error TS7026: JSX element implicitly has type 'any' because no interface 'JSX.IntrinsicElements' exists.
../247gbsaffiliates/app/cookies/page.tsx(48,29): error TS7026: JSX element implicitly has type 'any' because no interface 'JSX.IntrinsicElements' exists.
../247gbsaffiliates/app/cookies/page.tsx(49,33): error TS7026: JSX element implicitly has type 'any' because no interface 'JSX.IntrinsicElements' exists.
../247gbsaffiliates/app/cookies/page.tsx(49,142): error TS7026: JSX element implicitly has type 'any' because no interface 'JSX.IntrinsicElements' exists.
../247gbsaffiliates/app/cookies/page.tsx(51,29): error TS7026: JSX element implicitly has type 'any' because no interface 'JSX.IntrinsicElements' exists.
../247gbsaffiliates/app/cookies/page.tsx(52,29): error TS7026: JSX element implicitly has type 'any' because no interface 'JSX.IntrinsicElements' exists.
../247gbsaffiliates/app/cookies/page.tsx(53,33): error TS7026: JSX element implicitly has type 'any' because no interface 'JSX.IntrinsicElements' exists.
../247gbsaffiliates/app/cookies/page.tsx(55,33): error TS7026: JSX element implicitly has type 'any' because no interface 'JSX.IntrinsicElements' exists.
../247gbsaffiliates/app/cookies/page.tsx(56,33): error TS7026: JSX element implicitly has type 'any' because no interface 'JSX.IntrinsicElements' exists.
../247gbsaffiliates/app/cookies/page.tsx(58,33): error TS7026: JSX element implicitly has type 'any' because no interface 'JSX.IntrinsicElements' exists.
../247gbsaffiliates/app/cookies/page.tsx(59,29): error TS7026: JSX element implicitly has type 'any' because no interface 'JSX.IntrinsicElements' exists.
../247gbsaffiliates/app/cookies/page.tsx(60,25): error TS7026: JSX element implicitly has type 'any' because no interface 'JSX.IntrinsicElements' exists.
../247gbsaffiliates/app/cookies/page.tsx(62,25): error TS7026: JSX element implicitly has type 'any' because no interface 'JSX.IntrinsicElements' exists.
../247gbsaffiliates/app/cookies/page.tsx(63,29): error TS7026: JSX element implicitly has type 'any' because no interface 'JSX.IntrinsicElements' exists.
../247gbsaffiliates/app/cookies/page.tsx(64,33): error TS7026: JSX element implicitly has type 'any' because no interface 'JSX.IntrinsicElements' exists.
../247gbsaffiliates/app/cookies/page.tsx(66,33): error TS7026: JSX element implicitly has type 'any' because no interface 'JSX.IntrinsicElements' exists.
../247gbsaffiliates/app/cookies/page.tsx(67,33): error TS7026: JSX element implicitly has type 'any' because no interface 'JSX.IntrinsicElements' exists.
../247gbsaffiliates/app/cookies/page.tsx(67,129): error TS7026: JSX element implicitly has type 'any' because no interface 'JSX.IntrinsicElements' exists.
../247gbsaffiliates/app/cookies/page.tsx(68,33): error TS7026: JSX element implicitly has type 'any' because no interface 'JSX.IntrinsicElements' exists.
../247gbsaffiliates/app/cookies/page.tsx(70,33): error TS7026: JSX element implicitly has type 'any' because no interface 'JSX.IntrinsicElements' exists.
../247gbsaffiliates/app/cookies/page.tsx(71,29): error TS7026: JSX element implicitly has type 'any' because no interface 'JSX.IntrinsicElements' exists.
../247gbsaffiliates/app/cookies/page.tsx(73,29): error TS7026: JSX element implicitly has type 'any' because no interface 'JSX.IntrinsicElements' exists.
../247gbsaffiliates/app/cookies/page.tsx(74,33): error TS7026: JSX element implicitly has type 'any' because no interface 'JSX.IntrinsicElements' exists.
../247gbsaffiliates/app/cookies/page.tsx(76,33): error TS7026: JSX element implicitly has type 'any' because no interface 'JSX.IntrinsicElements' exists.
../247gbsaffiliates/app/cookies/page.tsx(77,33): error TS7026: JSX element implicitly has type 'any' because no interface 'JSX.IntrinsicElements' exists.
../247gbsaffiliates/app/cookies/page.tsx(77,129): error TS7026: JSX element implicitly has type 'any' because no interface 'JSX.IntrinsicElements' exists.
../247gbsaffiliates/app/cookies/page.tsx(78,33): error TS7026: JSX element implicitly has type 'any' because no interface 'JSX.IntrinsicElements' exists.
../247gbsaffiliates/app/cookies/page.tsx(80,33): error TS7026: JSX element implicitly has type 'any' because no interface 'JSX.IntrinsicElements' exists.
../247gbsaffiliates/app/cookies/page.tsx(81,29): error TS7026: JSX element implicitly has type 'any' because no interface 'JSX.IntrinsicElements' exists.
../247gbsaffiliates/app/cookies/page.tsx(83,29): error TS7026: JSX element implicitly has type 'any' because no interface 'JSX.IntrinsicElements' exists.
../247gbsaffiliates/app/cookies/page.tsx(84,33): error TS7026: JSX element implicitly has type 'any' because no interface 'JSX.IntrinsicElements' exists.
../247gbsaffiliates/app/cookies/page.tsx(86,33): error TS7026: JSX element implicitly has type 'any' because no interface 'JSX.IntrinsicElements' exists.
../247gbsaffiliates/app/cookies/page.tsx(87,33): error TS7026: JSX element implicitly has type 'any' because no interface 'JSX.IntrinsicElements' exists.
../247gbsaffiliates/app/cookies/page.tsx(87,130): error TS7026: JSX element implicitly has type 'any' because no interface 'JSX.IntrinsicElements' exists.
../247gbsaffiliates/app/cookies/page.tsx(88,33): error TS7026: JSX element implicitly has type 'any' because no interface 'JSX.IntrinsicElements' exists.
../247gbsaffiliates/app/cookies/page.tsx(90,33): error TS7026: JSX element implicitly has type 'any' because no interface 'JSX.IntrinsicElements' exists.
../247gbsaffiliates/app/cookies/page.tsx(91,29): error TS7026: JSX element implicitly has type 'any' because no interface 'JSX.IntrinsicElements' exists.
../247gbsaffiliates/app/cookies/page.tsx(93,29): error TS7026: JSX element implicitly has type 'any' because no interface 'JSX.IntrinsicElements' exists.
../247gbsaffiliates/app/cookies/page.tsx(94,33): error TS7026: JSX element implicitly has type 'any' because no interface 'JSX.IntrinsicElements' exists.
../247gbsaffiliates/app/cookies/page.tsx(94,184): error TS7026: JSX element implicitly has type 'any' because no interface 'JSX.IntrinsicElements' exists.
../247gbsaffiliates/app/cookies/page.tsx(95,33): error TS7026: JSX element implicitly has type 'any' because no interface 'JSX.IntrinsicElements' exists.
../247gbsaffiliates/app/cookies/page.tsx(95,133): error TS7026: JSX element implicitly has type 'any' because no interface 'JSX.IntrinsicElements' exists.
../247gbsaffiliates/app/cookies/page.tsx(96,33): error TS7026: JSX element implicitly has type 'any' because no interface 'JSX.IntrinsicElements' exists.
../247gbsaffiliates/app/cookies/page.tsx(98,33): error TS7026: JSX element implicitly has type 'any' because no interface 'JSX.IntrinsicElements' exists.
../247gbsaffiliates/app/cookies/page.tsx(99,29): error TS7026: JSX element implicitly has type 'any' because no interface 'JSX.IntrinsicElements' exists.
../247gbsaffiliates/app/cookies/page.tsx(100,25): error TS7026: JSX element implicitly has type 'any' because no interface 'JSX.IntrinsicElements' exists.
../247gbsaffiliates/app/cookies/page.tsx(102,25): error TS7026: JSX element implicitly has type 'any' because no interface 'JSX.IntrinsicElements' exists.
../247gbsaffiliates/app/cookies/page.tsx(103,29): error TS7026: JSX element implicitly has type 'any' because no interface 'JSX.IntrinsicElements' exists.
../247gbsaffiliates/app/cookies/page.tsx(103,123): error TS7026: JSX element implicitly has type 'any' because no interface 'JSX.IntrinsicElements' exists.
../247gbsaffiliates/app/cookies/page.tsx(104,29): error TS7026: JSX element implicitly has type 'any' because no interface 'JSX.IntrinsicElements' exists.
../247gbsaffiliates/app/cookies/page.tsx(106,29): error TS7026: JSX element implicitly has type 'any' because no interface 'JSX.IntrinsicElements' exists.
../247gbsaffiliates/app/cookies/page.tsx(107,29): error TS7026: JSX element implicitly has type 'any' because no interface 'JSX.IntrinsicElements' exists.
../247gbsaffiliates/app/cookies/page.tsx(108,33): error TS7026: JSX element implicitly has type 'any' because no interface 'JSX.IntrinsicElements' exists.
../247gbsaffiliates/app/cookies/page.tsx(108,71): error TS7026: JSX element implicitly has type 'any' because no interface 'JSX.IntrinsicElements' exists.
../247gbsaffiliates/app/cookies/page.tsx(109,33): error TS7026: JSX element implicitly has type 'any' because no interface 'JSX.IntrinsicElements' exists.
../247gbsaffiliates/app/cookies/page.tsx(109,139): error TS7026: JSX element implicitly has type 'any' because no interface 'JSX.IntrinsicElements' exists.
../247gbsaffiliates/app/cookies/page.tsx(110,29): error TS7026: JSX element implicitly has type 'any' because no interface 'JSX.IntrinsicElements' exists.
../247gbsaffiliates/app/cookies/page.tsx(111,25): error TS7026: JSX element implicitly has type 'any' because no interface 'JSX.IntrinsicElements' exists.
../247gbsaffiliates/app/cookies/page.tsx(112,21): error TS7026: JSX element implicitly has type 'any' because no interface 'JSX.IntrinsicElements' exists.
../247gbsaffiliates/app/cookies/page.tsx(114,13): error TS7026: JSX element implicitly has type 'any' because no interface 'JSX.IntrinsicElements' exists.
../247gbsaffiliates/app/cookies/page.tsx(115,9): error TS7026: JSX element implicitly has type 'any' because no interface 'JSX.IntrinsicElements' exists.
../247gbsaffiliates/app/dashboard/account-manager/agents/page.tsx(3,19): error TS2307: Cannot find module 'react' or its corresponding type declarations.
../247gbsaffiliates/app/dashboard/account-manager/agents/page.tsx(7,9): error TS7026: JSX element implicitly has type 'any' because no interface 'JSX.IntrinsicElements' exists.
../247gbsaffiliates/app/dashboard/account-manager/agents/page.tsx(7,9): error TS2875: This JSX tag requires the module path 'react/jsx-runtime' to exist, but none could be found. Make sure you have types for the appropriate package installed.
../247gbsaffiliates/app/dashboard/account-manager/agents/page.tsx(8,13): error TS7026: JSX element implicitly has type 'any' because no interface 'JSX.IntrinsicElements' exists.
../247gbsaffiliates/app/dashboard/account-manager/agents/page.tsx(9,17): error TS7026: JSX element implicitly has type 'any' because no interface 'JSX.IntrinsicElements' exists.
../247gbsaffiliates/app/dashboard/account-manager/agents/page.tsx(10,21): error TS7026: JSX element implicitly has type 'any' because no interface 'JSX.IntrinsicElements' exists.
../247gbsaffiliates/app/dashboard/account-manager/agents/page.tsx(10,78): error TS7026: JSX element implicitly has type 'any' because no interface 'JSX.IntrinsicElements' exists.
../247gbsaffiliates/app/dashboard/account-manager/agents/page.tsx(11,21): error TS7026: JSX element implicitly has type 'any' because no interface 'JSX.IntrinsicElements' exists.
../247gbsaffiliates/app/dashboard/account-manager/agents/page.tsx(11,126): error TS7026: JSX element implicitly has type 'any' because no interface 'JSX.IntrinsicElements' exists.
../247gbsaffiliates/app/dashboard/account-manager/agents/page.tsx(12,17): error TS7026: JSX element implicitly has type 'any' because no interface 'JSX.IntrinsicElements' exists.
../247gbsaffiliates/app/dashboard/account-manager/agents/page.tsx(13,13): error TS7026: JSX element implicitly has type 'any' because no interface 'JSX.IntrinsicElements' exists.
../247gbsaffiliates/app/dashboard/account-manager/agents/page.tsx(15,13): error TS7026: JSX element implicitly has type 'any' because no interface 'JSX.IntrinsicElements' exists.
../247gbsaffiliates/app/dashboard/account-manager/agents/page.tsx(16,17): error TS7026: JSX element implicitly has type 'any' because no interface 'JSX.IntrinsicElements' exists.
../247gbsaffiliates/app/dashboard/account-manager/agents/page.tsx(17,21): error TS7026: JSX element implicitly has type 'any' because no interface 'JSX.IntrinsicElements' exists.
../247gbsaffiliates/app/dashboard/account-manager/agents/page.tsx(18,25): error TS7026: JSX element implicitly has type 'any' because no interface 'JSX.IntrinsicElements' exists.
../247gbsaffiliates/app/dashboard/account-manager/agents/page.tsx(19,29): error TS7026: JSX element implicitly has type 'any' because no interface 'JSX.IntrinsicElements' exists.
../247gbsaffiliates/app/dashboard/account-manager/agents/page.tsx(19,123): error TS7026: JSX element implicitly has type 'any' because no interface 'JSX.IntrinsicElements' exists.
../247gbsaffiliates/app/dashboard/account-manager/agents/page.tsx(20,29): error TS7026: JSX element implicitly has type 'any' because no interface 'JSX.IntrinsicElements' exists.
../247gbsaffiliates/app/dashboard/account-manager/agents/page.tsx(20,122): error TS7026: JSX element implicitly has type 'any' because no interface 'JSX.IntrinsicElements' exists.
../247gbsaffiliates/app/dashboard/account-manager/agents/page.tsx(21,29): error TS7026: JSX element implicitly has type 'any' because no interface 'JSX.IntrinsicElements' exists.
../247gbsaffiliates/app/dashboard/account-manager/agents/page.tsx(21,124): error TS7026: JSX element implicitly has type 'any' because no interface 'JSX.IntrinsicElements' exists.
../247gbsaffiliates/app/dashboard/account-manager/agents/page.tsx(22,29): error TS7026: JSX element implicitly has type 'any' because no interface 'JSX.IntrinsicElements' exists.
../247gbsaffiliates/app/dashboard/account-manager/agents/page.tsx(22,124): error TS7026: JSX element implicitly has type 'any' because no interface 'JSX.IntrinsicElements' exists.
../247gbsaffiliates/app/dashboard/account-manager/agents/page.tsx(23,29): error TS7026: JSX element implicitly has type 'any' because no interface 'JSX.IntrinsicElements' exists.
../247gbsaffiliates/app/dashboard/account-manager/agents/page.tsx(23,135): error TS7026: JSX element implicitly has type 'any' because no interface 'JSX.IntrinsicElements' exists.
../247gbsaffiliates/app/dashboard/account-manager/agents/page.tsx(24,29): error TS7026: JSX element implicitly has type 'any' because no interface 'JSX.IntrinsicElements' exists.
../247gbsaffiliates/app/dashboard/account-manager/agents/page.tsx(24,125): error TS7026: JSX element implicitly has type 'any' because no interface 'JSX.IntrinsicElements' exists.
../247gbsaffiliates/app/dashboard/account-manager/agents/page.tsx(25,25): error TS7026: JSX element implicitly has type 'any' because no interface 'JSX.IntrinsicElements' exists.
../247gbsaffiliates/app/dashboard/account-manager/agents/page.tsx(26,21): error TS7026: JSX element implicitly has type 'any' because no interface 'JSX.IntrinsicElements' exists.
../247gbsaffiliates/app/dashboard/account-manager/agents/page.tsx(27,21): error TS7026: JSX element implicitly has type 'any' because no interface 'JSX.IntrinsicElements' exists.
../247gbsaffiliates/app/dashboard/account-manager/agents/page.tsx(33,29): error TS7026: JSX element implicitly has type 'any' because no interface 'JSX.IntrinsicElements' exists.
../247gbsaffiliates/app/dashboard/account-manager/agents/page.tsx(34,33): error TS7026: JSX element implicitly has type 'any' because no interface 'JSX.IntrinsicElements' exists.
../247gbsaffiliates/app/dashboard/account-manager/agents/page.tsx(35,37): error TS7026: JSX element implicitly has type 'any' because no interface 'JSX.IntrinsicElements' exists.
../247gbsaffiliates/app/dashboard/account-manager/agents/page.tsx(36,41): error TS7026: JSX element implicitly has type 'any' because no interface 'JSX.IntrinsicElements' exists.
../247gbsaffiliates/app/dashboard/account-manager/agents/page.tsx(38,41): error TS7026: JSX element implicitly has type 'any' because no interface 'JSX.IntrinsicElements' exists.
../247gbsaffiliates/app/dashboard/account-manager/agents/page.tsx(39,41): error TS7026: JSX element implicitly has type 'any' because no interface 'JSX.IntrinsicElements' exists.
../247gbsaffiliates/app/dashboard/account-manager/agents/page.tsx(40,45): error TS7026: JSX element implicitly has type 'any' because no interface 'JSX.IntrinsicElements' exists.
../247gbsaffiliates/app/dashboard/account-manager/agents/page.tsx(40,105): error TS7026: JSX element implicitly has type 'any' because no interface 'JSX.IntrinsicElements' exists.
../247gbsaffiliates/app/dashboard/account-manager/agents/page.tsx(41,45): error TS7026: JSX element implicitly has type 'any' because no interface 'JSX.IntrinsicElements' exists.
../247gbsaffiliates/app/dashboard/account-manager/agents/page.tsx(41,110): error TS7026: JSX element implicitly has type 'any' because no interface 'JSX.IntrinsicElements' exists.
../247gbsaffiliates/app/dashboard/account-manager/agents/page.tsx(42,41): error TS7026: JSX element implicitly has type 'any' because no interface 'JSX.IntrinsicElements' exists.
../247gbsaffiliates/app/dashboard/account-manager/agents/page.tsx(43,37): error TS7026: JSX element implicitly has type 'any' because no interface 'JSX.IntrinsicElements' exists.
../247gbsaffiliates/app/dashboard/account-manager/agents/page.tsx(44,33): error TS7026: JSX element implicitly has type 'any' because no interface 'JSX.IntrinsicElements' exists.
../247gbsaffiliates/app/dashboard/account-manager/agents/page.tsx(45,33): error TS7026: JSX element implicitly has type 'any' because no interface 'JSX.IntrinsicElements' exists.
../247gbsaffiliates/app/dashboard/account-manager/agents/page.tsx(45,106): error TS7026: JSX element implicitly has type 'any' because no interface 'JSX.IntrinsicElements' exists.
../247gbsaffiliates/app/dashboard/account-manager/agents/page.tsx(46,33): error TS7026: JSX element implicitly has type 'any' because no interface 'JSX.IntrinsicElements' exists.
../247gbsaffiliates/app/dashboard/account-manager/agents/page.tsx(47,37): error TS7026: JSX element implicitly has type 'any' because no interface 'JSX.IntrinsicElements' exists.
../247gbsaffiliates/app/dashboard/account-manager/agents/page.tsx(52,37): error TS7026: JSX element implicitly has type 'any' because no interface 'JSX.IntrinsicElements' exists.
../247gbsaffiliates/app/dashboard/account-manager/agents/page.tsx(53,33): error TS7026: JSX element implicitly has type 'any' because no interface 'JSX.IntrinsicElements' exists.
../247gbsaffiliates/app/dashboard/account-manager/agents/page.tsx(54,33): error TS7026: JSX element implicitly has type 'any' because no interface 'JSX.IntrinsicElements' exists.
../247gbsaffiliates/app/dashboard/account-manager/agents/page.tsx(55,37): error TS7026: JSX element implicitly has type 'any' because no interface 'JSX.IntrinsicElements' exists.
../247gbsaffiliates/app/dashboard/account-manager/agents/page.tsx(55,109): error TS7026: JSX element implicitly has type 'any' because no interface 'JSX.IntrinsicElements' exists.
../247gbsaffiliates/app/dashboard/account-manager/agents/page.tsx(57,33): error TS7026: JSX element implicitly has type 'any' because no interface 'JSX.IntrinsicElements' exists.
../247gbsaffiliates/app/dashboard/account-manager/agents/page.tsx(58,33): error TS7026: JSX element implicitly has type 'any' because no interface 'JSX.IntrinsicElements' exists.
../247gbsaffiliates/app/dashboard/account-manager/agents/page.tsx(58,109): error TS7026: JSX element implicitly has type 'any' because no interface 'JSX.IntrinsicElements' exists.
../247gbsaffiliates/app/dashboard/account-manager/agents/page.tsx(59,33): error TS7026: JSX element implicitly has type 'any' because no interface 'JSX.IntrinsicElements' exists.
../247gbsaffiliates/app/dashboard/account-manager/agents/page.tsx(60,37): error TS7026: JSX element implicitly has type 'any' because no interface 'JSX.IntrinsicElements' exists.
../247gbsaffiliates/app/dashboard/account-manager/agents/page.tsx(60,116): error TS7026: JSX element implicitly has type 'any' because no interface 'JSX.IntrinsicElements' exists.
../247gbsaffiliates/app/dashboard/account-manager/agents/page.tsx(61,33): error TS7026: JSX element implicitly has type 'any' because no interface 'JSX.IntrinsicElements' exists.
../247gbsaffiliates/app/dashboard/account-manager/agents/page.tsx(62,29): error TS7026: JSX element implicitly has type 'any' because no interface 'JSX.IntrinsicElements' exists.
../247gbsaffiliates/app/dashboard/account-manager/agents/page.tsx(64,21): error TS7026: JSX element implicitly has type 'any' because no interface 'JSX.IntrinsicElements' exists.
../247gbsaffiliates/app/dashboard/account-manager/agents/page.tsx(65,17): error TS7026: JSX element implicitly has type 'any' because no interface 'JSX.IntrinsicElements' exists.
../247gbsaffiliates/app/dashboard/account-manager/agents/page.tsx(66,13): error TS7026: JSX element implicitly has type 'any' because no interface 'JSX.IntrinsicElements' exists.
../247gbsaffiliates/app/dashboard/account-manager/agents/page.tsx(67,9): error TS7026: JSX element implicitly has type 'any' because no interface 'JSX.IntrinsicElements' exists.
../247gbsaffiliates/app/dashboard/account-manager/campaigns/page.tsx(3,19): error TS2307: Cannot find module 'react' or its corresponding type declarations.
../247gbsaffiliates/app/dashboard/account-manager/campaigns/page.tsx(7,9): error TS7026: JSX element implicitly has type 'any' because no interface 'JSX.IntrinsicElements' exists.
../247gbsaffiliates/app/dashboard/account-manager/campaigns/page.tsx(7,9): error TS2875: This JSX tag requires the module path 'react/jsx-runtime' to exist, but none could be found. Make sure you have types for the appropriate package installed.
../247gbsaffiliates/app/dashboard/account-manager/campaigns/page.tsx(8,13): error TS7026: JSX element implicitly has type 'any' because no interface 'JSX.IntrinsicElements' exists.
../247gbsaffiliates/app/dashboard/account-manager/campaigns/page.tsx(9,17): error TS7026: JSX element implicitly has type 'any' because no interface 'JSX.IntrinsicElements' exists.
../247gbsaffiliates/app/dashboard/account-manager/campaigns/page.tsx(10,21): error TS7026: JSX element implicitly has type 'any' because no interface 'JSX.IntrinsicElements' exists.
../247gbsaffiliates/app/dashboard/account-manager/campaigns/page.tsx(10,81): error TS7026: JSX element implicitly has type 'any' because no interface 'JSX.IntrinsicElements' exists.
../247gbsaffiliates/app/dashboard/account-manager/campaigns/page.tsx(11,21): error TS7026: JSX element implicitly has type 'any' because no interface 'JSX.IntrinsicElements' exists.
../247gbsaffiliates/app/dashboard/account-manager/campaigns/page.tsx(11,124): error TS7026: JSX element implicitly has type 'any' because no interface 'JSX.IntrinsicElements' exists.
../247gbsaffiliates/app/dashboard/account-manager/campaigns/page.tsx(12,17): error TS7026: JSX element implicitly has type 'any' because no interface 'JSX.IntrinsicElements' exists.
../247gbsaffiliates/app/dashboard/account-manager/campaigns/page.tsx(13,17): error TS7026: JSX element implicitly has type 'any' because no interface 'JSX.IntrinsicElements' exists.
../247gbsaffiliates/app/dashboard/account-manager/campaigns/page.tsx(14,21): error TS7026: JSX element implicitly has type 'any' because no interface 'JSX.IntrinsicElements' exists.
../247gbsaffiliates/app/dashboard/account-manager/campaigns/page.tsx(14,68): error TS7026: JSX element implicitly has type 'any' because no interface 'JSX.IntrinsicElements' exists.
../247gbsaffiliates/app/dashboard/account-manager/campaigns/page.tsx(16,17): error TS7026: JSX element implicitly has type 'any' because no interface 'JSX.IntrinsicElements' exists.
../247gbsaffiliates/app/dashboard/account-manager/campaigns/page.tsx(17,13): error TS7026: JSX element implicitly has type 'any' because no interface 'JSX.IntrinsicElements' exists.
../247gbsaffiliates/app/dashboard/account-manager/campaigns/page.tsx(19,13): error TS7026: JSX element implicitly has type 'any' because no interface 'JSX.IntrinsicElements' exists.
../247gbsaffiliates/app/dashboard/account-manager/campaigns/page.tsx(21,17): error TS7026: JSX element implicitly has type 'any' because no interface 'JSX.IntrinsicElements' exists.
../247gbsaffiliates/app/dashboard/account-manager/campaigns/page.tsx(22,21): error TS7026: JSX element implicitly has type 'any' because no interface 'JSX.IntrinsicElements' exists.
../247gbsaffiliates/app/dashboard/account-manager/campaigns/page.tsx(22,121): error TS7026: JSX element implicitly has type 'any' because no interface 'JSX.IntrinsicElements' exists.
../247gbsaffiliates/app/dashboard/account-manager/campaigns/page.tsx(23,21): error TS7026: JSX element implicitly has type 'any' because no interface 'JSX.IntrinsicElements' exists.
../247gbsaffiliates/app/dashboard/account-manager/campaigns/page.tsx(23,73): error TS7026: JSX element implicitly has type 'any' because no interface 'JSX.IntrinsicElements' exists.
../247gbsaffiliates/app/dashboard/account-manager/campaigns/page.tsx(24,17): error TS7026: JSX element implicitly has type 'any' because no interface 'JSX.IntrinsicElements' exists.
../247gbsaffiliates/app/dashboard/account-manager/campaigns/page.tsx(25,17): error TS7026: JSX element implicitly has type 'any' because no interface 'JSX.IntrinsicElements' exists.
../247gbsaffiliates/app/dashboard/account-manager/campaigns/page.tsx(26,21): error TS7026: JSX element implicitly has type 'any' because no interface 'JSX.IntrinsicElements' exists.
../247gbsaffiliates/app/dashboard/account-manager/campaigns/page.tsx(26,116): error TS7026: JSX element implicitly has type 'any' because no interface 'JSX.IntrinsicElements' exists.
../247gbsaffiliates/app/dashboard/account-manager/campaigns/page.tsx(27,21): error TS7026: JSX element implicitly has type 'any' because no interface 'JSX.IntrinsicElements' exists.
../247gbsaffiliates/app/dashboard/account-manager/campaigns/page.tsx(27,75): error TS7026: JSX element implicitly has type 'any' because no interface 'JSX.IntrinsicElements' exists.
../247gbsaffiliates/app/dashboard/account-manager/campaigns/page.tsx(28,17): error TS7026: JSX element implicitly has type 'any' because no interface 'JSX.IntrinsicElements' exists.
../247gbsaffiliates/app/dashboard/account-manager/campaigns/page.tsx(29,17): error TS7026: JSX element implicitly has type 'any' because no interface 'JSX.IntrinsicElements' exists.
../247gbsaffiliates/app/dashboard/account-manager/campaigns/page.tsx(30,21): error TS7026: JSX element implicitly has type 'any' because no interface 'JSX.IntrinsicElements' exists.
../247gbsaffiliates/app/dashboard/account-manager/campaigns/page.tsx(30,120): error TS7026: JSX element implicitly has type 'any' because no interface 'JSX.IntrinsicElements' exists.
../247gbsaffiliates/app/dashboard/account-manager/campaigns/page.tsx(31,21): error TS7026: JSX element implicitly has type 'any' because no interface 'JSX.IntrinsicElements' exists.
../247gbsaffiliates/app/dashboard/account-manager/campaigns/page.tsx(31,75): error TS7026: JSX element implicitly has type 'any' because no interface 'JSX.IntrinsicElements' exists.
../247gbsaffiliates/app/dashboard/account-manager/campaigns/page.tsx(32,17): error TS7026: JSX element implicitly has type 'any' because no interface 'JSX.IntrinsicElements' exists.
../247gbsaffiliates/app/dashboard/account-manager/campaigns/page.tsx(33,13): error TS7026: JSX element implicitly has type 'any' because no interface 'JSX.IntrinsicElements' exists.
../247gbsaffiliates/app/dashboard/account-manager/campaigns/page.tsx(35,13): error TS7026: JSX element implicitly has type 'any' because no interface 'JSX.IntrinsicElements' exists.
../247gbsaffiliates/app/dashboard/account-manager/campaigns/page.tsx(36,17): error TS7026: JSX element implicitly has type 'any' because no interface 'JSX.IntrinsicElements' exists.
../247gbsaffiliates/app/dashboard/account-manager/campaigns/page.tsx(37,21): error TS7026: JSX element implicitly has type 'any' because no interface 'JSX.IntrinsicElements' exists.
../247gbsaffiliates/app/dashboard/account-manager/campaigns/page.tsx(38,25): error TS7026: JSX element implicitly has type 'any' because no interface 'JSX.IntrinsicElements' exists.
../247gbsaffiliates/app/dashboard/account-manager/campaigns/page.tsx(39,29): error TS7026: JSX element implicitly has type 'any' because no interface 'JSX.IntrinsicElements' exists.
../247gbsaffiliates/app/dashboard/account-manager/campaigns/page.tsx(39,122): error TS7026: JSX element implicitly has type 'any' because no interface 'JSX.IntrinsicElements' exists.
../247gbsaffiliates/app/dashboard/account-manager/campaigns/page.tsx(40,29): error TS7026: JSX element implicitly has type 'any' because no interface 'JSX.IntrinsicElements' exists.
../247gbsaffiliates/app/dashboard/account-manager/campaigns/page.tsx(40,124): error TS7026: JSX element implicitly has type 'any' because no interface 'JSX.IntrinsicElements' exists.
../247gbsaffiliates/app/dashboard/account-manager/campaigns/page.tsx(41,29): error TS7026: JSX element implicitly has type 'any' because no interface 'JSX.IntrinsicElements' exists.
../247gbsaffiliates/app/dashboard/account-manager/campaigns/page.tsx(41,124): error TS7026: JSX element implicitly has type 'any' because no interface 'JSX.IntrinsicElements' exists.
../247gbsaffiliates/app/dashboard/account-manager/campaigns/page.tsx(42,29): error TS7026: JSX element implicitly has type 'any' because no interface 'JSX.IntrinsicElements' exists.
../247gbsaffiliates/app/dashboard/account-manager/campaigns/page.tsx(42,129): error TS7026: JSX element implicitly has type 'any' because no interface 'JSX.IntrinsicElements' exists.
../247gbsaffiliates/app/dashboard/account-manager/campaigns/page.tsx(43,29): error TS7026: JSX element implicitly has type 'any' because no interface 'JSX.IntrinsicElements' exists.
../247gbsaffiliates/app/dashboard/account-manager/campaigns/page.tsx(43,125): error TS7026: JSX element implicitly has type 'any' because no interface 'JSX.IntrinsicElements' exists.
../247gbsaffiliates/app/dashboard/account-manager/campaigns/page.tsx(44,25): error TS7026: JSX element implicitly has type 'any' because no interface 'JSX.IntrinsicElements' exists.
../247gbsaffiliates/app/dashboard/account-manager/campaigns/page.tsx(45,21): error TS7026: JSX element implicitly has type 'any' because no interface 'JSX.IntrinsicElements' exists.
../247gbsaffiliates/app/dashboard/account-manager/campaigns/page.tsx(46,21): error TS7026: JSX element implicitly has type 'any' because no interface 'JSX.IntrinsicElements' exists.
../247gbsaffiliates/app/dashboard/account-manager/campaigns/page.tsx(48,29): error TS7026: JSX element implicitly has type 'any' because no interface 'JSX.IntrinsicElements' exists.
../247gbsaffiliates/app/dashboard/account-manager/campaigns/page.tsx(49,33): error TS7026: JSX element implicitly has type 'any' because no interface 'JSX.IntrinsicElements' exists.
../247gbsaffiliates/app/dashboard/account-manager/campaigns/page.tsx(50,37): error TS7026: JSX element implicitly has type 'any' because no interface 'JSX.IntrinsicElements' exists.
../247gbsaffiliates/app/dashboard/account-manager/campaigns/page.tsx(50,109): error TS7026: JSX element implicitly has type 'any' because no interface 'JSX.IntrinsicElements' exists.
../247gbsaffiliates/app/dashboard/account-manager/campaigns/page.tsx(51,37): error TS7026: JSX element implicitly has type 'any' because no interface 'JSX.IntrinsicElements' exists.
../247gbsaffiliates/app/dashboard/account-manager/campaigns/page.tsx(51,98): error TS7026: JSX element implicitly has type 'any' because no interface 'JSX.IntrinsicElements' exists.
../247gbsaffiliates/app/dashboard/account-manager/campaigns/page.tsx(52,33): error TS7026: JSX element implicitly has type 'any' because no interface 'JSX.IntrinsicElements' exists.
../247gbsaffiliates/app/dashboard/account-manager/campaigns/page.tsx(53,33): error TS7026: JSX element implicitly has type 'any' because no interface 'JSX.IntrinsicElements' exists.
../247gbsaffiliates/app/dashboard/account-manager/campaigns/page.tsx(54,37): error TS7026: JSX element implicitly has type 'any' because no interface 'JSX.IntrinsicElements' exists.
../247gbsaffiliates/app/dashboard/account-manager/campaigns/page.tsx(54,147): error TS7026: JSX element implicitly has type 'any' because no interface 'JSX.IntrinsicElements' exists.
../247gbsaffiliates/app/dashboard/account-manager/campaigns/page.tsx(55,33): error TS7026: JSX element implicitly has type 'any' because no interface 'JSX.IntrinsicElements' exists.
../247gbsaffiliates/app/dashboard/account-manager/campaigns/page.tsx(56,33): error TS7026: JSX element implicitly has type 'any' because no interface 'JSX.IntrinsicElements' exists.
../247gbsaffiliates/app/dashboard/account-manager/campaigns/page.tsx(56,108): error TS7026: JSX element implicitly has type 'any' because no interface 'JSX.IntrinsicElements' exists.
../247gbsaffiliates/app/dashboard/account-manager/campaigns/page.tsx(57,33): error TS7026: JSX element implicitly has type 'any' because no interface 'JSX.IntrinsicElements' exists.
../247gbsaffiliates/app/dashboard/account-manager/campaigns/page.tsx(58,37): error TS7026: JSX element implicitly has type 'any' because no interface 'JSX.IntrinsicElements' exists.
../247gbsaffiliates/app/dashboard/account-manager/campaigns/page.tsx(59,41): error TS7026: JSX element implicitly has type 'any' because no interface 'JSX.IntrinsicElements' exists.
../247gbsaffiliates/app/dashboard/account-manager/campaigns/page.tsx(59,115): error TS7026: JSX element implicitly has type 'any' because no interface 'JSX.IntrinsicElements' exists.
../247gbsaffiliates/app/dashboard/account-manager/campaigns/page.tsx(60,37): error TS7026: JSX element implicitly has type 'any' because no interface 'JSX.IntrinsicElements' exists.
../247gbsaffiliates/app/dashboard/account-manager/campaigns/page.tsx(61,37): error TS7026: JSX element implicitly has type 'any' because no interface 'JSX.IntrinsicElements' exists.
../247gbsaffiliates/app/dashboard/account-manager/campaigns/page.tsx(61,128): error TS7026: JSX element implicitly has type 'any' because no interface 'JSX.IntrinsicElements' exists.
../247gbsaffiliates/app/dashboard/account-manager/campaigns/page.tsx(62,33): error TS7026: JSX element implicitly has type 'any' because no interface 'JSX.IntrinsicElements' exists.
../247gbsaffiliates/app/dashboard/account-manager/campaigns/page.tsx(63,33): error TS7026: JSX element implicitly has type 'any' because no interface 'JSX.IntrinsicElements' exists.
../247gbsaffiliates/app/dashboard/account-manager/campaigns/page.tsx(64,37): error TS7026: JSX element implicitly has type 'any' because no interface 'JSX.IntrinsicElements' exists.
../247gbsaffiliates/app/dashboard/account-manager/campaigns/page.tsx(64,110): error TS7026: JSX element implicitly has type 'any' because no interface 'JSX.IntrinsicElements' exists.
../247gbsaffiliates/app/dashboard/account-manager/campaigns/page.tsx(65,33): error TS7026: JSX element implicitly has type 'any' because no interface 'JSX.IntrinsicElements' exists.
../247gbsaffiliates/app/dashboard/account-manager/campaigns/page.tsx(66,29): error TS7026: JSX element implicitly has type 'any' because no interface 'JSX.IntrinsicElements' exists.
../247gbsaffiliates/app/dashboard/account-manager/campaigns/page.tsx(68,21): error TS7026: JSX element implicitly has type 'any' because no interface 'JSX.IntrinsicElements' exists.
../247gbsaffiliates/app/dashboard/account-manager/campaigns/page.tsx(69,17): error TS7026: JSX element implicitly has type 'any' because no interface 'JSX.IntrinsicElements' exists.
../247gbsaffiliates/app/dashboard/account-manager/campaigns/page.tsx(70,13): error TS7026: JSX element implicitly has type 'any' because no interface 'JSX.IntrinsicElements' exists.
../247gbsaffiliates/app/dashboard/account-manager/campaigns/page.tsx(71,9): error TS7026: JSX element implicitly has type 'any' because no interface 'JSX.IntrinsicElements' exists.
../247gbsaffiliates/app/dashboard/account-manager/layout.tsx(3,18): error TS2307: Cannot find module 'next/link' or its corresponding type declarations.
../247gbsaffiliates/app/dashboard/account-manager/layout.tsx(4,29): error TS2307: Cannot find module 'next/navigation' or its corresponding type declarations.
../247gbsaffiliates/app/dashboard/account-manager/layout.tsx(13,15): error TS2503: Cannot find namespace 'React'.
../247gbsaffiliates/app/dashboard/account-manager/layout.tsx(30,9): error TS7026: JSX element implicitly has type 'any' because no interface 'JSX.IntrinsicElements' exists.
../247gbsaffiliates/app/dashboard/account-manager/layout.tsx(30,9): error TS2875: This JSX tag requires the module path 'react/jsx-runtime' to exist, but none could be found. Make sure you have types for the appropriate package installed.
../247gbsaffiliates/app/dashboard/account-manager/layout.tsx(32,13): error TS7026: JSX element implicitly has type 'any' because no interface 'JSX.IntrinsicElements' exists.
../247gbsaffiliates/app/dashboard/account-manager/layout.tsx(33,17): error TS7026: JSX element implicitly has type 'any' because no interface 'JSX.IntrinsicElements' exists.
../247gbsaffiliates/app/dashboard/account-manager/layout.tsx(34,21): error TS7026: JSX element implicitly has type 'any' because no interface 'JSX.IntrinsicElements' exists.
../247gbsaffiliates/app/dashboard/account-manager/layout.tsx(36,21): error TS7026: JSX element implicitly has type 'any' because no interface 'JSX.IntrinsicElements' exists.
../247gbsaffiliates/app/dashboard/account-manager/layout.tsx(37,17): error TS7026: JSX element implicitly has type 'any' because no interface 'JSX.IntrinsicElements' exists.
../247gbsaffiliates/app/dashboard/account-manager/layout.tsx(38,17): error TS7026: JSX element implicitly has type 'any' because no interface 'JSX.IntrinsicElements' exists.
../247gbsaffiliates/app/dashboard/account-manager/layout.tsx(50,33): error TS7026: JSX element implicitly has type 'any' because no interface 'JSX.IntrinsicElements' exists.
../247gbsaffiliates/app/dashboard/account-manager/layout.tsx(50,88): error TS7026: JSX element implicitly has type 'any' because no interface 'JSX.IntrinsicElements' exists.
../247gbsaffiliates/app/dashboard/account-manager/layout.tsx(55,17): error TS7026: JSX element implicitly has type 'any' because no interface 'JSX.IntrinsicElements' exists.
../247gbsaffiliates/app/dashboard/account-manager/layout.tsx(56,17): error TS7026: JSX element implicitly has type 'any' because no interface 'JSX.IntrinsicElements' exists.
../247gbsaffiliates/app/dashboard/account-manager/layout.tsx(58,17): error TS7026: JSX element implicitly has type 'any' because no interface 'JSX.IntrinsicElements' exists.
../247gbsaffiliates/app/dashboard/account-manager/layout.tsx(59,13): error TS7026: JSX element implicitly has type 'any' because no interface 'JSX.IntrinsicElements' exists.
../247gbsaffiliates/app/dashboard/account-manager/layout.tsx(62,13): error TS7026: JSX element implicitly has type 'any' because no interface 'JSX.IntrinsicElements' exists.
../247gbsaffiliates/app/dashboard/account-manager/layout.tsx(64,17): error TS7026: JSX element implicitly has type 'any' because no interface 'JSX.IntrinsicElements' exists.
../247gbsaffiliates/app/dashboard/account-manager/layout.tsx(66,17): error TS7026: JSX element implicitly has type 'any' because no interface 'JSX.IntrinsicElements' exists.
../247gbsaffiliates/app/dashboard/account-manager/layout.tsx(67,13): error TS7026: JSX element implicitly has type 'any' because no interface 'JSX.IntrinsicElements' exists.
../247gbsaffiliates/app/dashboard/account-manager/layout.tsx(68,9): error TS7026: JSX element implicitly has type 'any' because no interface 'JSX.IntrinsicElements' exists.
../247gbsaffiliates/app/dashboard/account-manager/page.tsx(3,9): error TS2875: This JSX tag requires the module path 'react/jsx-runtime' to exist, but none could be found. Make sure you have types for the appropriate package installed.
../247gbsaffiliates/app/dashboard/account-manager/page.tsx(4,13): error TS7026: JSX element implicitly has type 'any' because no interface 'JSX.IntrinsicElements' exists.
../247gbsaffiliates/app/dashboard/account-manager/page.tsx(5,17): error TS7026: JSX element implicitly has type 'any' because no interface 'JSX.IntrinsicElements' exists.
../247gbsaffiliates/app/dashboard/account-manager/page.tsx(6,21): error TS7026: JSX element implicitly has type 'any' because no interface 'JSX.IntrinsicElements' exists.
../247gbsaffiliates/app/dashboard/account-manager/page.tsx(7,25): error TS7026: JSX element implicitly has type 'any' because no interface 'JSX.IntrinsicElements' exists.
../247gbsaffiliates/app/dashboard/account-manager/page.tsx(9,25): error TS7026: JSX element implicitly has type 'any' because no interface 'JSX.IntrinsicElements' exists.
../247gbsaffiliates/app/dashboard/account-manager/page.tsx(10,25): error TS7026: JSX element implicitly has type 'any' because no interface 'JSX.IntrinsicElements' exists.
../247gbsaffiliates/app/dashboard/account-manager/page.tsx(12,25): error TS7026: JSX element implicitly has type 'any' because no interface 'JSX.IntrinsicElements' exists.
../247gbsaffiliates/app/dashboard/account-manager/page.tsx(13,21): error TS7026: JSX element implicitly has type 'any' because no interface 'JSX.IntrinsicElements' exists.
../247gbsaffiliates/app/dashboard/account-manager/page.tsx(14,21): error TS7026: JSX element implicitly has type 'any' because no interface 'JSX.IntrinsicElements' exists.
../247gbsaffiliates/app/dashboard/account-manager/page.tsx(15,25): error TS7026: JSX element implicitly has type 'any' because no interface 'JSX.IntrinsicElements' exists.
../247gbsaffiliates/app/dashboard/account-manager/page.tsx(16,29): error TS7026: JSX element implicitly has type 'any' because no interface 'JSX.IntrinsicElements' exists.
../247gbsaffiliates/app/dashboard/account-manager/page.tsx(16,86): error TS7026: JSX element implicitly has type 'any' because no interface 'JSX.IntrinsicElements' exists.
../247gbsaffiliates/app/dashboard/account-manager/page.tsx(17,29): error TS7026: JSX element implicitly has type 'any' because no interface 'JSX.IntrinsicElements' exists.
../247gbsaffiliates/app/dashboard/account-manager/page.tsx(17,123): error TS7026: JSX element implicitly has type 'any' because no interface 'JSX.IntrinsicElements' exists.
../247gbsaffiliates/app/dashboard/account-manager/page.tsx(18,25): error TS7026: JSX element implicitly has type 'any' because no interface 'JSX.IntrinsicElements' exists.
../247gbsaffiliates/app/dashboard/account-manager/page.tsx(19,25): error TS7026: JSX element implicitly has type 'any' because no interface 'JSX.IntrinsicElements' exists.
../247gbsaffiliates/app/dashboard/account-manager/page.tsx(21,25): error TS7026: JSX element implicitly has type 'any' because no interface 'JSX.IntrinsicElements' exists.
../247gbsaffiliates/app/dashboard/account-manager/page.tsx(22,21): error TS7026: JSX element implicitly has type 'any' because no interface 'JSX.IntrinsicElements' exists.
../247gbsaffiliates/app/dashboard/account-manager/page.tsx(23,17): error TS7026: JSX element implicitly has type 'any' because no interface 'JSX.IntrinsicElements' exists.
../247gbsaffiliates/app/dashboard/account-manager/page.tsx(24,17): error TS7026: JSX element implicitly has type 'any' because no interface 'JSX.IntrinsicElements' exists.
../247gbsaffiliates/app/dashboard/account-manager/page.tsx(26,21): error TS7026: JSX element implicitly has type 'any' because no interface 'JSX.IntrinsicElements' exists.
../247gbsaffiliates/app/dashboard/account-manager/page.tsx(27,25): error TS7026: JSX element implicitly has type 'any' because no interface 'JSX.IntrinsicElements' exists.
../247gbsaffiliates/app/dashboard/account-manager/page.tsx(28,29): error TS7026: JSX element implicitly has type 'any' because no interface 'JSX.IntrinsicElements' exists.
../247gbsaffiliates/app/dashboard/account-manager/page.tsx(30,29): error TS7026: JSX element implicitly has type 'any' because no interface 'JSX.IntrinsicElements' exists.
../247gbsaffiliates/app/dashboard/account-manager/page.tsx(31,29): error TS7026: JSX element implicitly has type 'any' because no interface 'JSX.IntrinsicElements' exists.
../247gbsaffiliates/app/dashboard/account-manager/page.tsx(33,29): error TS7026: JSX element implicitly has type 'any' because no interface 'JSX.IntrinsicElements' exists.
../247gbsaffiliates/app/dashboard/account-manager/page.tsx(34,25): error TS7026: JSX element implicitly has type 'any' because no interface 'JSX.IntrinsicElements' exists.
../247gbsaffiliates/app/dashboard/account-manager/page.tsx(35,25): error TS7026: JSX element implicitly has type 'any' because no interface 'JSX.IntrinsicElements' exists.
../247gbsaffiliates/app/dashboard/account-manager/page.tsx(36,29): error TS7026: JSX element implicitly has type 'any' because no interface 'JSX.IntrinsicElements' exists.
../247gbsaffiliates/app/dashboard/account-manager/page.tsx(38,29): error TS7026: JSX element implicitly has type 'any' because no interface 'JSX.IntrinsicElements' exists.
../247gbsaffiliates/app/dashboard/account-manager/page.tsx(39,29): error TS7026: JSX element implicitly has type 'any' because no interface 'JSX.IntrinsicElements' exists.
../247gbsaffiliates/app/dashboard/account-manager/page.tsx(41,29): error TS7026: JSX element implicitly has type 'any' because no interface 'JSX.IntrinsicElements' exists.
../247gbsaffiliates/app/dashboard/account-manager/page.tsx(42,25): error TS7026: JSX element implicitly has type 'any' because no interface 'JSX.IntrinsicElements' exists.
../247gbsaffiliates/app/dashboard/account-manager/page.tsx(43,21): error TS7026: JSX element implicitly has type 'any' because no interface 'JSX.IntrinsicElements' exists.
../247gbsaffiliates/app/dashboard/account-manager/page.tsx(45,21): error TS7026: JSX element implicitly has type 'any' because no interface 'JSX.IntrinsicElements' exists.
../247gbsaffiliates/app/dashboard/account-manager/page.tsx(46,25): error TS7026: JSX element implicitly has type 'any' because no interface 'JSX.IntrinsicElements' exists.
../247gbsaffiliates/app/dashboard/account-manager/page.tsx(47,29): error TS7026: JSX element implicitly has type 'any' because no interface 'JSX.IntrinsicElements' exists.
../247gbsaffiliates/app/dashboard/account-manager/page.tsx(49,29): error TS7026: JSX element implicitly has type 'any' because no interface 'JSX.IntrinsicElements' exists.
../247gbsaffiliates/app/dashboard/account-manager/page.tsx(50,29): error TS7026: JSX element implicitly has type 'any' because no interface 'JSX.IntrinsicElements' exists.
../247gbsaffiliates/app/dashboard/account-manager/page.tsx(52,29): error TS7026: JSX element implicitly has type 'any' because no interface 'JSX.IntrinsicElements' exists.
../247gbsaffiliates/app/dashboard/account-manager/page.tsx(53,25): error TS7026: JSX element implicitly has type 'any' because no interface 'JSX.IntrinsicElements' exists.
../247gbsaffiliates/app/dashboard/account-manager/page.tsx(54,25): error TS7026: JSX element implicitly has type 'any' because no interface 'JSX.IntrinsicElements' exists.
../247gbsaffiliates/app/dashboard/account-manager/page.tsx(55,29): error TS7026: JSX element implicitly has type 'any' because no interface 'JSX.IntrinsicElements' exists.
../247gbsaffiliates/app/dashboard/account-manager/page.tsx(57,29): error TS7026: JSX element implicitly has type 'any' because no interface 'JSX.IntrinsicElements' exists.
../247gbsaffiliates/app/dashboard/account-manager/page.tsx(58,29): error TS7026: JSX element implicitly has type 'any' because no interface 'JSX.IntrinsicElements' exists.
../247gbsaffiliates/app/dashboard/account-manager/page.tsx(60,29): error TS7026: JSX element implicitly has type 'any' because no interface 'JSX.IntrinsicElements' exists.
../247gbsaffiliates/app/dashboard/account-manager/page.tsx(61,25): error TS7026: JSX element implicitly has type 'any' because no interface 'JSX.IntrinsicElements' exists.
../247gbsaffiliates/app/dashboard/account-manager/page.tsx(62,21): error TS7026: JSX element implicitly has type 'any' because no interface 'JSX.IntrinsicElements' exists.
../247gbsaffiliates/app/dashboard/account-manager/page.tsx(64,21): error TS7026: JSX element implicitly has type 'any' because no interface 'JSX.IntrinsicElements' exists.
../247gbsaffiliates/app/dashboard/account-manager/page.tsx(65,25): error TS7026: JSX element implicitly has type 'any' because no interface 'JSX.IntrinsicElements' exists.
../247gbsaffiliates/app/dashboard/account-manager/page.tsx(66,29): error TS7026: JSX element implicitly has type 'any' because no interface 'JSX.IntrinsicElements' exists.
../247gbsaffiliates/app/dashboard/account-manager/page.tsx(68,29): error TS7026: JSX element implicitly has type 'any' because no interface 'JSX.IntrinsicElements' exists.
../247gbsaffiliates/app/dashboard/account-manager/page.tsx(69,29): error TS7026: JSX element implicitly has type 'any' because no interface 'JSX.IntrinsicElements' exists.
../247gbsaffiliates/app/dashboard/account-manager/page.tsx(71,29): error TS7026: JSX element implicitly has type 'any' because no interface 'JSX.IntrinsicElements' exists.
../247gbsaffiliates/app/dashboard/account-manager/page.tsx(72,25): error TS7026: JSX element implicitly has type 'any' because no interface 'JSX.IntrinsicElements' exists.
../247gbsaffiliates/app/dashboard/account-manager/page.tsx(73,25): error TS7026: JSX element implicitly has type 'any' because no interface 'JSX.IntrinsicElements' exists.
../247gbsaffiliates/app/dashboard/account-manager/page.tsx(74,29): error TS7026: JSX element implicitly has type 'any' because no interface 'JSX.IntrinsicElements' exists.
../247gbsaffiliates/app/dashboard/account-manager/page.tsx(76,29): error TS7026: JSX element implicitly has type 'any' because no interface 'JSX.IntrinsicElements' exists.
../247gbsaffiliates/app/dashboard/account-manager/page.tsx(77,29): error TS7026: JSX element implicitly has type 'any' because no interface 'JSX.IntrinsicElements' exists.
../247gbsaffiliates/app/dashboard/account-manager/page.tsx(79,29): error TS7026: JSX element implicitly has type 'any' because no interface 'JSX.IntrinsicElements' exists.
../247gbsaffiliates/app/dashboard/account-manager/page.tsx(80,25): error TS7026: JSX element implicitly has type 'any' because no interface 'JSX.IntrinsicElements' exists.
../247gbsaffiliates/app/dashboard/account-manager/page.tsx(81,21): error TS7026: JSX element implicitly has type 'any' because no interface 'JSX.IntrinsicElements' exists.
../247gbsaffiliates/app/dashboard/account-manager/page.tsx(83,21): error TS7026: JSX element implicitly has type 'any' because no interface 'JSX.IntrinsicElements' exists.
../247gbsaffiliates/app/dashboard/account-manager/page.tsx(84,25): error TS7026: JSX element implicitly has type 'any' because no interface 'JSX.IntrinsicElements' exists.
../247gbsaffiliates/app/dashboard/account-manager/page.tsx(85,29): error TS7026: JSX element implicitly has type 'any' because no interface 'JSX.IntrinsicElements' exists.
../247gbsaffiliates/app/dashboard/account-manager/page.tsx(87,29): error TS7026: JSX element implicitly has type 'any' because no interface 'JSX.IntrinsicElements' exists.
../247gbsaffiliates/app/dashboard/account-manager/page.tsx(88,29): error TS7026: JSX element implicitly has type 'any' because no interface 'JSX.IntrinsicElements' exists.
../247gbsaffiliates/app/dashboard/account-manager/page.tsx(90,29): error TS7026: JSX element implicitly has type 'any' because no interface 'JSX.IntrinsicElements' exists.
../247gbsaffiliates/app/dashboard/account-manager/page.tsx(91,25): error TS7026: JSX element implicitly has type 'any' because no interface 'JSX.IntrinsicElements' exists.
../247gbsaffiliates/app/dashboard/account-manager/page.tsx(92,25): error TS7026: JSX element implicitly has type 'any' because no interface 'JSX.IntrinsicElements' exists.
../247gbsaffiliates/app/dashboard/account-manager/page.tsx(93,29): error TS7026: JSX element implicitly has type 'any' because no interface 'JSX.IntrinsicElements' exists.
../247gbsaffiliates/app/dashboard/account-manager/page.tsx(95,29): error TS7026: JSX element implicitly has type 'any' because no interface 'JSX.IntrinsicElements' exists.
../247gbsaffiliates/app/dashboard/account-manager/page.tsx(96,29): error TS7026: JSX element implicitly has type 'any' because no interface 'JSX.IntrinsicElements' exists.
../247gbsaffiliates/app/dashboard/account-manager/page.tsx(98,29): error TS7026: JSX element implicitly has type 'any' because no interface 'JSX.IntrinsicElements' exists.
../247gbsaffiliates/app/dashboard/account-manager/page.tsx(99,25): error TS7026: JSX element implicitly has type 'any' because no interface 'JSX.IntrinsicElements' exists.
../247gbsaffiliates/app/dashboard/account-manager/page.tsx(100,21): error TS7026: JSX element implicitly has type 'any' because no interface 'JSX.IntrinsicElements' exists.
../247gbsaffiliates/app/dashboard/account-manager/page.tsx(101,17): error TS7026: JSX element implicitly has type 'any' because no interface 'JSX.IntrinsicElements' exists.
../247gbsaffiliates/app/dashboard/account-manager/page.tsx(102,13): error TS7026: JSX element implicitly has type 'any' because no interface 'JSX.IntrinsicElements' exists.
../247gbsaffiliates/app/dashboard/account-manager/page.tsx(104,13): error TS7026: JSX element implicitly has type 'any' because no interface 'JSX.IntrinsicElements' exists.
../247gbsaffiliates/app/dashboard/account-manager/page.tsx(106,17): error TS7026: JSX element implicitly has type 'any' because no interface 'JSX.IntrinsicElements' exists.
../247gbsaffiliates/app/dashboard/account-manager/page.tsx(107,21): error TS7026: JSX element implicitly has type 'any' because no interface 'JSX.IntrinsicElements' exists.
../247gbsaffiliates/app/dashboard/account-manager/page.tsx(108,25): error TS7026: JSX element implicitly has type 'any' because no interface 'JSX.IntrinsicElements' exists.
../247gbsaffiliates/app/dashboard/account-manager/page.tsx(108,83): error TS7026: JSX element implicitly has type 'any' because no interface 'JSX.IntrinsicElements' exists.
../247gbsaffiliates/app/dashboard/account-manager/page.tsx(109,25): error TS7026: JSX element implicitly has type 'any' because no interface 'JSX.IntrinsicElements' exists.
../247gbsaffiliates/app/dashboard/account-manager/page.tsx(111,25): error TS7026: JSX element implicitly has type 'any' because no interface 'JSX.IntrinsicElements' exists.
../247gbsaffiliates/app/dashboard/account-manager/page.tsx(112,21): error TS7026: JSX element implicitly has type 'any' because no interface 'JSX.IntrinsicElements' exists.
../247gbsaffiliates/app/dashboard/account-manager/page.tsx(113,21): error TS7026: JSX element implicitly has type 'any' because no interface 'JSX.IntrinsicElements' exists.
../247gbsaffiliates/app/dashboard/account-manager/page.tsx(114,25): error TS7026: JSX element implicitly has type 'any' because no interface 'JSX.IntrinsicElements' exists.
../247gbsaffiliates/app/dashboard/account-manager/page.tsx(115,29): error TS7026: JSX element implicitly has type 'any' because no interface 'JSX.IntrinsicElements' exists.
../247gbsaffiliates/app/dashboard/account-manager/page.tsx(116,33): error TS7026: JSX element implicitly has type 'any' because no interface 'JSX.IntrinsicElements' exists.
../247gbsaffiliates/app/dashboard/account-manager/page.tsx(117,37): error TS7026: JSX element implicitly has type 'any' because no interface 'JSX.IntrinsicElements' exists.
../247gbsaffiliates/app/dashboard/account-manager/page.tsx(119,37): error TS7026: JSX element implicitly has type 'any' because no interface 'JSX.IntrinsicElements' exists.
../247gbsaffiliates/app/dashboard/account-manager/page.tsx(120,37): error TS7026: JSX element implicitly has type 'any' because no interface 'JSX.IntrinsicElements' exists.
../247gbsaffiliates/app/dashboard/account-manager/page.tsx(122,37): error TS7026: JSX element implicitly has type 'any' because no interface 'JSX.IntrinsicElements' exists.
../247gbsaffiliates/app/dashboard/account-manager/page.tsx(123,37): error TS7026: JSX element implicitly has type 'any' because no interface 'JSX.IntrinsicElements' exists.
../247gbsaffiliates/app/dashboard/account-manager/page.tsx(125,37): error TS7026: JSX element implicitly has type 'any' because no interface 'JSX.IntrinsicElements' exists.
../247gbsaffiliates/app/dashboard/account-manager/page.tsx(126,37): error TS7026: JSX element implicitly has type 'any' because no interface 'JSX.IntrinsicElements' exists.
../247gbsaffiliates/app/dashboard/account-manager/page.tsx(128,37): error TS7026: JSX element implicitly has type 'any' because no interface 'JSX.IntrinsicElements' exists.
../247gbsaffiliates/app/dashboard/account-manager/page.tsx(129,33): error TS7026: JSX element implicitly has type 'any' because no interface 'JSX.IntrinsicElements' exists.
../247gbsaffiliates/app/dashboard/account-manager/page.tsx(130,29): error TS7026: JSX element implicitly has type 'any' because no interface 'JSX.IntrinsicElements' exists.
../247gbsaffiliates/app/dashboard/account-manager/page.tsx(131,29): error TS7026: JSX element implicitly has type 'any' because no interface 'JSX.IntrinsicElements' exists.
../247gbsaffiliates/app/dashboard/account-manager/page.tsx(132,33): error TS7026: JSX element implicitly has type 'any' because no interface 'JSX.IntrinsicElements' exists.
../247gbsaffiliates/app/dashboard/account-manager/page.tsx(133,37): error TS7026: JSX element implicitly has type 'any' because no interface 'JSX.IntrinsicElements' exists.
../247gbsaffiliates/app/dashboard/account-manager/page.tsx(134,41): error TS7026: JSX element implicitly has type 'any' because no interface 'JSX.IntrinsicElements' exists.
../247gbsaffiliates/app/dashboard/account-manager/page.tsx(135,45): error TS7026: JSX element implicitly has type 'any' because no interface 'JSX.IntrinsicElements' exists.
../247gbsaffiliates/app/dashboard/account-manager/page.tsx(137,45): error TS7026: JSX element implicitly has type 'any' because no interface 'JSX.IntrinsicElements' exists.
../247gbsaffiliates/app/dashboard/account-manager/page.tsx(138,45): error TS7026: JSX element implicitly has type 'any' because no interface 'JSX.IntrinsicElements' exists.
../247gbsaffiliates/app/dashboard/account-manager/page.tsx(140,45): error TS7026: JSX element implicitly has type 'any' because no interface 'JSX.IntrinsicElements' exists.
../247gbsaffiliates/app/dashboard/account-manager/page.tsx(141,41): error TS7026: JSX element implicitly has type 'any' because no interface 'JSX.IntrinsicElements' exists.
../247gbsaffiliates/app/dashboard/account-manager/page.tsx(142,37): error TS7026: JSX element implicitly has type 'any' because no interface 'JSX.IntrinsicElements' exists.
../247gbsaffiliates/app/dashboard/account-manager/page.tsx(143,37): error TS7026: JSX element implicitly has type 'any' because no interface 'JSX.IntrinsicElements' exists.
../247gbsaffiliates/app/dashboard/account-manager/page.tsx(144,41): error TS7026: JSX element implicitly has type 'any' because no interface 'JSX.IntrinsicElements' exists.
../247gbsaffiliates/app/dashboard/account-manager/page.tsx(146,41): error TS7026: JSX element implicitly has type 'any' because no interface 'JSX.IntrinsicElements' exists.
../247gbsaffiliates/app/dashboard/account-manager/page.tsx(147,37): error TS7026: JSX element implicitly has type 'any' because no interface 'JSX.IntrinsicElements' exists.
../247gbsaffiliates/app/dashboard/account-manager/page.tsx(148,37): error TS7026: JSX element implicitly has type 'any' because no interface 'JSX.IntrinsicElements' exists.
../247gbsaffiliates/app/dashboard/account-manager/page.tsx(149,41): error TS7026: JSX element implicitly has type 'any' because no interface 'JSX.IntrinsicElements' exists.
../247gbsaffiliates/app/dashboard/account-manager/page.tsx(150,45): error TS7026: JSX element implicitly has type 'any' because no interface 'JSX.IntrinsicElements' exists.
../247gbsaffiliates/app/dashboard/account-manager/page.tsx(152,45): error TS7026: JSX element implicitly has type 'any' because no interface 'JSX.IntrinsicElements' exists.
../247gbsaffiliates/app/dashboard/account-manager/page.tsx(153,45): error TS7026: JSX element implicitly has type 'any' because no interface 'JSX.IntrinsicElements' exists.
../247gbsaffiliates/app/dashboard/account-manager/page.tsx(155,45): error TS7026: JSX element implicitly has type 'any' because no interface 'JSX.IntrinsicElements' exists.
../247gbsaffiliates/app/dashboard/account-manager/page.tsx(156,45): error TS7026: JSX element implicitly has type 'any' because no interface 'JSX.IntrinsicElements' exists.
../247gbsaffiliates/app/dashboard/account-manager/page.tsx(158,45): error TS7026: JSX element implicitly has type 'any' because no interface 'JSX.IntrinsicElements' exists.
../247gbsaffiliates/app/dashboard/account-manager/page.tsx(159,41): error TS7026: JSX element implicitly has type 'any' because no interface 'JSX.IntrinsicElements' exists.
../247gbsaffiliates/app/dashboard/account-manager/page.tsx(160,37): error TS7026: JSX element implicitly has type 'any' because no interface 'JSX.IntrinsicElements' exists.
../247gbsaffiliates/app/dashboard/account-manager/page.tsx(161,37): error TS7026: JSX element implicitly has type 'any' because no interface 'JSX.IntrinsicElements' exists.
../247gbsaffiliates/app/dashboard/account-manager/page.tsx(162,41): error TS7026: JSX element implicitly has type 'any' because no interface 'JSX.IntrinsicElements' exists.
../247gbsaffiliates/app/dashboard/account-manager/page.tsx(164,41): error TS7026: JSX element implicitly has type 'any' because no interface 'JSX.IntrinsicElements' exists.
../247gbsaffiliates/app/dashboard/account-manager/page.tsx(165,37): error TS7026: JSX element implicitly has type 'any' because no interface 'JSX.IntrinsicElements' exists.
../247gbsaffiliates/app/dashboard/account-manager/page.tsx(166,33): error TS7026: JSX element implicitly has type 'any' because no interface 'JSX.IntrinsicElements' exists.
../247gbsaffiliates/app/dashboard/account-manager/page.tsx(167,33): error TS7026: JSX element implicitly has type 'any' because no interface 'JSX.IntrinsicElements' exists.
../247gbsaffiliates/app/dashboard/account-manager/page.tsx(168,37): error TS7026: JSX element implicitly has type 'any' because no interface 'JSX.IntrinsicElements' exists.
../247gbsaffiliates/app/dashboard/account-manager/page.tsx(169,41): error TS7026: JSX element implicitly has type 'any' because no interface 'JSX.IntrinsicElements' exists.
../247gbsaffiliates/app/dashboard/account-manager/page.tsx(170,45): error TS7026: JSX element implicitly has type 'any' because no interface 'JSX.IntrinsicElements' exists.
../247gbsaffiliates/app/dashboard/account-manager/page.tsx(172,45): error TS7026: JSX element implicitly has type 'any' because no interface 'JSX.IntrinsicElements' exists.
../247gbsaffiliates/app/dashboard/account-manager/page.tsx(173,45): error TS7026: JSX element implicitly has type 'any' because no interface 'JSX.IntrinsicElements' exists.
../247gbsaffiliates/app/dashboard/account-manager/page.tsx(175,45): error TS7026: JSX element implicitly has type 'any' because no interface 'JSX.IntrinsicElements' exists.
../247gbsaffiliates/app/dashboard/account-manager/page.tsx(176,41): error TS7026: JSX element implicitly has type 'any' because no interface 'JSX.IntrinsicElements' exists.
../247gbsaffiliates/app/dashboard/account-manager/page.tsx(177,37): error TS7026: JSX element implicitly has type 'any' because no interface 'JSX.IntrinsicElements' exists.
../247gbsaffiliates/app/dashboard/account-manager/page.tsx(178,37): error TS7026: JSX element implicitly has type 'any' because no interface 'JSX.IntrinsicElements' exists.
../247gbsaffiliates/app/dashboard/account-manager/page.tsx(179,41): error TS7026: JSX element implicitly has type 'any' because no interface 'JSX.IntrinsicElements' exists.
../247gbsaffiliates/app/dashboard/account-manager/page.tsx(181,41): error TS7026: JSX element implicitly has type 'any' because no interface 'JSX.IntrinsicElements' exists.
../247gbsaffiliates/app/dashboard/account-manager/page.tsx(182,37): error TS7026: JSX element implicitly has type 'any' because no interface 'JSX.IntrinsicElements' exists.
../247gbsaffiliates/app/dashboard/account-manager/page.tsx(183,37): error TS7026: JSX element implicitly has type 'any' because no interface 'JSX.IntrinsicElements' exists.
../247gbsaffiliates/app/dashboard/account-manager/page.tsx(184,41): error TS7026: JSX element implicitly has type 'any' because no interface 'JSX.IntrinsicElements' exists.
../247gbsaffiliates/app/dashboard/account-manager/page.tsx(185,45): error TS7026: JSX element implicitly has type 'any' because no interface 'JSX.IntrinsicElements' exists.
../247gbsaffiliates/app/dashboard/account-manager/page.tsx(187,45): error TS7026: JSX element implicitly has type 'any' because no interface 'JSX.IntrinsicElements' exists.
../247gbsaffiliates/app/dashboard/account-manager/page.tsx(188,45): error TS7026: JSX element implicitly has type 'any' because no interface 'JSX.IntrinsicElements' exists.
../247gbsaffiliates/app/dashboard/account-manager/page.tsx(190,45): error TS7026: JSX element implicitly has type 'any' because no interface 'JSX.IntrinsicElements' exists.
../247gbsaffiliates/app/dashboard/account-manager/page.tsx(191,41): error TS7026: JSX element implicitly has type 'any' because no interface 'JSX.IntrinsicElements' exists.
../247gbsaffiliates/app/dashboard/account-manager/page.tsx(192,37): error TS7026: JSX element implicitly has type 'any' because no interface 'JSX.IntrinsicElements' exists.
../247gbsaffiliates/app/dashboard/account-manager/page.tsx(193,37): error TS7026: JSX element implicitly has type 'any' because no interface 'JSX.IntrinsicElements' exists.
../247gbsaffiliates/app/dashboard/account-manager/page.tsx(194,41): error TS7026: JSX element implicitly has type 'any' because no interface 'JSX.IntrinsicElements' exists.
../247gbsaffiliates/app/dashboard/account-manager/page.tsx(196,41): error TS7026: JSX element implicitly has type 'any' because no interface 'JSX.IntrinsicElements' exists.
../247gbsaffiliates/app/dashboard/account-manager/page.tsx(197,37): error TS7026: JSX element implicitly has type 'any' because no interface 'JSX.IntrinsicElements' exists.
../247gbsaffiliates/app/dashboard/account-manager/page.tsx(198,33): error TS7026: JSX element implicitly has type 'any' because no interface 'JSX.IntrinsicElements' exists.
../247gbsaffiliates/app/dashboard/account-manager/page.tsx(199,33): error TS7026: JSX element implicitly has type 'any' because no interface 'JSX.IntrinsicElements' exists.
../247gbsaffiliates/app/dashboard/account-manager/page.tsx(200,37): error TS7026: JSX element implicitly has type 'any' because no interface 'JSX.IntrinsicElements' exists.
../247gbsaffiliates/app/dashboard/account-manager/page.tsx(201,41): error TS7026: JSX element implicitly has type 'any' because no interface 'JSX.IntrinsicElements' exists.
../247gbsaffiliates/app/dashboard/account-manager/page.tsx(202,45): error TS7026: JSX element implicitly has type 'any' because no interface 'JSX.IntrinsicElements' exists.
../247gbsaffiliates/app/dashboard/account-manager/page.tsx(204,45): error TS7026: JSX element implicitly has type 'any' because no interface 'JSX.IntrinsicElements' exists.
../247gbsaffiliates/app/dashboard/account-manager/page.tsx(205,45): error TS7026: JSX element implicitly has type 'any' because no interface 'JSX.IntrinsicElements' exists.
../247gbsaffiliates/app/dashboard/account-manager/page.tsx(207,45): error TS7026: JSX element implicitly has type 'any' because no interface 'JSX.IntrinsicElements' exists.
../247gbsaffiliates/app/dashboard/account-manager/page.tsx(208,41): error TS7026: JSX element implicitly has type 'any' because no interface 'JSX.IntrinsicElements' exists.
../247gbsaffiliates/app/dashboard/account-manager/page.tsx(209,37): error TS7026: JSX element implicitly has type 'any' because no interface 'JSX.IntrinsicElements' exists.
../247gbsaffiliates/app/dashboard/account-manager/page.tsx(210,37): error TS7026: JSX element implicitly has type 'any' because no interface 'JSX.IntrinsicElements' exists.
../247gbsaffiliates/app/dashboard/account-manager/page.tsx(211,41): error TS7026: JSX element implicitly has type 'any' because no interface 'JSX.IntrinsicElements' exists.
../247gbsaffiliates/app/dashboard/account-manager/page.tsx(213,41): error TS7026: JSX element implicitly has type 'any' because no interface 'JSX.IntrinsicElements' exists.
../247gbsaffiliates/app/dashboard/account-manager/page.tsx(214,37): error TS7026: JSX element implicitly has type 'any' because no interface 'JSX.IntrinsicElements' exists.
../247gbsaffiliates/app/dashboard/account-manager/page.tsx(215,37): error TS7026: JSX element implicitly has type 'any' because no interface 'JSX.IntrinsicElements' exists.
../247gbsaffiliates/app/dashboard/account-manager/page.tsx(216,41): error TS7026: JSX element implicitly has type 'any' because no interface 'JSX.IntrinsicElements' exists.
../247gbsaffiliates/app/dashboard/account-manager/page.tsx(217,45): error TS7026: JSX element implicitly has type 'any' because no interface 'JSX.IntrinsicElements' exists.
../247gbsaffiliates/app/dashboard/account-manager/page.tsx(219,45): error TS7026: JSX element implicitly has type 'any' because no interface 'JSX.IntrinsicElements' exists.
../247gbsaffiliates/app/dashboard/account-manager/page.tsx(220,41): error TS7026: JSX element implicitly has type 'any' because no interface 'JSX.IntrinsicElements' exists.
../247gbsaffiliates/app/dashboard/account-manager/page.tsx(221,37): error TS7026: JSX element implicitly has type 'any' because no interface 'JSX.IntrinsicElements' exists.
../247gbsaffiliates/app/dashboard/account-manager/page.tsx(222,37): error TS7026: JSX element implicitly has type 'any' because no interface 'JSX.IntrinsicElements' exists.
../247gbsaffiliates/app/dashboard/account-manager/page.tsx(223,41): error TS7026: JSX element implicitly has type 'any' because no interface 'JSX.IntrinsicElements' exists.
../247gbsaffiliates/app/dashboard/account-manager/page.tsx(225,41): error TS7026: JSX element implicitly has type 'any' because no interface 'JSX.IntrinsicElements' exists.
../247gbsaffiliates/app/dashboard/account-manager/page.tsx(226,37): error TS7026: JSX element implicitly has type 'any' because no interface 'JSX.IntrinsicElements' exists.
../247gbsaffiliates/app/dashboard/account-manager/page.tsx(227,33): error TS7026: JSX element implicitly has type 'any' because no interface 'JSX.IntrinsicElements' exists.
../247gbsaffiliates/app/dashboard/account-manager/page.tsx(228,29): error TS7026: JSX element implicitly has type 'any' because no interface 'JSX.IntrinsicElements' exists.
../247gbsaffiliates/app/dashboard/account-manager/page.tsx(229,25): error TS7026: JSX element implicitly has type 'any' because no interface 'JSX.IntrinsicElements' exists.
../247gbsaffiliates/app/dashboard/account-manager/page.tsx(230,21): error TS7026: JSX element implicitly has type 'any' because no interface 'JSX.IntrinsicElements' exists.
../247gbsaffiliates/app/dashboard/account-manager/page.tsx(231,17): error TS7026: JSX element implicitly has type 'any' because no interface 'JSX.IntrinsicElements' exists.
../247gbsaffiliates/app/dashboard/account-manager/page.tsx(234,17): error TS7026: JSX element implicitly has type 'any' because no interface 'JSX.IntrinsicElements' exists.
../247gbsaffiliates/app/dashboard/account-manager/page.tsx(235,21): error TS7026: JSX element implicitly has type 'any' because no interface 'JSX.IntrinsicElements' exists.
../247gbsaffiliates/app/dashboard/account-manager/page.tsx(236,25): error TS7026: JSX element implicitly has type 'any' because no interface 'JSX.IntrinsicElements' exists.
../247gbsaffiliates/app/dashboard/account-manager/page.tsx(237,29): error TS7026: JSX element implicitly has type 'any' because no interface 'JSX.IntrinsicElements' exists.
../247gbsaffiliates/app/dashboard/account-manager/page.tsx(239,29): error TS7026: JSX element implicitly has type 'any' because no interface 'JSX.IntrinsicElements' exists.
../247gbsaffiliates/app/dashboard/account-manager/page.tsx(240,29): error TS7026: JSX element implicitly has type 'any' because no interface 'JSX.IntrinsicElements' exists.
../247gbsaffiliates/app/dashboard/account-manager/page.tsx(242,29): error TS7026: JSX element implicitly has type 'any' because no interface 'JSX.IntrinsicElements' exists.
../247gbsaffiliates/app/dashboard/account-manager/page.tsx(243,25): error TS7026: JSX element implicitly has type 'any' because no interface 'JSX.IntrinsicElements' exists.
../247gbsaffiliates/app/dashboard/account-manager/page.tsx(244,25): error TS7026: JSX element implicitly has type 'any' because no interface 'JSX.IntrinsicElements' exists.
../247gbsaffiliates/app/dashboard/account-manager/page.tsx(246,25): error TS7026: JSX element implicitly has type 'any' because no interface 'JSX.IntrinsicElements' exists.
../247gbsaffiliates/app/dashboard/account-manager/page.tsx(247,21): error TS7026: JSX element implicitly has type 'any' because no interface 'JSX.IntrinsicElements' exists.
../247gbsaffiliates/app/dashboard/account-manager/page.tsx(248,21): error TS7026: JSX element implicitly has type 'any' because no interface 'JSX.IntrinsicElements' exists.
../247gbsaffiliates/app/dashboard/account-manager/page.tsx(249,25): error TS7026: JSX element implicitly has type 'any' because no interface 'JSX.IntrinsicElements' exists.
../247gbsaffiliates/app/dashboard/account-manager/page.tsx(250,29): error TS7026: JSX element implicitly has type 'any' because no interface 'JSX.IntrinsicElements' exists.
../247gbsaffiliates/app/dashboard/account-manager/page.tsx(251,33): error TS7026: JSX element implicitly has type 'any' because no interface 'JSX.IntrinsicElements' exists.
../247gbsaffiliates/app/dashboard/account-manager/page.tsx(253,33): error TS7026: JSX element implicitly has type 'any' because no interface 'JSX.IntrinsicElements' exists.
../247gbsaffiliates/app/dashboard/account-manager/page.tsx(254,33): error TS7026: JSX element implicitly has type 'any' because no interface 'JSX.IntrinsicElements' exists.
../247gbsaffiliates/app/dashboard/account-manager/page.tsx(255,37): error TS7026: JSX element implicitly has type 'any' because no interface 'JSX.IntrinsicElements' exists.
../247gbsaffiliates/app/dashboard/account-manager/page.tsx(256,41): error TS7026: JSX element implicitly has type 'any' because no interface 'JSX.IntrinsicElements' exists.
../247gbsaffiliates/app/dashboard/account-manager/page.tsx(258,41): error TS7026: JSX element implicitly has type 'any' because no interface 'JSX.IntrinsicElements' exists.
../247gbsaffiliates/app/dashboard/account-manager/page.tsx(259,41): error TS7026: JSX element implicitly has type 'any' because no interface 'JSX.IntrinsicElements' exists.
../247gbsaffiliates/app/dashboard/account-manager/page.tsx(261,41): error TS7026: JSX element implicitly has type 'any' because no interface 'JSX.IntrinsicElements' exists.
../247gbsaffiliates/app/dashboard/account-manager/page.tsx(262,37): error TS7026: JSX element implicitly has type 'any' because no interface 'JSX.IntrinsicElements' exists.
../247gbsaffiliates/app/dashboard/account-manager/page.tsx(263,37): error TS7026: JSX element implicitly has type 'any' because no interface 'JSX.IntrinsicElements' exists.
../247gbsaffiliates/app/dashboard/account-manager/page.tsx(266,37): error TS7026: JSX element implicitly has type 'any' because no interface 'JSX.IntrinsicElements' exists.
../247gbsaffiliates/app/dashboard/account-manager/page.tsx(267,33): error TS7026: JSX element implicitly has type 'any' because no interface 'JSX.IntrinsicElements' exists.
../247gbsaffiliates/app/dashboard/account-manager/page.tsx(268,29): error TS7026: JSX element implicitly has type 'any' because no interface 'JSX.IntrinsicElements' exists.
../247gbsaffiliates/app/dashboard/account-manager/page.tsx(269,29): error TS7026: JSX element implicitly has type 'any' because no interface 'JSX.IntrinsicElements' exists.
../247gbsaffiliates/app/dashboard/account-manager/page.tsx(270,33): error TS7026: JSX element implicitly has type 'any' because no interface 'JSX.IntrinsicElements' exists.
../247gbsaffiliates/app/dashboard/account-manager/page.tsx(272,33): error TS7026: JSX element implicitly has type 'any' because no interface 'JSX.IntrinsicElements' exists.
../247gbsaffiliates/app/dashboard/account-manager/page.tsx(273,33): error TS7026: JSX element implicitly has type 'any' because no interface 'JSX.IntrinsicElements' exists.
../247gbsaffiliates/app/dashboard/account-manager/page.tsx(274,37): error TS7026: JSX element implicitly has type 'any' because no interface 'JSX.IntrinsicElements' exists.
../247gbsaffiliates/app/dashboard/account-manager/page.tsx(275,41): error TS7026: JSX element implicitly has type 'any' because no interface 'JSX.IntrinsicElements' exists.
../247gbsaffiliates/app/dashboard/account-manager/page.tsx(277,41): error TS7026: JSX element implicitly has type 'any' because no interface 'JSX.IntrinsicElements' exists.
../247gbsaffiliates/app/dashboard/account-manager/page.tsx(278,41): error TS7026: JSX element implicitly has type 'any' because no interface 'JSX.IntrinsicElements' exists.
../247gbsaffiliates/app/dashboard/account-manager/page.tsx(280,41): error TS7026: JSX element implicitly has type 'any' because no interface 'JSX.IntrinsicElements' exists.
../247gbsaffiliates/app/dashboard/account-manager/page.tsx(281,37): error TS7026: JSX element implicitly has type 'any' because no interface 'JSX.IntrinsicElements' exists.
../247gbsaffiliates/app/dashboard/account-manager/page.tsx(282,37): error TS7026: JSX element implicitly has type 'any' because no interface 'JSX.IntrinsicElements' exists.
../247gbsaffiliates/app/dashboard/account-manager/page.tsx(284,37): error TS7026: JSX element implicitly has type 'any' because no interface 'JSX.IntrinsicElements' exists.
../247gbsaffiliates/app/dashboard/account-manager/page.tsx(285,33): error TS7026: JSX element implicitly has type 'any' because no interface 'JSX.IntrinsicElements' exists.
../247gbsaffiliates/app/dashboard/account-manager/page.tsx(286,29): error TS7026: JSX element implicitly has type 'any' because no interface 'JSX.IntrinsicElements' exists.
../247gbsaffiliates/app/dashboard/account-manager/page.tsx(287,25): error TS7026: JSX element implicitly has type 'any' because no interface 'JSX.IntrinsicElements' exists.
../247gbsaffiliates/app/dashboard/account-manager/page.tsx(288,21): error TS7026: JSX element implicitly has type 'any' because no interface 'JSX.IntrinsicElements' exists.
../247gbsaffiliates/app/dashboard/account-manager/page.tsx(289,21): error TS7026: JSX element implicitly has type 'any' because no interface 'JSX.IntrinsicElements' exists.
../247gbsaffiliates/app/dashboard/account-manager/page.tsx(290,25): error TS7026: JSX element implicitly has type 'any' because no interface 'JSX.IntrinsicElements' exists.
../247gbsaffiliates/app/dashboard/account-manager/page.tsx(291,29): error TS7026: JSX element implicitly has type 'any' because no interface 'JSX.IntrinsicElements' exists.
../247gbsaffiliates/app/dashboard/account-manager/page.tsx(296,29): error TS7026: JSX element implicitly has type 'any' because no interface 'JSX.IntrinsicElements' exists.
../247gbsaffiliates/app/dashboard/account-manager/page.tsx(297,33): error TS7026: JSX element implicitly has type 'any' because no interface 'JSX.IntrinsicElements' exists.
../247gbsaffiliates/app/dashboard/account-manager/page.tsx(297,89): error TS7026: JSX element implicitly has type 'any' because no interface 'JSX.IntrinsicElements' exists.
../247gbsaffiliates/app/dashboard/account-manager/page.tsx(298,29): error TS7026: JSX element implicitly has type 'any' because no interface 'JSX.IntrinsicElements' exists.
../247gbsaffiliates/app/dashboard/account-manager/page.tsx(299,25): error TS7026: JSX element implicitly has type 'any' because no interface 'JSX.IntrinsicElements' exists.
../247gbsaffiliates/app/dashboard/account-manager/page.tsx(300,21): error TS7026: JSX element implicitly has type 'any' because no interface 'JSX.IntrinsicElements' exists.
../247gbsaffiliates/app/dashboard/account-manager/page.tsx(301,17): error TS7026: JSX element implicitly has type 'any' because no interface 'JSX.IntrinsicElements' exists.
../247gbsaffiliates/app/dashboard/account-manager/page.tsx(302,13): error TS7026: JSX element implicitly has type 'any' because no interface 'JSX.IntrinsicElements' exists.
../247gbsaffiliates/app/dashboard/account-manager/revenue/page.tsx(3,19): error TS2307: Cannot find module 'react' or its corresponding type declarations.
../247gbsaffiliates/app/dashboard/account-manager/revenue/page.tsx(7,9): error TS7026: JSX element implicitly has type 'any' because no interface 'JSX.IntrinsicElements' exists.
../247gbsaffiliates/app/dashboard/account-manager/revenue/page.tsx(7,9): error TS2875: This JSX tag requires the module path 'react/jsx-runtime' to exist, but none could be found. Make sure you have types for the appropriate package installed.
../247gbsaffiliates/app/dashboard/account-manager/revenue/page.tsx(8,13): error TS7026: JSX element implicitly has type 'any' because no interface 'JSX.IntrinsicElements' exists.
../247gbsaffiliates/app/dashboard/account-manager/revenue/page.tsx(9,17): error TS7026: JSX element implicitly has type 'any' because no interface 'JSX.IntrinsicElements' exists.
../247gbsaffiliates/app/dashboard/account-manager/revenue/page.tsx(9,84): error TS7026: JSX element implicitly has type 'any' because no interface 'JSX.IntrinsicElements' exists.
../247gbsaffiliates/app/dashboard/account-manager/revenue/page.tsx(10,17): error TS7026: JSX element implicitly has type 'any' because no interface 'JSX.IntrinsicElements' exists.
../247gbsaffiliates/app/dashboard/account-manager/revenue/page.tsx(10,107): error TS7026: JSX element implicitly has type 'any' because no interface 'JSX.IntrinsicElements' exists.
../247gbsaffiliates/app/dashboard/account-manager/revenue/page.tsx(11,13): error TS7026: JSX element implicitly has type 'any' because no interface 'JSX.IntrinsicElements' exists.
../247gbsaffiliates/app/dashboard/account-manager/revenue/page.tsx(13,13): error TS7026: JSX element implicitly has type 'any' because no interface 'JSX.IntrinsicElements' exists.
../247gbsaffiliates/app/dashboard/account-manager/revenue/page.tsx(14,17): error TS7026: JSX element implicitly has type 'any' because no interface 'JSX.IntrinsicElements' exists.
../247gbsaffiliates/app/dashboard/account-manager/revenue/page.tsx(15,21): error TS7026: JSX element implicitly has type 'any' because no interface 'JSX.IntrinsicElements' exists.
../247gbsaffiliates/app/dashboard/account-manager/revenue/page.tsx(16,25): error TS7026: JSX element implicitly has type 'any' because no interface 'JSX.IntrinsicElements' exists.
../247gbsaffiliates/app/dashboard/account-manager/revenue/page.tsx(16,123): error TS7026: JSX element implicitly has type 'any' because no interface 'JSX.IntrinsicElements' exists.
../247gbsaffiliates/app/dashboard/account-manager/revenue/page.tsx(17,25): error TS7026: JSX element implicitly has type 'any' because no interface 'JSX.IntrinsicElements' exists.
../247gbsaffiliates/app/dashboard/account-manager/revenue/page.tsx(17,77): error TS7026: JSX element implicitly has type 'any' because no interface 'JSX.IntrinsicElements' exists.
../247gbsaffiliates/app/dashboard/account-manager/revenue/page.tsx(18,25): error TS7026: JSX element implicitly has type 'any' because no interface 'JSX.IntrinsicElements' exists.
../247gbsaffiliates/app/dashboard/account-manager/revenue/page.tsx(18,114): error TS7026: JSX element implicitly has type 'any' because no interface 'JSX.IntrinsicElements' exists.
../247gbsaffiliates/app/dashboard/account-manager/revenue/page.tsx(19,21): error TS7026: JSX element implicitly has type 'any' because no interface 'JSX.IntrinsicElements' exists.
../247gbsaffiliates/app/dashboard/account-manager/revenue/page.tsx(20,21): error TS7026: JSX element implicitly has type 'any' because no interface 'JSX.IntrinsicElements' exists.
../247gbsaffiliates/app/dashboard/account-manager/revenue/page.tsx(20,110): error TS7026: JSX element implicitly has type 'any' because no interface 'JSX.IntrinsicElements' exists.
../247gbsaffiliates/app/dashboard/account-manager/revenue/page.tsx(21,17): error TS7026: JSX element implicitly has type 'any' because no interface 'JSX.IntrinsicElements' exists.
../247gbsaffiliates/app/dashboard/account-manager/revenue/page.tsx(22,17): error TS7026: JSX element implicitly has type 'any' because no interface 'JSX.IntrinsicElements' exists.
../247gbsaffiliates/app/dashboard/account-manager/revenue/page.tsx(23,21): error TS7026: JSX element implicitly has type 'any' because no interface 'JSX.IntrinsicElements' exists.
../247gbsaffiliates/app/dashboard/account-manager/revenue/page.tsx(23,120): error TS7026: JSX element implicitly has type 'any' because no interface 'JSX.IntrinsicElements' exists.
../247gbsaffiliates/app/dashboard/account-manager/revenue/page.tsx(24,21): error TS7026: JSX element implicitly has type 'any' because no interface 'JSX.IntrinsicElements' exists.
../247gbsaffiliates/app/dashboard/account-manager/revenue/page.tsx(24,72): error TS7026: JSX element implicitly has type 'any' because no interface 'JSX.IntrinsicElements' exists.
../247gbsaffiliates/app/dashboard/account-manager/revenue/page.tsx(25,21): error TS7026: JSX element implicitly has type 'any' because no interface 'JSX.IntrinsicElements' exists.
../247gbsaffiliates/app/dashboard/account-manager/revenue/page.tsx(25,102): error TS7026: JSX element implicitly has type 'any' because no interface 'JSX.IntrinsicElements' exists.
../247gbsaffiliates/app/dashboard/account-manager/revenue/page.tsx(26,17): error TS7026: JSX element implicitly has type 'any' because no interface 'JSX.IntrinsicElements' exists.
../247gbsaffiliates/app/dashboard/account-manager/revenue/page.tsx(27,13): error TS7026: JSX element implicitly has type 'any' because no interface 'JSX.IntrinsicElements' exists.
../247gbsaffiliates/app/dashboard/account-manager/revenue/page.tsx(29,13): error TS7026: JSX element implicitly has type 'any' because no interface 'JSX.IntrinsicElements' exists.
../247gbsaffiliates/app/dashboard/account-manager/revenue/page.tsx(30,17): error TS7026: JSX element implicitly has type 'any' because no interface 'JSX.IntrinsicElements' exists.
../247gbsaffiliates/app/dashboard/account-manager/revenue/page.tsx(30,90): error TS7026: JSX element implicitly has type 'any' because no interface 'JSX.IntrinsicElements' exists.
../247gbsaffiliates/app/dashboard/account-manager/revenue/page.tsx(31,17): error TS7026: JSX element implicitly has type 'any' because no interface 'JSX.IntrinsicElements' exists.
../247gbsaffiliates/app/dashboard/account-manager/revenue/page.tsx(33,25): error TS7026: JSX element implicitly has type 'any' because no interface 'JSX.IntrinsicElements' exists.
../247gbsaffiliates/app/dashboard/account-manager/revenue/page.tsx(34,29): error TS7026: JSX element implicitly has type 'any' because no interface 'JSX.IntrinsicElements' exists.
../247gbsaffiliates/app/dashboard/account-manager/revenue/page.tsx(35,33): error TS7026: JSX element implicitly has type 'any' because no interface 'JSX.IntrinsicElements' exists.
../247gbsaffiliates/app/dashboard/account-manager/revenue/page.tsx(36,37): error TS7026: JSX element implicitly has type 'any' because no interface 'JSX.IntrinsicElements' exists.
../247gbsaffiliates/app/dashboard/account-manager/revenue/page.tsx(36,95): error TS7026: JSX element implicitly has type 'any' because no interface 'JSX.IntrinsicElements' exists.
../247gbsaffiliates/app/dashboard/account-manager/revenue/page.tsx(37,33): error TS7026: JSX element implicitly has type 'any' because no interface 'JSX.IntrinsicElements' exists.
../247gbsaffiliates/app/dashboard/account-manager/revenue/page.tsx(38,33): error TS7026: JSX element implicitly has type 'any' because no interface 'JSX.IntrinsicElements' exists.
../247gbsaffiliates/app/dashboard/account-manager/revenue/page.tsx(39,37): error TS7026: JSX element implicitly has type 'any' because no interface 'JSX.IntrinsicElements' exists.
../247gbsaffiliates/app/dashboard/account-manager/revenue/page.tsx(39,111): error TS7026: JSX element implicitly has type 'any' because no interface 'JSX.IntrinsicElements' exists.
../247gbsaffiliates/app/dashboard/account-manager/revenue/page.tsx(40,37): error TS7026: JSX element implicitly has type 'any' because no interface 'JSX.IntrinsicElements' exists.
../247gbsaffiliates/app/dashboard/account-manager/revenue/page.tsx(40,98): error TS7026: JSX element implicitly has type 'any' because no interface 'JSX.IntrinsicElements' exists.
../247gbsaffiliates/app/dashboard/account-manager/revenue/page.tsx(41,33): error TS7026: JSX element implicitly has type 'any' because no interface 'JSX.IntrinsicElements' exists.
../247gbsaffiliates/app/dashboard/account-manager/revenue/page.tsx(42,29): error TS7026: JSX element implicitly has type 'any' because no interface 'JSX.IntrinsicElements' exists.
../247gbsaffiliates/app/dashboard/account-manager/revenue/page.tsx(43,29): error TS7026: JSX element implicitly has type 'any' because no interface 'JSX.IntrinsicElements' exists.
../247gbsaffiliates/app/dashboard/account-manager/revenue/page.tsx(43,91): error TS7026: JSX element implicitly has type 'any' because no interface 'JSX.IntrinsicElements' exists.
../247gbsaffiliates/app/dashboard/account-manager/revenue/page.tsx(44,25): error TS7026: JSX element implicitly has type 'any' because no interface 'JSX.IntrinsicElements' exists.
../247gbsaffiliates/app/dashboard/account-manager/revenue/page.tsx(46,17): error TS7026: JSX element implicitly has type 'any' because no interface 'JSX.IntrinsicElements' exists.
../247gbsaffiliates/app/dashboard/account-manager/revenue/page.tsx(47,13): error TS7026: JSX element implicitly has type 'any' because no interface 'JSX.IntrinsicElements' exists.
../247gbsaffiliates/app/dashboard/account-manager/revenue/page.tsx(48,9): error TS7026: JSX element implicitly has type 'any' because no interface 'JSX.IntrinsicElements' exists.
../247gbsaffiliates/app/dashboard/account-manager/settings/page.tsx(3,19): error TS2307: Cannot find module 'react' or its corresponding type declarations.
../247gbsaffiliates/app/dashboard/account-manager/settings/page.tsx(7,9): error TS7026: JSX element implicitly has type 'any' because no interface 'JSX.IntrinsicElements' exists.
../247gbsaffiliates/app/dashboard/account-manager/settings/page.tsx(7,9): error TS2875: This JSX tag requires the module path 'react/jsx-runtime' to exist, but none could be found. Make sure you have types for the appropriate package installed.
../247gbsaffiliates/app/dashboard/account-manager/settings/page.tsx(8,13): error TS7026: JSX element implicitly has type 'any' because no interface 'JSX.IntrinsicElements' exists.
../247gbsaffiliates/app/dashboard/account-manager/settings/page.tsx(9,17): error TS7026: JSX element implicitly has type 'any' because no interface 'JSX.IntrinsicElements' exists.
../247gbsaffiliates/app/dashboard/account-manager/settings/page.tsx(9,76): error TS7026: JSX element implicitly has type 'any' because no interface 'JSX.IntrinsicElements' exists.
../247gbsaffiliates/app/dashboard/account-manager/settings/page.tsx(10,17): error TS7026: JSX element implicitly has type 'any' because no interface 'JSX.IntrinsicElements' exists.
../247gbsaffiliates/app/dashboard/account-manager/settings/page.tsx(10,121): error TS7026: JSX element implicitly has type 'any' because no interface 'JSX.IntrinsicElements' exists.
../247gbsaffiliates/app/dashboard/account-manager/settings/page.tsx(11,13): error TS7026: JSX element implicitly has type 'any' because no interface 'JSX.IntrinsicElements' exists.
../247gbsaffiliates/app/dashboard/account-manager/settings/page.tsx(13,13): error TS7026: JSX element implicitly has type 'any' because no interface 'JSX.IntrinsicElements' exists.
../247gbsaffiliates/app/dashboard/account-manager/settings/page.tsx(14,17): error TS7026: JSX element implicitly has type 'any' because no interface 'JSX.IntrinsicElements' exists.
../247gbsaffiliates/app/dashboard/account-manager/settings/page.tsx(14,118): error TS7026: JSX element implicitly has type 'any' because no interface 'JSX.IntrinsicElements' exists.
../247gbsaffiliates/app/dashboard/account-manager/settings/page.tsx(15,17): error TS7026: JSX element implicitly has type 'any' because no interface 'JSX.IntrinsicElements' exists.
../247gbsaffiliates/app/dashboard/account-manager/settings/page.tsx(16,21): error TS7026: JSX element implicitly has type 'any' because no interface 'JSX.IntrinsicElements' exists.
../247gbsaffiliates/app/dashboard/account-manager/settings/page.tsx(17,25): error TS7026: JSX element implicitly has type 'any' because no interface 'JSX.IntrinsicElements' exists.
../247gbsaffiliates/app/dashboard/account-manager/settings/page.tsx(17,131): error TS7026: JSX element implicitly has type 'any' because no interface 'JSX.IntrinsicElements' exists.
../247gbsaffiliates/app/dashboard/account-manager/settings/page.tsx(18,25): error TS7026: JSX element implicitly has type 'any' because no interface 'JSX.IntrinsicElements' exists.
../247gbsaffiliates/app/dashboard/account-manager/settings/page.tsx(19,21): error TS7026: JSX element implicitly has type 'any' because no interface 'JSX.IntrinsicElements' exists.
../247gbsaffiliates/app/dashboard/account-manager/settings/page.tsx(21,21): error TS7026: JSX element implicitly has type 'any' because no interface 'JSX.IntrinsicElements' exists.
../247gbsaffiliates/app/dashboard/account-manager/settings/page.tsx(22,25): error TS7026: JSX element implicitly has type 'any' because no interface 'JSX.IntrinsicElements' exists.
../247gbsaffiliates/app/dashboard/account-manager/settings/page.tsx(23,29): error TS7026: JSX element implicitly has type 'any' because no interface 'JSX.IntrinsicElements' exists.
../247gbsaffiliates/app/dashboard/account-manager/settings/page.tsx(23,131): error TS7026: JSX element implicitly has type 'any' because no interface 'JSX.IntrinsicElements' exists.
../247gbsaffiliates/app/dashboard/account-manager/settings/page.tsx(24,29): error TS7026: JSX element implicitly has type 'any' because no interface 'JSX.IntrinsicElements' exists.
../247gbsaffiliates/app/dashboard/account-manager/settings/page.tsx(25,33): error TS7026: JSX element implicitly has type 'any' because no interface 'JSX.IntrinsicElements' exists.
../247gbsaffiliates/app/dashboard/account-manager/settings/page.tsx(25,53): error TS7026: JSX element implicitly has type 'any' because no interface 'JSX.IntrinsicElements' exists.
../247gbsaffiliates/app/dashboard/account-manager/settings/page.tsx(26,33): error TS7026: JSX element implicitly has type 'any' because no interface 'JSX.IntrinsicElements' exists.
../247gbsaffiliates/app/dashboard/account-manager/settings/page.tsx(26,55): error TS7026: JSX element implicitly has type 'any' because no interface 'JSX.IntrinsicElements' exists.
../247gbsaffiliates/app/dashboard/account-manager/settings/page.tsx(27,33): error TS7026: JSX element implicitly has type 'any' because no interface 'JSX.IntrinsicElements' exists.
../247gbsaffiliates/app/dashboard/account-manager/settings/page.tsx(27,58): error TS7026: JSX element implicitly has type 'any' because no interface 'JSX.IntrinsicElements' exists.
../247gbsaffiliates/app/dashboard/account-manager/settings/page.tsx(28,29): error TS7026: JSX element implicitly has type 'any' because no interface 'JSX.IntrinsicElements' exists.
../247gbsaffiliates/app/dashboard/account-manager/settings/page.tsx(29,25): error TS7026: JSX element implicitly has type 'any' because no interface 'JSX.IntrinsicElements' exists.
../247gbsaffiliates/app/dashboard/account-manager/settings/page.tsx(30,25): error TS7026: JSX element implicitly has type 'any' because no interface 'JSX.IntrinsicElements' exists.
../247gbsaffiliates/app/dashboard/account-manager/settings/page.tsx(31,29): error TS7026: JSX element implicitly has type 'any' because no interface 'JSX.IntrinsicElements' exists.
../247gbsaffiliates/app/dashboard/account-manager/settings/page.tsx(31,131): error TS7026: JSX element implicitly has type 'any' because no interface 'JSX.IntrinsicElements' exists.
../247gbsaffiliates/app/dashboard/account-manager/settings/page.tsx(32,29): error TS7026: JSX element implicitly has type 'any' because no interface 'JSX.IntrinsicElements' exists.
../247gbsaffiliates/app/dashboard/account-manager/settings/page.tsx(33,33): error TS7026: JSX element implicitly has type 'any' because no interface 'JSX.IntrinsicElements' exists.
../247gbsaffiliates/app/dashboard/account-manager/settings/page.tsx(33,48): error TS7026: JSX element implicitly has type 'any' because no interface 'JSX.IntrinsicElements' exists.
../247gbsaffiliates/app/dashboard/account-manager/settings/page.tsx(34,33): error TS7026: JSX element implicitly has type 'any' because no interface 'JSX.IntrinsicElements' exists.
../247gbsaffiliates/app/dashboard/account-manager/settings/page.tsx(34,48): error TS7026: JSX element implicitly has type 'any' because no interface 'JSX.IntrinsicElements' exists.
../247gbsaffiliates/app/dashboard/account-manager/settings/page.tsx(35,33): error TS7026: JSX element implicitly has type 'any' because no interface 'JSX.IntrinsicElements' exists.
../247gbsaffiliates/app/dashboard/account-manager/settings/page.tsx(35,48): error TS7026: JSX element implicitly has type 'any' because no interface 'JSX.IntrinsicElements' exists.
../247gbsaffiliates/app/dashboard/account-manager/settings/page.tsx(36,29): error TS7026: JSX element implicitly has type 'any' because no interface 'JSX.IntrinsicElements' exists.
../247gbsaffiliates/app/dashboard/account-manager/settings/page.tsx(37,25): error TS7026: JSX element implicitly has type 'any' because no interface 'JSX.IntrinsicElements' exists.
../247gbsaffiliates/app/dashboard/account-manager/settings/page.tsx(38,21): error TS7026: JSX element implicitly has type 'any' because no interface 'JSX.IntrinsicElements' exists.
../247gbsaffiliates/app/dashboard/account-manager/settings/page.tsx(40,21): error TS7026: JSX element implicitly has type 'any' because no interface 'JSX.IntrinsicElements' exists.
../247gbsaffiliates/app/dashboard/account-manager/settings/page.tsx(41,25): error TS7026: JSX element implicitly has type 'any' because no interface 'JSX.IntrinsicElements' exists.
../247gbsaffiliates/app/dashboard/account-manager/settings/page.tsx(42,29): error TS7026: JSX element implicitly has type 'any' because no interface 'JSX.IntrinsicElements' exists.
../247gbsaffiliates/app/dashboard/account-manager/settings/page.tsx(43,29): error TS7026: JSX element implicitly has type 'any' because no interface 'JSX.IntrinsicElements' exists.
../247gbsaffiliates/app/dashboard/account-manager/settings/page.tsx(43,124): error TS7026: JSX element implicitly has type 'any' because no interface 'JSX.IntrinsicElements' exists.
../247gbsaffiliates/app/dashboard/account-manager/settings/page.tsx(44,25): error TS7026: JSX element implicitly has type 'any' because no interface 'JSX.IntrinsicElements' exists.
../247gbsaffiliates/app/dashboard/account-manager/settings/page.tsx(45,21): error TS7026: JSX element implicitly has type 'any' because no interface 'JSX.IntrinsicElements' exists.
../247gbsaffiliates/app/dashboard/account-manager/settings/page.tsx(47,21): error TS7026: JSX element implicitly has type 'any' because no interface 'JSX.IntrinsicElements' exists.
../247gbsaffiliates/app/dashboard/account-manager/settings/page.tsx(48,25): error TS7026: JSX element implicitly has type 'any' because no interface 'JSX.IntrinsicElements' exists.
../247gbsaffiliates/app/dashboard/account-manager/settings/page.tsx(50,25): error TS7026: JSX element implicitly has type 'any' because no interface 'JSX.IntrinsicElements' exists.
../247gbsaffiliates/app/dashboard/account-manager/settings/page.tsx(51,21): error TS7026: JSX element implicitly has type 'any' because no interface 'JSX.IntrinsicElements' exists.
../247gbsaffiliates/app/dashboard/account-manager/settings/page.tsx(52,17): error TS7026: JSX element implicitly has type 'any' because no interface 'JSX.IntrinsicElements' exists.
../247gbsaffiliates/app/dashboard/account-manager/settings/page.tsx(53,13): error TS7026: JSX element implicitly has type 'any' because no interface 'JSX.IntrinsicElements' exists.
../247gbsaffiliates/app/dashboard/account-manager/settings/page.tsx(54,9): error TS7026: JSX element implicitly has type 'any' because no interface 'JSX.IntrinsicElements' exists.
../247gbsaffiliates/app/dashboard/admin/layout.tsx(3,18): error TS2307: Cannot find module 'next/link' or its corresponding type declarations.
../247gbsaffiliates/app/dashboard/admin/layout.tsx(4,29): error TS2307: Cannot find module 'next/navigation' or its corresponding type declarations.
../247gbsaffiliates/app/dashboard/admin/layout.tsx(12,15): error TS2503: Cannot find namespace 'React'.
../247gbsaffiliates/app/dashboard/admin/layout.tsx(24,9): error TS7026: JSX element implicitly has type 'any' because no interface 'JSX.IntrinsicElements' exists.
../247gbsaffiliates/app/dashboard/admin/layout.tsx(24,9): error TS2875: This JSX tag requires the module path 'react/jsx-runtime' to exist, but none could be found. Make sure you have types for the appropriate package installed.
../247gbsaffiliates/app/dashboard/admin/layout.tsx(26,13): error TS7026: JSX element implicitly has type 'any' because no interface 'JSX.IntrinsicElements' exists.
../247gbsaffiliates/app/dashboard/admin/layout.tsx(27,17): error TS7026: JSX element implicitly has type 'any' because no interface 'JSX.IntrinsicElements' exists.
../247gbsaffiliates/app/dashboard/admin/layout.tsx(28,21): error TS7026: JSX element implicitly has type 'any' because no interface 'JSX.IntrinsicElements' exists.
../247gbsaffiliates/app/dashboard/admin/layout.tsx(30,25): error TS7026: JSX element implicitly has type 'any' because no interface 'JSX.IntrinsicElements' exists.
../247gbsaffiliates/app/dashboard/admin/layout.tsx(31,29): error TS7026: JSX element implicitly has type 'any' because no interface 'JSX.IntrinsicElements' exists.
../247gbsaffiliates/app/dashboard/admin/layout.tsx(33,29): error TS7026: JSX element implicitly has type 'any' because no interface 'JSX.IntrinsicElements' exists.
../247gbsaffiliates/app/dashboard/admin/layout.tsx(34,25): error TS7026: JSX element implicitly has type 'any' because no interface 'JSX.IntrinsicElements' exists.
../247gbsaffiliates/app/dashboard/admin/layout.tsx(35,25): error TS7026: JSX element implicitly has type 'any' because no interface 'JSX.IntrinsicElements' exists.
../247gbsaffiliates/app/dashboard/admin/layout.tsx(37,25): error TS7026: JSX element implicitly has type 'any' because no interface 'JSX.IntrinsicElements' exists.
../247gbsaffiliates/app/dashboard/admin/layout.tsx(38,21): error TS7026: JSX element implicitly has type 'any' because no interface 'JSX.IntrinsicElements' exists.
../247gbsaffiliates/app/dashboard/admin/layout.tsx(39,21): error TS7026: JSX element implicitly has type 'any' because no interface 'JSX.IntrinsicElements' exists.
../247gbsaffiliates/app/dashboard/admin/layout.tsx(51,37): error TS7026: JSX element implicitly has type 'any' because no interface 'JSX.IntrinsicElements' exists.
../247gbsaffiliates/app/dashboard/admin/layout.tsx(51,92): error TS7026: JSX element implicitly has type 'any' because no interface 'JSX.IntrinsicElements' exists.
../247gbsaffiliates/app/dashboard/admin/layout.tsx(56,21): error TS7026: JSX element implicitly has type 'any' because no interface 'JSX.IntrinsicElements' exists.
../247gbsaffiliates/app/dashboard/admin/layout.tsx(57,17): error TS7026: JSX element implicitly has type 'any' because no interface 'JSX.IntrinsicElements' exists.
../247gbsaffiliates/app/dashboard/admin/layout.tsx(58,17): error TS7026: JSX element implicitly has type 'any' because no interface 'JSX.IntrinsicElements' exists.
../247gbsaffiliates/app/dashboard/admin/layout.tsx(59,21): error TS7026: JSX element implicitly has type 'any' because no interface 'JSX.IntrinsicElements' exists.
../247gbsaffiliates/app/dashboard/admin/layout.tsx(61,21): error TS7026: JSX element implicitly has type 'any' because no interface 'JSX.IntrinsicElements' exists.
../247gbsaffiliates/app/dashboard/admin/layout.tsx(62,17): error TS7026: JSX element implicitly has type 'any' because no interface 'JSX.IntrinsicElements' exists.
../247gbsaffiliates/app/dashboard/admin/layout.tsx(63,13): error TS7026: JSX element implicitly has type 'any' because no interface 'JSX.IntrinsicElements' exists.
../247gbsaffiliates/app/dashboard/admin/layout.tsx(66,13): error TS7026: JSX element implicitly has type 'any' because no interface 'JSX.IntrinsicElements' exists.
../247gbsaffiliates/app/dashboard/admin/layout.tsx(67,17): error TS7026: JSX element implicitly has type 'any' because no interface 'JSX.IntrinsicElements' exists.
../247gbsaffiliates/app/dashboard/admin/layout.tsx(68,21): error TS7026: JSX element implicitly has type 'any' because no interface 'JSX.IntrinsicElements' exists.
../247gbsaffiliates/app/dashboard/admin/layout.tsx(68,93): error TS7026: JSX element implicitly has type 'any' because no interface 'JSX.IntrinsicElements' exists.
../247gbsaffiliates/app/dashboard/admin/layout.tsx(69,21): error TS7026: JSX element implicitly has type 'any' because no interface 'JSX.IntrinsicElements' exists.
../247gbsaffiliates/app/dashboard/admin/layout.tsx(70,25): error TS7026: JSX element implicitly has type 'any' because no interface 'JSX.IntrinsicElements' exists.
../247gbsaffiliates/app/dashboard/admin/layout.tsx(71,29): error TS7026: JSX element implicitly has type 'any' because no interface 'JSX.IntrinsicElements' exists.
../247gbsaffiliates/app/dashboard/admin/layout.tsx(71,86): error TS7026: JSX element implicitly has type 'any' because no interface 'JSX.IntrinsicElements' exists.
../247gbsaffiliates/app/dashboard/admin/layout.tsx(72,25): error TS7026: JSX element implicitly has type 'any' because no interface 'JSX.IntrinsicElements' exists.
../247gbsaffiliates/app/dashboard/admin/layout.tsx(73,21): error TS7026: JSX element implicitly has type 'any' because no interface 'JSX.IntrinsicElements' exists.
../247gbsaffiliates/app/dashboard/admin/layout.tsx(74,17): error TS7026: JSX element implicitly has type 'any' because no interface 'JSX.IntrinsicElements' exists.
../247gbsaffiliates/app/dashboard/admin/layout.tsx(75,17): error TS7026: JSX element implicitly has type 'any' because no interface 'JSX.IntrinsicElements' exists.
../247gbsaffiliates/app/dashboard/admin/layout.tsx(77,17): error TS7026: JSX element implicitly has type 'any' because no interface 'JSX.IntrinsicElements' exists.
../247gbsaffiliates/app/dashboard/admin/layout.tsx(78,13): error TS7026: JSX element implicitly has type 'any' because no interface 'JSX.IntrinsicElements' exists.
../247gbsaffiliates/app/dashboard/admin/layout.tsx(79,9): error TS7026: JSX element implicitly has type 'any' because no interface 'JSX.IntrinsicElements' exists.
../247gbsaffiliates/app/dashboard/admin/page.tsx(3,19): error TS2307: Cannot find module 'react' or its corresponding type declarations.
../247gbsaffiliates/app/dashboard/admin/page.tsx(7,9): error TS7026: JSX element implicitly has type 'any' because no interface 'JSX.IntrinsicElements' exists.
../247gbsaffiliates/app/dashboard/admin/page.tsx(7,9): error TS2875: This JSX tag requires the module path 'react/jsx-runtime' to exist, but none could be found. Make sure you have types for the appropriate package installed.
../247gbsaffiliates/app/dashboard/admin/page.tsx(8,13): error TS7026: JSX element implicitly has type 'any' because no interface 'JSX.IntrinsicElements' exists.
../247gbsaffiliates/app/dashboard/admin/page.tsx(9,17): error TS7026: JSX element implicitly has type 'any' because no interface 'JSX.IntrinsicElements' exists.
../247gbsaffiliates/app/dashboard/admin/page.tsx(9,88): error TS7026: JSX element implicitly has type 'any' because no interface 'JSX.IntrinsicElements' exists.
../247gbsaffiliates/app/dashboard/admin/page.tsx(10,17): error TS7026: JSX element implicitly has type 'any' because no interface 'JSX.IntrinsicElements' exists.
../247gbsaffiliates/app/dashboard/admin/page.tsx(10,104): error TS7026: JSX element implicitly has type 'any' because no interface 'JSX.IntrinsicElements' exists.
../247gbsaffiliates/app/dashboard/admin/page.tsx(11,13): error TS7026: JSX element implicitly has type 'any' because no interface 'JSX.IntrinsicElements' exists.
../247gbsaffiliates/app/dashboard/admin/page.tsx(13,13): error TS7026: JSX element implicitly has type 'any' because no interface 'JSX.IntrinsicElements' exists.
../247gbsaffiliates/app/dashboard/admin/page.tsx(14,17): error TS7026: JSX element implicitly has type 'any' because no interface 'JSX.IntrinsicElements' exists.
../247gbsaffiliates/app/dashboard/admin/page.tsx(15,21): error TS7026: JSX element implicitly has type 'any' because no interface 'JSX.IntrinsicElements' exists.
../247gbsaffiliates/app/dashboard/admin/page.tsx(16,25): error TS7026: JSX element implicitly has type 'any' because no interface 'JSX.IntrinsicElements' exists.
../247gbsaffiliates/app/dashboard/admin/page.tsx(16,124): error TS7026: JSX element implicitly has type 'any' because no interface 'JSX.IntrinsicElements' exists.
../247gbsaffiliates/app/dashboard/admin/page.tsx(17,25): error TS7026: JSX element implicitly has type 'any' because no interface 'JSX.IntrinsicElements' exists.
../247gbsaffiliates/app/dashboard/admin/page.tsx(17,113): error TS7026: JSX element implicitly has type 'any' because no interface 'JSX.IntrinsicElements' exists.
../247gbsaffiliates/app/dashboard/admin/page.tsx(18,21): error TS7026: JSX element implicitly has type 'any' because no interface 'JSX.IntrinsicElements' exists.
../247gbsaffiliates/app/dashboard/admin/page.tsx(19,21): error TS7026: JSX element implicitly has type 'any' because no interface 'JSX.IntrinsicElements' exists.
../247gbsaffiliates/app/dashboard/admin/page.tsx(19,77): error TS7026: JSX element implicitly has type 'any' because no interface 'JSX.IntrinsicElements' exists.
../247gbsaffiliates/app/dashboard/admin/page.tsx(20,17): error TS7026: JSX element implicitly has type 'any' because no interface 'JSX.IntrinsicElements' exists.
../247gbsaffiliates/app/dashboard/admin/page.tsx(21,17): error TS7026: JSX element implicitly has type 'any' because no interface 'JSX.IntrinsicElements' exists.
../247gbsaffiliates/app/dashboard/admin/page.tsx(22,21): error TS7026: JSX element implicitly has type 'any' because no interface 'JSX.IntrinsicElements' exists.
../247gbsaffiliates/app/dashboard/admin/page.tsx(23,25): error TS7026: JSX element implicitly has type 'any' because no interface 'JSX.IntrinsicElements' exists.
../247gbsaffiliates/app/dashboard/admin/page.tsx(23,127): error TS7026: JSX element implicitly has type 'any' because no interface 'JSX.IntrinsicElements' exists.
../247gbsaffiliates/app/dashboard/admin/page.tsx(24,25): error TS7026: JSX element implicitly has type 'any' because no interface 'JSX.IntrinsicElements' exists.
../247gbsaffiliates/app/dashboard/admin/page.tsx(24,118): error TS7026: JSX element implicitly has type 'any' because no interface 'JSX.IntrinsicElements' exists.
../247gbsaffiliates/app/dashboard/admin/page.tsx(25,21): error TS7026: JSX element implicitly has type 'any' because no interface 'JSX.IntrinsicElements' exists.
../247gbsaffiliates/app/dashboard/admin/page.tsx(26,21): error TS7026: JSX element implicitly has type 'any' because no interface 'JSX.IntrinsicElements' exists.
../247gbsaffiliates/app/dashboard/admin/page.tsx(26,76): error TS7026: JSX element implicitly has type 'any' because no interface 'JSX.IntrinsicElements' exists.
../247gbsaffiliates/app/dashboard/admin/page.tsx(27,17): error TS7026: JSX element implicitly has type 'any' because no interface 'JSX.IntrinsicElements' exists.
../247gbsaffiliates/app/dashboard/admin/page.tsx(28,17): error TS7026: JSX element implicitly has type 'any' because no interface 'JSX.IntrinsicElements' exists.
../247gbsaffiliates/app/dashboard/admin/page.tsx(29,21): error TS7026: JSX element implicitly has type 'any' because no interface 'JSX.IntrinsicElements' exists.
../247gbsaffiliates/app/dashboard/admin/page.tsx(30,25): error TS7026: JSX element implicitly has type 'any' because no interface 'JSX.IntrinsicElements' exists.
../247gbsaffiliates/app/dashboard/admin/page.tsx(30,129): error TS7026: JSX element implicitly has type 'any' because no interface 'JSX.IntrinsicElements' exists.
../247gbsaffiliates/app/dashboard/admin/page.tsx(31,25): error TS7026: JSX element implicitly has type 'any' because no interface 'JSX.IntrinsicElements' exists.
../247gbsaffiliates/app/dashboard/admin/page.tsx(31,118): error TS7026: JSX element implicitly has type 'any' because no interface 'JSX.IntrinsicElements' exists.
../247gbsaffiliates/app/dashboard/admin/page.tsx(32,21): error TS7026: JSX element implicitly has type 'any' because no interface 'JSX.IntrinsicElements' exists.
../247gbsaffiliates/app/dashboard/admin/page.tsx(33,21): error TS7026: JSX element implicitly has type 'any' because no interface 'JSX.IntrinsicElements' exists.
../247gbsaffiliates/app/dashboard/admin/page.tsx(33,74): error TS7026: JSX element implicitly has type 'any' because no interface 'JSX.IntrinsicElements' exists.
../247gbsaffiliates/app/dashboard/admin/page.tsx(34,17): error TS7026: JSX element implicitly has type 'any' because no interface 'JSX.IntrinsicElements' exists.
../247gbsaffiliates/app/dashboard/admin/page.tsx(35,17): error TS7026: JSX element implicitly has type 'any' because no interface 'JSX.IntrinsicElements' exists.
../247gbsaffiliates/app/dashboard/admin/page.tsx(36,21): error TS7026: JSX element implicitly has type 'any' because no interface 'JSX.IntrinsicElements' exists.
../247gbsaffiliates/app/dashboard/admin/page.tsx(37,25): error TS7026: JSX element implicitly has type 'any' because no interface 'JSX.IntrinsicElements' exists.
../247gbsaffiliates/app/dashboard/admin/page.tsx(37,125): error TS7026: JSX element implicitly has type 'any' because no interface 'JSX.IntrinsicElements' exists.
../247gbsaffiliates/app/dashboard/admin/page.tsx(38,25): error TS7026: JSX element implicitly has type 'any' because no interface 'JSX.IntrinsicElements' exists.
../247gbsaffiliates/app/dashboard/admin/page.tsx(38,109): error TS7026: JSX element implicitly has type 'any' because no interface 'JSX.IntrinsicElements' exists.
../247gbsaffiliates/app/dashboard/admin/page.tsx(39,21): error TS7026: JSX element implicitly has type 'any' because no interface 'JSX.IntrinsicElements' exists.
../247gbsaffiliates/app/dashboard/admin/page.tsx(40,21): error TS7026: JSX element implicitly has type 'any' because no interface 'JSX.IntrinsicElements' exists.
../247gbsaffiliates/app/dashboard/admin/page.tsx(40,73): error TS7026: JSX element implicitly has type 'any' because no interface 'JSX.IntrinsicElements' exists.
../247gbsaffiliates/app/dashboard/admin/page.tsx(41,17): error TS7026: JSX element implicitly has type 'any' because no interface 'JSX.IntrinsicElements' exists.
../247gbsaffiliates/app/dashboard/admin/page.tsx(42,13): error TS7026: JSX element implicitly has type 'any' because no interface 'JSX.IntrinsicElements' exists.
../247gbsaffiliates/app/dashboard/admin/page.tsx(44,13): error TS7026: JSX element implicitly has type 'any' because no interface 'JSX.IntrinsicElements' exists.
../247gbsaffiliates/app/dashboard/admin/page.tsx(45,17): error TS7026: JSX element implicitly has type 'any' because no interface 'JSX.IntrinsicElements' exists.
../247gbsaffiliates/app/dashboard/admin/page.tsx(46,21): error TS7026: JSX element implicitly has type 'any' because no interface 'JSX.IntrinsicElements' exists.
../247gbsaffiliates/app/dashboard/admin/page.tsx(46,126): error TS7026: JSX element implicitly has type 'any' because no interface 'JSX.IntrinsicElements' exists.
../247gbsaffiliates/app/dashboard/admin/page.tsx(47,21): error TS7026: JSX element implicitly has type 'any' because no interface 'JSX.IntrinsicElements' exists.
../247gbsaffiliates/app/dashboard/admin/page.tsx(49,29): error TS7026: JSX element implicitly has type 'any' because no interface 'JSX.IntrinsicElements' exists.
../247gbsaffiliates/app/dashboard/admin/page.tsx(50,33): error TS7026: JSX element implicitly has type 'any' because no interface 'JSX.IntrinsicElements' exists.
../247gbsaffiliates/app/dashboard/admin/page.tsx(51,37): error TS7026: JSX element implicitly has type 'any' because no interface 'JSX.IntrinsicElements' exists.
../247gbsaffiliates/app/dashboard/admin/page.tsx(51,87): error TS7026: JSX element implicitly has type 'any' because no interface 'JSX.IntrinsicElements' exists.
../247gbsaffiliates/app/dashboard/admin/page.tsx(52,37): error TS7026: JSX element implicitly has type 'any' because no interface 'JSX.IntrinsicElements' exists.
../247gbsaffiliates/app/dashboard/admin/page.tsx(53,41): error TS7026: JSX element implicitly has type 'any' because no interface 'JSX.IntrinsicElements' exists.
../247gbsaffiliates/app/dashboard/admin/page.tsx(53,101): error TS7026: JSX element implicitly has type 'any' because no interface 'JSX.IntrinsicElements' exists.
../247gbsaffiliates/app/dashboard/admin/page.tsx(54,41): error TS7026: JSX element implicitly has type 'any' because no interface 'JSX.IntrinsicElements' exists.
../247gbsaffiliates/app/dashboard/admin/page.tsx(54,95): error TS7026: JSX element implicitly has type 'any' because no interface 'JSX.IntrinsicElements' exists.
../247gbsaffiliates/app/dashboard/admin/page.tsx(55,37): error TS7026: JSX element implicitly has type 'any' because no interface 'JSX.IntrinsicElements' exists.
../247gbsaffiliates/app/dashboard/admin/page.tsx(56,33): error TS7026: JSX element implicitly has type 'any' because no interface 'JSX.IntrinsicElements' exists.
../247gbsaffiliates/app/dashboard/admin/page.tsx(57,33): error TS7026: JSX element implicitly has type 'any' because no interface 'JSX.IntrinsicElements' exists.
../247gbsaffiliates/app/dashboard/admin/page.tsx(57,122): error TS7026: JSX element implicitly has type 'any' because no interface 'JSX.IntrinsicElements' exists.
../247gbsaffiliates/app/dashboard/admin/page.tsx(58,29): error TS7026: JSX element implicitly has type 'any' because no interface 'JSX.IntrinsicElements' exists.
../247gbsaffiliates/app/dashboard/admin/page.tsx(60,21): error TS7026: JSX element implicitly has type 'any' because no interface 'JSX.IntrinsicElements' exists.
../247gbsaffiliates/app/dashboard/admin/page.tsx(61,17): error TS7026: JSX element implicitly has type 'any' because no interface 'JSX.IntrinsicElements' exists.
../247gbsaffiliates/app/dashboard/admin/page.tsx(63,17): error TS7026: JSX element implicitly has type 'any' because no interface 'JSX.IntrinsicElements' exists.
../247gbsaffiliates/app/dashboard/admin/page.tsx(64,21): error TS7026: JSX element implicitly has type 'any' because no interface 'JSX.IntrinsicElements' exists.
../247gbsaffiliates/app/dashboard/admin/page.tsx(64,119): error TS7026: JSX element implicitly has type 'any' because no interface 'JSX.IntrinsicElements' exists.
../247gbsaffiliates/app/dashboard/admin/page.tsx(65,21): error TS7026: JSX element implicitly has type 'any' because no interface 'JSX.IntrinsicElements' exists.
../247gbsaffiliates/app/dashboard/admin/page.tsx(66,25): error TS7026: JSX element implicitly has type 'any' because no interface 'JSX.IntrinsicElements' exists.
../247gbsaffiliates/app/dashboard/admin/page.tsx(67,29): error TS7026: JSX element implicitly has type 'any' because no interface 'JSX.IntrinsicElements' exists.
../247gbsaffiliates/app/dashboard/admin/page.tsx(67,93): error TS7026: JSX element implicitly has type 'any' because no interface 'JSX.IntrinsicElements' exists.
../247gbsaffiliates/app/dashboard/admin/page.tsx(68,29): error TS7026: JSX element implicitly has type 'any' because no interface 'JSX.IntrinsicElements' exists.
../247gbsaffiliates/app/dashboard/admin/page.tsx(69,33): error TS7026: JSX element implicitly has type 'any' because no interface 'JSX.IntrinsicElements' exists.
../247gbsaffiliates/app/dashboard/admin/page.tsx(69,95): error TS7026: JSX element implicitly has type 'any' because no interface 'JSX.IntrinsicElements' exists.
../247gbsaffiliates/app/dashboard/admin/page.tsx(70,33): error TS7026: JSX element implicitly has type 'any' because no interface 'JSX.IntrinsicElements' exists.
../247gbsaffiliates/app/dashboard/admin/page.tsx(70,127): error TS7026: JSX element implicitly has type 'any' because no interface 'JSX.IntrinsicElements' exists.
../247gbsaffiliates/app/dashboard/admin/page.tsx(71,29): error TS7026: JSX element implicitly has type 'any' because no interface 'JSX.IntrinsicElements' exists.
../247gbsaffiliates/app/dashboard/admin/page.tsx(72,25): error TS7026: JSX element implicitly has type 'any' because no interface 'JSX.IntrinsicElements' exists.
../247gbsaffiliates/app/dashboard/admin/page.tsx(73,25): error TS7026: JSX element implicitly has type 'any' because no interface 'JSX.IntrinsicElements' exists.
../247gbsaffiliates/app/dashboard/admin/page.tsx(74,29): error TS7026: JSX element implicitly has type 'any' because no interface 'JSX.IntrinsicElements' exists.
../247gbsaffiliates/app/dashboard/admin/page.tsx(74,102): error TS7026: JSX element implicitly has type 'any' because no interface 'JSX.IntrinsicElements' exists.
../247gbsaffiliates/app/dashboard/admin/page.tsx(75,29): error TS7026: JSX element implicitly has type 'any' because no interface 'JSX.IntrinsicElements' exists.
../247gbsaffiliates/app/dashboard/admin/page.tsx(76,33): error TS7026: JSX element implicitly has type 'any' because no interface 'JSX.IntrinsicElements' exists.
../247gbsaffiliates/app/dashboard/admin/page.tsx(76,109): error TS7026: JSX element implicitly has type 'any' because no interface 'JSX.IntrinsicElements' exists.
../247gbsaffiliates/app/dashboard/admin/page.tsx(77,33): error TS7026: JSX element implicitly has type 'any' because no interface 'JSX.IntrinsicElements' exists.
../247gbsaffiliates/app/dashboard/admin/page.tsx(77,109): error TS7026: JSX element implicitly has type 'any' because no interface 'JSX.IntrinsicElements' exists.
../247gbsaffiliates/app/dashboard/admin/page.tsx(78,29): error TS7026: JSX element implicitly has type 'any' because no interface 'JSX.IntrinsicElements' exists.
../247gbsaffiliates/app/dashboard/admin/page.tsx(79,25): error TS7026: JSX element implicitly has type 'any' because no interface 'JSX.IntrinsicElements' exists.
../247gbsaffiliates/app/dashboard/admin/page.tsx(80,21): error TS7026: JSX element implicitly has type 'any' because no interface 'JSX.IntrinsicElements' exists.
../247gbsaffiliates/app/dashboard/admin/page.tsx(81,17): error TS7026: JSX element implicitly has type 'any' because no interface 'JSX.IntrinsicElements' exists.
../247gbsaffiliates/app/dashboard/admin/page.tsx(82,13): error TS7026: JSX element implicitly has type 'any' because no interface 'JSX.IntrinsicElements' exists.
../247gbsaffiliates/app/dashboard/admin/page.tsx(83,9): error TS7026: JSX element implicitly has type 'any' because no interface 'JSX.IntrinsicElements' exists.
../247gbsaffiliates/app/dashboard/admin/reports/page.tsx(3,19): error TS2307: Cannot find module 'react' or its corresponding type declarations.
../247gbsaffiliates/app/dashboard/admin/reports/page.tsx(7,9): error TS7026: JSX element implicitly has type 'any' because no interface 'JSX.IntrinsicElements' exists.
../247gbsaffiliates/app/dashboard/admin/reports/page.tsx(7,9): error TS2875: This JSX tag requires the module path 'react/jsx-runtime' to exist, but none could be found. Make sure you have types for the appropriate package installed.
../247gbsaffiliates/app/dashboard/admin/reports/page.tsx(8,13): error TS7026: JSX element implicitly has type 'any' because no interface 'JSX.IntrinsicElements' exists.
../247gbsaffiliates/app/dashboard/admin/reports/page.tsx(9,17): error TS7026: JSX element implicitly has type 'any' because no interface 'JSX.IntrinsicElements' exists.
../247gbsaffiliates/app/dashboard/admin/reports/page.tsx(10,21): error TS7026: JSX element implicitly has type 'any' because no interface 'JSX.IntrinsicElements' exists.
../247gbsaffiliates/app/dashboard/admin/reports/page.tsx(10,91): error TS7026: JSX element implicitly has type 'any' because no interface 'JSX.IntrinsicElements' exists.
../247gbsaffiliates/app/dashboard/admin/reports/page.tsx(11,21): error TS7026: JSX element implicitly has type 'any' because no interface 'JSX.IntrinsicElements' exists.
../247gbsaffiliates/app/dashboard/admin/reports/page.tsx(11,103): error TS7026: JSX element implicitly has type 'any' because no interface 'JSX.IntrinsicElements' exists.
../247gbsaffiliates/app/dashboard/admin/reports/page.tsx(12,17): error TS7026: JSX element implicitly has type 'any' because no interface 'JSX.IntrinsicElements' exists.
../247gbsaffiliates/app/dashboard/admin/reports/page.tsx(13,17): error TS7026: JSX element implicitly has type 'any' because no interface 'JSX.IntrinsicElements' exists.
../247gbsaffiliates/app/dashboard/admin/reports/page.tsx(14,21): error TS7026: JSX element implicitly has type 'any' because no interface 'JSX.IntrinsicElements' exists.
../247gbsaffiliates/app/dashboard/admin/reports/page.tsx(15,25): error TS7026: JSX element implicitly has type 'any' because no interface 'JSX.IntrinsicElements' exists.
../247gbsaffiliates/app/dashboard/admin/reports/page.tsx(15,83): error TS7026: JSX element implicitly has type 'any' because no interface 'JSX.IntrinsicElements' exists.
../247gbsaffiliates/app/dashboard/admin/reports/page.tsx(17,21): error TS7026: JSX element implicitly has type 'any' because no interface 'JSX.IntrinsicElements' exists.
../247gbsaffiliates/app/dashboard/admin/reports/page.tsx(18,21): error TS7026: JSX element implicitly has type 'any' because no interface 'JSX.IntrinsicElements' exists.
../247gbsaffiliates/app/dashboard/admin/reports/page.tsx(19,25): error TS7026: JSX element implicitly has type 'any' because no interface 'JSX.IntrinsicElements' exists.
../247gbsaffiliates/app/dashboard/admin/reports/page.tsx(19,77): error TS7026: JSX element implicitly has type 'any' because no interface 'JSX.IntrinsicElements' exists.
../247gbsaffiliates/app/dashboard/admin/reports/page.tsx(21,21): error TS7026: JSX element implicitly has type 'any' because no interface 'JSX.IntrinsicElements' exists.
../247gbsaffiliates/app/dashboard/admin/reports/page.tsx(22,17): error TS7026: JSX element implicitly has type 'any' because no interface 'JSX.IntrinsicElements' exists.
../247gbsaffiliates/app/dashboard/admin/reports/page.tsx(23,13): error TS7026: JSX element implicitly has type 'any' because no interface 'JSX.IntrinsicElements' exists.
../247gbsaffiliates/app/dashboard/admin/reports/page.tsx(25,13): error TS7026: JSX element implicitly has type 'any' because no interface 'JSX.IntrinsicElements' exists.
../247gbsaffiliates/app/dashboard/admin/reports/page.tsx(26,17): error TS7026: JSX element implicitly has type 'any' because no interface 'JSX.IntrinsicElements' exists.
../247gbsaffiliates/app/dashboard/admin/reports/page.tsx(27,21): error TS7026: JSX element implicitly has type 'any' because no interface 'JSX.IntrinsicElements' exists.
../247gbsaffiliates/app/dashboard/admin/reports/page.tsx(28,25): error TS7026: JSX element implicitly has type 'any' because no interface 'JSX.IntrinsicElements' exists.
../247gbsaffiliates/app/dashboard/admin/reports/page.tsx(28,89): error TS7026: JSX element implicitly has type 'any' because no interface 'JSX.IntrinsicElements' exists.
../247gbsaffiliates/app/dashboard/admin/reports/page.tsx(29,21): error TS7026: JSX element implicitly has type 'any' because no interface 'JSX.IntrinsicElements' exists.
../247gbsaffiliates/app/dashboard/admin/reports/page.tsx(30,21): error TS7026: JSX element implicitly has type 'any' because no interface 'JSX.IntrinsicElements' exists.
../247gbsaffiliates/app/dashboard/admin/reports/page.tsx(30,80): error TS7026: JSX element implicitly has type 'any' because no interface 'JSX.IntrinsicElements' exists.
../247gbsaffiliates/app/dashboard/admin/reports/page.tsx(31,21): error TS7026: JSX element implicitly has type 'any' because no interface 'JSX.IntrinsicElements' exists.
../247gbsaffiliates/app/dashboard/admin/reports/page.tsx(31,106): error TS7026: JSX element implicitly has type 'any' because no interface 'JSX.IntrinsicElements' exists.
../247gbsaffiliates/app/dashboard/admin/reports/page.tsx(32,17): error TS7026: JSX element implicitly has type 'any' because no interface 'JSX.IntrinsicElements' exists.
../247gbsaffiliates/app/dashboard/admin/reports/page.tsx(33,17): error TS7026: JSX element implicitly has type 'any' because no interface 'JSX.IntrinsicElements' exists.
../247gbsaffiliates/app/dashboard/admin/reports/page.tsx(34,21): error TS7026: JSX element implicitly has type 'any' because no interface 'JSX.IntrinsicElements' exists.
../247gbsaffiliates/app/dashboard/admin/reports/page.tsx(35,25): error TS7026: JSX element implicitly has type 'any' because no interface 'JSX.IntrinsicElements' exists.
../247gbsaffiliates/app/dashboard/admin/reports/page.tsx(35,90): error TS7026: JSX element implicitly has type 'any' because no interface 'JSX.IntrinsicElements' exists.
../247gbsaffiliates/app/dashboard/admin/reports/page.tsx(36,21): error TS7026: JSX element implicitly has type 'any' because no interface 'JSX.IntrinsicElements' exists.
../247gbsaffiliates/app/dashboard/admin/reports/page.tsx(37,21): error TS7026: JSX element implicitly has type 'any' because no interface 'JSX.IntrinsicElements' exists.
../247gbsaffiliates/app/dashboard/admin/reports/page.tsx(37,82): error TS7026: JSX element implicitly has type 'any' because no interface 'JSX.IntrinsicElements' exists.
../247gbsaffiliates/app/dashboard/admin/reports/page.tsx(38,21): error TS7026: JSX element implicitly has type 'any' because no interface 'JSX.IntrinsicElements' exists.
../247gbsaffiliates/app/dashboard/admin/reports/page.tsx(38,114): error TS7026: JSX element implicitly has type 'any' because no interface 'JSX.IntrinsicElements' exists.
../247gbsaffiliates/app/dashboard/admin/reports/page.tsx(39,17): error TS7026: JSX element implicitly has type 'any' because no interface 'JSX.IntrinsicElements' exists.
../247gbsaffiliates/app/dashboard/admin/reports/page.tsx(40,17): error TS7026: JSX element implicitly has type 'any' because no interface 'JSX.IntrinsicElements' exists.
../247gbsaffiliates/app/dashboard/admin/reports/page.tsx(41,21): error TS7026: JSX element implicitly has type 'any' because no interface 'JSX.IntrinsicElements' exists.
../247gbsaffiliates/app/dashboard/admin/reports/page.tsx(42,25): error TS7026: JSX element implicitly has type 'any' because no interface 'JSX.IntrinsicElements' exists.
../247gbsaffiliates/app/dashboard/admin/reports/page.tsx(42,86): error TS7026: JSX element implicitly has type 'any' because no interface 'JSX.IntrinsicElements' exists.
../247gbsaffiliates/app/dashboard/admin/reports/page.tsx(43,21): error TS7026: JSX element implicitly has type 'any' because no interface 'JSX.IntrinsicElements' exists.
../247gbsaffiliates/app/dashboard/admin/reports/page.tsx(44,21): error TS7026: JSX element implicitly has type 'any' because no interface 'JSX.IntrinsicElements' exists.
../247gbsaffiliates/app/dashboard/admin/reports/page.tsx(44,80): error TS7026: JSX element implicitly has type 'any' because no interface 'JSX.IntrinsicElements' exists.
../247gbsaffiliates/app/dashboard/admin/reports/page.tsx(45,21): error TS7026: JSX element implicitly has type 'any' because no interface 'JSX.IntrinsicElements' exists.
../247gbsaffiliates/app/dashboard/admin/reports/page.tsx(45,107): error TS7026: JSX element implicitly has type 'any' because no interface 'JSX.IntrinsicElements' exists.
../247gbsaffiliates/app/dashboard/admin/reports/page.tsx(46,17): error TS7026: JSX element implicitly has type 'any' because no interface 'JSX.IntrinsicElements' exists.
../247gbsaffiliates/app/dashboard/admin/reports/page.tsx(47,13): error TS7026: JSX element implicitly has type 'any' because no interface 'JSX.IntrinsicElements' exists.
../247gbsaffiliates/app/dashboard/admin/reports/page.tsx(49,13): error TS7026: JSX element implicitly has type 'any' because no interface 'JSX.IntrinsicElements' exists.
../247gbsaffiliates/app/dashboard/admin/reports/page.tsx(50,17): error TS7026: JSX element implicitly has type 'any' because no interface 'JSX.IntrinsicElements' exists.
../247gbsaffiliates/app/dashboard/admin/reports/page.tsx(50,83): error TS7026: JSX element implicitly has type 'any' because no interface 'JSX.IntrinsicElements' exists.
../247gbsaffiliates/app/dashboard/admin/reports/page.tsx(51,17): error TS7026: JSX element implicitly has type 'any' because no interface 'JSX.IntrinsicElements' exists.
../247gbsaffiliates/app/dashboard/admin/reports/page.tsx(53,25): error TS7026: JSX element implicitly has type 'any' because no interface 'JSX.IntrinsicElements' exists.
../247gbsaffiliates/app/dashboard/admin/reports/page.tsx(54,29): error TS7026: JSX element implicitly has type 'any' because no interface 'JSX.IntrinsicElements' exists.
../247gbsaffiliates/app/dashboard/admin/reports/page.tsx(55,33): error TS7026: JSX element implicitly has type 'any' because no interface 'JSX.IntrinsicElements' exists.
../247gbsaffiliates/app/dashboard/admin/reports/page.tsx(55,107): error TS7026: JSX element implicitly has type 'any' because no interface 'JSX.IntrinsicElements' exists.
../247gbsaffiliates/app/dashboard/admin/reports/page.tsx(56,29): error TS7026: JSX element implicitly has type 'any' because no interface 'JSX.IntrinsicElements' exists.
../247gbsaffiliates/app/dashboard/admin/reports/page.tsx(57,29): error TS7026: JSX element implicitly has type 'any' because no interface 'JSX.IntrinsicElements' exists.
../247gbsaffiliates/app/dashboard/admin/reports/page.tsx(58,33): error TS7026: JSX element implicitly has type 'any' because no interface 'JSX.IntrinsicElements' exists.
../247gbsaffiliates/app/dashboard/admin/reports/page.tsx(58,104): error TS7026: JSX element implicitly has type 'any' because no interface 'JSX.IntrinsicElements' exists.
../247gbsaffiliates/app/dashboard/admin/reports/page.tsx(59,33): error TS7026: JSX element implicitly has type 'any' because no interface 'JSX.IntrinsicElements' exists.
../247gbsaffiliates/app/dashboard/admin/reports/page.tsx(59,110): error TS7026: JSX element implicitly has type 'any' because no interface 'JSX.IntrinsicElements' exists.
../247gbsaffiliates/app/dashboard/admin/reports/page.tsx(60,29): error TS7026: JSX element implicitly has type 'any' because no interface 'JSX.IntrinsicElements' exists.
../247gbsaffiliates/app/dashboard/admin/reports/page.tsx(61,29): error TS7026: JSX element implicitly has type 'any' because no interface 'JSX.IntrinsicElements' exists.
../247gbsaffiliates/app/dashboard/admin/reports/page.tsx(61,124): error TS7026: JSX element implicitly has type 'any' because no interface 'JSX.IntrinsicElements' exists.
../247gbsaffiliates/app/dashboard/admin/reports/page.tsx(62,25): error TS7026: JSX element implicitly has type 'any' because no interface 'JSX.IntrinsicElements' exists.
../247gbsaffiliates/app/dashboard/admin/reports/page.tsx(64,17): error TS7026: JSX element implicitly has type 'any' because no interface 'JSX.IntrinsicElements' exists.
../247gbsaffiliates/app/dashboard/admin/reports/page.tsx(65,13): error TS7026: JSX element implicitly has type 'any' because no interface 'JSX.IntrinsicElements' exists.
../247gbsaffiliates/app/dashboard/admin/reports/page.tsx(66,9): error TS7026: JSX element implicitly has type 'any' because no interface 'JSX.IntrinsicElements' exists.
../247gbsaffiliates/app/dashboard/admin/settings/page.tsx(3,19): error TS2307: Cannot find module 'react' or its corresponding type declarations.
../247gbsaffiliates/app/dashboard/admin/settings/page.tsx(5,25): error TS2307: Cannot find module 'react-hook-form' or its corresponding type declarations.
../247gbsaffiliates/app/dashboard/admin/settings/page.tsx(11,9): error TS7026: JSX element implicitly has type 'any' because no interface 'JSX.IntrinsicElements' exists.
../247gbsaffiliates/app/dashboard/admin/settings/page.tsx(11,9): error TS2875: This JSX tag requires the module path 'react/jsx-runtime' to exist, but none could be found. Make sure you have types for the appropriate package installed.
../247gbsaffiliates/app/dashboard/admin/settings/page.tsx(12,13): error TS7026: JSX element implicitly has type 'any' because no interface 'JSX.IntrinsicElements' exists.
../247gbsaffiliates/app/dashboard/admin/settings/page.tsx(13,17): error TS7026: JSX element implicitly has type 'any' because no interface 'JSX.IntrinsicElements' exists.
../247gbsaffiliates/app/dashboard/admin/settings/page.tsx(13,90): error TS7026: JSX element implicitly has type 'any' because no interface 'JSX.IntrinsicElements' exists.
../247gbsaffiliates/app/dashboard/admin/settings/page.tsx(14,17): error TS7026: JSX element implicitly has type 'any' because no interface 'JSX.IntrinsicElements' exists.
../247gbsaffiliates/app/dashboard/admin/settings/page.tsx(14,114): error TS7026: JSX element implicitly has type 'any' because no interface 'JSX.IntrinsicElements' exists.
../247gbsaffiliates/app/dashboard/admin/settings/page.tsx(15,13): error TS7026: JSX element implicitly has type 'any' because no interface 'JSX.IntrinsicElements' exists.
../247gbsaffiliates/app/dashboard/admin/settings/page.tsx(17,13): error TS7026: JSX element implicitly has type 'any' because no interface 'JSX.IntrinsicElements' exists.
../247gbsaffiliates/app/dashboard/admin/settings/page.tsx(18,17): error TS7026: JSX element implicitly has type 'any' because no interface 'JSX.IntrinsicElements' exists.
../247gbsaffiliates/app/dashboard/admin/settings/page.tsx(19,21): error TS7026: JSX element implicitly has type 'any' because no interface 'JSX.IntrinsicElements' exists.
../247gbsaffiliates/app/dashboard/admin/settings/page.tsx(20,25): error TS7026: JSX element implicitly has type 'any' because no interface 'JSX.IntrinsicElements' exists.
../247gbsaffiliates/app/dashboard/admin/settings/page.tsx(20,86): error TS7026: JSX element implicitly has type 'any' because no interface 'JSX.IntrinsicElements' exists.
../247gbsaffiliates/app/dashboard/admin/settings/page.tsx(22,21): error TS7026: JSX element implicitly has type 'any' because no interface 'JSX.IntrinsicElements' exists.
../247gbsaffiliates/app/dashboard/admin/settings/page.tsx(23,21): error TS7026: JSX element implicitly has type 'any' because no interface 'JSX.IntrinsicElements' exists.
../247gbsaffiliates/app/dashboard/admin/settings/page.tsx(24,25): error TS7026: JSX element implicitly has type 'any' because no interface 'JSX.IntrinsicElements' exists.
../247gbsaffiliates/app/dashboard/admin/settings/page.tsx(25,29): error TS7026: JSX element implicitly has type 'any' because no interface 'JSX.IntrinsicElements' exists.
../247gbsaffiliates/app/dashboard/admin/settings/page.tsx(25,90): error TS7026: JSX element implicitly has type 'any' because no interface 'JSX.IntrinsicElements' exists.
../247gbsaffiliates/app/dashboard/admin/settings/page.tsx(26,29): error TS7026: JSX element implicitly has type 'any' because no interface 'JSX.IntrinsicElements' exists.
../247gbsaffiliates/app/dashboard/admin/settings/page.tsx(27,25): error TS7026: JSX element implicitly has type 'any' because no interface 'JSX.IntrinsicElements' exists.
../247gbsaffiliates/app/dashboard/admin/settings/page.tsx(28,25): error TS7026: JSX element implicitly has type 'any' because no interface 'JSX.IntrinsicElements' exists.
../247gbsaffiliates/app/dashboard/admin/settings/page.tsx(29,29): error TS7026: JSX element implicitly has type 'any' because no interface 'JSX.IntrinsicElements' exists.
../247gbsaffiliates/app/dashboard/admin/settings/page.tsx(29,94): error TS7026: JSX element implicitly has type 'any' because no interface 'JSX.IntrinsicElements' exists.
../247gbsaffiliates/app/dashboard/admin/settings/page.tsx(30,29): error TS7026: JSX element implicitly has type 'any' because no interface 'JSX.IntrinsicElements' exists.
../247gbsaffiliates/app/dashboard/admin/settings/page.tsx(31,25): error TS7026: JSX element implicitly has type 'any' because no interface 'JSX.IntrinsicElements' exists.
../247gbsaffiliates/app/dashboard/admin/settings/page.tsx(32,21): error TS7026: JSX element implicitly has type 'any' because no interface 'JSX.IntrinsicElements' exists.
../247gbsaffiliates/app/dashboard/admin/settings/page.tsx(33,17): error TS7026: JSX element implicitly has type 'any' because no interface 'JSX.IntrinsicElements' exists.
../247gbsaffiliates/app/dashboard/admin/settings/page.tsx(35,17): error TS7026: JSX element implicitly has type 'any' because no interface 'JSX.IntrinsicElements' exists.
../247gbsaffiliates/app/dashboard/admin/settings/page.tsx(36,21): error TS7026: JSX element implicitly has type 'any' because no interface 'JSX.IntrinsicElements' exists.
../247gbsaffiliates/app/dashboard/admin/settings/page.tsx(37,25): error TS7026: JSX element implicitly has type 'any' because no interface 'JSX.IntrinsicElements' exists.
../247gbsaffiliates/app/dashboard/admin/settings/page.tsx(37,90): error TS7026: JSX element implicitly has type 'any' because no interface 'JSX.IntrinsicElements' exists.
../247gbsaffiliates/app/dashboard/admin/settings/page.tsx(39,21): error TS7026: JSX element implicitly has type 'any' because no interface 'JSX.IntrinsicElements' exists.
../247gbsaffiliates/app/dashboard/admin/settings/page.tsx(40,21): error TS7026: JSX element implicitly has type 'any' because no interface 'JSX.IntrinsicElements' exists.
../247gbsaffiliates/app/dashboard/admin/settings/page.tsx(41,25): error TS7026: JSX element implicitly has type 'any' because no interface 'JSX.IntrinsicElements' exists.
../247gbsaffiliates/app/dashboard/admin/settings/page.tsx(42,29): error TS7026: JSX element implicitly has type 'any' because no interface 'JSX.IntrinsicElements' exists.
../247gbsaffiliates/app/dashboard/admin/settings/page.tsx(43,33): error TS7026: JSX element implicitly has type 'any' because no interface 'JSX.IntrinsicElements' exists.
../247gbsaffiliates/app/dashboard/admin/settings/page.tsx(43,132): error TS7026: JSX element implicitly has type 'any' because no interface 'JSX.IntrinsicElements' exists.
../247gbsaffiliates/app/dashboard/admin/settings/page.tsx(44,33): error TS7026: JSX element implicitly has type 'any' because no interface 'JSX.IntrinsicElements' exists.
../247gbsaffiliates/app/dashboard/admin/settings/page.tsx(44,114): error TS7026: JSX element implicitly has type 'any' because no interface 'JSX.IntrinsicElements' exists.
../247gbsaffiliates/app/dashboard/admin/settings/page.tsx(45,29): error TS7026: JSX element implicitly has type 'any' because no interface 'JSX.IntrinsicElements' exists.
../247gbsaffiliates/app/dashboard/admin/settings/page.tsx(46,29): error TS7026: JSX element implicitly has type 'any' because no interface 'JSX.IntrinsicElements' exists.
../247gbsaffiliates/app/dashboard/admin/settings/page.tsx(47,33): error TS7026: JSX element implicitly has type 'any' because no interface 'JSX.IntrinsicElements' exists.
../247gbsaffiliates/app/dashboard/admin/settings/page.tsx(47,111): error TS7026: JSX element implicitly has type 'any' because no interface 'JSX.IntrinsicElements' exists.
../247gbsaffiliates/app/dashboard/admin/settings/page.tsx(48,29): error TS7026: JSX element implicitly has type 'any' because no interface 'JSX.IntrinsicElements' exists.
../247gbsaffiliates/app/dashboard/admin/settings/page.tsx(49,25): error TS7026: JSX element implicitly has type 'any' because no interface 'JSX.IntrinsicElements' exists.
../247gbsaffiliates/app/dashboard/admin/settings/page.tsx(50,25): error TS7026: JSX element implicitly has type 'any' because no interface 'JSX.IntrinsicElements' exists.
../247gbsaffiliates/app/dashboard/admin/settings/page.tsx(51,29): error TS7026: JSX element implicitly has type 'any' because no interface 'JSX.IntrinsicElements' exists.
../247gbsaffiliates/app/dashboard/admin/settings/page.tsx(52,33): error TS7026: JSX element implicitly has type 'any' because no interface 'JSX.IntrinsicElements' exists.
../247gbsaffiliates/app/dashboard/admin/settings/page.tsx(52,137): error TS7026: JSX element implicitly has type 'any' because no interface 'JSX.IntrinsicElements' exists.
../247gbsaffiliates/app/dashboard/admin/settings/page.tsx(53,33): error TS7026: JSX element implicitly has type 'any' because no interface 'JSX.IntrinsicElements' exists.
../247gbsaffiliates/app/dashboard/admin/settings/page.tsx(53,97): error TS7026: JSX element implicitly has type 'any' because no interface 'JSX.IntrinsicElements' exists.
../247gbsaffiliates/app/dashboard/admin/settings/page.tsx(54,29): error TS7026: JSX element implicitly has type 'any' because no interface 'JSX.IntrinsicElements' exists.
../247gbsaffiliates/app/dashboard/admin/settings/page.tsx(55,29): error TS7026: JSX element implicitly has type 'any' because no interface 'JSX.IntrinsicElements' exists.
../247gbsaffiliates/app/dashboard/admin/settings/page.tsx(56,33): error TS7026: JSX element implicitly has type 'any' because no interface 'JSX.IntrinsicElements' exists.
../247gbsaffiliates/app/dashboard/admin/settings/page.tsx(56,112): error TS7026: JSX element implicitly has type 'any' because no interface 'JSX.IntrinsicElements' exists.
../247gbsaffiliates/app/dashboard/admin/settings/page.tsx(57,29): error TS7026: JSX element implicitly has type 'any' because no interface 'JSX.IntrinsicElements' exists.
../247gbsaffiliates/app/dashboard/admin/settings/page.tsx(58,25): error TS7026: JSX element implicitly has type 'any' because no interface 'JSX.IntrinsicElements' exists.
../247gbsaffiliates/app/dashboard/admin/settings/page.tsx(59,21): error TS7026: JSX element implicitly has type 'any' because no interface 'JSX.IntrinsicElements' exists.
../247gbsaffiliates/app/dashboard/admin/settings/page.tsx(60,17): error TS7026: JSX element implicitly has type 'any' because no interface 'JSX.IntrinsicElements' exists.
../247gbsaffiliates/app/dashboard/admin/settings/page.tsx(62,17): error TS7026: JSX element implicitly has type 'any' because no interface 'JSX.IntrinsicElements' exists.
../247gbsaffiliates/app/dashboard/admin/settings/page.tsx(63,21): error TS7026: JSX element implicitly has type 'any' because no interface 'JSX.IntrinsicElements' exists.
../247gbsaffiliates/app/dashboard/admin/settings/page.tsx(65,21): error TS7026: JSX element implicitly has type 'any' because no interface 'JSX.IntrinsicElements' exists.
../247gbsaffiliates/app/dashboard/admin/settings/page.tsx(66,17): error TS7026: JSX element implicitly has type 'any' because no interface 'JSX.IntrinsicElements' exists.
../247gbsaffiliates/app/dashboard/admin/settings/page.tsx(67,13): error TS7026: JSX element implicitly has type 'any' because no interface 'JSX.IntrinsicElements' exists.
../247gbsaffiliates/app/dashboard/admin/settings/page.tsx(68,9): error TS7026: JSX element implicitly has type 'any' because no interface 'JSX.IntrinsicElements' exists.
../247gbsaffiliates/app/dashboard/admin/users/page.tsx(3,33): error TS2307: Cannot find module 'react' or its corresponding type declarations.
../247gbsaffiliates/app/dashboard/admin/users/page.tsx(23,9): error TS7026: JSX element implicitly has type 'any' because no interface 'JSX.IntrinsicElements' exists.
../247gbsaffiliates/app/dashboard/admin/users/page.tsx(23,9): error TS2875: This JSX tag requires the module path 'react/jsx-runtime' to exist, but none could be found. Make sure you have types for the appropriate package installed.
../247gbsaffiliates/app/dashboard/admin/users/page.tsx(24,13): error TS7026: JSX element implicitly has type 'any' because no interface 'JSX.IntrinsicElements' exists.
../247gbsaffiliates/app/dashboard/admin/users/page.tsx(25,17): error TS7026: JSX element implicitly has type 'any' because no interface 'JSX.IntrinsicElements' exists.
../247gbsaffiliates/app/dashboard/admin/users/page.tsx(26,21): error TS7026: JSX element implicitly has type 'any' because no interface 'JSX.IntrinsicElements' exists.
../247gbsaffiliates/app/dashboard/admin/users/page.tsx(26,92): error TS7026: JSX element implicitly has type 'any' because no interface 'JSX.IntrinsicElements' exists.
../247gbsaffiliates/app/dashboard/admin/users/page.tsx(27,21): error TS7026: JSX element implicitly has type 'any' because no interface 'JSX.IntrinsicElements' exists.
../247gbsaffiliates/app/dashboard/admin/users/page.tsx(27,116): error TS7026: JSX element implicitly has type 'any' because no interface 'JSX.IntrinsicElements' exists.
../247gbsaffiliates/app/dashboard/admin/users/page.tsx(28,17): error TS7026: JSX element implicitly has type 'any' because no interface 'JSX.IntrinsicElements' exists.
../247gbsaffiliates/app/dashboard/admin/users/page.tsx(29,17): error TS7026: JSX element implicitly has type 'any' because no interface 'JSX.IntrinsicElements' exists.
../247gbsaffiliates/app/dashboard/admin/users/page.tsx(30,21): error TS7026: JSX element implicitly has type 'any' because no interface 'JSX.IntrinsicElements' exists.
../247gbsaffiliates/app/dashboard/admin/users/page.tsx(31,25): error TS7026: JSX element implicitly has type 'any' because no interface 'JSX.IntrinsicElements' exists.
../247gbsaffiliates/app/dashboard/admin/users/page.tsx(31,131): error TS7026: JSX element implicitly has type 'any' because no interface 'JSX.IntrinsicElements' exists.
../247gbsaffiliates/app/dashboard/admin/users/page.tsx(32,25): error TS7026: JSX element implicitly has type 'any' because no interface 'JSX.IntrinsicElements' exists.
../247gbsaffiliates/app/dashboard/admin/users/page.tsx(37,40): error TS7006: Parameter 'e' implicitly has an 'any' type.
../247gbsaffiliates/app/dashboard/admin/users/page.tsx(39,21): error TS7026: JSX element implicitly has type 'any' because no interface 'JSX.IntrinsicElements' exists.
../247gbsaffiliates/app/dashboard/admin/users/page.tsx(40,21): error TS7026: JSX element implicitly has type 'any' because no interface 'JSX.IntrinsicElements' exists.
../247gbsaffiliates/app/dashboard/admin/users/page.tsx(41,25): error TS7026: JSX element implicitly has type 'any' because no interface 'JSX.IntrinsicElements' exists.
../247gbsaffiliates/app/dashboard/admin/users/page.tsx(41,72): error TS7026: JSX element implicitly has type 'any' because no interface 'JSX.IntrinsicElements' exists.
../247gbsaffiliates/app/dashboard/admin/users/page.tsx(43,21): error TS7026: JSX element implicitly has type 'any' because no interface 'JSX.IntrinsicElements' exists.
../247gbsaffiliates/app/dashboard/admin/users/page.tsx(44,17): error TS7026: JSX element implicitly has type 'any' because no interface 'JSX.IntrinsicElements' exists.
../247gbsaffiliates/app/dashboard/admin/users/page.tsx(45,13): error TS7026: JSX element implicitly has type 'any' because no interface 'JSX.IntrinsicElements' exists.
../247gbsaffiliates/app/dashboard/admin/users/page.tsx(47,13): error TS7026: JSX element implicitly has type 'any' because no interface 'JSX.IntrinsicElements' exists.
../247gbsaffiliates/app/dashboard/admin/users/page.tsx(48,17): error TS7026: JSX element implicitly has type 'any' because no interface 'JSX.IntrinsicElements' exists.
../247gbsaffiliates/app/dashboard/admin/users/page.tsx(49,21): error TS7026: JSX element implicitly has type 'any' because no interface 'JSX.IntrinsicElements' exists.
../247gbsaffiliates/app/dashboard/admin/users/page.tsx(50,25): error TS7026: JSX element implicitly has type 'any' because no interface 'JSX.IntrinsicElements' exists.
../247gbsaffiliates/app/dashboard/admin/users/page.tsx(51,29): error TS7026: JSX element implicitly has type 'any' because no interface 'JSX.IntrinsicElements' exists.
../247gbsaffiliates/app/dashboard/admin/users/page.tsx(52,33): error TS7026: JSX element implicitly has type 'any' because no interface 'JSX.IntrinsicElements' exists.
../247gbsaffiliates/app/dashboard/admin/users/page.tsx(52,132): error TS7026: JSX element implicitly has type 'any' because no interface 'JSX.IntrinsicElements' exists.
../247gbsaffiliates/app/dashboard/admin/users/page.tsx(53,33): error TS7026: JSX element implicitly has type 'any' because no interface 'JSX.IntrinsicElements' exists.
../247gbsaffiliates/app/dashboard/admin/users/page.tsx(53,132): error TS7026: JSX element implicitly has type 'any' because no interface 'JSX.IntrinsicElements' exists.
../247gbsaffiliates/app/dashboard/admin/users/page.tsx(54,33): error TS7026: JSX element implicitly has type 'any' because no interface 'JSX.IntrinsicElements' exists.
../247gbsaffiliates/app/dashboard/admin/users/page.tsx(54,134): error TS7026: JSX element implicitly has type 'any' because no interface 'JSX.IntrinsicElements' exists.
../247gbsaffiliates/app/dashboard/admin/users/page.tsx(55,33): error TS7026: JSX element implicitly has type 'any' because no interface 'JSX.IntrinsicElements' exists.
../247gbsaffiliates/app/dashboard/admin/users/page.tsx(55,134): error TS7026: JSX element implicitly has type 'any' because no interface 'JSX.IntrinsicElements' exists.
../247gbsaffiliates/app/dashboard/admin/users/page.tsx(56,33): error TS7026: JSX element implicitly has type 'any' because no interface 'JSX.IntrinsicElements' exists.
../247gbsaffiliates/app/dashboard/admin/users/page.tsx(56,136): error TS7026: JSX element implicitly has type 'any' because no interface 'JSX.IntrinsicElements' exists.
../247gbsaffiliates/app/dashboard/admin/users/page.tsx(57,29): error TS7026: JSX element implicitly has type 'any' because no interface 'JSX.IntrinsicElements' exists.
../247gbsaffiliates/app/dashboard/admin/users/page.tsx(58,25): error TS7026: JSX element implicitly has type 'any' because no interface 'JSX.IntrinsicElements' exists.
../247gbsaffiliates/app/dashboard/admin/users/page.tsx(59,25): error TS7026: JSX element implicitly has type 'any' because no interface 'JSX.IntrinsicElements' exists.
../247gbsaffiliates/app/dashboard/admin/users/page.tsx(61,33): error TS7026: JSX element implicitly has type 'any' because no interface 'JSX.IntrinsicElements' exists.
../247gbsaffiliates/app/dashboard/admin/users/page.tsx(62,37): error TS7026: JSX element implicitly has type 'any' because no interface 'JSX.IntrinsicElements' exists.
../247gbsaffiliates/app/dashboard/admin/users/page.tsx(63,41): error TS7026: JSX element implicitly has type 'any' because no interface 'JSX.IntrinsicElements' exists.
../247gbsaffiliates/app/dashboard/admin/users/page.tsx(64,45): error TS7026: JSX element implicitly has type 'any' because no interface 'JSX.IntrinsicElements' exists.
../247gbsaffiliates/app/dashboard/admin/users/page.tsx(66,45): error TS7026: JSX element implicitly has type 'any' because no interface 'JSX.IntrinsicElements' exists.
../247gbsaffiliates/app/dashboard/admin/users/page.tsx(67,45): error TS7026: JSX element implicitly has type 'any' because no interface 'JSX.IntrinsicElements' exists.
../247gbsaffiliates/app/dashboard/admin/users/page.tsx(68,49): error TS7026: JSX element implicitly has type 'any' because no interface 'JSX.IntrinsicElements' exists.
../247gbsaffiliates/app/dashboard/admin/users/page.tsx(68,108): error TS7026: JSX element implicitly has type 'any' because no interface 'JSX.IntrinsicElements' exists.
../247gbsaffiliates/app/dashboard/admin/users/page.tsx(69,49): error TS7026: JSX element implicitly has type 'any' because no interface 'JSX.IntrinsicElements' exists.
../247gbsaffiliates/app/dashboard/admin/users/page.tsx(69,99): error TS7026: JSX element implicitly has type 'any' because no interface 'JSX.IntrinsicElements' exists.
../247gbsaffiliates/app/dashboard/admin/users/page.tsx(70,45): error TS7026: JSX element implicitly has type 'any' because no interface 'JSX.IntrinsicElements' exists.
../247gbsaffiliates/app/dashboard/admin/users/page.tsx(71,41): error TS7026: JSX element implicitly has type 'any' because no interface 'JSX.IntrinsicElements' exists.
../247gbsaffiliates/app/dashboard/admin/users/page.tsx(72,37): error TS7026: JSX element implicitly has type 'any' because no interface 'JSX.IntrinsicElements' exists.
../247gbsaffiliates/app/dashboard/admin/users/page.tsx(73,37): error TS7026: JSX element implicitly has type 'any' because no interface 'JSX.IntrinsicElements' exists.
../247gbsaffiliates/app/dashboard/admin/users/page.tsx(74,41): error TS7026: JSX element implicitly has type 'any' because no interface 'JSX.IntrinsicElements' exists.
../247gbsaffiliates/app/dashboard/admin/users/page.tsx(76,41): error TS7026: JSX element implicitly has type 'any' because no interface 'JSX.IntrinsicElements' exists.
../247gbsaffiliates/app/dashboard/admin/users/page.tsx(77,37): error TS7026: JSX element implicitly has type 'any' because no interface 'JSX.IntrinsicElements' exists.
../247gbsaffiliates/app/dashboard/admin/users/page.tsx(78,37): error TS7026: JSX element implicitly has type 'any' because no interface 'JSX.IntrinsicElements' exists.
../247gbsaffiliates/app/dashboard/admin/users/page.tsx(79,41): error TS7026: JSX element implicitly has type 'any' because no interface 'JSX.IntrinsicElements' exists.
../247gbsaffiliates/app/dashboard/admin/users/page.tsx(84,45): error TS7026: JSX element implicitly has type 'any' because no interface 'JSX.IntrinsicElements' exists.
../247gbsaffiliates/app/dashboard/admin/users/page.tsx(88,53): error TS7026: JSX element implicitly has type 'any' because no interface 'JSX.IntrinsicElements' exists.
../247gbsaffiliates/app/dashboard/admin/users/page.tsx(90,41): error TS7026: JSX element implicitly has type 'any' because no interface 'JSX.IntrinsicElements' exists.
../247gbsaffiliates/app/dashboard/admin/users/page.tsx(91,37): error TS7026: JSX element implicitly has type 'any' because no interface 'JSX.IntrinsicElements' exists.
../247gbsaffiliates/app/dashboard/admin/users/page.tsx(92,37): error TS7026: JSX element implicitly has type 'any' because no interface 'JSX.IntrinsicElements' exists.
../247gbsaffiliates/app/dashboard/admin/users/page.tsx(94,37): error TS7026: JSX element implicitly has type 'any' because no interface 'JSX.IntrinsicElements' exists.
../247gbsaffiliates/app/dashboard/admin/users/page.tsx(95,37): error TS7026: JSX element implicitly has type 'any' because no interface 'JSX.IntrinsicElements' exists.
../247gbsaffiliates/app/dashboard/admin/users/page.tsx(96,41): error TS7026: JSX element implicitly has type 'any' because no interface 'JSX.IntrinsicElements' exists.
../247gbsaffiliates/app/dashboard/admin/users/page.tsx(97,45): error TS7026: JSX element implicitly has type 'any' because no interface 'JSX.IntrinsicElements' exists.
../247gbsaffiliates/app/dashboard/admin/users/page.tsx(97,106): error TS7026: JSX element implicitly has type 'any' because no interface 'JSX.IntrinsicElements' exists.
../247gbsaffiliates/app/dashboard/admin/users/page.tsx(98,41): error TS7026: JSX element implicitly has type 'any' because no interface 'JSX.IntrinsicElements' exists.
../247gbsaffiliates/app/dashboard/admin/users/page.tsx(99,37): error TS7026: JSX element implicitly has type 'any' because no interface 'JSX.IntrinsicElements' exists.
../247gbsaffiliates/app/dashboard/admin/users/page.tsx(100,33): error TS7026: JSX element implicitly has type 'any' because no interface 'JSX.IntrinsicElements' exists.
../247gbsaffiliates/app/dashboard/admin/users/page.tsx(102,25): error TS7026: JSX element implicitly has type 'any' because no interface 'JSX.IntrinsicElements' exists.
../247gbsaffiliates/app/dashboard/admin/users/page.tsx(103,21): error TS7026: JSX element implicitly has type 'any' because no interface 'JSX.IntrinsicElements' exists.
../247gbsaffiliates/app/dashboard/admin/users/page.tsx(104,17): error TS7026: JSX element implicitly has type 'any' because no interface 'JSX.IntrinsicElements' exists.
../247gbsaffiliates/app/dashboard/admin/users/page.tsx(105,13): error TS7026: JSX element implicitly has type 'any' because no interface 'JSX.IntrinsicElements' exists.
../247gbsaffiliates/app/dashboard/admin/users/page.tsx(106,9): error TS7026: JSX element implicitly has type 'any' because no interface 'JSX.IntrinsicElements' exists.
../247gbsaffiliates/app/dashboard/agent/earnings/page.tsx(3,19): error TS2307: Cannot find module 'react' or its corresponding type declarations.
../247gbsaffiliates/app/dashboard/agent/earnings/page.tsx(7,9): error TS7026: JSX element implicitly has type 'any' because no interface 'JSX.IntrinsicElements' exists.
../247gbsaffiliates/app/dashboard/agent/earnings/page.tsx(7,9): error TS2875: This JSX tag requires the module path 'react/jsx-runtime' to exist, but none could be found. Make sure you have types for the appropriate package installed.
../247gbsaffiliates/app/dashboard/agent/earnings/page.tsx(8,13): error TS7026: JSX element implicitly has type 'any' because no interface 'JSX.IntrinsicElements' exists.
../247gbsaffiliates/app/dashboard/agent/earnings/page.tsx(9,17): error TS7026: JSX element implicitly has type 'any' because no interface 'JSX.IntrinsicElements' exists.
../247gbsaffiliates/app/dashboard/agent/earnings/page.tsx(9,83): error TS7026: JSX element implicitly has type 'any' because no interface 'JSX.IntrinsicElements' exists.
../247gbsaffiliates/app/dashboard/agent/earnings/page.tsx(10,17): error TS7026: JSX element implicitly has type 'any' because no interface 'JSX.IntrinsicElements' exists.
../247gbsaffiliates/app/dashboard/agent/earnings/page.tsx(10,108): error TS7026: JSX element implicitly has type 'any' because no interface 'JSX.IntrinsicElements' exists.
../247gbsaffiliates/app/dashboard/agent/earnings/page.tsx(11,13): error TS7026: JSX element implicitly has type 'any' because no interface 'JSX.IntrinsicElements' exists.
../247gbsaffiliates/app/dashboard/agent/earnings/page.tsx(13,13): error TS7026: JSX element implicitly has type 'any' because no interface 'JSX.IntrinsicElements' exists.
../247gbsaffiliates/app/dashboard/agent/earnings/page.tsx(14,17): error TS7026: JSX element implicitly has type 'any' because no interface 'JSX.IntrinsicElements' exists.
../247gbsaffiliates/app/dashboard/agent/earnings/page.tsx(15,21): error TS7026: JSX element implicitly has type 'any' because no interface 'JSX.IntrinsicElements' exists.
../247gbsaffiliates/app/dashboard/agent/earnings/page.tsx(16,25): error TS7026: JSX element implicitly has type 'any' because no interface 'JSX.IntrinsicElements' exists.
../247gbsaffiliates/app/dashboard/agent/earnings/page.tsx(16,117): error TS7026: JSX element implicitly has type 'any' because no interface 'JSX.IntrinsicElements' exists.
../247gbsaffiliates/app/dashboard/agent/earnings/page.tsx(17,25): error TS7026: JSX element implicitly has type 'any' because no interface 'JSX.IntrinsicElements' exists.
../247gbsaffiliates/app/dashboard/agent/earnings/page.tsx(17,75): error TS7026: JSX element implicitly has type 'any' because no interface 'JSX.IntrinsicElements' exists.
../247gbsaffiliates/app/dashboard/agent/earnings/page.tsx(18,25): error TS7026: JSX element implicitly has type 'any' because no interface 'JSX.IntrinsicElements' exists.
../247gbsaffiliates/app/dashboard/agent/earnings/page.tsx(19,29): error TS7026: JSX element implicitly has type 'any' because no interface 'JSX.IntrinsicElements' exists.
../247gbsaffiliates/app/dashboard/agent/earnings/page.tsx(21,29): error TS7026: JSX element implicitly has type 'any' because no interface 'JSX.IntrinsicElements' exists.
../247gbsaffiliates/app/dashboard/agent/earnings/page.tsx(22,29): error TS7026: JSX element implicitly has type 'any' because no interface 'JSX.IntrinsicElements' exists.
../247gbsaffiliates/app/dashboard/agent/earnings/page.tsx(24,29): error TS7026: JSX element implicitly has type 'any' because no interface 'JSX.IntrinsicElements' exists.
../247gbsaffiliates/app/dashboard/agent/earnings/page.tsx(25,25): error TS7026: JSX element implicitly has type 'any' because no interface 'JSX.IntrinsicElements' exists.
../247gbsaffiliates/app/dashboard/agent/earnings/page.tsx(26,21): error TS7026: JSX element implicitly has type 'any' because no interface 'JSX.IntrinsicElements' exists.
../247gbsaffiliates/app/dashboard/agent/earnings/page.tsx(27,21): error TS7026: JSX element implicitly has type 'any' because no interface 'JSX.IntrinsicElements' exists.
../247gbsaffiliates/app/dashboard/agent/earnings/page.tsx(27,110): error TS7026: JSX element implicitly has type 'any' because no interface 'JSX.IntrinsicElements' exists.
../247gbsaffiliates/app/dashboard/agent/earnings/page.tsx(28,17): error TS7026: JSX element implicitly has type 'any' because no interface 'JSX.IntrinsicElements' exists.
../247gbsaffiliates/app/dashboard/agent/earnings/page.tsx(30,17): error TS7026: JSX element implicitly has type 'any' because no interface 'JSX.IntrinsicElements' exists.
../247gbsaffiliates/app/dashboard/agent/earnings/page.tsx(31,21): error TS7026: JSX element implicitly has type 'any' because no interface 'JSX.IntrinsicElements' exists.
../247gbsaffiliates/app/dashboard/agent/earnings/page.tsx(31,91): error TS7026: JSX element implicitly has type 'any' because no interface 'JSX.IntrinsicElements' exists.
../247gbsaffiliates/app/dashboard/agent/earnings/page.tsx(32,21): error TS7026: JSX element implicitly has type 'any' because no interface 'JSX.IntrinsicElements' exists.
../247gbsaffiliates/app/dashboard/agent/earnings/page.tsx(33,25): error TS7026: JSX element implicitly has type 'any' because no interface 'JSX.IntrinsicElements' exists.
../247gbsaffiliates/app/dashboard/agent/earnings/page.tsx(34,29): error TS7026: JSX element implicitly has type 'any' because no interface 'JSX.IntrinsicElements' exists.
../247gbsaffiliates/app/dashboard/agent/earnings/page.tsx(34,102): error TS7026: JSX element implicitly has type 'any' because no interface 'JSX.IntrinsicElements' exists.
../247gbsaffiliates/app/dashboard/agent/earnings/page.tsx(35,29): error TS7026: JSX element implicitly has type 'any' because no interface 'JSX.IntrinsicElements' exists.
../247gbsaffiliates/app/dashboard/agent/earnings/page.tsx(35,82): error TS7026: JSX element implicitly has type 'any' because no interface 'JSX.IntrinsicElements' exists.
../247gbsaffiliates/app/dashboard/agent/earnings/page.tsx(36,25): error TS7026: JSX element implicitly has type 'any' because no interface 'JSX.IntrinsicElements' exists.
../247gbsaffiliates/app/dashboard/agent/earnings/page.tsx(37,25): error TS7026: JSX element implicitly has type 'any' because no interface 'JSX.IntrinsicElements' exists.
../247gbsaffiliates/app/dashboard/agent/earnings/page.tsx(38,29): error TS7026: JSX element implicitly has type 'any' because no interface 'JSX.IntrinsicElements' exists.
../247gbsaffiliates/app/dashboard/agent/earnings/page.tsx(38,89): error TS7026: JSX element implicitly has type 'any' because no interface 'JSX.IntrinsicElements' exists.
../247gbsaffiliates/app/dashboard/agent/earnings/page.tsx(39,25): error TS7026: JSX element implicitly has type 'any' because no interface 'JSX.IntrinsicElements' exists.
../247gbsaffiliates/app/dashboard/agent/earnings/page.tsx(40,25): error TS7026: JSX element implicitly has type 'any' because no interface 'JSX.IntrinsicElements' exists.
../247gbsaffiliates/app/dashboard/agent/earnings/page.tsx(41,29): error TS7026: JSX element implicitly has type 'any' because no interface 'JSX.IntrinsicElements' exists.
../247gbsaffiliates/app/dashboard/agent/earnings/page.tsx(41,99): error TS7026: JSX element implicitly has type 'any' because no interface 'JSX.IntrinsicElements' exists.
../247gbsaffiliates/app/dashboard/agent/earnings/page.tsx(42,29): error TS7026: JSX element implicitly has type 'any' because no interface 'JSX.IntrinsicElements' exists.
../247gbsaffiliates/app/dashboard/agent/earnings/page.tsx(42,87): error TS7026: JSX element implicitly has type 'any' because no interface 'JSX.IntrinsicElements' exists.
../247gbsaffiliates/app/dashboard/agent/earnings/page.tsx(43,25): error TS7026: JSX element implicitly has type 'any' because no interface 'JSX.IntrinsicElements' exists.
../247gbsaffiliates/app/dashboard/agent/earnings/page.tsx(44,25): error TS7026: JSX element implicitly has type 'any' because no interface 'JSX.IntrinsicElements' exists.
../247gbsaffiliates/app/dashboard/agent/earnings/page.tsx(45,29): error TS7026: JSX element implicitly has type 'any' because no interface 'JSX.IntrinsicElements' exists.
../247gbsaffiliates/app/dashboard/agent/earnings/page.tsx(45,91): error TS7026: JSX element implicitly has type 'any' because no interface 'JSX.IntrinsicElements' exists.
../247gbsaffiliates/app/dashboard/agent/earnings/page.tsx(46,25): error TS7026: JSX element implicitly has type 'any' because no interface 'JSX.IntrinsicElements' exists.
../247gbsaffiliates/app/dashboard/agent/earnings/page.tsx(47,21): error TS7026: JSX element implicitly has type 'any' because no interface 'JSX.IntrinsicElements' exists.
../247gbsaffiliates/app/dashboard/agent/earnings/page.tsx(48,17): error TS7026: JSX element implicitly has type 'any' because no interface 'JSX.IntrinsicElements' exists.
../247gbsaffiliates/app/dashboard/agent/earnings/page.tsx(49,13): error TS7026: JSX element implicitly has type 'any' because no interface 'JSX.IntrinsicElements' exists.
../247gbsaffiliates/app/dashboard/agent/earnings/page.tsx(51,13): error TS7026: JSX element implicitly has type 'any' because no interface 'JSX.IntrinsicElements' exists.
../247gbsaffiliates/app/dashboard/agent/earnings/page.tsx(51,86): error TS7026: JSX element implicitly has type 'any' because no interface 'JSX.IntrinsicElements' exists.
../247gbsaffiliates/app/dashboard/agent/earnings/page.tsx(52,13): error TS7026: JSX element implicitly has type 'any' because no interface 'JSX.IntrinsicElements' exists.
../247gbsaffiliates/app/dashboard/agent/earnings/page.tsx(53,17): error TS7026: JSX element implicitly has type 'any' because no interface 'JSX.IntrinsicElements' exists.
../247gbsaffiliates/app/dashboard/agent/earnings/page.tsx(55,25): error TS7026: JSX element implicitly has type 'any' because no interface 'JSX.IntrinsicElements' exists.
../247gbsaffiliates/app/dashboard/agent/earnings/page.tsx(56,29): error TS7026: JSX element implicitly has type 'any' because no interface 'JSX.IntrinsicElements' exists.
../247gbsaffiliates/app/dashboard/agent/earnings/page.tsx(57,33): error TS7026: JSX element implicitly has type 'any' because no interface 'JSX.IntrinsicElements' exists.
../247gbsaffiliates/app/dashboard/agent/earnings/page.tsx(58,37): error TS7026: JSX element implicitly has type 'any' because no interface 'JSX.IntrinsicElements' exists.
../247gbsaffiliates/app/dashboard/agent/earnings/page.tsx(58,95): error TS7026: JSX element implicitly has type 'any' because no interface 'JSX.IntrinsicElements' exists.
../247gbsaffiliates/app/dashboard/agent/earnings/page.tsx(59,33): error TS7026: JSX element implicitly has type 'any' because no interface 'JSX.IntrinsicElements' exists.
../247gbsaffiliates/app/dashboard/agent/earnings/page.tsx(60,33): error TS7026: JSX element implicitly has type 'any' because no interface 'JSX.IntrinsicElements' exists.
../247gbsaffiliates/app/dashboard/agent/earnings/page.tsx(61,37): error TS7026: JSX element implicitly has type 'any' because no interface 'JSX.IntrinsicElements' exists.
../247gbsaffiliates/app/dashboard/agent/earnings/page.tsx(61,97): error TS7026: JSX element implicitly has type 'any' because no interface 'JSX.IntrinsicElements' exists.
../247gbsaffiliates/app/dashboard/agent/earnings/page.tsx(62,37): error TS7026: JSX element implicitly has type 'any' because no interface 'JSX.IntrinsicElements' exists.
../247gbsaffiliates/app/dashboard/agent/earnings/page.tsx(62,97): error TS7026: JSX element implicitly has type 'any' because no interface 'JSX.IntrinsicElements' exists.
../247gbsaffiliates/app/dashboard/agent/earnings/page.tsx(63,33): error TS7026: JSX element implicitly has type 'any' because no interface 'JSX.IntrinsicElements' exists.
../247gbsaffiliates/app/dashboard/agent/earnings/page.tsx(64,29): error TS7026: JSX element implicitly has type 'any' because no interface 'JSX.IntrinsicElements' exists.
../247gbsaffiliates/app/dashboard/agent/earnings/page.tsx(65,29): error TS7026: JSX element implicitly has type 'any' because no interface 'JSX.IntrinsicElements' exists.
../247gbsaffiliates/app/dashboard/agent/earnings/page.tsx(66,33): error TS7026: JSX element implicitly has type 'any' because no interface 'JSX.IntrinsicElements' exists.
../247gbsaffiliates/app/dashboard/agent/earnings/page.tsx(66,108): error TS7026: JSX element implicitly has type 'any' because no interface 'JSX.IntrinsicElements' exists.
../247gbsaffiliates/app/dashboard/agent/earnings/page.tsx(67,33): error TS7026: JSX element implicitly has type 'any' because no interface 'JSX.IntrinsicElements' exists.
../247gbsaffiliates/app/dashboard/agent/earnings/page.tsx(67,97): error TS7026: JSX element implicitly has type 'any' because no interface 'JSX.IntrinsicElements' exists.
../247gbsaffiliates/app/dashboard/agent/earnings/page.tsx(68,29): error TS7026: JSX element implicitly has type 'any' because no interface 'JSX.IntrinsicElements' exists.
../247gbsaffiliates/app/dashboard/agent/earnings/page.tsx(69,25): error TS7026: JSX element implicitly has type 'any' because no interface 'JSX.IntrinsicElements' exists.
../247gbsaffiliates/app/dashboard/agent/earnings/page.tsx(71,17): error TS7026: JSX element implicitly has type 'any' because no interface 'JSX.IntrinsicElements' exists.
../247gbsaffiliates/app/dashboard/agent/earnings/page.tsx(72,13): error TS7026: JSX element implicitly has type 'any' because no interface 'JSX.IntrinsicElements' exists.
../247gbsaffiliates/app/dashboard/agent/earnings/page.tsx(73,9): error TS7026: JSX element implicitly has type 'any' because no interface 'JSX.IntrinsicElements' exists.
../247gbsaffiliates/app/dashboard/agent/layout.tsx(3,18): error TS2307: Cannot find module 'next/link' or its corresponding type declarations.
../247gbsaffiliates/app/dashboard/agent/layout.tsx(4,29): error TS2307: Cannot find module 'next/navigation' or its corresponding type declarations.
../247gbsaffiliates/app/dashboard/agent/layout.tsx(12,15): error TS2503: Cannot find namespace 'React'.
../247gbsaffiliates/app/dashboard/agent/layout.tsx(25,9): error TS7026: JSX element implicitly has type 'any' because no interface 'JSX.IntrinsicElements' exists.
../247gbsaffiliates/app/dashboard/agent/layout.tsx(25,9): error TS2875: This JSX tag requires the module path 'react/jsx-runtime' to exist, but none could be found. Make sure you have types for the appropriate package installed.
../247gbsaffiliates/app/dashboard/agent/layout.tsx(27,13): error TS7026: JSX element implicitly has type 'any' because no interface 'JSX.IntrinsicElements' exists.
../247gbsaffiliates/app/dashboard/agent/layout.tsx(28,17): error TS7026: JSX element implicitly has type 'any' because no interface 'JSX.IntrinsicElements' exists.
../247gbsaffiliates/app/dashboard/agent/layout.tsx(29,21): error TS7026: JSX element implicitly has type 'any' because no interface 'JSX.IntrinsicElements' exists.
../247gbsaffiliates/app/dashboard/agent/layout.tsx(30,25): error TS7026: JSX element implicitly has type 'any' because no interface 'JSX.IntrinsicElements' exists.
../247gbsaffiliates/app/dashboard/agent/layout.tsx(31,29): error TS7026: JSX element implicitly has type 'any' because no interface 'JSX.IntrinsicElements' exists.
../247gbsaffiliates/app/dashboard/agent/layout.tsx(33,29): error TS7026: JSX element implicitly has type 'any' because no interface 'JSX.IntrinsicElements' exists.
../247gbsaffiliates/app/dashboard/agent/layout.tsx(34,25): error TS7026: JSX element implicitly has type 'any' because no interface 'JSX.IntrinsicElements' exists.
../247gbsaffiliates/app/dashboard/agent/layout.tsx(35,25): error TS7026: JSX element implicitly has type 'any' because no interface 'JSX.IntrinsicElements' exists.
../247gbsaffiliates/app/dashboard/agent/layout.tsx(37,25): error TS7026: JSX element implicitly has type 'any' because no interface 'JSX.IntrinsicElements' exists.
../247gbsaffiliates/app/dashboard/agent/layout.tsx(38,21): error TS7026: JSX element implicitly has type 'any' because no interface 'JSX.IntrinsicElements' exists.
../247gbsaffiliates/app/dashboard/agent/layout.tsx(39,21): error TS7026: JSX element implicitly has type 'any' because no interface 'JSX.IntrinsicElements' exists.
../247gbsaffiliates/app/dashboard/agent/layout.tsx(51,37): error TS7026: JSX element implicitly has type 'any' because no interface 'JSX.IntrinsicElements' exists.
../247gbsaffiliates/app/dashboard/agent/layout.tsx(51,92): error TS7026: JSX element implicitly has type 'any' because no interface 'JSX.IntrinsicElements' exists.
../247gbsaffiliates/app/dashboard/agent/layout.tsx(56,21): error TS7026: JSX element implicitly has type 'any' because no interface 'JSX.IntrinsicElements' exists.
../247gbsaffiliates/app/dashboard/agent/layout.tsx(57,17): error TS7026: JSX element implicitly has type 'any' because no interface 'JSX.IntrinsicElements' exists.
../247gbsaffiliates/app/dashboard/agent/layout.tsx(58,17): error TS7026: JSX element implicitly has type 'any' because no interface 'JSX.IntrinsicElements' exists.
../247gbsaffiliates/app/dashboard/agent/layout.tsx(60,17): error TS7026: JSX element implicitly has type 'any' because no interface 'JSX.IntrinsicElements' exists.
../247gbsaffiliates/app/dashboard/agent/layout.tsx(61,13): error TS7026: JSX element implicitly has type 'any' because no interface 'JSX.IntrinsicElements' exists.
../247gbsaffiliates/app/dashboard/agent/layout.tsx(64,13): error TS7026: JSX element implicitly has type 'any' because no interface 'JSX.IntrinsicElements' exists.
../247gbsaffiliates/app/dashboard/agent/layout.tsx(66,17): error TS7026: JSX element implicitly has type 'any' because no interface 'JSX.IntrinsicElements' exists.
../247gbsaffiliates/app/dashboard/agent/layout.tsx(68,17): error TS7026: JSX element implicitly has type 'any' because no interface 'JSX.IntrinsicElements' exists.
../247gbsaffiliates/app/dashboard/agent/layout.tsx(69,13): error TS7026: JSX element implicitly has type 'any' because no interface 'JSX.IntrinsicElements' exists.
../247gbsaffiliates/app/dashboard/agent/layout.tsx(70,9): error TS7026: JSX element implicitly has type 'any' because no interface 'JSX.IntrinsicElements' exists.
../247gbsaffiliates/app/dashboard/agent/messages/page.tsx(3,19): error TS2307: Cannot find module 'react' or its corresponding type declarations.
../247gbsaffiliates/app/dashboard/agent/messages/page.tsx(7,9): error TS7026: JSX element implicitly has type 'any' because no interface 'JSX.IntrinsicElements' exists.
../247gbsaffiliates/app/dashboard/agent/messages/page.tsx(7,9): error TS2875: This JSX tag requires the module path 'react/jsx-runtime' to exist, but none could be found. Make sure you have types for the appropriate package installed.
../247gbsaffiliates/app/dashboard/agent/messages/page.tsx(8,13): error TS7026: JSX element implicitly has type 'any' because no interface 'JSX.IntrinsicElements' exists.
../247gbsaffiliates/app/dashboard/agent/messages/page.tsx(10,17): error TS7026: JSX element implicitly has type 'any' because no interface 'JSX.IntrinsicElements' exists.
../247gbsaffiliates/app/dashboard/agent/messages/page.tsx(11,21): error TS7026: JSX element implicitly has type 'any' because no interface 'JSX.IntrinsicElements' exists.
../247gbsaffiliates/app/dashboard/agent/messages/page.tsx(12,25): error TS7026: JSX element implicitly has type 'any' because no interface 'JSX.IntrinsicElements' exists.
../247gbsaffiliates/app/dashboard/agent/messages/page.tsx(12,87): error TS7026: JSX element implicitly has type 'any' because no interface 'JSX.IntrinsicElements' exists.
../247gbsaffiliates/app/dashboard/agent/messages/page.tsx(13,25): error TS7026: JSX element implicitly has type 'any' because no interface 'JSX.IntrinsicElements' exists.
../247gbsaffiliates/app/dashboard/agent/messages/page.tsx(14,21): error TS7026: JSX element implicitly has type 'any' because no interface 'JSX.IntrinsicElements' exists.
../247gbsaffiliates/app/dashboard/agent/messages/page.tsx(15,21): error TS7026: JSX element implicitly has type 'any' because no interface 'JSX.IntrinsicElements' exists.
../247gbsaffiliates/app/dashboard/agent/messages/page.tsx(17,29): error TS7026: JSX element implicitly has type 'any' because no interface 'JSX.IntrinsicElements' exists.
../247gbsaffiliates/app/dashboard/agent/messages/page.tsx(18,33): error TS7026: JSX element implicitly has type 'any' because no interface 'JSX.IntrinsicElements' exists.
../247gbsaffiliates/app/dashboard/agent/messages/page.tsx(19,37): error TS7026: JSX element implicitly has type 'any' because no interface 'JSX.IntrinsicElements' exists.
../247gbsaffiliates/app/dashboard/agent/messages/page.tsx(19,97): error TS7026: JSX element implicitly has type 'any' because no interface 'JSX.IntrinsicElements' exists.
../247gbsaffiliates/app/dashboard/agent/messages/page.tsx(20,37): error TS7026: JSX element implicitly has type 'any' because no interface 'JSX.IntrinsicElements' exists.
../247gbsaffiliates/app/dashboard/agent/messages/page.tsx(21,41): error TS7026: JSX element implicitly has type 'any' because no interface 'JSX.IntrinsicElements' exists.
../247gbsaffiliates/app/dashboard/agent/messages/page.tsx(22,45): error TS7026: JSX element implicitly has type 'any' because no interface 'JSX.IntrinsicElements' exists.
../247gbsaffiliates/app/dashboard/agent/messages/page.tsx(22,126): error TS7026: JSX element implicitly has type 'any' because no interface 'JSX.IntrinsicElements' exists.
../247gbsaffiliates/app/dashboard/agent/messages/page.tsx(23,45): error TS7026: JSX element implicitly has type 'any' because no interface 'JSX.IntrinsicElements' exists.
../247gbsaffiliates/app/dashboard/agent/messages/page.tsx(23,97): error TS7026: JSX element implicitly has type 'any' because no interface 'JSX.IntrinsicElements' exists.
../247gbsaffiliates/app/dashboard/agent/messages/page.tsx(24,41): error TS7026: JSX element implicitly has type 'any' because no interface 'JSX.IntrinsicElements' exists.
../247gbsaffiliates/app/dashboard/agent/messages/page.tsx(25,41): error TS7026: JSX element implicitly has type 'any' because no interface 'JSX.IntrinsicElements' exists.
../247gbsaffiliates/app/dashboard/agent/messages/page.tsx(25,149): error TS7026: JSX element implicitly has type 'any' because no interface 'JSX.IntrinsicElements' exists.
../247gbsaffiliates/app/dashboard/agent/messages/page.tsx(26,37): error TS7026: JSX element implicitly has type 'any' because no interface 'JSX.IntrinsicElements' exists.
../247gbsaffiliates/app/dashboard/agent/messages/page.tsx(27,33): error TS7026: JSX element implicitly has type 'any' because no interface 'JSX.IntrinsicElements' exists.
../247gbsaffiliates/app/dashboard/agent/messages/page.tsx(28,29): error TS7026: JSX element implicitly has type 'any' because no interface 'JSX.IntrinsicElements' exists.
../247gbsaffiliates/app/dashboard/agent/messages/page.tsx(30,21): error TS7026: JSX element implicitly has type 'any' because no interface 'JSX.IntrinsicElements' exists.
../247gbsaffiliates/app/dashboard/agent/messages/page.tsx(31,17): error TS7026: JSX element implicitly has type 'any' because no interface 'JSX.IntrinsicElements' exists.
../247gbsaffiliates/app/dashboard/agent/messages/page.tsx(34,17): error TS7026: JSX element implicitly has type 'any' because no interface 'JSX.IntrinsicElements' exists.
../247gbsaffiliates/app/dashboard/agent/messages/page.tsx(35,21): error TS7026: JSX element implicitly has type 'any' because no interface 'JSX.IntrinsicElements' exists.
../247gbsaffiliates/app/dashboard/agent/messages/page.tsx(36,25): error TS7026: JSX element implicitly has type 'any' because no interface 'JSX.IntrinsicElements' exists.
../247gbsaffiliates/app/dashboard/agent/messages/page.tsx(37,29): error TS7026: JSX element implicitly has type 'any' because no interface 'JSX.IntrinsicElements' exists.
../247gbsaffiliates/app/dashboard/agent/messages/page.tsx(37,80): error TS7026: JSX element implicitly has type 'any' because no interface 'JSX.IntrinsicElements' exists.
../247gbsaffiliates/app/dashboard/agent/messages/page.tsx(38,29): error TS7026: JSX element implicitly has type 'any' because no interface 'JSX.IntrinsicElements' exists.
../247gbsaffiliates/app/dashboard/agent/messages/page.tsx(39,33): error TS7026: JSX element implicitly has type 'any' because no interface 'JSX.IntrinsicElements' exists.
../247gbsaffiliates/app/dashboard/agent/messages/page.tsx(39,95): error TS7026: JSX element implicitly has type 'any' because no interface 'JSX.IntrinsicElements' exists.
../247gbsaffiliates/app/dashboard/agent/messages/page.tsx(40,33): error TS7026: JSX element implicitly has type 'any' because no interface 'JSX.IntrinsicElements' exists.
../247gbsaffiliates/app/dashboard/agent/messages/page.tsx(41,37): error TS7026: JSX element implicitly has type 'any' because no interface 'JSX.IntrinsicElements' exists.
../247gbsaffiliates/app/dashboard/agent/messages/page.tsx(41,88): error TS7026: JSX element implicitly has type 'any' because no interface 'JSX.IntrinsicElements' exists.
../247gbsaffiliates/app/dashboard/agent/messages/page.tsx(42,37): error TS7026: JSX element implicitly has type 'any' because no interface 'JSX.IntrinsicElements' exists.
../247gbsaffiliates/app/dashboard/agent/messages/page.tsx(42,89): error TS7026: JSX element implicitly has type 'any' because no interface 'JSX.IntrinsicElements' exists.
../247gbsaffiliates/app/dashboard/agent/messages/page.tsx(43,33): error TS7026: JSX element implicitly has type 'any' because no interface 'JSX.IntrinsicElements' exists.
../247gbsaffiliates/app/dashboard/agent/messages/page.tsx(44,29): error TS7026: JSX element implicitly has type 'any' because no interface 'JSX.IntrinsicElements' exists.
../247gbsaffiliates/app/dashboard/agent/messages/page.tsx(45,25): error TS7026: JSX element implicitly has type 'any' because no interface 'JSX.IntrinsicElements' exists.
../247gbsaffiliates/app/dashboard/agent/messages/page.tsx(46,25): error TS7026: JSX element implicitly has type 'any' because no interface 'JSX.IntrinsicElements' exists.
../247gbsaffiliates/app/dashboard/agent/messages/page.tsx(47,29): error TS7026: JSX element implicitly has type 'any' because no interface 'JSX.IntrinsicElements' exists.
../247gbsaffiliates/app/dashboard/agent/messages/page.tsx(47,82): error TS7026: JSX element implicitly has type 'any' because no interface 'JSX.IntrinsicElements' exists.
../247gbsaffiliates/app/dashboard/agent/messages/page.tsx(48,25): error TS7026: JSX element implicitly has type 'any' because no interface 'JSX.IntrinsicElements' exists.
../247gbsaffiliates/app/dashboard/agent/messages/page.tsx(49,21): error TS7026: JSX element implicitly has type 'any' because no interface 'JSX.IntrinsicElements' exists.
../247gbsaffiliates/app/dashboard/agent/messages/page.tsx(51,21): error TS7026: JSX element implicitly has type 'any' because no interface 'JSX.IntrinsicElements' exists.
../247gbsaffiliates/app/dashboard/agent/messages/page.tsx(52,25): error TS7026: JSX element implicitly has type 'any' because no interface 'JSX.IntrinsicElements' exists.
../247gbsaffiliates/app/dashboard/agent/messages/page.tsx(53,29): error TS7026: JSX element implicitly has type 'any' because no interface 'JSX.IntrinsicElements' exists.
../247gbsaffiliates/app/dashboard/agent/messages/page.tsx(53,151): error TS7026: JSX element implicitly has type 'any' because no interface 'JSX.IntrinsicElements' exists.
../247gbsaffiliates/app/dashboard/agent/messages/page.tsx(54,25): error TS7026: JSX element implicitly has type 'any' because no interface 'JSX.IntrinsicElements' exists.
../247gbsaffiliates/app/dashboard/agent/messages/page.tsx(56,25): error TS7026: JSX element implicitly has type 'any' because no interface 'JSX.IntrinsicElements' exists.
../247gbsaffiliates/app/dashboard/agent/messages/page.tsx(57,29): error TS7026: JSX element implicitly has type 'any' because no interface 'JSX.IntrinsicElements' exists.
../247gbsaffiliates/app/dashboard/agent/messages/page.tsx(58,33): error TS7026: JSX element implicitly has type 'any' because no interface 'JSX.IntrinsicElements' exists.
../247gbsaffiliates/app/dashboard/agent/messages/page.tsx(58,102): error TS7026: JSX element implicitly has type 'any' because no interface 'JSX.IntrinsicElements' exists.
../247gbsaffiliates/app/dashboard/agent/messages/page.tsx(59,29): error TS7026: JSX element implicitly has type 'any' because no interface 'JSX.IntrinsicElements' exists.
../247gbsaffiliates/app/dashboard/agent/messages/page.tsx(60,25): error TS7026: JSX element implicitly has type 'any' because no interface 'JSX.IntrinsicElements' exists.
../247gbsaffiliates/app/dashboard/agent/messages/page.tsx(62,25): error TS7026: JSX element implicitly has type 'any' because no interface 'JSX.IntrinsicElements' exists.
../247gbsaffiliates/app/dashboard/agent/messages/page.tsx(63,29): error TS7026: JSX element implicitly has type 'any' because no interface 'JSX.IntrinsicElements' exists.
../247gbsaffiliates/app/dashboard/agent/messages/page.tsx(64,33): error TS7026: JSX element implicitly has type 'any' because no interface 'JSX.IntrinsicElements' exists.
../247gbsaffiliates/app/dashboard/agent/messages/page.tsx(64,101): error TS7026: JSX element implicitly has type 'any' because no interface 'JSX.IntrinsicElements' exists.
../247gbsaffiliates/app/dashboard/agent/messages/page.tsx(65,29): error TS7026: JSX element implicitly has type 'any' because no interface 'JSX.IntrinsicElements' exists.
../247gbsaffiliates/app/dashboard/agent/messages/page.tsx(66,25): error TS7026: JSX element implicitly has type 'any' because no interface 'JSX.IntrinsicElements' exists.
../247gbsaffiliates/app/dashboard/agent/messages/page.tsx(67,21): error TS7026: JSX element implicitly has type 'any' because no interface 'JSX.IntrinsicElements' exists.
../247gbsaffiliates/app/dashboard/agent/messages/page.tsx(69,21): error TS7026: JSX element implicitly has type 'any' because no interface 'JSX.IntrinsicElements' exists.
../247gbsaffiliates/app/dashboard/agent/messages/page.tsx(70,25): error TS7026: JSX element implicitly has type 'any' because no interface 'JSX.IntrinsicElements' exists.
../247gbsaffiliates/app/dashboard/agent/messages/page.tsx(71,29): error TS7026: JSX element implicitly has type 'any' because no interface 'JSX.IntrinsicElements' exists.
../247gbsaffiliates/app/dashboard/agent/messages/page.tsx(72,33): error TS7026: JSX element implicitly has type 'any' because no interface 'JSX.IntrinsicElements' exists.
../247gbsaffiliates/app/dashboard/agent/messages/page.tsx(72,88): error TS7026: JSX element implicitly has type 'any' because no interface 'JSX.IntrinsicElements' exists.
../247gbsaffiliates/app/dashboard/agent/messages/page.tsx(73,29): error TS7026: JSX element implicitly has type 'any' because no interface 'JSX.IntrinsicElements' exists.
../247gbsaffiliates/app/dashboard/agent/messages/page.tsx(74,29): error TS7026: JSX element implicitly has type 'any' because no interface 'JSX.IntrinsicElements' exists.
../247gbsaffiliates/app/dashboard/agent/messages/page.tsx(75,29): error TS7026: JSX element implicitly has type 'any' because no interface 'JSX.IntrinsicElements' exists.
../247gbsaffiliates/app/dashboard/agent/messages/page.tsx(76,33): error TS7026: JSX element implicitly has type 'any' because no interface 'JSX.IntrinsicElements' exists.
../247gbsaffiliates/app/dashboard/agent/messages/page.tsx(76,81): error TS7026: JSX element implicitly has type 'any' because no interface 'JSX.IntrinsicElements' exists.
../247gbsaffiliates/app/dashboard/agent/messages/page.tsx(77,29): error TS7026: JSX element implicitly has type 'any' because no interface 'JSX.IntrinsicElements' exists.
../247gbsaffiliates/app/dashboard/agent/messages/page.tsx(78,25): error TS7026: JSX element implicitly has type 'any' because no interface 'JSX.IntrinsicElements' exists.
../247gbsaffiliates/app/dashboard/agent/messages/page.tsx(79,21): error TS7026: JSX element implicitly has type 'any' because no interface 'JSX.IntrinsicElements' exists.
../247gbsaffiliates/app/dashboard/agent/messages/page.tsx(80,17): error TS7026: JSX element implicitly has type 'any' because no interface 'JSX.IntrinsicElements' exists.
../247gbsaffiliates/app/dashboard/agent/messages/page.tsx(81,13): error TS7026: JSX element implicitly has type 'any' because no interface 'JSX.IntrinsicElements' exists.
../247gbsaffiliates/app/dashboard/agent/messages/page.tsx(82,9): error TS7026: JSX element implicitly has type 'any' because no interface 'JSX.IntrinsicElements' exists.
../247gbsaffiliates/app/dashboard/agent/page.tsx(3,9): error TS2875: This JSX tag requires the module path 'react/jsx-runtime' to exist, but none could be found. Make sure you have types for the appropriate package installed.
../247gbsaffiliates/app/dashboard/agent/page.tsx(5,13): error TS7026: JSX element implicitly has type 'any' because no interface 'JSX.IntrinsicElements' exists.
../247gbsaffiliates/app/dashboard/agent/page.tsx(6,17): error TS7026: JSX element implicitly has type 'any' because no interface 'JSX.IntrinsicElements' exists.
../247gbsaffiliates/app/dashboard/agent/page.tsx(7,21): error TS7026: JSX element implicitly has type 'any' because no interface 'JSX.IntrinsicElements' exists.
../247gbsaffiliates/app/dashboard/agent/page.tsx(7,86): error TS7026: JSX element implicitly has type 'any' because no interface 'JSX.IntrinsicElements' exists.
../247gbsaffiliates/app/dashboard/agent/page.tsx(8,21): error TS7026: JSX element implicitly has type 'any' because no interface 'JSX.IntrinsicElements' exists.
../247gbsaffiliates/app/dashboard/agent/page.tsx(10,21): error TS7026: JSX element implicitly has type 'any' because no interface 'JSX.IntrinsicElements' exists.
../247gbsaffiliates/app/dashboard/agent/page.tsx(11,17): error TS7026: JSX element implicitly has type 'any' because no interface 'JSX.IntrinsicElements' exists.
../247gbsaffiliates/app/dashboard/agent/page.tsx(12,17): error TS7026: JSX element implicitly has type 'any' because no interface 'JSX.IntrinsicElements' exists.
../247gbsaffiliates/app/dashboard/agent/page.tsx(13,21): error TS7026: JSX element implicitly has type 'any' because no interface 'JSX.IntrinsicElements' exists.
../247gbsaffiliates/app/dashboard/agent/page.tsx(14,25): error TS7026: JSX element implicitly has type 'any' because no interface 'JSX.IntrinsicElements' exists.
../247gbsaffiliates/app/dashboard/agent/page.tsx(14,82): error TS7026: JSX element implicitly has type 'any' because no interface 'JSX.IntrinsicElements' exists.
../247gbsaffiliates/app/dashboard/agent/page.tsx(15,25): error TS7026: JSX element implicitly has type 'any' because no interface 'JSX.IntrinsicElements' exists.
../247gbsaffiliates/app/dashboard/agent/page.tsx(15,119): error TS7026: JSX element implicitly has type 'any' because no interface 'JSX.IntrinsicElements' exists.
../247gbsaffiliates/app/dashboard/agent/page.tsx(16,21): error TS7026: JSX element implicitly has type 'any' because no interface 'JSX.IntrinsicElements' exists.
../247gbsaffiliates/app/dashboard/agent/page.tsx(17,21): error TS7026: JSX element implicitly has type 'any' because no interface 'JSX.IntrinsicElements' exists.
../247gbsaffiliates/app/dashboard/agent/page.tsx(17,60): error TS7026: JSX element implicitly has type 'any' because no interface 'JSX.IntrinsicElements' exists.
../247gbsaffiliates/app/dashboard/agent/page.tsx(18,21): error TS7026: JSX element implicitly has type 'any' because no interface 'JSX.IntrinsicElements' exists.
../247gbsaffiliates/app/dashboard/agent/page.tsx(19,25): error TS7026: JSX element implicitly has type 'any' because no interface 'JSX.IntrinsicElements' exists.
../247gbsaffiliates/app/dashboard/agent/page.tsx(21,25): error TS7026: JSX element implicitly has type 'any' because no interface 'JSX.IntrinsicElements' exists.
../247gbsaffiliates/app/dashboard/agent/page.tsx(22,25): error TS7026: JSX element implicitly has type 'any' because no interface 'JSX.IntrinsicElements' exists.
../247gbsaffiliates/app/dashboard/agent/page.tsx(22,86): error TS7026: JSX element implicitly has type 'any' because no interface 'JSX.IntrinsicElements' exists.
../247gbsaffiliates/app/dashboard/agent/page.tsx(23,21): error TS7026: JSX element implicitly has type 'any' because no interface 'JSX.IntrinsicElements' exists.
../247gbsaffiliates/app/dashboard/agent/page.tsx(24,17): error TS7026: JSX element implicitly has type 'any' because no interface 'JSX.IntrinsicElements' exists.
../247gbsaffiliates/app/dashboard/agent/page.tsx(25,13): error TS7026: JSX element implicitly has type 'any' because no interface 'JSX.IntrinsicElements' exists.
../247gbsaffiliates/app/dashboard/agent/page.tsx(28,13): error TS7026: JSX element implicitly has type 'any' because no interface 'JSX.IntrinsicElements' exists.
../247gbsaffiliates/app/dashboard/agent/page.tsx(29,17): error TS7026: JSX element implicitly has type 'any' because no interface 'JSX.IntrinsicElements' exists.
../247gbsaffiliates/app/dashboard/agent/page.tsx(31,21): error TS7026: JSX element implicitly has type 'any' because no interface 'JSX.IntrinsicElements' exists.
../247gbsaffiliates/app/dashboard/agent/page.tsx(32,25): error TS7026: JSX element implicitly has type 'any' because no interface 'JSX.IntrinsicElements' exists.
../247gbsaffiliates/app/dashboard/agent/page.tsx(33,29): error TS7026: JSX element implicitly has type 'any' because no interface 'JSX.IntrinsicElements' exists.
../247gbsaffiliates/app/dashboard/agent/page.tsx(34,33): error TS7026: JSX element implicitly has type 'any' because no interface 'JSX.IntrinsicElements' exists.
../247gbsaffiliates/app/dashboard/agent/page.tsx(36,33): error TS7026: JSX element implicitly has type 'any' because no interface 'JSX.IntrinsicElements' exists.
../247gbsaffiliates/app/dashboard/agent/page.tsx(38,29): error TS7026: JSX element implicitly has type 'any' because no interface 'JSX.IntrinsicElements' exists.
../247gbsaffiliates/app/dashboard/agent/page.tsx(39,29): error TS7026: JSX element implicitly has type 'any' because no interface 'JSX.IntrinsicElements' exists.
../247gbsaffiliates/app/dashboard/agent/page.tsx(40,33): error TS7026: JSX element implicitly has type 'any' because no interface 'JSX.IntrinsicElements' exists.
../247gbsaffiliates/app/dashboard/agent/page.tsx(42,33): error TS7026: JSX element implicitly has type 'any' because no interface 'JSX.IntrinsicElements' exists.
../247gbsaffiliates/app/dashboard/agent/page.tsx(43,33): error TS7026: JSX element implicitly has type 'any' because no interface 'JSX.IntrinsicElements' exists.
../247gbsaffiliates/app/dashboard/agent/page.tsx(45,33): error TS7026: JSX element implicitly has type 'any' because no interface 'JSX.IntrinsicElements' exists.
../247gbsaffiliates/app/dashboard/agent/page.tsx(46,29): error TS7026: JSX element implicitly has type 'any' because no interface 'JSX.IntrinsicElements' exists.
../247gbsaffiliates/app/dashboard/agent/page.tsx(47,25): error TS7026: JSX element implicitly has type 'any' because no interface 'JSX.IntrinsicElements' exists.
../247gbsaffiliates/app/dashboard/agent/page.tsx(49,25): error TS7026: JSX element implicitly has type 'any' because no interface 'JSX.IntrinsicElements' exists.
../247gbsaffiliates/app/dashboard/agent/page.tsx(51,29): error TS7026: JSX element implicitly has type 'any' because no interface 'JSX.IntrinsicElements' exists.
../247gbsaffiliates/app/dashboard/agent/page.tsx(52,33): error TS7026: JSX element implicitly has type 'any' because no interface 'JSX.IntrinsicElements' exists.
../247gbsaffiliates/app/dashboard/agent/page.tsx(53,37): error TS7026: JSX element implicitly has type 'any' because no interface 'JSX.IntrinsicElements' exists.
../247gbsaffiliates/app/dashboard/agent/page.tsx(54,41): error TS7026: JSX element implicitly has type 'any' because no interface 'JSX.IntrinsicElements' exists.
../247gbsaffiliates/app/dashboard/agent/page.tsx(54,96): error TS7026: JSX element implicitly has type 'any' because no interface 'JSX.IntrinsicElements' exists.
../247gbsaffiliates/app/dashboard/agent/page.tsx(55,37): error TS7026: JSX element implicitly has type 'any' because no interface 'JSX.IntrinsicElements' exists.
../247gbsaffiliates/app/dashboard/agent/page.tsx(56,37): error TS7026: JSX element implicitly has type 'any' because no interface 'JSX.IntrinsicElements' exists.
../247gbsaffiliates/app/dashboard/agent/page.tsx(57,41): error TS7026: JSX element implicitly has type 'any' because no interface 'JSX.IntrinsicElements' exists.
../247gbsaffiliates/app/dashboard/agent/page.tsx(59,41): error TS7026: JSX element implicitly has type 'any' because no interface 'JSX.IntrinsicElements' exists.
../247gbsaffiliates/app/dashboard/agent/page.tsx(60,41): error TS7026: JSX element implicitly has type 'any' because no interface 'JSX.IntrinsicElements' exists.
../247gbsaffiliates/app/dashboard/agent/page.tsx(62,41): error TS7026: JSX element implicitly has type 'any' because no interface 'JSX.IntrinsicElements' exists.
../247gbsaffiliates/app/dashboard/agent/page.tsx(63,37): error TS7026: JSX element implicitly has type 'any' because no interface 'JSX.IntrinsicElements' exists.
../247gbsaffiliates/app/dashboard/agent/page.tsx(64,33): error TS7026: JSX element implicitly has type 'any' because no interface 'JSX.IntrinsicElements' exists.
../247gbsaffiliates/app/dashboard/agent/page.tsx(65,33): error TS7026: JSX element implicitly has type 'any' because no interface 'JSX.IntrinsicElements' exists.
../247gbsaffiliates/app/dashboard/agent/page.tsx(66,37): error TS7026: JSX element implicitly has type 'any' because no interface 'JSX.IntrinsicElements' exists.
../247gbsaffiliates/app/dashboard/agent/page.tsx(68,37): error TS7026: JSX element implicitly has type 'any' because no interface 'JSX.IntrinsicElements' exists.
../247gbsaffiliates/app/dashboard/agent/page.tsx(69,37): error TS7026: JSX element implicitly has type 'any' because no interface 'JSX.IntrinsicElements' exists.
../247gbsaffiliates/app/dashboard/agent/page.tsx(71,37): error TS7026: JSX element implicitly has type 'any' because no interface 'JSX.IntrinsicElements' exists.
../247gbsaffiliates/app/dashboard/agent/page.tsx(72,33): error TS7026: JSX element implicitly has type 'any' because no interface 'JSX.IntrinsicElements' exists.
../247gbsaffiliates/app/dashboard/agent/page.tsx(73,29): error TS7026: JSX element implicitly has type 'any' because no interface 'JSX.IntrinsicElements' exists.
../247gbsaffiliates/app/dashboard/agent/page.tsx(76,29): error TS7026: JSX element implicitly has type 'any' because no interface 'JSX.IntrinsicElements' exists.
../247gbsaffiliates/app/dashboard/agent/page.tsx(77,33): error TS7026: JSX element implicitly has type 'any' because no interface 'JSX.IntrinsicElements' exists.
../247gbsaffiliates/app/dashboard/agent/page.tsx(78,37): error TS7026: JSX element implicitly has type 'any' because no interface 'JSX.IntrinsicElements' exists.
../247gbsaffiliates/app/dashboard/agent/page.tsx(79,41): error TS7026: JSX element implicitly has type 'any' because no interface 'JSX.IntrinsicElements' exists.
../247gbsaffiliates/app/dashboard/agent/page.tsx(79,94): error TS7026: JSX element implicitly has type 'any' because no interface 'JSX.IntrinsicElements' exists.
../247gbsaffiliates/app/dashboard/agent/page.tsx(80,37): error TS7026: JSX element implicitly has type 'any' because no interface 'JSX.IntrinsicElements' exists.
../247gbsaffiliates/app/dashboard/agent/page.tsx(81,37): error TS7026: JSX element implicitly has type 'any' because no interface 'JSX.IntrinsicElements' exists.
../247gbsaffiliates/app/dashboard/agent/page.tsx(82,41): error TS7026: JSX element implicitly has type 'any' because no interface 'JSX.IntrinsicElements' exists.
../247gbsaffiliates/app/dashboard/agent/page.tsx(84,41): error TS7026: JSX element implicitly has type 'any' because no interface 'JSX.IntrinsicElements' exists.
../247gbsaffiliates/app/dashboard/agent/page.tsx(85,41): error TS7026: JSX element implicitly has type 'any' because no interface 'JSX.IntrinsicElements' exists.
../247gbsaffiliates/app/dashboard/agent/page.tsx(87,41): error TS7026: JSX element implicitly has type 'any' because no interface 'JSX.IntrinsicElements' exists.
../247gbsaffiliates/app/dashboard/agent/page.tsx(88,37): error TS7026: JSX element implicitly has type 'any' because no interface 'JSX.IntrinsicElements' exists.
../247gbsaffiliates/app/dashboard/agent/page.tsx(89,33): error TS7026: JSX element implicitly has type 'any' because no interface 'JSX.IntrinsicElements' exists.
../247gbsaffiliates/app/dashboard/agent/page.tsx(90,33): error TS7026: JSX element implicitly has type 'any' because no interface 'JSX.IntrinsicElements' exists.
../247gbsaffiliates/app/dashboard/agent/page.tsx(91,37): error TS7026: JSX element implicitly has type 'any' because no interface 'JSX.IntrinsicElements' exists.
../247gbsaffiliates/app/dashboard/agent/page.tsx(93,37): error TS7026: JSX element implicitly has type 'any' because no interface 'JSX.IntrinsicElements' exists.
../247gbsaffiliates/app/dashboard/agent/page.tsx(94,37): error TS7026: JSX element implicitly has type 'any' because no interface 'JSX.IntrinsicElements' exists.
../247gbsaffiliates/app/dashboard/agent/page.tsx(96,37): error TS7026: JSX element implicitly has type 'any' because no interface 'JSX.IntrinsicElements' exists.
../247gbsaffiliates/app/dashboard/agent/page.tsx(97,33): error TS7026: JSX element implicitly has type 'any' because no interface 'JSX.IntrinsicElements' exists.
../247gbsaffiliates/app/dashboard/agent/page.tsx(98,29): error TS7026: JSX element implicitly has type 'any' because no interface 'JSX.IntrinsicElements' exists.
../247gbsaffiliates/app/dashboard/agent/page.tsx(101,29): error TS7026: JSX element implicitly has type 'any' because no interface 'JSX.IntrinsicElements' exists.
../247gbsaffiliates/app/dashboard/agent/page.tsx(102,33): error TS7026: JSX element implicitly has type 'any' because no interface 'JSX.IntrinsicElements' exists.
../247gbsaffiliates/app/dashboard/agent/page.tsx(103,37): error TS7026: JSX element implicitly has type 'any' because no interface 'JSX.IntrinsicElements' exists.
../247gbsaffiliates/app/dashboard/agent/page.tsx(104,41): error TS7026: JSX element implicitly has type 'any' because no interface 'JSX.IntrinsicElements' exists.
../247gbsaffiliates/app/dashboard/agent/page.tsx(106,41): error TS7026: JSX element implicitly has type 'any' because no interface 'JSX.IntrinsicElements' exists.
../247gbsaffiliates/app/dashboard/agent/page.tsx(107,37): error TS7026: JSX element implicitly has type 'any' because no interface 'JSX.IntrinsicElements' exists.
../247gbsaffiliates/app/dashboard/agent/page.tsx(108,37): error TS7026: JSX element implicitly has type 'any' because no interface 'JSX.IntrinsicElements' exists.
../247gbsaffiliates/app/dashboard/agent/page.tsx(109,41): error TS7026: JSX element implicitly has type 'any' because no interface 'JSX.IntrinsicElements' exists.
../247gbsaffiliates/app/dashboard/agent/page.tsx(111,41): error TS7026: JSX element implicitly has type 'any' because no interface 'JSX.IntrinsicElements' exists.
../247gbsaffiliates/app/dashboard/agent/page.tsx(112,41): error TS7026: JSX element implicitly has type 'any' because no interface 'JSX.IntrinsicElements' exists.
../247gbsaffiliates/app/dashboard/agent/page.tsx(114,41): error TS7026: JSX element implicitly has type 'any' because no interface 'JSX.IntrinsicElements' exists.
../247gbsaffiliates/app/dashboard/agent/page.tsx(115,37): error TS7026: JSX element implicitly has type 'any' because no interface 'JSX.IntrinsicElements' exists.
../247gbsaffiliates/app/dashboard/agent/page.tsx(116,33): error TS7026: JSX element implicitly has type 'any' because no interface 'JSX.IntrinsicElements' exists.
../247gbsaffiliates/app/dashboard/agent/page.tsx(117,33): error TS7026: JSX element implicitly has type 'any' because no interface 'JSX.IntrinsicElements' exists.
../247gbsaffiliates/app/dashboard/agent/page.tsx(118,37): error TS7026: JSX element implicitly has type 'any' because no interface 'JSX.IntrinsicElements' exists.
../247gbsaffiliates/app/dashboard/agent/page.tsx(120,37): error TS7026: JSX element implicitly has type 'any' because no interface 'JSX.IntrinsicElements' exists.
../247gbsaffiliates/app/dashboard/agent/page.tsx(121,37): error TS7026: JSX element implicitly has type 'any' because no interface 'JSX.IntrinsicElements' exists.
../247gbsaffiliates/app/dashboard/agent/page.tsx(123,37): error TS7026: JSX element implicitly has type 'any' because no interface 'JSX.IntrinsicElements' exists.
../247gbsaffiliates/app/dashboard/agent/page.tsx(124,33): error TS7026: JSX element implicitly has type 'any' because no interface 'JSX.IntrinsicElements' exists.
../247gbsaffiliates/app/dashboard/agent/page.tsx(125,29): error TS7026: JSX element implicitly has type 'any' because no interface 'JSX.IntrinsicElements' exists.
../247gbsaffiliates/app/dashboard/agent/page.tsx(126,25): error TS7026: JSX element implicitly has type 'any' because no interface 'JSX.IntrinsicElements' exists.
../247gbsaffiliates/app/dashboard/agent/page.tsx(127,21): error TS7026: JSX element implicitly has type 'any' because no interface 'JSX.IntrinsicElements' exists.
../247gbsaffiliates/app/dashboard/agent/page.tsx(130,21): error TS7026: JSX element implicitly has type 'any' because no interface 'JSX.IntrinsicElements' exists.
../247gbsaffiliates/app/dashboard/agent/page.tsx(131,25): error TS7026: JSX element implicitly has type 'any' because no interface 'JSX.IntrinsicElements' exists.
../247gbsaffiliates/app/dashboard/agent/page.tsx(132,29): error TS7026: JSX element implicitly has type 'any' because no interface 'JSX.IntrinsicElements' exists.
../247gbsaffiliates/app/dashboard/agent/page.tsx(133,33): error TS7026: JSX element implicitly has type 'any' because no interface 'JSX.IntrinsicElements' exists.
../247gbsaffiliates/app/dashboard/agent/page.tsx(135,33): error TS7026: JSX element implicitly has type 'any' because no interface 'JSX.IntrinsicElements' exists.
../247gbsaffiliates/app/dashboard/agent/page.tsx(136,33): error TS7026: JSX element implicitly has type 'any' because no interface 'JSX.IntrinsicElements' exists.
../247gbsaffiliates/app/dashboard/agent/page.tsx(137,37): error TS7026: JSX element implicitly has type 'any' because no interface 'JSX.IntrinsicElements' exists.
../247gbsaffiliates/app/dashboard/agent/page.tsx(139,37): error TS7026: JSX element implicitly has type 'any' because no interface 'JSX.IntrinsicElements' exists.
../247gbsaffiliates/app/dashboard/agent/page.tsx(140,37): error TS7026: JSX element implicitly has type 'any' because no interface 'JSX.IntrinsicElements' exists.
../247gbsaffiliates/app/dashboard/agent/page.tsx(142,37): error TS7026: JSX element implicitly has type 'any' because no interface 'JSX.IntrinsicElements' exists.
../247gbsaffiliates/app/dashboard/agent/page.tsx(143,33): error TS7026: JSX element implicitly has type 'any' because no interface 'JSX.IntrinsicElements' exists.
../247gbsaffiliates/app/dashboard/agent/page.tsx(144,29): error TS7026: JSX element implicitly has type 'any' because no interface 'JSX.IntrinsicElements' exists.
../247gbsaffiliates/app/dashboard/agent/page.tsx(145,29): error TS7026: JSX element implicitly has type 'any' because no interface 'JSX.IntrinsicElements' exists.
../247gbsaffiliates/app/dashboard/agent/page.tsx(146,33): error TS7026: JSX element implicitly has type 'any' because no interface 'JSX.IntrinsicElements' exists.
../247gbsaffiliates/app/dashboard/agent/page.tsx(148,33): error TS7026: JSX element implicitly has type 'any' because no interface 'JSX.IntrinsicElements' exists.
../247gbsaffiliates/app/dashboard/agent/page.tsx(149,33): error TS7026: JSX element implicitly has type 'any' because no interface 'JSX.IntrinsicElements' exists.
../247gbsaffiliates/app/dashboard/agent/page.tsx(150,37): error TS7026: JSX element implicitly has type 'any' because no interface 'JSX.IntrinsicElements' exists.
../247gbsaffiliates/app/dashboard/agent/page.tsx(152,37): error TS7026: JSX element implicitly has type 'any' because no interface 'JSX.IntrinsicElements' exists.
../247gbsaffiliates/app/dashboard/agent/page.tsx(153,37): error TS7026: JSX element implicitly has type 'any' because no interface 'JSX.IntrinsicElements' exists.
../247gbsaffiliates/app/dashboard/agent/page.tsx(154,41): error TS7026: JSX element implicitly has type 'any' because no interface 'JSX.IntrinsicElements' exists.
../247gbsaffiliates/app/dashboard/agent/page.tsx(155,45): error TS7026: JSX element implicitly has type 'any' because no interface 'JSX.IntrinsicElements' exists.
../247gbsaffiliates/app/dashboard/agent/page.tsx(157,45): error TS7026: JSX element implicitly has type 'any' because no interface 'JSX.IntrinsicElements' exists.
../247gbsaffiliates/app/dashboard/agent/page.tsx(158,41): error TS7026: JSX element implicitly has type 'any' because no interface 'JSX.IntrinsicElements' exists.
../247gbsaffiliates/app/dashboard/agent/page.tsx(159,41): error TS7026: JSX element implicitly has type 'any' because no interface 'JSX.IntrinsicElements' exists.
../247gbsaffiliates/app/dashboard/agent/page.tsx(161,41): error TS7026: JSX element implicitly has type 'any' because no interface 'JSX.IntrinsicElements' exists.
../247gbsaffiliates/app/dashboard/agent/page.tsx(162,37): error TS7026: JSX element implicitly has type 'any' because no interface 'JSX.IntrinsicElements' exists.
../247gbsaffiliates/app/dashboard/agent/page.tsx(163,33): error TS7026: JSX element implicitly has type 'any' because no interface 'JSX.IntrinsicElements' exists.
../247gbsaffiliates/app/dashboard/agent/page.tsx(164,29): error TS7026: JSX element implicitly has type 'any' because no interface 'JSX.IntrinsicElements' exists.
../247gbsaffiliates/app/dashboard/agent/page.tsx(165,25): error TS7026: JSX element implicitly has type 'any' because no interface 'JSX.IntrinsicElements' exists.
../247gbsaffiliates/app/dashboard/agent/page.tsx(167,25): error TS7026: JSX element implicitly has type 'any' because no interface 'JSX.IntrinsicElements' exists.
../247gbsaffiliates/app/dashboard/agent/page.tsx(168,29): error TS7026: JSX element implicitly has type 'any' because no interface 'JSX.IntrinsicElements' exists.
../247gbsaffiliates/app/dashboard/agent/page.tsx(169,33): error TS7026: JSX element implicitly has type 'any' because no interface 'JSX.IntrinsicElements' exists.
../247gbsaffiliates/app/dashboard/agent/page.tsx(171,33): error TS7026: JSX element implicitly has type 'any' because no interface 'JSX.IntrinsicElements' exists.
../247gbsaffiliates/app/dashboard/agent/page.tsx(172,33): error TS7026: JSX element implicitly has type 'any' because no interface 'JSX.IntrinsicElements' exists.
../247gbsaffiliates/app/dashboard/agent/page.tsx(173,37): error TS7026: JSX element implicitly has type 'any' because no interface 'JSX.IntrinsicElements' exists.
../247gbsaffiliates/app/dashboard/agent/page.tsx(174,41): error TS7026: JSX element implicitly has type 'any' because no interface 'JSX.IntrinsicElements' exists.
../247gbsaffiliates/app/dashboard/agent/page.tsx(174,89): error TS7026: JSX element implicitly has type 'any' because no interface 'JSX.IntrinsicElements' exists.
../247gbsaffiliates/app/dashboard/agent/page.tsx(175,41): error TS7026: JSX element implicitly has type 'any' because no interface 'JSX.IntrinsicElements' exists.
../247gbsaffiliates/app/dashboard/agent/page.tsx(177,41): error TS7026: JSX element implicitly has type 'any' because no interface 'JSX.IntrinsicElements' exists.
../247gbsaffiliates/app/dashboard/agent/page.tsx(178,37): error TS7026: JSX element implicitly has type 'any' because no interface 'JSX.IntrinsicElements' exists.
../247gbsaffiliates/app/dashboard/agent/page.tsx(179,37): error TS7026: JSX element implicitly has type 'any' because no interface 'JSX.IntrinsicElements' exists.
../247gbsaffiliates/app/dashboard/agent/page.tsx(180,41): error TS7026: JSX element implicitly has type 'any' because no interface 'JSX.IntrinsicElements' exists.
../247gbsaffiliates/app/dashboard/agent/page.tsx(182,41): error TS7026: JSX element implicitly has type 'any' because no interface 'JSX.IntrinsicElements' exists.
../247gbsaffiliates/app/dashboard/agent/page.tsx(183,41): error TS7026: JSX element implicitly has type 'any' because no interface 'JSX.IntrinsicElements' exists.
../247gbsaffiliates/app/dashboard/agent/page.tsx(185,41): error TS7026: JSX element implicitly has type 'any' because no interface 'JSX.IntrinsicElements' exists.
../247gbsaffiliates/app/dashboard/agent/page.tsx(186,37): error TS7026: JSX element implicitly has type 'any' because no interface 'JSX.IntrinsicElements' exists.
../247gbsaffiliates/app/dashboard/agent/page.tsx(187,33): error TS7026: JSX element implicitly has type 'any' because no interface 'JSX.IntrinsicElements' exists.
../247gbsaffiliates/app/dashboard/agent/page.tsx(188,33): error TS7026: JSX element implicitly has type 'any' because no interface 'JSX.IntrinsicElements' exists.
../247gbsaffiliates/app/dashboard/agent/page.tsx(189,37): error TS7026: JSX element implicitly has type 'any' because no interface 'JSX.IntrinsicElements' exists.
../247gbsaffiliates/app/dashboard/agent/page.tsx(192,38): error TS7026: JSX element implicitly has type 'any' because no interface 'JSX.IntrinsicElements' exists.
../247gbsaffiliates/app/dashboard/agent/page.tsx(193,33): error TS7026: JSX element implicitly has type 'any' because no interface 'JSX.IntrinsicElements' exists.
../247gbsaffiliates/app/dashboard/agent/page.tsx(194,33): error TS7026: JSX element implicitly has type 'any' because no interface 'JSX.IntrinsicElements' exists.
../247gbsaffiliates/app/dashboard/agent/page.tsx(195,37): error TS7026: JSX element implicitly has type 'any' because no interface 'JSX.IntrinsicElements' exists.
../247gbsaffiliates/app/dashboard/agent/page.tsx(196,41): error TS7026: JSX element implicitly has type 'any' because no interface 'JSX.IntrinsicElements' exists.
../247gbsaffiliates/app/dashboard/agent/page.tsx(196,92): error TS7026: JSX element implicitly has type 'any' because no interface 'JSX.IntrinsicElements' exists.
../247gbsaffiliates/app/dashboard/agent/page.tsx(198,37): error TS7026: JSX element implicitly has type 'any' because no interface 'JSX.IntrinsicElements' exists.
../247gbsaffiliates/app/dashboard/agent/page.tsx(199,37): error TS7026: JSX element implicitly has type 'any' because no interface 'JSX.IntrinsicElements' exists.
../247gbsaffiliates/app/dashboard/agent/page.tsx(201,37): error TS7026: JSX element implicitly has type 'any' because no interface 'JSX.IntrinsicElements' exists.
../247gbsaffiliates/app/dashboard/agent/page.tsx(202,33): error TS7026: JSX element implicitly has type 'any' because no interface 'JSX.IntrinsicElements' exists.
../247gbsaffiliates/app/dashboard/agent/page.tsx(203,29): error TS7026: JSX element implicitly has type 'any' because no interface 'JSX.IntrinsicElements' exists.
../247gbsaffiliates/app/dashboard/agent/page.tsx(204,29): error TS7026: JSX element implicitly has type 'any' because no interface 'JSX.IntrinsicElements' exists.
../247gbsaffiliates/app/dashboard/agent/page.tsx(204,120): error TS7026: JSX element implicitly has type 'any' because no interface 'JSX.IntrinsicElements' exists.
../247gbsaffiliates/app/dashboard/agent/page.tsx(205,25): error TS7026: JSX element implicitly has type 'any' because no interface 'JSX.IntrinsicElements' exists.
../247gbsaffiliates/app/dashboard/agent/page.tsx(207,25): error TS7026: JSX element implicitly has type 'any' because no interface 'JSX.IntrinsicElements' exists.
../247gbsaffiliates/app/dashboard/agent/page.tsx(208,29): error TS7026: JSX element implicitly has type 'any' because no interface 'JSX.IntrinsicElements' exists.
../247gbsaffiliates/app/dashboard/agent/page.tsx(210,29): error TS7026: JSX element implicitly has type 'any' because no interface 'JSX.IntrinsicElements' exists.
../247gbsaffiliates/app/dashboard/agent/page.tsx(211,29): error TS7026: JSX element implicitly has type 'any' because no interface 'JSX.IntrinsicElements' exists.
../247gbsaffiliates/app/dashboard/agent/page.tsx(212,33): error TS7026: JSX element implicitly has type 'any' because no interface 'JSX.IntrinsicElements' exists.
../247gbsaffiliates/app/dashboard/agent/page.tsx(213,37): error TS7026: JSX element implicitly has type 'any' because no interface 'JSX.IntrinsicElements' exists.
../247gbsaffiliates/app/dashboard/agent/page.tsx(213,92): error TS7026: JSX element implicitly has type 'any' because no interface 'JSX.IntrinsicElements' exists.
../247gbsaffiliates/app/dashboard/agent/page.tsx(214,37): error TS7026: JSX element implicitly has type 'any' because no interface 'JSX.IntrinsicElements' exists.
../247gbsaffiliates/app/dashboard/agent/page.tsx(215,41): error TS7026: JSX element implicitly has type 'any' because no interface 'JSX.IntrinsicElements' exists.
../247gbsaffiliates/app/dashboard/agent/page.tsx(217,41): error TS7026: JSX element implicitly has type 'any' because no interface 'JSX.IntrinsicElements' exists.
../247gbsaffiliates/app/dashboard/agent/page.tsx(218,41): error TS7026: JSX element implicitly has type 'any' because no interface 'JSX.IntrinsicElements' exists.
../247gbsaffiliates/app/dashboard/agent/page.tsx(220,41): error TS7026: JSX element implicitly has type 'any' because no interface 'JSX.IntrinsicElements' exists.
../247gbsaffiliates/app/dashboard/agent/page.tsx(221,37): error TS7026: JSX element implicitly has type 'any' because no interface 'JSX.IntrinsicElements' exists.
../247gbsaffiliates/app/dashboard/agent/page.tsx(222,33): error TS7026: JSX element implicitly has type 'any' because no interface 'JSX.IntrinsicElements' exists.
../247gbsaffiliates/app/dashboard/agent/page.tsx(223,33): error TS7026: JSX element implicitly has type 'any' because no interface 'JSX.IntrinsicElements' exists.
../247gbsaffiliates/app/dashboard/agent/page.tsx(224,37): error TS7026: JSX element implicitly has type 'any' because no interface 'JSX.IntrinsicElements' exists.
../247gbsaffiliates/app/dashboard/agent/page.tsx(224,93): error TS7026: JSX element implicitly has type 'any' because no interface 'JSX.IntrinsicElements' exists.
../247gbsaffiliates/app/dashboard/agent/page.tsx(225,37): error TS7026: JSX element implicitly has type 'any' because no interface 'JSX.IntrinsicElements' exists.
../247gbsaffiliates/app/dashboard/agent/page.tsx(226,41): error TS7026: JSX element implicitly has type 'any' because no interface 'JSX.IntrinsicElements' exists.
../247gbsaffiliates/app/dashboard/agent/page.tsx(228,41): error TS7026: JSX element implicitly has type 'any' because no interface 'JSX.IntrinsicElements' exists.
../247gbsaffiliates/app/dashboard/agent/page.tsx(229,41): error TS7026: JSX element implicitly has type 'any' because no interface 'JSX.IntrinsicElements' exists.
../247gbsaffiliates/app/dashboard/agent/page.tsx(231,41): error TS7026: JSX element implicitly has type 'any' because no interface 'JSX.IntrinsicElements' exists.
../247gbsaffiliates/app/dashboard/agent/page.tsx(232,37): error TS7026: JSX element implicitly has type 'any' because no interface 'JSX.IntrinsicElements' exists.
../247gbsaffiliates/app/dashboard/agent/page.tsx(233,33): error TS7026: JSX element implicitly has type 'any' because no interface 'JSX.IntrinsicElements' exists.
../247gbsaffiliates/app/dashboard/agent/page.tsx(234,29): error TS7026: JSX element implicitly has type 'any' because no interface 'JSX.IntrinsicElements' exists.
../247gbsaffiliates/app/dashboard/agent/page.tsx(235,25): error TS7026: JSX element implicitly has type 'any' because no interface 'JSX.IntrinsicElements' exists.
../247gbsaffiliates/app/dashboard/agent/page.tsx(236,21): error TS7026: JSX element implicitly has type 'any' because no interface 'JSX.IntrinsicElements' exists.
../247gbsaffiliates/app/dashboard/agent/page.tsx(237,17): error TS7026: JSX element implicitly has type 'any' because no interface 'JSX.IntrinsicElements' exists.
../247gbsaffiliates/app/dashboard/agent/page.tsx(238,13): error TS7026: JSX element implicitly has type 'any' because no interface 'JSX.IntrinsicElements' exists.
../247gbsaffiliates/app/dashboard/agent/settings/page.tsx(3,19): error TS2307: Cannot find module 'react' or its corresponding type declarations.
../247gbsaffiliates/app/dashboard/agent/settings/page.tsx(7,9): error TS7026: JSX element implicitly has type 'any' because no interface 'JSX.IntrinsicElements' exists.
../247gbsaffiliates/app/dashboard/agent/settings/page.tsx(7,9): error TS2875: This JSX tag requires the module path 'react/jsx-runtime' to exist, but none could be found. Make sure you have types for the appropriate package installed.
../247gbsaffiliates/app/dashboard/agent/settings/page.tsx(8,13): error TS7026: JSX element implicitly has type 'any' because no interface 'JSX.IntrinsicElements' exists.
../247gbsaffiliates/app/dashboard/agent/settings/page.tsx(9,17): error TS7026: JSX element implicitly has type 'any' because no interface 'JSX.IntrinsicElements' exists.
../247gbsaffiliates/app/dashboard/agent/settings/page.tsx(9,76): error TS7026: JSX element implicitly has type 'any' because no interface 'JSX.IntrinsicElements' exists.
../247gbsaffiliates/app/dashboard/agent/settings/page.tsx(10,17): error TS7026: JSX element implicitly has type 'any' because no interface 'JSX.IntrinsicElements' exists.
../247gbsaffiliates/app/dashboard/agent/settings/page.tsx(10,122): error TS7026: JSX element implicitly has type 'any' because no interface 'JSX.IntrinsicElements' exists.
../247gbsaffiliates/app/dashboard/agent/settings/page.tsx(11,13): error TS7026: JSX element implicitly has type 'any' because no interface 'JSX.IntrinsicElements' exists.
../247gbsaffiliates/app/dashboard/agent/settings/page.tsx(13,13): error TS7026: JSX element implicitly has type 'any' because no interface 'JSX.IntrinsicElements' exists.
../247gbsaffiliates/app/dashboard/agent/settings/page.tsx(14,17): error TS7026: JSX element implicitly has type 'any' because no interface 'JSX.IntrinsicElements' exists.
../247gbsaffiliates/app/dashboard/agent/settings/page.tsx(15,21): error TS7026: JSX element implicitly has type 'any' because no interface 'JSX.IntrinsicElements' exists.
../247gbsaffiliates/app/dashboard/agent/settings/page.tsx(15,125): error TS7026: JSX element implicitly has type 'any' because no interface 'JSX.IntrinsicElements' exists.
../247gbsaffiliates/app/dashboard/agent/settings/page.tsx(16,21): error TS7026: JSX element implicitly has type 'any' because no interface 'JSX.IntrinsicElements' exists.
../247gbsaffiliates/app/dashboard/agent/settings/page.tsx(17,25): error TS7026: JSX element implicitly has type 'any' because no interface 'JSX.IntrinsicElements' exists.
../247gbsaffiliates/app/dashboard/agent/settings/page.tsx(18,29): error TS7026: JSX element implicitly has type 'any' because no interface 'JSX.IntrinsicElements' exists.
../247gbsaffiliates/app/dashboard/agent/settings/page.tsx(18,135): error TS7026: JSX element implicitly has type 'any' because no interface 'JSX.IntrinsicElements' exists.
../247gbsaffiliates/app/dashboard/agent/settings/page.tsx(19,29): error TS7026: JSX element implicitly has type 'any' because no interface 'JSX.IntrinsicElements' exists.
../247gbsaffiliates/app/dashboard/agent/settings/page.tsx(20,25): error TS7026: JSX element implicitly has type 'any' because no interface 'JSX.IntrinsicElements' exists.
../247gbsaffiliates/app/dashboard/agent/settings/page.tsx(21,25): error TS7026: JSX element implicitly has type 'any' because no interface 'JSX.IntrinsicElements' exists.
../247gbsaffiliates/app/dashboard/agent/settings/page.tsx(22,29): error TS7026: JSX element implicitly has type 'any' because no interface 'JSX.IntrinsicElements' exists.
../247gbsaffiliates/app/dashboard/agent/settings/page.tsx(22,136): error TS7026: JSX element implicitly has type 'any' because no interface 'JSX.IntrinsicElements' exists.
../247gbsaffiliates/app/dashboard/agent/settings/page.tsx(23,29): error TS7026: JSX element implicitly has type 'any' because no interface 'JSX.IntrinsicElements' exists.
../247gbsaffiliates/app/dashboard/agent/settings/page.tsx(24,25): error TS7026: JSX element implicitly has type 'any' because no interface 'JSX.IntrinsicElements' exists.
../247gbsaffiliates/app/dashboard/agent/settings/page.tsx(25,21): error TS7026: JSX element implicitly has type 'any' because no interface 'JSX.IntrinsicElements' exists.
../247gbsaffiliates/app/dashboard/agent/settings/page.tsx(26,17): error TS7026: JSX element implicitly has type 'any' because no interface 'JSX.IntrinsicElements' exists.
../247gbsaffiliates/app/dashboard/agent/settings/page.tsx(28,17): error TS7026: JSX element implicitly has type 'any' because no interface 'JSX.IntrinsicElements' exists.
../247gbsaffiliates/app/dashboard/agent/settings/page.tsx(29,21): error TS7026: JSX element implicitly has type 'any' because no interface 'JSX.IntrinsicElements' exists.
../247gbsaffiliates/app/dashboard/agent/settings/page.tsx(29,119): error TS7026: JSX element implicitly has type 'any' because no interface 'JSX.IntrinsicElements' exists.
../247gbsaffiliates/app/dashboard/agent/settings/page.tsx(30,21): error TS7026: JSX element implicitly has type 'any' because no interface 'JSX.IntrinsicElements' exists.
../247gbsaffiliates/app/dashboard/agent/settings/page.tsx(32,29): error TS7026: JSX element implicitly has type 'any' because no interface 'JSX.IntrinsicElements' exists.
../247gbsaffiliates/app/dashboard/agent/settings/page.tsx(33,33): error TS7026: JSX element implicitly has type 'any' because no interface 'JSX.IntrinsicElements' exists.
../247gbsaffiliates/app/dashboard/agent/settings/page.tsx(33,90): error TS7026: JSX element implicitly has type 'any' because no interface 'JSX.IntrinsicElements' exists.
../247gbsaffiliates/app/dashboard/agent/settings/page.tsx(34,33): error TS7026: JSX element implicitly has type 'any' because no interface 'JSX.IntrinsicElements' exists.
../247gbsaffiliates/app/dashboard/agent/settings/page.tsx(35,37): error TS7026: JSX element implicitly has type 'any' because no interface 'JSX.IntrinsicElements' exists.
../247gbsaffiliates/app/dashboard/agent/settings/page.tsx(36,37): error TS7026: JSX element implicitly has type 'any' because no interface 'JSX.IntrinsicElements' exists.
../247gbsaffiliates/app/dashboard/agent/settings/page.tsx(36,387): error TS7026: JSX element implicitly has type 'any' because no interface 'JSX.IntrinsicElements' exists.
../247gbsaffiliates/app/dashboard/agent/settings/page.tsx(37,33): error TS7026: JSX element implicitly has type 'any' because no interface 'JSX.IntrinsicElements' exists.
../247gbsaffiliates/app/dashboard/agent/settings/page.tsx(38,29): error TS7026: JSX element implicitly has type 'any' because no interface 'JSX.IntrinsicElements' exists.
../247gbsaffiliates/app/dashboard/agent/settings/page.tsx(40,21): error TS7026: JSX element implicitly has type 'any' because no interface 'JSX.IntrinsicElements' exists.
../247gbsaffiliates/app/dashboard/agent/settings/page.tsx(41,17): error TS7026: JSX element implicitly has type 'any' because no interface 'JSX.IntrinsicElements' exists.
../247gbsaffiliates/app/dashboard/agent/settings/page.tsx(43,17): error TS7026: JSX element implicitly has type 'any' because no interface 'JSX.IntrinsicElements' exists.
../247gbsaffiliates/app/dashboard/agent/settings/page.tsx(44,21): error TS7026: JSX element implicitly has type 'any' because no interface 'JSX.IntrinsicElements' exists.
../247gbsaffiliates/app/dashboard/agent/settings/page.tsx(46,21): error TS7026: JSX element implicitly has type 'any' because no interface 'JSX.IntrinsicElements' exists.
../247gbsaffiliates/app/dashboard/agent/settings/page.tsx(47,17): error TS7026: JSX element implicitly has type 'any' because no interface 'JSX.IntrinsicElements' exists.
../247gbsaffiliates/app/dashboard/agent/settings/page.tsx(48,13): error TS7026: JSX element implicitly has type 'any' because no interface 'JSX.IntrinsicElements' exists.
../247gbsaffiliates/app/dashboard/agent/settings/page.tsx(49,9): error TS7026: JSX element implicitly has type 'any' because no interface 'JSX.IntrinsicElements' exists.
../247gbsaffiliates/app/dashboard/agent/tasks/page.tsx(3,19): error TS2307: Cannot find module 'react' or its corresponding type declarations.
../247gbsaffiliates/app/dashboard/agent/tasks/page.tsx(7,9): error TS7026: JSX element implicitly has type 'any' because no interface 'JSX.IntrinsicElements' exists.
../247gbsaffiliates/app/dashboard/agent/tasks/page.tsx(7,9): error TS2875: This JSX tag requires the module path 'react/jsx-runtime' to exist, but none could be found. Make sure you have types for the appropriate package installed.
../247gbsaffiliates/app/dashboard/agent/tasks/page.tsx(8,13): error TS7026: JSX element implicitly has type 'any' because no interface 'JSX.IntrinsicElements' exists.
../247gbsaffiliates/app/dashboard/agent/tasks/page.tsx(9,17): error TS7026: JSX element implicitly has type 'any' because no interface 'JSX.IntrinsicElements' exists.
../247gbsaffiliates/app/dashboard/agent/tasks/page.tsx(10,21): error TS7026: JSX element implicitly has type 'any' because no interface 'JSX.IntrinsicElements' exists.
../247gbsaffiliates/app/dashboard/agent/tasks/page.tsx(10,87): error TS7026: JSX element implicitly has type 'any' because no interface 'JSX.IntrinsicElements' exists.
../247gbsaffiliates/app/dashboard/agent/tasks/page.tsx(11,21): error TS7026: JSX element implicitly has type 'any' because no interface 'JSX.IntrinsicElements' exists.
../247gbsaffiliates/app/dashboard/agent/tasks/page.tsx(11,112): error TS7026: JSX element implicitly has type 'any' because no interface 'JSX.IntrinsicElements' exists.
../247gbsaffiliates/app/dashboard/agent/tasks/page.tsx(12,17): error TS7026: JSX element implicitly has type 'any' because no interface 'JSX.IntrinsicElements' exists.
../247gbsaffiliates/app/dashboard/agent/tasks/page.tsx(13,17): error TS7026: JSX element implicitly has type 'any' because no interface 'JSX.IntrinsicElements' exists.
../247gbsaffiliates/app/dashboard/agent/tasks/page.tsx(14,21): error TS7026: JSX element implicitly has type 'any' because no interface 'JSX.IntrinsicElements' exists.
../247gbsaffiliates/app/dashboard/agent/tasks/page.tsx(14,76): error TS7026: JSX element implicitly has type 'any' because no interface 'JSX.IntrinsicElements' exists.
../247gbsaffiliates/app/dashboard/agent/tasks/page.tsx(16,17): error TS7026: JSX element implicitly has type 'any' because no interface 'JSX.IntrinsicElements' exists.
../247gbsaffiliates/app/dashboard/agent/tasks/page.tsx(17,13): error TS7026: JSX element implicitly has type 'any' because no interface 'JSX.IntrinsicElements' exists.
../247gbsaffiliates/app/dashboard/agent/tasks/page.tsx(19,13): error TS7026: JSX element implicitly has type 'any' because no interface 'JSX.IntrinsicElements' exists.
../247gbsaffiliates/app/dashboard/agent/tasks/page.tsx(28,21): error TS7026: JSX element implicitly has type 'any' because no interface 'JSX.IntrinsicElements' exists.
../247gbsaffiliates/app/dashboard/agent/tasks/page.tsx(29,25): error TS7026: JSX element implicitly has type 'any' because no interface 'JSX.IntrinsicElements' exists.
../247gbsaffiliates/app/dashboard/agent/tasks/page.tsx(30,29): error TS7026: JSX element implicitly has type 'any' because no interface 'JSX.IntrinsicElements' exists.
../247gbsaffiliates/app/dashboard/agent/tasks/page.tsx(31,33): error TS7026: JSX element implicitly has type 'any' because no interface 'JSX.IntrinsicElements' exists.
../247gbsaffiliates/app/dashboard/agent/tasks/page.tsx(31,88): error TS7026: JSX element implicitly has type 'any' because no interface 'JSX.IntrinsicElements' exists.
../247gbsaffiliates/app/dashboard/agent/tasks/page.tsx(32,29): error TS7026: JSX element implicitly has type 'any' because no interface 'JSX.IntrinsicElements' exists.
../247gbsaffiliates/app/dashboard/agent/tasks/page.tsx(33,29): error TS7026: JSX element implicitly has type 'any' because no interface 'JSX.IntrinsicElements' exists.
../247gbsaffiliates/app/dashboard/agent/tasks/page.tsx(33,94): error TS7026: JSX element implicitly has type 'any' because no interface 'JSX.IntrinsicElements' exists.
../247gbsaffiliates/app/dashboard/agent/tasks/page.tsx(34,25): error TS7026: JSX element implicitly has type 'any' because no interface 'JSX.IntrinsicElements' exists.
../247gbsaffiliates/app/dashboard/agent/tasks/page.tsx(36,25): error TS7026: JSX element implicitly has type 'any' because no interface 'JSX.IntrinsicElements' exists.
../247gbsaffiliates/app/dashboard/agent/tasks/page.tsx(37,29): error TS7026: JSX element implicitly has type 'any' because no interface 'JSX.IntrinsicElements' exists.
../247gbsaffiliates/app/dashboard/agent/tasks/page.tsx(37,95): error TS7026: JSX element implicitly has type 'any' because no interface 'JSX.IntrinsicElements' exists.
../247gbsaffiliates/app/dashboard/agent/tasks/page.tsx(38,29): error TS7026: JSX element implicitly has type 'any' because no interface 'JSX.IntrinsicElements' exists.
../247gbsaffiliates/app/dashboard/agent/tasks/page.tsx(38,116): error TS7026: JSX element implicitly has type 'any' because no interface 'JSX.IntrinsicElements' exists.
../247gbsaffiliates/app/dashboard/agent/tasks/page.tsx(39,25): error TS7026: JSX element implicitly has type 'any' because no interface 'JSX.IntrinsicElements' exists.
../247gbsaffiliates/app/dashboard/agent/tasks/page.tsx(41,25): error TS7026: JSX element implicitly has type 'any' because no interface 'JSX.IntrinsicElements' exists.
../247gbsaffiliates/app/dashboard/agent/tasks/page.tsx(42,29): error TS7026: JSX element implicitly has type 'any' because no interface 'JSX.IntrinsicElements' exists.
../247gbsaffiliates/app/dashboard/agent/tasks/page.tsx(44,29): error TS7026: JSX element implicitly has type 'any' because no interface 'JSX.IntrinsicElements' exists.
../247gbsaffiliates/app/dashboard/agent/tasks/page.tsx(45,25): error TS7026: JSX element implicitly has type 'any' because no interface 'JSX.IntrinsicElements' exists.
../247gbsaffiliates/app/dashboard/agent/tasks/page.tsx(46,21): error TS7026: JSX element implicitly has type 'any' because no interface 'JSX.IntrinsicElements' exists.
../247gbsaffiliates/app/dashboard/agent/tasks/page.tsx(48,13): error TS7026: JSX element implicitly has type 'any' because no interface 'JSX.IntrinsicElements' exists.
../247gbsaffiliates/app/dashboard/agent/tasks/page.tsx(49,9): error TS7026: JSX element implicitly has type 'any' because no interface 'JSX.IntrinsicElements' exists.
../247gbsaffiliates/app/dashboard/client/approval/page.tsx(3,9): error TS7026: JSX element implicitly has type 'any' because no interface 'JSX.IntrinsicElements' exists.
../247gbsaffiliates/app/dashboard/client/approval/page.tsx(3,9): error TS2875: This JSX tag requires the module path 'react/jsx-runtime' to exist, but none could be found. Make sure you have types for the appropriate package installed.
../247gbsaffiliates/app/dashboard/client/approval/page.tsx(4,13): error TS7026: JSX element implicitly has type 'any' because no interface 'JSX.IntrinsicElements' exists.
../247gbsaffiliates/app/dashboard/client/approval/page.tsx(5,17): error TS7026: JSX element implicitly has type 'any' because no interface 'JSX.IntrinsicElements' exists.
../247gbsaffiliates/app/dashboard/client/approval/page.tsx(6,21): error TS7026: JSX element implicitly has type 'any' because no interface 'JSX.IntrinsicElements' exists.
../247gbsaffiliates/app/dashboard/client/approval/page.tsx(8,21): error TS7026: JSX element implicitly has type 'any' because no interface 'JSX.IntrinsicElements' exists.
../247gbsaffiliates/app/dashboard/client/approval/page.tsx(9,17): error TS7026: JSX element implicitly has type 'any' because no interface 'JSX.IntrinsicElements' exists.
../247gbsaffiliates/app/dashboard/client/approval/page.tsx(10,17): error TS7026: JSX element implicitly has type 'any' because no interface 'JSX.IntrinsicElements' exists.
../247gbsaffiliates/app/dashboard/client/approval/page.tsx(11,21): error TS7026: JSX element implicitly has type 'any' because no interface 'JSX.IntrinsicElements' exists.
../247gbsaffiliates/app/dashboard/client/approval/page.tsx(12,25): error TS7026: JSX element implicitly has type 'any' because no interface 'JSX.IntrinsicElements' exists.
../247gbsaffiliates/app/dashboard/client/approval/page.tsx(13,29): error TS7026: JSX element implicitly has type 'any' because no interface 'JSX.IntrinsicElements' exists.
../247gbsaffiliates/app/dashboard/client/approval/page.tsx(15,29): error TS7026: JSX element implicitly has type 'any' because no interface 'JSX.IntrinsicElements' exists.
../247gbsaffiliates/app/dashboard/client/approval/page.tsx(16,29): error TS7026: JSX element implicitly has type 'any' because no interface 'JSX.IntrinsicElements' exists.
../247gbsaffiliates/app/dashboard/client/approval/page.tsx(18,29): error TS7026: JSX element implicitly has type 'any' because no interface 'JSX.IntrinsicElements' exists.
../247gbsaffiliates/app/dashboard/client/approval/page.tsx(19,25): error TS7026: JSX element implicitly has type 'any' because no interface 'JSX.IntrinsicElements' exists.
../247gbsaffiliates/app/dashboard/client/approval/page.tsx(20,25): error TS7026: JSX element implicitly has type 'any' because no interface 'JSX.IntrinsicElements' exists.
../247gbsaffiliates/app/dashboard/client/approval/page.tsx(22,25): error TS7026: JSX element implicitly has type 'any' because no interface 'JSX.IntrinsicElements' exists.
../247gbsaffiliates/app/dashboard/client/approval/page.tsx(23,25): error TS7026: JSX element implicitly has type 'any' because no interface 'JSX.IntrinsicElements' exists.
../247gbsaffiliates/app/dashboard/client/approval/page.tsx(24,29): error TS7026: JSX element implicitly has type 'any' because no interface 'JSX.IntrinsicElements' exists.
../247gbsaffiliates/app/dashboard/client/approval/page.tsx(30,30): error TS7026: JSX element implicitly has type 'any' because no interface 'JSX.IntrinsicElements' exists.
../247gbsaffiliates/app/dashboard/client/approval/page.tsx(31,29): error TS7026: JSX element implicitly has type 'any' because no interface 'JSX.IntrinsicElements' exists.
../247gbsaffiliates/app/dashboard/client/approval/page.tsx(33,29): error TS7026: JSX element implicitly has type 'any' because no interface 'JSX.IntrinsicElements' exists.
../247gbsaffiliates/app/dashboard/client/approval/page.tsx(34,25): error TS7026: JSX element implicitly has type 'any' because no interface 'JSX.IntrinsicElements' exists.
../247gbsaffiliates/app/dashboard/client/approval/page.tsx(35,21): error TS7026: JSX element implicitly has type 'any' because no interface 'JSX.IntrinsicElements' exists.
../247gbsaffiliates/app/dashboard/client/approval/page.tsx(37,21): error TS7026: JSX element implicitly has type 'any' because no interface 'JSX.IntrinsicElements' exists.
../247gbsaffiliates/app/dashboard/client/approval/page.tsx(38,25): error TS7026: JSX element implicitly has type 'any' because no interface 'JSX.IntrinsicElements' exists.
../247gbsaffiliates/app/dashboard/client/approval/page.tsx(39,29): error TS7026: JSX element implicitly has type 'any' because no interface 'JSX.IntrinsicElements' exists.
../247gbsaffiliates/app/dashboard/client/approval/page.tsx(41,29): error TS7026: JSX element implicitly has type 'any' because no interface 'JSX.IntrinsicElements' exists.
../247gbsaffiliates/app/dashboard/client/approval/page.tsx(42,25): error TS7026: JSX element implicitly has type 'any' because no interface 'JSX.IntrinsicElements' exists.
../247gbsaffiliates/app/dashboard/client/approval/page.tsx(43,25): error TS7026: JSX element implicitly has type 'any' because no interface 'JSX.IntrinsicElements' exists.
../247gbsaffiliates/app/dashboard/client/approval/page.tsx(45,25): error TS7026: JSX element implicitly has type 'any' because no interface 'JSX.IntrinsicElements' exists.
../247gbsaffiliates/app/dashboard/client/approval/page.tsx(46,25): error TS7026: JSX element implicitly has type 'any' because no interface 'JSX.IntrinsicElements' exists.
../247gbsaffiliates/app/dashboard/client/approval/page.tsx(47,29): error TS7026: JSX element implicitly has type 'any' because no interface 'JSX.IntrinsicElements' exists.
../247gbsaffiliates/app/dashboard/client/approval/page.tsx(53,30): error TS7026: JSX element implicitly has type 'any' because no interface 'JSX.IntrinsicElements' exists.
../247gbsaffiliates/app/dashboard/client/approval/page.tsx(54,29): error TS7026: JSX element implicitly has type 'any' because no interface 'JSX.IntrinsicElements' exists.
../247gbsaffiliates/app/dashboard/client/approval/page.tsx(56,29): error TS7026: JSX element implicitly has type 'any' because no interface 'JSX.IntrinsicElements' exists.
../247gbsaffiliates/app/dashboard/client/approval/page.tsx(57,25): error TS7026: JSX element implicitly has type 'any' because no interface 'JSX.IntrinsicElements' exists.
../247gbsaffiliates/app/dashboard/client/approval/page.tsx(58,21): error TS7026: JSX element implicitly has type 'any' because no interface 'JSX.IntrinsicElements' exists.
../247gbsaffiliates/app/dashboard/client/approval/page.tsx(59,17): error TS7026: JSX element implicitly has type 'any' because no interface 'JSX.IntrinsicElements' exists.
../247gbsaffiliates/app/dashboard/client/approval/page.tsx(60,13): error TS7026: JSX element implicitly has type 'any' because no interface 'JSX.IntrinsicElements' exists.
../247gbsaffiliates/app/dashboard/client/approval/page.tsx(62,13): error TS7026: JSX element implicitly has type 'any' because no interface 'JSX.IntrinsicElements' exists.
../247gbsaffiliates/app/dashboard/client/approval/page.tsx(63,17): error TS7026: JSX element implicitly has type 'any' because no interface 'JSX.IntrinsicElements' exists.
../247gbsaffiliates/app/dashboard/client/approval/page.tsx(64,21): error TS7026: JSX element implicitly has type 'any' because no interface 'JSX.IntrinsicElements' exists.
../247gbsaffiliates/app/dashboard/client/approval/page.tsx(65,25): error TS7026: JSX element implicitly has type 'any' because no interface 'JSX.IntrinsicElements' exists.
../247gbsaffiliates/app/dashboard/client/approval/page.tsx(67,25): error TS7026: JSX element implicitly has type 'any' because no interface 'JSX.IntrinsicElements' exists.
../247gbsaffiliates/app/dashboard/client/approval/page.tsx(68,25): error TS7026: JSX element implicitly has type 'any' because no interface 'JSX.IntrinsicElements' exists.
../247gbsaffiliates/app/dashboard/client/approval/page.tsx(70,25): error TS7026: JSX element implicitly has type 'any' because no interface 'JSX.IntrinsicElements' exists.
../247gbsaffiliates/app/dashboard/client/approval/page.tsx(71,21): error TS7026: JSX element implicitly has type 'any' because no interface 'JSX.IntrinsicElements' exists.
../247gbsaffiliates/app/dashboard/client/approval/page.tsx(72,21): error TS7026: JSX element implicitly has type 'any' because no interface 'JSX.IntrinsicElements' exists.
../247gbsaffiliates/app/dashboard/client/approval/page.tsx(73,25): error TS7026: JSX element implicitly has type 'any' because no interface 'JSX.IntrinsicElements' exists.
../247gbsaffiliates/app/dashboard/client/approval/page.tsx(74,29): error TS7026: JSX element implicitly has type 'any' because no interface 'JSX.IntrinsicElements' exists.
../247gbsaffiliates/app/dashboard/client/approval/page.tsx(76,29): error TS7026: JSX element implicitly has type 'any' because no interface 'JSX.IntrinsicElements' exists.
../247gbsaffiliates/app/dashboard/client/approval/page.tsx(78,25): error TS7026: JSX element implicitly has type 'any' because no interface 'JSX.IntrinsicElements' exists.
../247gbsaffiliates/app/dashboard/client/approval/page.tsx(79,25): error TS7026: JSX element implicitly has type 'any' because no interface 'JSX.IntrinsicElements' exists.
../247gbsaffiliates/app/dashboard/client/approval/page.tsx(80,29): error TS7026: JSX element implicitly has type 'any' because no interface 'JSX.IntrinsicElements' exists.
../247gbsaffiliates/app/dashboard/client/approval/page.tsx(82,29): error TS7026: JSX element implicitly has type 'any' because no interface 'JSX.IntrinsicElements' exists.
../247gbsaffiliates/app/dashboard/client/approval/page.tsx(84,25): error TS7026: JSX element implicitly has type 'any' because no interface 'JSX.IntrinsicElements' exists.
../247gbsaffiliates/app/dashboard/client/approval/page.tsx(85,21): error TS7026: JSX element implicitly has type 'any' because no interface 'JSX.IntrinsicElements' exists.
../247gbsaffiliates/app/dashboard/client/approval/page.tsx(86,17): error TS7026: JSX element implicitly has type 'any' because no interface 'JSX.IntrinsicElements' exists.
../247gbsaffiliates/app/dashboard/client/approval/page.tsx(87,17): error TS7026: JSX element implicitly has type 'any' because no interface 'JSX.IntrinsicElements' exists.
../247gbsaffiliates/app/dashboard/client/approval/page.tsx(88,21): error TS7026: JSX element implicitly has type 'any' because no interface 'JSX.IntrinsicElements' exists.
../247gbsaffiliates/app/dashboard/client/approval/page.tsx(89,25): error TS7026: JSX element implicitly has type 'any' because no interface 'JSX.IntrinsicElements' exists.
../247gbsaffiliates/app/dashboard/client/approval/page.tsx(90,29): error TS7026: JSX element implicitly has type 'any' because no interface 'JSX.IntrinsicElements' exists.
../247gbsaffiliates/app/dashboard/client/approval/page.tsx(91,33): error TS7026: JSX element implicitly has type 'any' because no interface 'JSX.IntrinsicElements' exists.
../247gbsaffiliates/app/dashboard/client/approval/page.tsx(93,33): error TS7026: JSX element implicitly has type 'any' because no interface 'JSX.IntrinsicElements' exists.
../247gbsaffiliates/app/dashboard/client/approval/page.tsx(94,33): error TS7026: JSX element implicitly has type 'any' because no interface 'JSX.IntrinsicElements' exists.
../247gbsaffiliates/app/dashboard/client/approval/page.tsx(96,33): error TS7026: JSX element implicitly has type 'any' because no interface 'JSX.IntrinsicElements' exists.
../247gbsaffiliates/app/dashboard/client/approval/page.tsx(97,29): error TS7026: JSX element implicitly has type 'any' because no interface 'JSX.IntrinsicElements' exists.
../247gbsaffiliates/app/dashboard/client/approval/page.tsx(98,29): error TS7026: JSX element implicitly has type 'any' because no interface 'JSX.IntrinsicElements' exists.
../247gbsaffiliates/app/dashboard/client/approval/page.tsx(99,33): error TS7026: JSX element implicitly has type 'any' because no interface 'JSX.IntrinsicElements' exists.
../247gbsaffiliates/app/dashboard/client/approval/page.tsx(100,37): error TS7026: JSX element implicitly has type 'any' because no interface 'JSX.IntrinsicElements' exists.
../247gbsaffiliates/app/dashboard/client/approval/page.tsx(102,37): error TS7026: JSX element implicitly has type 'any' because no interface 'JSX.IntrinsicElements' exists.
../247gbsaffiliates/app/dashboard/client/approval/page.tsx(103,37): error TS7026: JSX element implicitly has type 'any' because no interface 'JSX.IntrinsicElements' exists.
../247gbsaffiliates/app/dashboard/client/approval/page.tsx(109,37): error TS7026: JSX element implicitly has type 'any' because no interface 'JSX.IntrinsicElements' exists.
../247gbsaffiliates/app/dashboard/client/approval/page.tsx(110,33): error TS7026: JSX element implicitly has type 'any' because no interface 'JSX.IntrinsicElements' exists.
../247gbsaffiliates/app/dashboard/client/approval/page.tsx(111,33): error TS7026: JSX element implicitly has type 'any' because no interface 'JSX.IntrinsicElements' exists.
../247gbsaffiliates/app/dashboard/client/approval/page.tsx(112,37): error TS7026: JSX element implicitly has type 'any' because no interface 'JSX.IntrinsicElements' exists.
../247gbsaffiliates/app/dashboard/client/approval/page.tsx(114,37): error TS7026: JSX element implicitly has type 'any' because no interface 'JSX.IntrinsicElements' exists.
../247gbsaffiliates/app/dashboard/client/approval/page.tsx(115,37): error TS7026: JSX element implicitly has type 'any' because no interface 'JSX.IntrinsicElements' exists.
../247gbsaffiliates/app/dashboard/client/approval/page.tsx(116,41): error TS7026: JSX element implicitly has type 'any' because no interface 'JSX.IntrinsicElements' exists.
../247gbsaffiliates/app/dashboard/client/approval/page.tsx(117,45): error TS7026: JSX element implicitly has type 'any' because no interface 'JSX.IntrinsicElements' exists.
../247gbsaffiliates/app/dashboard/client/approval/page.tsx(119,45): error TS7026: JSX element implicitly has type 'any' because no interface 'JSX.IntrinsicElements' exists.
../247gbsaffiliates/app/dashboard/client/approval/page.tsx(120,45): error TS7026: JSX element implicitly has type 'any' because no interface 'JSX.IntrinsicElements' exists.
../247gbsaffiliates/app/dashboard/client/approval/page.tsx(123,45): error TS7026: JSX element implicitly has type 'any' because no interface 'JSX.IntrinsicElements' exists.
../247gbsaffiliates/app/dashboard/client/approval/page.tsx(124,41): error TS7026: JSX element implicitly has type 'any' because no interface 'JSX.IntrinsicElements' exists.
../247gbsaffiliates/app/dashboard/client/approval/page.tsx(125,41): error TS7026: JSX element implicitly has type 'any' because no interface 'JSX.IntrinsicElements' exists.
../247gbsaffiliates/app/dashboard/client/approval/page.tsx(126,45): error TS7026: JSX element implicitly has type 'any' because no interface 'JSX.IntrinsicElements' exists.
../247gbsaffiliates/app/dashboard/client/approval/page.tsx(128,45): error TS7026: JSX element implicitly has type 'any' because no interface 'JSX.IntrinsicElements' exists.
../247gbsaffiliates/app/dashboard/client/approval/page.tsx(129,45): error TS7026: JSX element implicitly has type 'any' because no interface 'JSX.IntrinsicElements' exists.
../247gbsaffiliates/app/dashboard/client/approval/page.tsx(131,45): error TS7026: JSX element implicitly has type 'any' because no interface 'JSX.IntrinsicElements' exists.
../247gbsaffiliates/app/dashboard/client/approval/page.tsx(132,41): error TS7026: JSX element implicitly has type 'any' because no interface 'JSX.IntrinsicElements' exists.
../247gbsaffiliates/app/dashboard/client/approval/page.tsx(133,37): error TS7026: JSX element implicitly has type 'any' because no interface 'JSX.IntrinsicElements' exists.
../247gbsaffiliates/app/dashboard/client/approval/page.tsx(134,33): error TS7026: JSX element implicitly has type 'any' because no interface 'JSX.IntrinsicElements' exists.
../247gbsaffiliates/app/dashboard/client/approval/page.tsx(135,29): error TS7026: JSX element implicitly has type 'any' because no interface 'JSX.IntrinsicElements' exists.
../247gbsaffiliates/app/dashboard/client/approval/page.tsx(136,25): error TS7026: JSX element implicitly has type 'any' because no interface 'JSX.IntrinsicElements' exists.
../247gbsaffiliates/app/dashboard/client/approval/page.tsx(137,21): error TS7026: JSX element implicitly has type 'any' because no interface 'JSX.IntrinsicElements' exists.
../247gbsaffiliates/app/dashboard/client/approval/page.tsx(138,17): error TS7026: JSX element implicitly has type 'any' because no interface 'JSX.IntrinsicElements' exists.
../247gbsaffiliates/app/dashboard/client/approval/page.tsx(139,13): error TS7026: JSX element implicitly has type 'any' because no interface 'JSX.IntrinsicElements' exists.
../247gbsaffiliates/app/dashboard/client/approval/page.tsx(141,13): error TS7026: JSX element implicitly has type 'any' because no interface 'JSX.IntrinsicElements' exists.
../247gbsaffiliates/app/dashboard/client/approval/page.tsx(142,17): error TS7026: JSX element implicitly has type 'any' because no interface 'JSX.IntrinsicElements' exists.
../247gbsaffiliates/app/dashboard/client/approval/page.tsx(143,21): error TS7026: JSX element implicitly has type 'any' because no interface 'JSX.IntrinsicElements' exists.
../247gbsaffiliates/app/dashboard/client/approval/page.tsx(145,21): error TS7026: JSX element implicitly has type 'any' because no interface 'JSX.IntrinsicElements' exists.
../247gbsaffiliates/app/dashboard/client/approval/page.tsx(146,21): error TS7026: JSX element implicitly has type 'any' because no interface 'JSX.IntrinsicElements' exists.
../247gbsaffiliates/app/dashboard/client/approval/page.tsx(148,21): error TS7026: JSX element implicitly has type 'any' because no interface 'JSX.IntrinsicElements' exists.
../247gbsaffiliates/app/dashboard/client/approval/page.tsx(149,17): error TS7026: JSX element implicitly has type 'any' because no interface 'JSX.IntrinsicElements' exists.
../247gbsaffiliates/app/dashboard/client/approval/page.tsx(150,17): error TS7026: JSX element implicitly has type 'any' because no interface 'JSX.IntrinsicElements' exists.
../247gbsaffiliates/app/dashboard/client/approval/page.tsx(151,21): error TS7026: JSX element implicitly has type 'any' because no interface 'JSX.IntrinsicElements' exists.
../247gbsaffiliates/app/dashboard/client/approval/page.tsx(152,25): error TS7026: JSX element implicitly has type 'any' because no interface 'JSX.IntrinsicElements' exists.
../247gbsaffiliates/app/dashboard/client/approval/page.tsx(153,29): error TS7026: JSX element implicitly has type 'any' because no interface 'JSX.IntrinsicElements' exists.
../247gbsaffiliates/app/dashboard/client/approval/page.tsx(159,30): error TS7026: JSX element implicitly has type 'any' because no interface 'JSX.IntrinsicElements' exists.
../247gbsaffiliates/app/dashboard/client/approval/page.tsx(160,29): error TS7026: JSX element implicitly has type 'any' because no interface 'JSX.IntrinsicElements' exists.
../247gbsaffiliates/app/dashboard/client/approval/page.tsx(162,29): error TS7026: JSX element implicitly has type 'any' because no interface 'JSX.IntrinsicElements' exists.
../247gbsaffiliates/app/dashboard/client/approval/page.tsx(163,29): error TS7026: JSX element implicitly has type 'any' because no interface 'JSX.IntrinsicElements' exists.
../247gbsaffiliates/app/dashboard/client/approval/page.tsx(165,29): error TS7026: JSX element implicitly has type 'any' because no interface 'JSX.IntrinsicElements' exists.
../247gbsaffiliates/app/dashboard/client/approval/page.tsx(166,25): error TS7026: JSX element implicitly has type 'any' because no interface 'JSX.IntrinsicElements' exists.
../247gbsaffiliates/app/dashboard/client/approval/page.tsx(167,25): error TS7026: JSX element implicitly has type 'any' because no interface 'JSX.IntrinsicElements' exists.
../247gbsaffiliates/app/dashboard/client/approval/page.tsx(170,25): error TS7026: JSX element implicitly has type 'any' because no interface 'JSX.IntrinsicElements' exists.
../247gbsaffiliates/app/dashboard/client/approval/page.tsx(171,21): error TS7026: JSX element implicitly has type 'any' because no interface 'JSX.IntrinsicElements' exists.
../247gbsaffiliates/app/dashboard/client/approval/page.tsx(172,17): error TS7026: JSX element implicitly has type 'any' because no interface 'JSX.IntrinsicElements' exists.
../247gbsaffiliates/app/dashboard/client/approval/page.tsx(173,17): error TS7026: JSX element implicitly has type 'any' because no interface 'JSX.IntrinsicElements' exists.
../247gbsaffiliates/app/dashboard/client/approval/page.tsx(174,21): error TS7026: JSX element implicitly has type 'any' because no interface 'JSX.IntrinsicElements' exists.
../247gbsaffiliates/app/dashboard/client/approval/page.tsx(175,25): error TS7026: JSX element implicitly has type 'any' because no interface 'JSX.IntrinsicElements' exists.
../247gbsaffiliates/app/dashboard/client/approval/page.tsx(179,26): error TS7026: JSX element implicitly has type 'any' because no interface 'JSX.IntrinsicElements' exists.
../247gbsaffiliates/app/dashboard/client/approval/page.tsx(180,25): error TS7026: JSX element implicitly has type 'any' because no interface 'JSX.IntrinsicElements' exists.
../247gbsaffiliates/app/dashboard/client/approval/page.tsx(181,29): error TS7026: JSX element implicitly has type 'any' because no interface 'JSX.IntrinsicElements' exists.
../247gbsaffiliates/app/dashboard/client/approval/page.tsx(183,29): error TS7026: JSX element implicitly has type 'any' because no interface 'JSX.IntrinsicElements' exists.
../247gbsaffiliates/app/dashboard/client/approval/page.tsx(184,25): error TS7026: JSX element implicitly has type 'any' because no interface 'JSX.IntrinsicElements' exists.
../247gbsaffiliates/app/dashboard/client/approval/page.tsx(185,21): error TS7026: JSX element implicitly has type 'any' because no interface 'JSX.IntrinsicElements' exists.
../247gbsaffiliates/app/dashboard/client/approval/page.tsx(186,17): error TS7026: JSX element implicitly has type 'any' because no interface 'JSX.IntrinsicElements' exists.
../247gbsaffiliates/app/dashboard/client/approval/page.tsx(187,13): error TS7026: JSX element implicitly has type 'any' because no interface 'JSX.IntrinsicElements' exists.
../247gbsaffiliates/app/dashboard/client/approval/page.tsx(188,9): error TS7026: JSX element implicitly has type 'any' because no interface 'JSX.IntrinsicElements' exists.
../247gbsaffiliates/app/dashboard/client/history/page.tsx(3,9): error TS7026: JSX element implicitly has type 'any' because no interface 'JSX.IntrinsicElements' exists.
../247gbsaffiliates/app/dashboard/client/history/page.tsx(3,9): error TS2875: This JSX tag requires the module path 'react/jsx-runtime' to exist, but none could be found. Make sure you have types for the appropriate package installed.
../247gbsaffiliates/app/dashboard/client/history/page.tsx(4,13): error TS7026: JSX element implicitly has type 'any' because no interface 'JSX.IntrinsicElements' exists.
../247gbsaffiliates/app/dashboard/client/history/page.tsx(5,17): error TS7026: JSX element implicitly has type 'any' because no interface 'JSX.IntrinsicElements' exists.
../247gbsaffiliates/app/dashboard/client/history/page.tsx(7,17): error TS7026: JSX element implicitly has type 'any' because no interface 'JSX.IntrinsicElements' exists.
../247gbsaffiliates/app/dashboard/client/history/page.tsx(8,17): error TS7026: JSX element implicitly has type 'any' because no interface 'JSX.IntrinsicElements' exists.
../247gbsaffiliates/app/dashboard/client/history/page.tsx(8,64): error TS7026: JSX element implicitly has type 'any' because no interface 'JSX.IntrinsicElements' exists.
../247gbsaffiliates/app/dashboard/client/history/page.tsx(9,17): error TS7026: JSX element implicitly has type 'any' because no interface 'JSX.IntrinsicElements' exists.
../247gbsaffiliates/app/dashboard/client/history/page.tsx(11,17): error TS7026: JSX element implicitly has type 'any' because no interface 'JSX.IntrinsicElements' exists.
../247gbsaffiliates/app/dashboard/client/history/page.tsx(12,13): error TS7026: JSX element implicitly has type 'any' because no interface 'JSX.IntrinsicElements' exists.
../247gbsaffiliates/app/dashboard/client/history/page.tsx(14,13): error TS7026: JSX element implicitly has type 'any' because no interface 'JSX.IntrinsicElements' exists.
../247gbsaffiliates/app/dashboard/client/history/page.tsx(15,17): error TS7026: JSX element implicitly has type 'any' because no interface 'JSX.IntrinsicElements' exists.
../247gbsaffiliates/app/dashboard/client/history/page.tsx(16,21): error TS7026: JSX element implicitly has type 'any' because no interface 'JSX.IntrinsicElements' exists.
../247gbsaffiliates/app/dashboard/client/history/page.tsx(18,21): error TS7026: JSX element implicitly has type 'any' because no interface 'JSX.IntrinsicElements' exists.
../247gbsaffiliates/app/dashboard/client/history/page.tsx(19,21): error TS7026: JSX element implicitly has type 'any' because no interface 'JSX.IntrinsicElements' exists.
../247gbsaffiliates/app/dashboard/client/history/page.tsx(22,21): error TS7026: JSX element implicitly has type 'any' because no interface 'JSX.IntrinsicElements' exists.
../247gbsaffiliates/app/dashboard/client/history/page.tsx(23,17): error TS7026: JSX element implicitly has type 'any' because no interface 'JSX.IntrinsicElements' exists.
../247gbsaffiliates/app/dashboard/client/history/page.tsx(24,17): error TS7026: JSX element implicitly has type 'any' because no interface 'JSX.IntrinsicElements' exists.
../247gbsaffiliates/app/dashboard/client/history/page.tsx(25,21): error TS7026: JSX element implicitly has type 'any' because no interface 'JSX.IntrinsicElements' exists.
../247gbsaffiliates/app/dashboard/client/history/page.tsx(26,25): error TS7026: JSX element implicitly has type 'any' because no interface 'JSX.IntrinsicElements' exists.
../247gbsaffiliates/app/dashboard/client/history/page.tsx(28,25): error TS7026: JSX element implicitly has type 'any' because no interface 'JSX.IntrinsicElements' exists.
../247gbsaffiliates/app/dashboard/client/history/page.tsx(29,25): error TS7026: JSX element implicitly has type 'any' because no interface 'JSX.IntrinsicElements' exists.
../247gbsaffiliates/app/dashboard/client/history/page.tsx(29,50): error TS7026: JSX element implicitly has type 'any' because no interface 'JSX.IntrinsicElements' exists.
../247gbsaffiliates/app/dashboard/client/history/page.tsx(30,21): error TS7026: JSX element implicitly has type 'any' because no interface 'JSX.IntrinsicElements' exists.
../247gbsaffiliates/app/dashboard/client/history/page.tsx(31,17): error TS7026: JSX element implicitly has type 'any' because no interface 'JSX.IntrinsicElements' exists.
../247gbsaffiliates/app/dashboard/client/history/page.tsx(32,13): error TS7026: JSX element implicitly has type 'any' because no interface 'JSX.IntrinsicElements' exists.
../247gbsaffiliates/app/dashboard/client/history/page.tsx(34,13): error TS7026: JSX element implicitly has type 'any' because no interface 'JSX.IntrinsicElements' exists.
../247gbsaffiliates/app/dashboard/client/history/page.tsx(35,17): error TS7026: JSX element implicitly has type 'any' because no interface 'JSX.IntrinsicElements' exists.
../247gbsaffiliates/app/dashboard/client/history/page.tsx(36,21): error TS7026: JSX element implicitly has type 'any' because no interface 'JSX.IntrinsicElements' exists.
../247gbsaffiliates/app/dashboard/client/history/page.tsx(38,21): error TS7026: JSX element implicitly has type 'any' because no interface 'JSX.IntrinsicElements' exists.
../247gbsaffiliates/app/dashboard/client/history/page.tsx(39,21): error TS7026: JSX element implicitly has type 'any' because no interface 'JSX.IntrinsicElements' exists.
../247gbsaffiliates/app/dashboard/client/history/page.tsx(39,61): error TS7026: JSX element implicitly has type 'any' because no interface 'JSX.IntrinsicElements' exists.
../247gbsaffiliates/app/dashboard/client/history/page.tsx(40,17): error TS7026: JSX element implicitly has type 'any' because no interface 'JSX.IntrinsicElements' exists.
../247gbsaffiliates/app/dashboard/client/history/page.tsx(43,17): error TS7026: JSX element implicitly has type 'any' because no interface 'JSX.IntrinsicElements' exists.
../247gbsaffiliates/app/dashboard/client/history/page.tsx(44,21): error TS7026: JSX element implicitly has type 'any' because no interface 'JSX.IntrinsicElements' exists.
../247gbsaffiliates/app/dashboard/client/history/page.tsx(45,25): error TS7026: JSX element implicitly has type 'any' because no interface 'JSX.IntrinsicElements' exists.
../247gbsaffiliates/app/dashboard/client/history/page.tsx(46,29): error TS7026: JSX element implicitly has type 'any' because no interface 'JSX.IntrinsicElements' exists.
../247gbsaffiliates/app/dashboard/client/history/page.tsx(48,29): error TS7026: JSX element implicitly has type 'any' because no interface 'JSX.IntrinsicElements' exists.
../247gbsaffiliates/app/dashboard/client/history/page.tsx(49,25): error TS7026: JSX element implicitly has type 'any' because no interface 'JSX.IntrinsicElements' exists.
../247gbsaffiliates/app/dashboard/client/history/page.tsx(50,25): error TS7026: JSX element implicitly has type 'any' because no interface 'JSX.IntrinsicElements' exists.
../247gbsaffiliates/app/dashboard/client/history/page.tsx(51,29): error TS7026: JSX element implicitly has type 'any' because no interface 'JSX.IntrinsicElements' exists.
../247gbsaffiliates/app/dashboard/client/history/page.tsx(53,29): error TS7026: JSX element implicitly has type 'any' because no interface 'JSX.IntrinsicElements' exists.
../247gbsaffiliates/app/dashboard/client/history/page.tsx(54,29): error TS7026: JSX element implicitly has type 'any' because no interface 'JSX.IntrinsicElements' exists.
../247gbsaffiliates/app/dashboard/client/history/page.tsx(56,33): error TS7026: JSX element implicitly has type 'any' because no interface 'JSX.IntrinsicElements' exists.
../247gbsaffiliates/app/dashboard/client/history/page.tsx(56,89): error TS7026: JSX element implicitly has type 'any' because no interface 'JSX.IntrinsicElements' exists.
../247gbsaffiliates/app/dashboard/client/history/page.tsx(58,29): error TS7026: JSX element implicitly has type 'any' because no interface 'JSX.IntrinsicElements' exists.
../247gbsaffiliates/app/dashboard/client/history/page.tsx(59,25): error TS7026: JSX element implicitly has type 'any' because no interface 'JSX.IntrinsicElements' exists.
../247gbsaffiliates/app/dashboard/client/history/page.tsx(60,21): error TS7026: JSX element implicitly has type 'any' because no interface 'JSX.IntrinsicElements' exists.
../247gbsaffiliates/app/dashboard/client/history/page.tsx(61,21): error TS7026: JSX element implicitly has type 'any' because no interface 'JSX.IntrinsicElements' exists.
../247gbsaffiliates/app/dashboard/client/history/page.tsx(62,25): error TS7026: JSX element implicitly has type 'any' because no interface 'JSX.IntrinsicElements' exists.
../247gbsaffiliates/app/dashboard/client/history/page.tsx(63,29): error TS7026: JSX element implicitly has type 'any' because no interface 'JSX.IntrinsicElements' exists.
../247gbsaffiliates/app/dashboard/client/history/page.tsx(65,29): error TS7026: JSX element implicitly has type 'any' because no interface 'JSX.IntrinsicElements' exists.
../247gbsaffiliates/app/dashboard/client/history/page.tsx(66,29): error TS7026: JSX element implicitly has type 'any' because no interface 'JSX.IntrinsicElements' exists.
../247gbsaffiliates/app/dashboard/client/history/page.tsx(67,33): error TS7026: JSX element implicitly has type 'any' because no interface 'JSX.IntrinsicElements' exists.
../247gbsaffiliates/app/dashboard/client/history/page.tsx(73,34): error TS7026: JSX element implicitly has type 'any' because no interface 'JSX.IntrinsicElements' exists.
../247gbsaffiliates/app/dashboard/client/history/page.tsx(74,33): error TS7026: JSX element implicitly has type 'any' because no interface 'JSX.IntrinsicElements' exists.
../247gbsaffiliates/app/dashboard/client/history/page.tsx(76,33): error TS7026: JSX element implicitly has type 'any' because no interface 'JSX.IntrinsicElements' exists.
../247gbsaffiliates/app/dashboard/client/history/page.tsx(77,29): error TS7026: JSX element implicitly has type 'any' because no interface 'JSX.IntrinsicElements' exists.
../247gbsaffiliates/app/dashboard/client/history/page.tsx(78,25): error TS7026: JSX element implicitly has type 'any' because no interface 'JSX.IntrinsicElements' exists.
../247gbsaffiliates/app/dashboard/client/history/page.tsx(79,25): error TS7026: JSX element implicitly has type 'any' because no interface 'JSX.IntrinsicElements' exists.
../247gbsaffiliates/app/dashboard/client/history/page.tsx(80,29): error TS7026: JSX element implicitly has type 'any' because no interface 'JSX.IntrinsicElements' exists.
../247gbsaffiliates/app/dashboard/client/history/page.tsx(82,29): error TS7026: JSX element implicitly has type 'any' because no interface 'JSX.IntrinsicElements' exists.
../247gbsaffiliates/app/dashboard/client/history/page.tsx(83,29): error TS7026: JSX element implicitly has type 'any' because no interface 'JSX.IntrinsicElements' exists.
../247gbsaffiliates/app/dashboard/client/history/page.tsx(84,33): error TS7026: JSX element implicitly has type 'any' because no interface 'JSX.IntrinsicElements' exists.
../247gbsaffiliates/app/dashboard/client/history/page.tsx(86,33): error TS7026: JSX element implicitly has type 'any' because no interface 'JSX.IntrinsicElements' exists.
../247gbsaffiliates/app/dashboard/client/history/page.tsx(88,29): error TS7026: JSX element implicitly has type 'any' because no interface 'JSX.IntrinsicElements' exists.
../247gbsaffiliates/app/dashboard/client/history/page.tsx(89,25): error TS7026: JSX element implicitly has type 'any' because no interface 'JSX.IntrinsicElements' exists.
../247gbsaffiliates/app/dashboard/client/history/page.tsx(90,21): error TS7026: JSX element implicitly has type 'any' because no interface 'JSX.IntrinsicElements' exists.
../247gbsaffiliates/app/dashboard/client/history/page.tsx(91,17): error TS7026: JSX element implicitly has type 'any' because no interface 'JSX.IntrinsicElements' exists.
../247gbsaffiliates/app/dashboard/client/history/page.tsx(94,17): error TS7026: JSX element implicitly has type 'any' because no interface 'JSX.IntrinsicElements' exists.
../247gbsaffiliates/app/dashboard/client/history/page.tsx(95,21): error TS7026: JSX element implicitly has type 'any' because no interface 'JSX.IntrinsicElements' exists.
../247gbsaffiliates/app/dashboard/client/history/page.tsx(96,25): error TS7026: JSX element implicitly has type 'any' because no interface 'JSX.IntrinsicElements' exists.
../247gbsaffiliates/app/dashboard/client/history/page.tsx(97,29): error TS7026: JSX element implicitly has type 'any' because no interface 'JSX.IntrinsicElements' exists.
../247gbsaffiliates/app/dashboard/client/history/page.tsx(99,29): error TS7026: JSX element implicitly has type 'any' because no interface 'JSX.IntrinsicElements' exists.
../247gbsaffiliates/app/dashboard/client/history/page.tsx(100,25): error TS7026: JSX element implicitly has type 'any' because no interface 'JSX.IntrinsicElements' exists.
../247gbsaffiliates/app/dashboard/client/history/page.tsx(101,25): error TS7026: JSX element implicitly has type 'any' because no interface 'JSX.IntrinsicElements' exists.
../247gbsaffiliates/app/dashboard/client/history/page.tsx(102,29): error TS7026: JSX element implicitly has type 'any' because no interface 'JSX.IntrinsicElements' exists.
../247gbsaffiliates/app/dashboard/client/history/page.tsx(104,29): error TS7026: JSX element implicitly has type 'any' because no interface 'JSX.IntrinsicElements' exists.
../247gbsaffiliates/app/dashboard/client/history/page.tsx(105,29): error TS7026: JSX element implicitly has type 'any' because no interface 'JSX.IntrinsicElements' exists.
../247gbsaffiliates/app/dashboard/client/history/page.tsx(107,33): error TS7026: JSX element implicitly has type 'any' because no interface 'JSX.IntrinsicElements' exists.
../247gbsaffiliates/app/dashboard/client/history/page.tsx(109,33): error TS7026: JSX element implicitly has type 'any' because no interface 'JSX.IntrinsicElements' exists.
../247gbsaffiliates/app/dashboard/client/history/page.tsx(111,29): error TS7026: JSX element implicitly has type 'any' because no interface 'JSX.IntrinsicElements' exists.
../247gbsaffiliates/app/dashboard/client/history/page.tsx(112,25): error TS7026: JSX element implicitly has type 'any' because no interface 'JSX.IntrinsicElements' exists.
../247gbsaffiliates/app/dashboard/client/history/page.tsx(113,21): error TS7026: JSX element implicitly has type 'any' because no interface 'JSX.IntrinsicElements' exists.
../247gbsaffiliates/app/dashboard/client/history/page.tsx(114,21): error TS7026: JSX element implicitly has type 'any' because no interface 'JSX.IntrinsicElements' exists.
../247gbsaffiliates/app/dashboard/client/history/page.tsx(115,25): error TS7026: JSX element implicitly has type 'any' because no interface 'JSX.IntrinsicElements' exists.
../247gbsaffiliates/app/dashboard/client/history/page.tsx(116,29): error TS7026: JSX element implicitly has type 'any' because no interface 'JSX.IntrinsicElements' exists.
../247gbsaffiliates/app/dashboard/client/history/page.tsx(118,29): error TS7026: JSX element implicitly has type 'any' because no interface 'JSX.IntrinsicElements' exists.
../247gbsaffiliates/app/dashboard/client/history/page.tsx(119,29): error TS7026: JSX element implicitly has type 'any' because no interface 'JSX.IntrinsicElements' exists.
../247gbsaffiliates/app/dashboard/client/history/page.tsx(120,33): error TS7026: JSX element implicitly has type 'any' because no interface 'JSX.IntrinsicElements' exists.
../247gbsaffiliates/app/dashboard/client/history/page.tsx(126,34): error TS7026: JSX element implicitly has type 'any' because no interface 'JSX.IntrinsicElements' exists.
../247gbsaffiliates/app/dashboard/client/history/page.tsx(127,33): error TS7026: JSX element implicitly has type 'any' because no interface 'JSX.IntrinsicElements' exists.
../247gbsaffiliates/app/dashboard/client/history/page.tsx(129,33): error TS7026: JSX element implicitly has type 'any' because no interface 'JSX.IntrinsicElements' exists.
../247gbsaffiliates/app/dashboard/client/history/page.tsx(130,29): error TS7026: JSX element implicitly has type 'any' because no interface 'JSX.IntrinsicElements' exists.
../247gbsaffiliates/app/dashboard/client/history/page.tsx(131,25): error TS7026: JSX element implicitly has type 'any' because no interface 'JSX.IntrinsicElements' exists.
../247gbsaffiliates/app/dashboard/client/history/page.tsx(132,25): error TS7026: JSX element implicitly has type 'any' because no interface 'JSX.IntrinsicElements' exists.
../247gbsaffiliates/app/dashboard/client/history/page.tsx(133,29): error TS7026: JSX element implicitly has type 'any' because no interface 'JSX.IntrinsicElements' exists.
../247gbsaffiliates/app/dashboard/client/history/page.tsx(135,29): error TS7026: JSX element implicitly has type 'any' because no interface 'JSX.IntrinsicElements' exists.
../247gbsaffiliates/app/dashboard/client/history/page.tsx(136,29): error TS7026: JSX element implicitly has type 'any' because no interface 'JSX.IntrinsicElements' exists.
../247gbsaffiliates/app/dashboard/client/history/page.tsx(137,33): error TS7026: JSX element implicitly has type 'any' because no interface 'JSX.IntrinsicElements' exists.
../247gbsaffiliates/app/dashboard/client/history/page.tsx(139,33): error TS7026: JSX element implicitly has type 'any' because no interface 'JSX.IntrinsicElements' exists.
../247gbsaffiliates/app/dashboard/client/history/page.tsx(141,29): error TS7026: JSX element implicitly has type 'any' because no interface 'JSX.IntrinsicElements' exists.
../247gbsaffiliates/app/dashboard/client/history/page.tsx(142,25): error TS7026: JSX element implicitly has type 'any' because no interface 'JSX.IntrinsicElements' exists.
../247gbsaffiliates/app/dashboard/client/history/page.tsx(143,21): error TS7026: JSX element implicitly has type 'any' because no interface 'JSX.IntrinsicElements' exists.
../247gbsaffiliates/app/dashboard/client/history/page.tsx(144,17): error TS7026: JSX element implicitly has type 'any' because no interface 'JSX.IntrinsicElements' exists.
../247gbsaffiliates/app/dashboard/client/history/page.tsx(145,13): error TS7026: JSX element implicitly has type 'any' because no interface 'JSX.IntrinsicElements' exists.
../247gbsaffiliates/app/dashboard/client/history/page.tsx(146,9): error TS7026: JSX element implicitly has type 'any' because no interface 'JSX.IntrinsicElements' exists.
../247gbsaffiliates/app/dashboard/client/layout.tsx(3,18): error TS2307: Cannot find module 'next/link' or its corresponding type declarations.
../247gbsaffiliates/app/dashboard/client/layout.tsx(4,29): error TS2307: Cannot find module 'next/navigation' or its corresponding type declarations.
../247gbsaffiliates/app/dashboard/client/layout.tsx(9,15): error TS2503: Cannot find namespace 'React'.
../247gbsaffiliates/app/dashboard/client/layout.tsx(14,9): error TS7026: JSX element implicitly has type 'any' because no interface 'JSX.IntrinsicElements' exists.
../247gbsaffiliates/app/dashboard/client/layout.tsx(14,9): error TS2875: This JSX tag requires the module path 'react/jsx-runtime' to exist, but none could be found. Make sure you have types for the appropriate package installed.
../247gbsaffiliates/app/dashboard/client/layout.tsx(16,13): error TS7026: JSX element implicitly has type 'any' because no interface 'JSX.IntrinsicElements' exists.
../247gbsaffiliates/app/dashboard/client/layout.tsx(17,17): error TS7026: JSX element implicitly has type 'any' because no interface 'JSX.IntrinsicElements' exists.
../247gbsaffiliates/app/dashboard/client/layout.tsx(18,21): error TS7026: JSX element implicitly has type 'any' because no interface 'JSX.IntrinsicElements' exists.
../247gbsaffiliates/app/dashboard/client/layout.tsx(19,25): error TS7026: JSX element implicitly has type 'any' because no interface 'JSX.IntrinsicElements' exists.
../247gbsaffiliates/app/dashboard/client/layout.tsx(20,29): error TS7026: JSX element implicitly has type 'any' because no interface 'JSX.IntrinsicElements' exists.
../247gbsaffiliates/app/dashboard/client/layout.tsx(22,29): error TS7026: JSX element implicitly has type 'any' because no interface 'JSX.IntrinsicElements' exists.
../247gbsaffiliates/app/dashboard/client/layout.tsx(23,25): error TS7026: JSX element implicitly has type 'any' because no interface 'JSX.IntrinsicElements' exists.
../247gbsaffiliates/app/dashboard/client/layout.tsx(24,25): error TS7026: JSX element implicitly has type 'any' because no interface 'JSX.IntrinsicElements' exists.
../247gbsaffiliates/app/dashboard/client/layout.tsx(26,25): error TS7026: JSX element implicitly has type 'any' because no interface 'JSX.IntrinsicElements' exists.
../247gbsaffiliates/app/dashboard/client/layout.tsx(27,21): error TS7026: JSX element implicitly has type 'any' because no interface 'JSX.IntrinsicElements' exists.
../247gbsaffiliates/app/dashboard/client/layout.tsx(28,21): error TS7026: JSX element implicitly has type 'any' because no interface 'JSX.IntrinsicElements' exists.
../247gbsaffiliates/app/dashboard/client/layout.tsx(29,25): error TS7026: JSX element implicitly has type 'any' because no interface 'JSX.IntrinsicElements' exists.
../247gbsaffiliates/app/dashboard/client/layout.tsx(30,29): error TS7026: JSX element implicitly has type 'any' because no interface 'JSX.IntrinsicElements' exists.
../247gbsaffiliates/app/dashboard/client/layout.tsx(31,33): error TS7026: JSX element implicitly has type 'any' because no interface 'JSX.IntrinsicElements' exists.
../247gbsaffiliates/app/dashboard/client/layout.tsx(31,83): error TS7026: JSX element implicitly has type 'any' because no interface 'JSX.IntrinsicElements' exists.
../247gbsaffiliates/app/dashboard/client/layout.tsx(32,29): error TS7026: JSX element implicitly has type 'any' because no interface 'JSX.IntrinsicElements' exists.
../247gbsaffiliates/app/dashboard/client/layout.tsx(33,29): error TS7026: JSX element implicitly has type 'any' because no interface 'JSX.IntrinsicElements' exists.
../247gbsaffiliates/app/dashboard/client/layout.tsx(37,25): error TS7026: JSX element implicitly has type 'any' because no interface 'JSX.IntrinsicElements' exists.
../247gbsaffiliates/app/dashboard/client/layout.tsx(38,21): error TS7026: JSX element implicitly has type 'any' because no interface 'JSX.IntrinsicElements' exists.
../247gbsaffiliates/app/dashboard/client/layout.tsx(39,17): error TS7026: JSX element implicitly has type 'any' because no interface 'JSX.IntrinsicElements' exists.
../247gbsaffiliates/app/dashboard/client/layout.tsx(40,17): error TS7026: JSX element implicitly has type 'any' because no interface 'JSX.IntrinsicElements' exists.
../247gbsaffiliates/app/dashboard/client/layout.tsx(41,21): error TS7026: JSX element implicitly has type 'any' because no interface 'JSX.IntrinsicElements' exists.
../247gbsaffiliates/app/dashboard/client/layout.tsx(78,21): error TS7026: JSX element implicitly has type 'any' because no interface 'JSX.IntrinsicElements' exists.
../247gbsaffiliates/app/dashboard/client/layout.tsx(79,21): error TS7026: JSX element implicitly has type 'any' because no interface 'JSX.IntrinsicElements' exists.
../247gbsaffiliates/app/dashboard/client/layout.tsx(80,25): error TS7026: JSX element implicitly has type 'any' because no interface 'JSX.IntrinsicElements' exists.
../247gbsaffiliates/app/dashboard/client/layout.tsx(81,29): error TS7026: JSX element implicitly has type 'any' because no interface 'JSX.IntrinsicElements' exists.
../247gbsaffiliates/app/dashboard/client/layout.tsx(81,64): error TS7026: JSX element implicitly has type 'any' because no interface 'JSX.IntrinsicElements' exists.
../247gbsaffiliates/app/dashboard/client/layout.tsx(82,25): error TS7026: JSX element implicitly has type 'any' because no interface 'JSX.IntrinsicElements' exists.
../247gbsaffiliates/app/dashboard/client/layout.tsx(83,25): error TS7026: JSX element implicitly has type 'any' because no interface 'JSX.IntrinsicElements' exists.
../247gbsaffiliates/app/dashboard/client/layout.tsx(84,29): error TS7026: JSX element implicitly has type 'any' because no interface 'JSX.IntrinsicElements' exists.
../247gbsaffiliates/app/dashboard/client/layout.tsx(84,86): error TS7026: JSX element implicitly has type 'any' because no interface 'JSX.IntrinsicElements' exists.
../247gbsaffiliates/app/dashboard/client/layout.tsx(85,25): error TS7026: JSX element implicitly has type 'any' because no interface 'JSX.IntrinsicElements' exists.
../247gbsaffiliates/app/dashboard/client/layout.tsx(86,25): error TS7026: JSX element implicitly has type 'any' because no interface 'JSX.IntrinsicElements' exists.
../247gbsaffiliates/app/dashboard/client/layout.tsx(92,26): error TS7026: JSX element implicitly has type 'any' because no interface 'JSX.IntrinsicElements' exists.
../247gbsaffiliates/app/dashboard/client/layout.tsx(93,21): error TS7026: JSX element implicitly has type 'any' because no interface 'JSX.IntrinsicElements' exists.
../247gbsaffiliates/app/dashboard/client/layout.tsx(94,17): error TS7026: JSX element implicitly has type 'any' because no interface 'JSX.IntrinsicElements' exists.
../247gbsaffiliates/app/dashboard/client/layout.tsx(95,13): error TS7026: JSX element implicitly has type 'any' because no interface 'JSX.IntrinsicElements' exists.
../247gbsaffiliates/app/dashboard/client/layout.tsx(98,13): error TS7026: JSX element implicitly has type 'any' because no interface 'JSX.IntrinsicElements' exists.
../247gbsaffiliates/app/dashboard/client/layout.tsx(98,48): error TS7026: JSX element implicitly has type 'any' because no interface 'JSX.IntrinsicElements' exists.
../247gbsaffiliates/app/dashboard/client/layout.tsx(99,9): error TS7026: JSX element implicitly has type 'any' because no interface 'JSX.IntrinsicElements' exists.
../247gbsaffiliates/app/dashboard/client/page.tsx(3,9): error TS7026: JSX element implicitly has type 'any' because no interface 'JSX.IntrinsicElements' exists.
../247gbsaffiliates/app/dashboard/client/page.tsx(3,9): error TS2875: This JSX tag requires the module path 'react/jsx-runtime' to exist, but none could be found. Make sure you have types for the appropriate package installed.
../247gbsaffiliates/app/dashboard/client/page.tsx(5,13): error TS7026: JSX element implicitly has type 'any' because no interface 'JSX.IntrinsicElements' exists.
../247gbsaffiliates/app/dashboard/client/page.tsx(7,17): error TS7026: JSX element implicitly has type 'any' because no interface 'JSX.IntrinsicElements' exists.
../247gbsaffiliates/app/dashboard/client/page.tsx(8,21): error TS7026: JSX element implicitly has type 'any' because no interface 'JSX.IntrinsicElements' exists.
../247gbsaffiliates/app/dashboard/client/page.tsx(9,25): error TS7026: JSX element implicitly has type 'any' because no interface 'JSX.IntrinsicElements' exists.
../247gbsaffiliates/app/dashboard/client/page.tsx(10,29): error TS7026: JSX element implicitly has type 'any' because no interface 'JSX.IntrinsicElements' exists.
../247gbsaffiliates/app/dashboard/client/page.tsx(12,29): error TS7026: JSX element implicitly has type 'any' because no interface 'JSX.IntrinsicElements' exists.
../247gbsaffiliates/app/dashboard/client/page.tsx(13,29): error TS7026: JSX element implicitly has type 'any' because no interface 'JSX.IntrinsicElements' exists.
../247gbsaffiliates/app/dashboard/client/page.tsx(14,33): error TS7026: JSX element implicitly has type 'any' because no interface 'JSX.IntrinsicElements' exists.
../247gbsaffiliates/app/dashboard/client/page.tsx(16,33): error TS7026: JSX element implicitly has type 'any' because no interface 'JSX.IntrinsicElements' exists.
../247gbsaffiliates/app/dashboard/client/page.tsx(17,33): error TS7026: JSX element implicitly has type 'any' because no interface 'JSX.IntrinsicElements' exists.
../247gbsaffiliates/app/dashboard/client/page.tsx(19,33): error TS7026: JSX element implicitly has type 'any' because no interface 'JSX.IntrinsicElements' exists.
../247gbsaffiliates/app/dashboard/client/page.tsx(20,33): error TS7026: JSX element implicitly has type 'any' because no interface 'JSX.IntrinsicElements' exists.
../247gbsaffiliates/app/dashboard/client/page.tsx(20,57): error TS7026: JSX element implicitly has type 'any' because no interface 'JSX.IntrinsicElements' exists.
../247gbsaffiliates/app/dashboard/client/page.tsx(21,33): error TS7026: JSX element implicitly has type 'any' because no interface 'JSX.IntrinsicElements' exists.
../247gbsaffiliates/app/dashboard/client/page.tsx(23,33): error TS7026: JSX element implicitly has type 'any' because no interface 'JSX.IntrinsicElements' exists.
../247gbsaffiliates/app/dashboard/client/page.tsx(24,33): error TS7026: JSX element implicitly has type 'any' because no interface 'JSX.IntrinsicElements' exists.
../247gbsaffiliates/app/dashboard/client/page.tsx(24,87): error TS7026: JSX element implicitly has type 'any' because no interface 'JSX.IntrinsicElements' exists.
../247gbsaffiliates/app/dashboard/client/page.tsx(25,29): error TS7026: JSX element implicitly has type 'any' because no interface 'JSX.IntrinsicElements' exists.
../247gbsaffiliates/app/dashboard/client/page.tsx(26,25): error TS7026: JSX element implicitly has type 'any' because no interface 'JSX.IntrinsicElements' exists.
../247gbsaffiliates/app/dashboard/client/page.tsx(27,25): error TS7026: JSX element implicitly has type 'any' because no interface 'JSX.IntrinsicElements' exists.
../247gbsaffiliates/app/dashboard/client/page.tsx(28,29): error TS7026: JSX element implicitly has type 'any' because no interface 'JSX.IntrinsicElements' exists.
../247gbsaffiliates/app/dashboard/client/page.tsx(30,29): error TS7026: JSX element implicitly has type 'any' because no interface 'JSX.IntrinsicElements' exists.
../247gbsaffiliates/app/dashboard/client/page.tsx(31,29): error TS7026: JSX element implicitly has type 'any' because no interface 'JSX.IntrinsicElements' exists.
../247gbsaffiliates/app/dashboard/client/page.tsx(31,69): error TS7026: JSX element implicitly has type 'any' because no interface 'JSX.IntrinsicElements' exists.
../247gbsaffiliates/app/dashboard/client/page.tsx(32,25): error TS7026: JSX element implicitly has type 'any' because no interface 'JSX.IntrinsicElements' exists.
../247gbsaffiliates/app/dashboard/client/page.tsx(33,21): error TS7026: JSX element implicitly has type 'any' because no interface 'JSX.IntrinsicElements' exists.
../247gbsaffiliates/app/dashboard/client/page.tsx(34,21): error TS7026: JSX element implicitly has type 'any' because no interface 'JSX.IntrinsicElements' exists.
../247gbsaffiliates/app/dashboard/client/page.tsx(36,25): error TS7026: JSX element implicitly has type 'any' because no interface 'JSX.IntrinsicElements' exists.
../247gbsaffiliates/app/dashboard/client/page.tsx(37,29): error TS7026: JSX element implicitly has type 'any' because no interface 'JSX.IntrinsicElements' exists.
../247gbsaffiliates/app/dashboard/client/page.tsx(38,33): error TS7026: JSX element implicitly has type 'any' because no interface 'JSX.IntrinsicElements' exists.
../247gbsaffiliates/app/dashboard/client/page.tsx(40,33): error TS7026: JSX element implicitly has type 'any' because no interface 'JSX.IntrinsicElements' exists.
../247gbsaffiliates/app/dashboard/client/page.tsx(41,33): error TS7026: JSX element implicitly has type 'any' because no interface 'JSX.IntrinsicElements' exists.
../247gbsaffiliates/app/dashboard/client/page.tsx(41,82): error TS7026: JSX element implicitly has type 'any' because no interface 'JSX.IntrinsicElements' exists.
../247gbsaffiliates/app/dashboard/client/page.tsx(42,29): error TS7026: JSX element implicitly has type 'any' because no interface 'JSX.IntrinsicElements' exists.
../247gbsaffiliates/app/dashboard/client/page.tsx(43,29): error TS7026: JSX element implicitly has type 'any' because no interface 'JSX.IntrinsicElements' exists.
../247gbsaffiliates/app/dashboard/client/page.tsx(44,33): error TS7026: JSX element implicitly has type 'any' because no interface 'JSX.IntrinsicElements' exists.
../247gbsaffiliates/app/dashboard/client/page.tsx(47,34): error TS7026: JSX element implicitly has type 'any' because no interface 'JSX.IntrinsicElements' exists.
../247gbsaffiliates/app/dashboard/client/page.tsx(48,29): error TS7026: JSX element implicitly has type 'any' because no interface 'JSX.IntrinsicElements' exists.
../247gbsaffiliates/app/dashboard/client/page.tsx(49,29): error TS7026: JSX element implicitly has type 'any' because no interface 'JSX.IntrinsicElements' exists.
../247gbsaffiliates/app/dashboard/client/page.tsx(51,29): error TS7026: JSX element implicitly has type 'any' because no interface 'JSX.IntrinsicElements' exists.
../247gbsaffiliates/app/dashboard/client/page.tsx(52,25): error TS7026: JSX element implicitly has type 'any' because no interface 'JSX.IntrinsicElements' exists.
../247gbsaffiliates/app/dashboard/client/page.tsx(54,25): error TS7026: JSX element implicitly has type 'any' because no interface 'JSX.IntrinsicElements' exists.
../247gbsaffiliates/app/dashboard/client/page.tsx(55,29): error TS7026: JSX element implicitly has type 'any' because no interface 'JSX.IntrinsicElements' exists.
../247gbsaffiliates/app/dashboard/client/page.tsx(56,33): error TS7026: JSX element implicitly has type 'any' because no interface 'JSX.IntrinsicElements' exists.
../247gbsaffiliates/app/dashboard/client/page.tsx(58,33): error TS7026: JSX element implicitly has type 'any' because no interface 'JSX.IntrinsicElements' exists.
../247gbsaffiliates/app/dashboard/client/page.tsx(59,33): error TS7026: JSX element implicitly has type 'any' because no interface 'JSX.IntrinsicElements' exists.
../247gbsaffiliates/app/dashboard/client/page.tsx(59,93): error TS7026: JSX element implicitly has type 'any' because no interface 'JSX.IntrinsicElements' exists.
../247gbsaffiliates/app/dashboard/client/page.tsx(60,29): error TS7026: JSX element implicitly has type 'any' because no interface 'JSX.IntrinsicElements' exists.
../247gbsaffiliates/app/dashboard/client/page.tsx(61,29): error TS7026: JSX element implicitly has type 'any' because no interface 'JSX.IntrinsicElements' exists.
../247gbsaffiliates/app/dashboard/client/page.tsx(62,33): error TS7026: JSX element implicitly has type 'any' because no interface 'JSX.IntrinsicElements' exists.
../247gbsaffiliates/app/dashboard/client/page.tsx(65,34): error TS7026: JSX element implicitly has type 'any' because no interface 'JSX.IntrinsicElements' exists.
../247gbsaffiliates/app/dashboard/client/page.tsx(66,29): error TS7026: JSX element implicitly has type 'any' because no interface 'JSX.IntrinsicElements' exists.
../247gbsaffiliates/app/dashboard/client/page.tsx(67,29): error TS7026: JSX element implicitly has type 'any' because no interface 'JSX.IntrinsicElements' exists.
../247gbsaffiliates/app/dashboard/client/page.tsx(69,29): error TS7026: JSX element implicitly has type 'any' because no interface 'JSX.IntrinsicElements' exists.
../247gbsaffiliates/app/dashboard/client/page.tsx(70,25): error TS7026: JSX element implicitly has type 'any' because no interface 'JSX.IntrinsicElements' exists.
../247gbsaffiliates/app/dashboard/client/page.tsx(71,21): error TS7026: JSX element implicitly has type 'any' because no interface 'JSX.IntrinsicElements' exists.
../247gbsaffiliates/app/dashboard/client/page.tsx(72,17): error TS7026: JSX element implicitly has type 'any' because no interface 'JSX.IntrinsicElements' exists.
../247gbsaffiliates/app/dashboard/client/page.tsx(75,17): error TS7026: JSX element implicitly has type 'any' because no interface 'JSX.IntrinsicElements' exists.
../247gbsaffiliates/app/dashboard/client/page.tsx(77,21): error TS7026: JSX element implicitly has type 'any' because no interface 'JSX.IntrinsicElements' exists.
../247gbsaffiliates/app/dashboard/client/page.tsx(78,25): error TS7026: JSX element implicitly has type 'any' because no interface 'JSX.IntrinsicElements' exists.
../247gbsaffiliates/app/dashboard/client/page.tsx(79,29): error TS7026: JSX element implicitly has type 'any' because no interface 'JSX.IntrinsicElements' exists.
../247gbsaffiliates/app/dashboard/client/page.tsx(81,33): error TS7026: JSX element implicitly has type 'any' because no interface 'JSX.IntrinsicElements' exists.
../247gbsaffiliates/app/dashboard/client/page.tsx(83,33): error TS7026: JSX element implicitly has type 'any' because no interface 'JSX.IntrinsicElements' exists.
../247gbsaffiliates/app/dashboard/client/page.tsx(84,29): error TS7026: JSX element implicitly has type 'any' because no interface 'JSX.IntrinsicElements' exists.
../247gbsaffiliates/app/dashboard/client/page.tsx(85,29): error TS7026: JSX element implicitly has type 'any' because no interface 'JSX.IntrinsicElements' exists.
../247gbsaffiliates/app/dashboard/client/page.tsx(86,33): error TS7026: JSX element implicitly has type 'any' because no interface 'JSX.IntrinsicElements' exists.
../247gbsaffiliates/app/dashboard/client/page.tsx(86,87): error TS7026: JSX element implicitly has type 'any' because no interface 'JSX.IntrinsicElements' exists.
../247gbsaffiliates/app/dashboard/client/page.tsx(87,29): error TS7026: JSX element implicitly has type 'any' because no interface 'JSX.IntrinsicElements' exists.
../247gbsaffiliates/app/dashboard/client/page.tsx(88,25): error TS7026: JSX element implicitly has type 'any' because no interface 'JSX.IntrinsicElements' exists.
../247gbsaffiliates/app/dashboard/client/page.tsx(89,25): error TS7026: JSX element implicitly has type 'any' because no interface 'JSX.IntrinsicElements' exists.
../247gbsaffiliates/app/dashboard/client/page.tsx(91,29): error TS7026: JSX element implicitly has type 'any' because no interface 'JSX.IntrinsicElements' exists.
../247gbsaffiliates/app/dashboard/client/page.tsx(92,33): error TS7026: JSX element implicitly has type 'any' because no interface 'JSX.IntrinsicElements' exists.
../247gbsaffiliates/app/dashboard/client/page.tsx(93,37): error TS7026: JSX element implicitly has type 'any' because no interface 'JSX.IntrinsicElements' exists.
../247gbsaffiliates/app/dashboard/client/page.tsx(95,37): error TS7026: JSX element implicitly has type 'any' because no interface 'JSX.IntrinsicElements' exists.
../247gbsaffiliates/app/dashboard/client/page.tsx(96,37): error TS7026: JSX element implicitly has type 'any' because no interface 'JSX.IntrinsicElements' exists.
../247gbsaffiliates/app/dashboard/client/page.tsx(98,37): error TS7026: JSX element implicitly has type 'any' because no interface 'JSX.IntrinsicElements' exists.
../247gbsaffiliates/app/dashboard/client/page.tsx(99,33): error TS7026: JSX element implicitly has type 'any' because no interface 'JSX.IntrinsicElements' exists.
../247gbsaffiliates/app/dashboard/client/page.tsx(100,33): error TS7026: JSX element implicitly has type 'any' because no interface 'JSX.IntrinsicElements' exists.
../247gbsaffiliates/app/dashboard/client/page.tsx(102,33): error TS7026: JSX element implicitly has type 'any' because no interface 'JSX.IntrinsicElements' exists.
../247gbsaffiliates/app/dashboard/client/page.tsx(103,33): error TS7026: JSX element implicitly has type 'any' because no interface 'JSX.IntrinsicElements' exists.
../247gbsaffiliates/app/dashboard/client/page.tsx(106,33): error TS7026: JSX element implicitly has type 'any' because no interface 'JSX.IntrinsicElements' exists.
../247gbsaffiliates/app/dashboard/client/page.tsx(107,33): error TS7026: JSX element implicitly has type 'any' because no interface 'JSX.IntrinsicElements' exists.
../247gbsaffiliates/app/dashboard/client/page.tsx(108,37): error TS7026: JSX element implicitly has type 'any' because no interface 'JSX.IntrinsicElements' exists.
../247gbsaffiliates/app/dashboard/client/page.tsx(109,41): error TS7026: JSX element implicitly has type 'any' because no interface 'JSX.IntrinsicElements' exists.
../247gbsaffiliates/app/dashboard/client/page.tsx(115,42): error TS7026: JSX element implicitly has type 'any' because no interface 'JSX.IntrinsicElements' exists.
../247gbsaffiliates/app/dashboard/client/page.tsx(116,37): error TS7026: JSX element implicitly has type 'any' because no interface 'JSX.IntrinsicElements' exists.
../247gbsaffiliates/app/dashboard/client/page.tsx(117,37): error TS7026: JSX element implicitly has type 'any' because no interface 'JSX.IntrinsicElements' exists.
../247gbsaffiliates/app/dashboard/client/page.tsx(119,37): error TS7026: JSX element implicitly has type 'any' because no interface 'JSX.IntrinsicElements' exists.
../247gbsaffiliates/app/dashboard/client/page.tsx(120,33): error TS7026: JSX element implicitly has type 'any' because no interface 'JSX.IntrinsicElements' exists.
../247gbsaffiliates/app/dashboard/client/page.tsx(121,29): error TS7026: JSX element implicitly has type 'any' because no interface 'JSX.IntrinsicElements' exists.
../247gbsaffiliates/app/dashboard/client/page.tsx(123,29): error TS7026: JSX element implicitly has type 'any' because no interface 'JSX.IntrinsicElements' exists.
../247gbsaffiliates/app/dashboard/client/page.tsx(124,33): error TS7026: JSX element implicitly has type 'any' because no interface 'JSX.IntrinsicElements' exists.
../247gbsaffiliates/app/dashboard/client/page.tsx(125,37): error TS7026: JSX element implicitly has type 'any' because no interface 'JSX.IntrinsicElements' exists.
../247gbsaffiliates/app/dashboard/client/page.tsx(127,37): error TS7026: JSX element implicitly has type 'any' because no interface 'JSX.IntrinsicElements' exists.
../247gbsaffiliates/app/dashboard/client/page.tsx(128,37): error TS7026: JSX element implicitly has type 'any' because no interface 'JSX.IntrinsicElements' exists.
../247gbsaffiliates/app/dashboard/client/page.tsx(130,37): error TS7026: JSX element implicitly has type 'any' because no interface 'JSX.IntrinsicElements' exists.
../247gbsaffiliates/app/dashboard/client/page.tsx(131,33): error TS7026: JSX element implicitly has type 'any' because no interface 'JSX.IntrinsicElements' exists.
../247gbsaffiliates/app/dashboard/client/page.tsx(132,33): error TS7026: JSX element implicitly has type 'any' because no interface 'JSX.IntrinsicElements' exists.
../247gbsaffiliates/app/dashboard/client/page.tsx(134,33): error TS7026: JSX element implicitly has type 'any' because no interface 'JSX.IntrinsicElements' exists.
../247gbsaffiliates/app/dashboard/client/page.tsx(135,33): error TS7026: JSX element implicitly has type 'any' because no interface 'JSX.IntrinsicElements' exists.
../247gbsaffiliates/app/dashboard/client/page.tsx(137,33): error TS7026: JSX element implicitly has type 'any' because no interface 'JSX.IntrinsicElements' exists.
../247gbsaffiliates/app/dashboard/client/page.tsx(138,33): error TS7026: JSX element implicitly has type 'any' because no interface 'JSX.IntrinsicElements' exists.
../247gbsaffiliates/app/dashboard/client/page.tsx(139,37): error TS7026: JSX element implicitly has type 'any' because no interface 'JSX.IntrinsicElements' exists.
../247gbsaffiliates/app/dashboard/client/page.tsx(140,41): error TS7026: JSX element implicitly has type 'any' because no interface 'JSX.IntrinsicElements' exists.
../247gbsaffiliates/app/dashboard/client/page.tsx(146,42): error TS7026: JSX element implicitly has type 'any' because no interface 'JSX.IntrinsicElements' exists.
../247gbsaffiliates/app/dashboard/client/page.tsx(147,37): error TS7026: JSX element implicitly has type 'any' because no interface 'JSX.IntrinsicElements' exists.
../247gbsaffiliates/app/dashboard/client/page.tsx(148,37): error TS7026: JSX element implicitly has type 'any' because no interface 'JSX.IntrinsicElements' exists.
../247gbsaffiliates/app/dashboard/client/page.tsx(150,37): error TS7026: JSX element implicitly has type 'any' because no interface 'JSX.IntrinsicElements' exists.
../247gbsaffiliates/app/dashboard/client/page.tsx(151,33): error TS7026: JSX element implicitly has type 'any' because no interface 'JSX.IntrinsicElements' exists.
../247gbsaffiliates/app/dashboard/client/page.tsx(152,29): error TS7026: JSX element implicitly has type 'any' because no interface 'JSX.IntrinsicElements' exists.
../247gbsaffiliates/app/dashboard/client/page.tsx(153,25): error TS7026: JSX element implicitly has type 'any' because no interface 'JSX.IntrinsicElements' exists.
../247gbsaffiliates/app/dashboard/client/page.tsx(154,21): error TS7026: JSX element implicitly has type 'any' because no interface 'JSX.IntrinsicElements' exists.
../247gbsaffiliates/app/dashboard/client/page.tsx(157,21): error TS7026: JSX element implicitly has type 'any' because no interface 'JSX.IntrinsicElements' exists.
../247gbsaffiliates/app/dashboard/client/page.tsx(158,25): error TS7026: JSX element implicitly has type 'any' because no interface 'JSX.IntrinsicElements' exists.
../247gbsaffiliates/app/dashboard/client/page.tsx(159,29): error TS7026: JSX element implicitly has type 'any' because no interface 'JSX.IntrinsicElements' exists.
../247gbsaffiliates/app/dashboard/client/page.tsx(161,33): error TS7026: JSX element implicitly has type 'any' because no interface 'JSX.IntrinsicElements' exists.
../247gbsaffiliates/app/dashboard/client/page.tsx(163,33): error TS7026: JSX element implicitly has type 'any' because no interface 'JSX.IntrinsicElements' exists.
../247gbsaffiliates/app/dashboard/client/page.tsx(164,29): error TS7026: JSX element implicitly has type 'any' because no interface 'JSX.IntrinsicElements' exists.
../247gbsaffiliates/app/dashboard/client/page.tsx(165,25): error TS7026: JSX element implicitly has type 'any' because no interface 'JSX.IntrinsicElements' exists.
../247gbsaffiliates/app/dashboard/client/page.tsx(166,25): error TS7026: JSX element implicitly has type 'any' because no interface 'JSX.IntrinsicElements' exists.
../247gbsaffiliates/app/dashboard/client/page.tsx(167,29): error TS7026: JSX element implicitly has type 'any' because no interface 'JSX.IntrinsicElements' exists.
../247gbsaffiliates/app/dashboard/client/page.tsx(168,33): error TS7026: JSX element implicitly has type 'any' because no interface 'JSX.IntrinsicElements' exists.
../247gbsaffiliates/app/dashboard/client/page.tsx(169,37): error TS7026: JSX element implicitly has type 'any' because no interface 'JSX.IntrinsicElements' exists.
../247gbsaffiliates/app/dashboard/client/page.tsx(171,37): error TS7026: JSX element implicitly has type 'any' because no interface 'JSX.IntrinsicElements' exists.
../247gbsaffiliates/app/dashboard/client/page.tsx(172,37): error TS7026: JSX element implicitly has type 'any' because no interface 'JSX.IntrinsicElements' exists.
../247gbsaffiliates/app/dashboard/client/page.tsx(174,37): error TS7026: JSX element implicitly has type 'any' because no interface 'JSX.IntrinsicElements' exists.
../247gbsaffiliates/app/dashboard/client/page.tsx(175,33): error TS7026: JSX element implicitly has type 'any' because no interface 'JSX.IntrinsicElements' exists.
../247gbsaffiliates/app/dashboard/client/page.tsx(176,33): error TS7026: JSX element implicitly has type 'any' because no interface 'JSX.IntrinsicElements' exists.
../247gbsaffiliates/app/dashboard/client/page.tsx(178,33): error TS7026: JSX element implicitly has type 'any' because no interface 'JSX.IntrinsicElements' exists.
../247gbsaffiliates/app/dashboard/client/page.tsx(179,33): error TS7026: JSX element implicitly has type 'any' because no interface 'JSX.IntrinsicElements' exists.
../247gbsaffiliates/app/dashboard/client/page.tsx(180,37): error TS7026: JSX element implicitly has type 'any' because no interface 'JSX.IntrinsicElements' exists.
../247gbsaffiliates/app/dashboard/client/page.tsx(183,38): error TS7026: JSX element implicitly has type 'any' because no interface 'JSX.IntrinsicElements' exists.
../247gbsaffiliates/app/dashboard/client/page.tsx(184,33): error TS7026: JSX element implicitly has type 'any' because no interface 'JSX.IntrinsicElements' exists.
../247gbsaffiliates/app/dashboard/client/page.tsx(185,33): error TS7026: JSX element implicitly has type 'any' because no interface 'JSX.IntrinsicElements' exists.
../247gbsaffiliates/app/dashboard/client/page.tsx(186,37): error TS7026: JSX element implicitly has type 'any' because no interface 'JSX.IntrinsicElements' exists.
../247gbsaffiliates/app/dashboard/client/page.tsx(187,41): error TS7026: JSX element implicitly has type 'any' because no interface 'JSX.IntrinsicElements' exists.
../247gbsaffiliates/app/dashboard/client/page.tsx(193,42): error TS7026: JSX element implicitly has type 'any' because no interface 'JSX.IntrinsicElements' exists.
../247gbsaffiliates/app/dashboard/client/page.tsx(194,37): error TS7026: JSX element implicitly has type 'any' because no interface 'JSX.IntrinsicElements' exists.
../247gbsaffiliates/app/dashboard/client/page.tsx(195,37): error TS7026: JSX element implicitly has type 'any' because no interface 'JSX.IntrinsicElements' exists.
../247gbsaffiliates/app/dashboard/client/page.tsx(197,37): error TS7026: JSX element implicitly has type 'any' because no interface 'JSX.IntrinsicElements' exists.
../247gbsaffiliates/app/dashboard/client/page.tsx(198,33): error TS7026: JSX element implicitly has type 'any' because no interface 'JSX.IntrinsicElements' exists.
../247gbsaffiliates/app/dashboard/client/page.tsx(199,29): error TS7026: JSX element implicitly has type 'any' because no interface 'JSX.IntrinsicElements' exists.
../247gbsaffiliates/app/dashboard/client/page.tsx(200,25): error TS7026: JSX element implicitly has type 'any' because no interface 'JSX.IntrinsicElements' exists.
../247gbsaffiliates/app/dashboard/client/page.tsx(201,21): error TS7026: JSX element implicitly has type 'any' because no interface 'JSX.IntrinsicElements' exists.
../247gbsaffiliates/app/dashboard/client/page.tsx(204,21): error TS7026: JSX element implicitly has type 'any' because no interface 'JSX.IntrinsicElements' exists.
../247gbsaffiliates/app/dashboard/client/page.tsx(205,25): error TS7026: JSX element implicitly has type 'any' because no interface 'JSX.IntrinsicElements' exists.
../247gbsaffiliates/app/dashboard/client/page.tsx(206,29): error TS7026: JSX element implicitly has type 'any' because no interface 'JSX.IntrinsicElements' exists.
../247gbsaffiliates/app/dashboard/client/page.tsx(208,33): error TS7026: JSX element implicitly has type 'any' because no interface 'JSX.IntrinsicElements' exists.
../247gbsaffiliates/app/dashboard/client/page.tsx(210,33): error TS7026: JSX element implicitly has type 'any' because no interface 'JSX.IntrinsicElements' exists.
../247gbsaffiliates/app/dashboard/client/page.tsx(211,29): error TS7026: JSX element implicitly has type 'any' because no interface 'JSX.IntrinsicElements' exists.
../247gbsaffiliates/app/dashboard/client/page.tsx(212,25): error TS7026: JSX element implicitly has type 'any' because no interface 'JSX.IntrinsicElements' exists.
../247gbsaffiliates/app/dashboard/client/page.tsx(213,25): error TS7026: JSX element implicitly has type 'any' because no interface 'JSX.IntrinsicElements' exists.
../247gbsaffiliates/app/dashboard/client/page.tsx(214,29): error TS7026: JSX element implicitly has type 'any' because no interface 'JSX.IntrinsicElements' exists.
../247gbsaffiliates/app/dashboard/client/page.tsx(215,33): error TS7026: JSX element implicitly has type 'any' because no interface 'JSX.IntrinsicElements' exists.
../247gbsaffiliates/app/dashboard/client/page.tsx(216,37): error TS7026: JSX element implicitly has type 'any' because no interface 'JSX.IntrinsicElements' exists.
../247gbsaffiliates/app/dashboard/client/page.tsx(218,37): error TS7026: JSX element implicitly has type 'any' because no interface 'JSX.IntrinsicElements' exists.
../247gbsaffiliates/app/dashboard/client/page.tsx(219,37): error TS7026: JSX element implicitly has type 'any' because no interface 'JSX.IntrinsicElements' exists.
../247gbsaffiliates/app/dashboard/client/page.tsx(221,37): error TS7026: JSX element implicitly has type 'any' because no interface 'JSX.IntrinsicElements' exists.
../247gbsaffiliates/app/dashboard/client/page.tsx(222,33): error TS7026: JSX element implicitly has type 'any' because no interface 'JSX.IntrinsicElements' exists.
../247gbsaffiliates/app/dashboard/client/page.tsx(223,33): error TS7026: JSX element implicitly has type 'any' because no interface 'JSX.IntrinsicElements' exists.
../247gbsaffiliates/app/dashboard/client/page.tsx(225,33): error TS7026: JSX element implicitly has type 'any' because no interface 'JSX.IntrinsicElements' exists.
../247gbsaffiliates/app/dashboard/client/page.tsx(226,33): error TS7026: JSX element implicitly has type 'any' because no interface 'JSX.IntrinsicElements' exists.
../247gbsaffiliates/app/dashboard/client/page.tsx(228,33): error TS7026: JSX element implicitly has type 'any' because no interface 'JSX.IntrinsicElements' exists.
../247gbsaffiliates/app/dashboard/client/page.tsx(229,33): error TS7026: JSX element implicitly has type 'any' because no interface 'JSX.IntrinsicElements' exists.
../247gbsaffiliates/app/dashboard/client/page.tsx(230,37): error TS7026: JSX element implicitly has type 'any' because no interface 'JSX.IntrinsicElements' exists.
../247gbsaffiliates/app/dashboard/client/page.tsx(231,41): error TS7026: JSX element implicitly has type 'any' because no interface 'JSX.IntrinsicElements' exists.
../247gbsaffiliates/app/dashboard/client/page.tsx(237,42): error TS7026: JSX element implicitly has type 'any' because no interface 'JSX.IntrinsicElements' exists.
../247gbsaffiliates/app/dashboard/client/page.tsx(238,37): error TS7026: JSX element implicitly has type 'any' because no interface 'JSX.IntrinsicElements' exists.
../247gbsaffiliates/app/dashboard/client/page.tsx(239,37): error TS7026: JSX element implicitly has type 'any' because no interface 'JSX.IntrinsicElements' exists.
../247gbsaffiliates/app/dashboard/client/page.tsx(241,37): error TS7026: JSX element implicitly has type 'any' because no interface 'JSX.IntrinsicElements' exists.
../247gbsaffiliates/app/dashboard/client/page.tsx(242,33): error TS7026: JSX element implicitly has type 'any' because no interface 'JSX.IntrinsicElements' exists.
../247gbsaffiliates/app/dashboard/client/page.tsx(243,29): error TS7026: JSX element implicitly has type 'any' because no interface 'JSX.IntrinsicElements' exists.
../247gbsaffiliates/app/dashboard/client/page.tsx(244,25): error TS7026: JSX element implicitly has type 'any' because no interface 'JSX.IntrinsicElements' exists.
../247gbsaffiliates/app/dashboard/client/page.tsx(245,21): error TS7026: JSX element implicitly has type 'any' because no interface 'JSX.IntrinsicElements' exists.
../247gbsaffiliates/app/dashboard/client/page.tsx(246,17): error TS7026: JSX element implicitly has type 'any' because no interface 'JSX.IntrinsicElements' exists.
../247gbsaffiliates/app/dashboard/client/page.tsx(247,13): error TS7026: JSX element implicitly has type 'any' because no interface 'JSX.IntrinsicElements' exists.
../247gbsaffiliates/app/dashboard/client/page.tsx(250,13): error TS7026: JSX element implicitly has type 'any' because no interface 'JSX.IntrinsicElements' exists.
../247gbsaffiliates/app/dashboard/client/page.tsx(251,17): error TS7026: JSX element implicitly has type 'any' because no interface 'JSX.IntrinsicElements' exists.
../247gbsaffiliates/app/dashboard/client/page.tsx(252,21): error TS7026: JSX element implicitly has type 'any' because no interface 'JSX.IntrinsicElements' exists.
../247gbsaffiliates/app/dashboard/client/page.tsx(253,25): error TS7026: JSX element implicitly has type 'any' because no interface 'JSX.IntrinsicElements' exists.
../247gbsaffiliates/app/dashboard/client/page.tsx(253,80): error TS7026: JSX element implicitly has type 'any' because no interface 'JSX.IntrinsicElements' exists.
../247gbsaffiliates/app/dashboard/client/page.tsx(254,25): error TS7026: JSX element implicitly has type 'any' because no interface 'JSX.IntrinsicElements' exists.
../247gbsaffiliates/app/dashboard/client/page.tsx(255,29): error TS7026: JSX element implicitly has type 'any' because no interface 'JSX.IntrinsicElements' exists.
../247gbsaffiliates/app/dashboard/client/page.tsx(255,98): error TS7026: JSX element implicitly has type 'any' because no interface 'JSX.IntrinsicElements' exists.
../247gbsaffiliates/app/dashboard/client/page.tsx(256,29): error TS7026: JSX element implicitly has type 'any' because no interface 'JSX.IntrinsicElements' exists.
../247gbsaffiliates/app/dashboard/client/page.tsx(258,29): error TS7026: JSX element implicitly has type 'any' because no interface 'JSX.IntrinsicElements' exists.
../247gbsaffiliates/app/dashboard/client/page.tsx(259,25): error TS7026: JSX element implicitly has type 'any' because no interface 'JSX.IntrinsicElements' exists.
../247gbsaffiliates/app/dashboard/client/page.tsx(260,21): error TS7026: JSX element implicitly has type 'any' because no interface 'JSX.IntrinsicElements' exists.
../247gbsaffiliates/app/dashboard/client/page.tsx(261,21): error TS7026: JSX element implicitly has type 'any' because no interface 'JSX.IntrinsicElements' exists.
../247gbsaffiliates/app/dashboard/client/page.tsx(263,25): error TS7026: JSX element implicitly has type 'any' because no interface 'JSX.IntrinsicElements' exists.
../247gbsaffiliates/app/dashboard/client/page.tsx(264,29): error TS7026: JSX element implicitly has type 'any' because no interface 'JSX.IntrinsicElements' exists.
../247gbsaffiliates/app/dashboard/client/page.tsx(270,30): error TS7026: JSX element implicitly has type 'any' because no interface 'JSX.IntrinsicElements' exists.
../247gbsaffiliates/app/dashboard/client/page.tsx(271,29): error TS7026: JSX element implicitly has type 'any' because no interface 'JSX.IntrinsicElements' exists.
../247gbsaffiliates/app/dashboard/client/page.tsx(272,33): error TS7026: JSX element implicitly has type 'any' because no interface 'JSX.IntrinsicElements' exists.
../247gbsaffiliates/app/dashboard/client/page.tsx(273,37): error TS7026: JSX element implicitly has type 'any' because no interface 'JSX.IntrinsicElements' exists.
../247gbsaffiliates/app/dashboard/client/page.tsx(273,72): error TS7026: JSX element implicitly has type 'any' because no interface 'JSX.IntrinsicElements' exists.
../247gbsaffiliates/app/dashboard/client/page.tsx(274,37): error TS7026: JSX element implicitly has type 'any' because no interface 'JSX.IntrinsicElements' exists.
../247gbsaffiliates/app/dashboard/client/page.tsx(274,89): error TS7026: JSX element implicitly has type 'any' because no interface 'JSX.IntrinsicElements' exists.
../247gbsaffiliates/app/dashboard/client/page.tsx(276,33): error TS7026: JSX element implicitly has type 'any' because no interface 'JSX.IntrinsicElements' exists.
../247gbsaffiliates/app/dashboard/client/page.tsx(277,33): error TS7026: JSX element implicitly has type 'any' because no interface 'JSX.IntrinsicElements' exists.
../247gbsaffiliates/app/dashboard/client/page.tsx(277,89): error TS7026: JSX element implicitly has type 'any' because no interface 'JSX.IntrinsicElements' exists.
../247gbsaffiliates/app/dashboard/client/page.tsx(278,29): error TS7026: JSX element implicitly has type 'any' because no interface 'JSX.IntrinsicElements' exists.
../247gbsaffiliates/app/dashboard/client/page.tsx(279,25): error TS7026: JSX element implicitly has type 'any' because no interface 'JSX.IntrinsicElements' exists.
../247gbsaffiliates/app/dashboard/client/page.tsx(281,25): error TS7026: JSX element implicitly has type 'any' because no interface 'JSX.IntrinsicElements' exists.
../247gbsaffiliates/app/dashboard/client/page.tsx(282,29): error TS7026: JSX element implicitly has type 'any' because no interface 'JSX.IntrinsicElements' exists.
../247gbsaffiliates/app/dashboard/client/page.tsx(283,33): error TS7026: JSX element implicitly has type 'any' because no interface 'JSX.IntrinsicElements' exists.
../247gbsaffiliates/app/dashboard/client/page.tsx(285,33): error TS7026: JSX element implicitly has type 'any' because no interface 'JSX.IntrinsicElements' exists.
../247gbsaffiliates/app/dashboard/client/page.tsx(286,33): error TS7026: JSX element implicitly has type 'any' because no interface 'JSX.IntrinsicElements' exists.
../247gbsaffiliates/app/dashboard/client/page.tsx(288,33): error TS7026: JSX element implicitly has type 'any' because no interface 'JSX.IntrinsicElements' exists.
../247gbsaffiliates/app/dashboard/client/page.tsx(289,29): error TS7026: JSX element implicitly has type 'any' because no interface 'JSX.IntrinsicElements' exists.
../247gbsaffiliates/app/dashboard/client/page.tsx(290,29): error TS7026: JSX element implicitly has type 'any' because no interface 'JSX.IntrinsicElements' exists.
../247gbsaffiliates/app/dashboard/client/page.tsx(293,29): error TS7026: JSX element implicitly has type 'any' because no interface 'JSX.IntrinsicElements' exists.
../247gbsaffiliates/app/dashboard/client/page.tsx(294,29): error TS7026: JSX element implicitly has type 'any' because no interface 'JSX.IntrinsicElements' exists.
../247gbsaffiliates/app/dashboard/client/page.tsx(295,33): error TS7026: JSX element implicitly has type 'any' because no interface 'JSX.IntrinsicElements' exists.
../247gbsaffiliates/app/dashboard/client/page.tsx(295,90): error TS7026: JSX element implicitly has type 'any' because no interface 'JSX.IntrinsicElements' exists.
../247gbsaffiliates/app/dashboard/client/page.tsx(296,29): error TS7026: JSX element implicitly has type 'any' because no interface 'JSX.IntrinsicElements' exists.
../247gbsaffiliates/app/dashboard/client/page.tsx(297,25): error TS7026: JSX element implicitly has type 'any' because no interface 'JSX.IntrinsicElements' exists.
../247gbsaffiliates/app/dashboard/client/page.tsx(299,25): error TS7026: JSX element implicitly has type 'any' because no interface 'JSX.IntrinsicElements' exists.
../247gbsaffiliates/app/dashboard/client/page.tsx(300,29): error TS7026: JSX element implicitly has type 'any' because no interface 'JSX.IntrinsicElements' exists.
../247gbsaffiliates/app/dashboard/client/page.tsx(306,30): error TS7026: JSX element implicitly has type 'any' because no interface 'JSX.IntrinsicElements' exists.
../247gbsaffiliates/app/dashboard/client/page.tsx(307,29): error TS7026: JSX element implicitly has type 'any' because no interface 'JSX.IntrinsicElements' exists.
../247gbsaffiliates/app/dashboard/client/page.tsx(308,33): error TS7026: JSX element implicitly has type 'any' because no interface 'JSX.IntrinsicElements' exists.
../247gbsaffiliates/app/dashboard/client/page.tsx(309,37): error TS7026: JSX element implicitly has type 'any' because no interface 'JSX.IntrinsicElements' exists.
../247gbsaffiliates/app/dashboard/client/page.tsx(309,74): error TS7026: JSX element implicitly has type 'any' because no interface 'JSX.IntrinsicElements' exists.
../247gbsaffiliates/app/dashboard/client/page.tsx(310,37): error TS7026: JSX element implicitly has type 'any' because no interface 'JSX.IntrinsicElements' exists.
../247gbsaffiliates/app/dashboard/client/page.tsx(312,37): error TS7026: JSX element implicitly has type 'any' because no interface 'JSX.IntrinsicElements' exists.
../247gbsaffiliates/app/dashboard/client/page.tsx(313,33): error TS7026: JSX element implicitly has type 'any' because no interface 'JSX.IntrinsicElements' exists.
../247gbsaffiliates/app/dashboard/client/page.tsx(314,33): error TS7026: JSX element implicitly has type 'any' because no interface 'JSX.IntrinsicElements' exists.
../247gbsaffiliates/app/dashboard/client/page.tsx(314,89): error TS7026: JSX element implicitly has type 'any' because no interface 'JSX.IntrinsicElements' exists.
../247gbsaffiliates/app/dashboard/client/page.tsx(315,29): error TS7026: JSX element implicitly has type 'any' because no interface 'JSX.IntrinsicElements' exists.
../247gbsaffiliates/app/dashboard/client/page.tsx(316,25): error TS7026: JSX element implicitly has type 'any' because no interface 'JSX.IntrinsicElements' exists.
../247gbsaffiliates/app/dashboard/client/page.tsx(317,21): error TS7026: JSX element implicitly has type 'any' because no interface 'JSX.IntrinsicElements' exists.
../247gbsaffiliates/app/dashboard/client/page.tsx(318,21): error TS7026: JSX element implicitly has type 'any' because no interface 'JSX.IntrinsicElements' exists.
../247gbsaffiliates/app/dashboard/client/page.tsx(319,25): error TS7026: JSX element implicitly has type 'any' because no interface 'JSX.IntrinsicElements' exists.
../247gbsaffiliates/app/dashboard/client/page.tsx(321,25): error TS7026: JSX element implicitly has type 'any' because no interface 'JSX.IntrinsicElements' exists.
../247gbsaffiliates/app/dashboard/client/page.tsx(322,21): error TS7026: JSX element implicitly has type 'any' because no interface 'JSX.IntrinsicElements' exists.
../247gbsaffiliates/app/dashboard/client/page.tsx(323,17): error TS7026: JSX element implicitly has type 'any' because no interface 'JSX.IntrinsicElements' exists.
../247gbsaffiliates/app/dashboard/client/page.tsx(324,13): error TS7026: JSX element implicitly has type 'any' because no interface 'JSX.IntrinsicElements' exists.
../247gbsaffiliates/app/dashboard/client/page.tsx(325,9): error TS7026: JSX element implicitly has type 'any' because no interface 'JSX.IntrinsicElements' exists.
../247gbsaffiliates/app/dashboard/client/performance/page.tsx(3,9): error TS7026: JSX element implicitly has type 'any' because no interface 'JSX.IntrinsicElements' exists.
../247gbsaffiliates/app/dashboard/client/performance/page.tsx(3,9): error TS2875: This JSX tag requires the module path 'react/jsx-runtime' to exist, but none could be found. Make sure you have types for the appropriate package installed.
../247gbsaffiliates/app/dashboard/client/performance/page.tsx(4,13): error TS7026: JSX element implicitly has type 'any' because no interface 'JSX.IntrinsicElements' exists.
../247gbsaffiliates/app/dashboard/client/performance/page.tsx(5,17): error TS7026: JSX element implicitly has type 'any' because no interface 'JSX.IntrinsicElements' exists.
../247gbsaffiliates/app/dashboard/client/performance/page.tsx(7,17): error TS7026: JSX element implicitly has type 'any' because no interface 'JSX.IntrinsicElements' exists.
../247gbsaffiliates/app/dashboard/client/performance/page.tsx(8,17): error TS7026: JSX element implicitly has type 'any' because no interface 'JSX.IntrinsicElements' exists.
../247gbsaffiliates/app/dashboard/client/performance/page.tsx(8,64): error TS7026: JSX element implicitly has type 'any' because no interface 'JSX.IntrinsicElements' exists.
../247gbsaffiliates/app/dashboard/client/performance/page.tsx(9,17): error TS7026: JSX element implicitly has type 'any' because no interface 'JSX.IntrinsicElements' exists.
../247gbsaffiliates/app/dashboard/client/performance/page.tsx(11,17): error TS7026: JSX element implicitly has type 'any' because no interface 'JSX.IntrinsicElements' exists.
../247gbsaffiliates/app/dashboard/client/performance/page.tsx(12,13): error TS7026: JSX element implicitly has type 'any' because no interface 'JSX.IntrinsicElements' exists.
../247gbsaffiliates/app/dashboard/client/performance/page.tsx(14,13): error TS7026: JSX element implicitly has type 'any' because no interface 'JSX.IntrinsicElements' exists.
../247gbsaffiliates/app/dashboard/client/performance/page.tsx(15,17): error TS7026: JSX element implicitly has type 'any' because no interface 'JSX.IntrinsicElements' exists.
../247gbsaffiliates/app/dashboard/client/performance/page.tsx(16,21): error TS7026: JSX element implicitly has type 'any' because no interface 'JSX.IntrinsicElements' exists.
../247gbsaffiliates/app/dashboard/client/performance/page.tsx(18,21): error TS7026: JSX element implicitly has type 'any' because no interface 'JSX.IntrinsicElements' exists.
../247gbsaffiliates/app/dashboard/client/performance/page.tsx(19,21): error TS7026: JSX element implicitly has type 'any' because no interface 'JSX.IntrinsicElements' exists.
../247gbsaffiliates/app/dashboard/client/performance/page.tsx(21,25): error TS7026: JSX element implicitly has type 'any' because no interface 'JSX.IntrinsicElements' exists.
../247gbsaffiliates/app/dashboard/client/performance/page.tsx(23,25): error TS7026: JSX element implicitly has type 'any' because no interface 'JSX.IntrinsicElements' exists.
../247gbsaffiliates/app/dashboard/client/performance/page.tsx(24,21): error TS7026: JSX element implicitly has type 'any' because no interface 'JSX.IntrinsicElements' exists.
../247gbsaffiliates/app/dashboard/client/performance/page.tsx(25,17): error TS7026: JSX element implicitly has type 'any' because no interface 'JSX.IntrinsicElements' exists.
../247gbsaffiliates/app/dashboard/client/performance/page.tsx(26,17): error TS7026: JSX element implicitly has type 'any' because no interface 'JSX.IntrinsicElements' exists.
../247gbsaffiliates/app/dashboard/client/performance/page.tsx(27,21): error TS7026: JSX element implicitly has type 'any' because no interface 'JSX.IntrinsicElements' exists.
../247gbsaffiliates/app/dashboard/client/performance/page.tsx(28,25): error TS7026: JSX element implicitly has type 'any' because no interface 'JSX.IntrinsicElements' exists.
../247gbsaffiliates/app/dashboard/client/performance/page.tsx(30,25): error TS7026: JSX element implicitly has type 'any' because no interface 'JSX.IntrinsicElements' exists.
../247gbsaffiliates/app/dashboard/client/performance/page.tsx(31,25): error TS7026: JSX element implicitly has type 'any' because no interface 'JSX.IntrinsicElements' exists.
../247gbsaffiliates/app/dashboard/client/performance/page.tsx(31,44): error TS7026: JSX element implicitly has type 'any' because no interface 'JSX.IntrinsicElements' exists.
../247gbsaffiliates/app/dashboard/client/performance/page.tsx(32,21): error TS7026: JSX element implicitly has type 'any' because no interface 'JSX.IntrinsicElements' exists.
../247gbsaffiliates/app/dashboard/client/performance/page.tsx(33,21): error TS7026: JSX element implicitly has type 'any' because no interface 'JSX.IntrinsicElements' exists.
../247gbsaffiliates/app/dashboard/client/performance/page.tsx(34,25): error TS7026: JSX element implicitly has type 'any' because no interface 'JSX.IntrinsicElements' exists.
../247gbsaffiliates/app/dashboard/client/performance/page.tsx(36,25): error TS7026: JSX element implicitly has type 'any' because no interface 'JSX.IntrinsicElements' exists.
../247gbsaffiliates/app/dashboard/client/performance/page.tsx(37,25): error TS7026: JSX element implicitly has type 'any' because no interface 'JSX.IntrinsicElements' exists.
../247gbsaffiliates/app/dashboard/client/performance/page.tsx(37,44): error TS7026: JSX element implicitly has type 'any' because no interface 'JSX.IntrinsicElements' exists.
../247gbsaffiliates/app/dashboard/client/performance/page.tsx(38,21): error TS7026: JSX element implicitly has type 'any' because no interface 'JSX.IntrinsicElements' exists.
../247gbsaffiliates/app/dashboard/client/performance/page.tsx(39,17): error TS7026: JSX element implicitly has type 'any' because no interface 'JSX.IntrinsicElements' exists.
../247gbsaffiliates/app/dashboard/client/performance/page.tsx(40,13): error TS7026: JSX element implicitly has type 'any' because no interface 'JSX.IntrinsicElements' exists.
../247gbsaffiliates/app/dashboard/client/performance/page.tsx(43,13): error TS7026: JSX element implicitly has type 'any' because no interface 'JSX.IntrinsicElements' exists.
../247gbsaffiliates/app/dashboard/client/performance/page.tsx(44,17): error TS7026: JSX element implicitly has type 'any' because no interface 'JSX.IntrinsicElements' exists.
../247gbsaffiliates/app/dashboard/client/performance/page.tsx(45,21): error TS7026: JSX element implicitly has type 'any' because no interface 'JSX.IntrinsicElements' exists.
../247gbsaffiliates/app/dashboard/client/performance/page.tsx(49,25): error TS7026: JSX element implicitly has type 'any' because no interface 'JSX.IntrinsicElements' exists.
../247gbsaffiliates/app/dashboard/client/performance/page.tsx(49,82): error TS7026: JSX element implicitly has type 'any' because no interface 'JSX.IntrinsicElements' exists.
../247gbsaffiliates/app/dashboard/client/performance/page.tsx(50,21): error TS7026: JSX element implicitly has type 'any' because no interface 'JSX.IntrinsicElements' exists.
../247gbsaffiliates/app/dashboard/client/performance/page.tsx(51,21): error TS7026: JSX element implicitly has type 'any' because no interface 'JSX.IntrinsicElements' exists.
../247gbsaffiliates/app/dashboard/client/performance/page.tsx(55,25): error TS7026: JSX element implicitly has type 'any' because no interface 'JSX.IntrinsicElements' exists.
../247gbsaffiliates/app/dashboard/client/performance/page.tsx(55,88): error TS7026: JSX element implicitly has type 'any' because no interface 'JSX.IntrinsicElements' exists.
../247gbsaffiliates/app/dashboard/client/performance/page.tsx(56,21): error TS7026: JSX element implicitly has type 'any' because no interface 'JSX.IntrinsicElements' exists.
../247gbsaffiliates/app/dashboard/client/performance/page.tsx(57,17): error TS7026: JSX element implicitly has type 'any' because no interface 'JSX.IntrinsicElements' exists.
../247gbsaffiliates/app/dashboard/client/performance/page.tsx(58,13): error TS7026: JSX element implicitly has type 'any' because no interface 'JSX.IntrinsicElements' exists.
../247gbsaffiliates/app/dashboard/client/performance/page.tsx(61,13): error TS7026: JSX element implicitly has type 'any' because no interface 'JSX.IntrinsicElements' exists.
../247gbsaffiliates/app/dashboard/client/performance/page.tsx(68,21): error TS7026: JSX element implicitly has type 'any' because no interface 'JSX.IntrinsicElements' exists.
../247gbsaffiliates/app/dashboard/client/performance/page.tsx(72,25): error TS7026: JSX element implicitly has type 'any' because no interface 'JSX.IntrinsicElements' exists.
../247gbsaffiliates/app/dashboard/client/performance/page.tsx(74,25): error TS7026: JSX element implicitly has type 'any' because no interface 'JSX.IntrinsicElements' exists.
../247gbsaffiliates/app/dashboard/client/performance/page.tsx(75,25): error TS7026: JSX element implicitly has type 'any' because no interface 'JSX.IntrinsicElements' exists.
../247gbsaffiliates/app/dashboard/client/performance/page.tsx(76,29): error TS7026: JSX element implicitly has type 'any' because no interface 'JSX.IntrinsicElements' exists.
../247gbsaffiliates/app/dashboard/client/performance/page.tsx(78,29): error TS7026: JSX element implicitly has type 'any' because no interface 'JSX.IntrinsicElements' exists.
../247gbsaffiliates/app/dashboard/client/performance/page.tsx(79,29): error TS7026: JSX element implicitly has type 'any' because no interface 'JSX.IntrinsicElements' exists.
../247gbsaffiliates/app/dashboard/client/performance/page.tsx(86,29): error TS7026: JSX element implicitly has type 'any' because no interface 'JSX.IntrinsicElements' exists.
../247gbsaffiliates/app/dashboard/client/performance/page.tsx(87,25): error TS7026: JSX element implicitly has type 'any' because no interface 'JSX.IntrinsicElements' exists.
../247gbsaffiliates/app/dashboard/client/performance/page.tsx(88,21): error TS7026: JSX element implicitly has type 'any' because no interface 'JSX.IntrinsicElements' exists.
../247gbsaffiliates/app/dashboard/client/performance/page.tsx(90,13): error TS7026: JSX element implicitly has type 'any' because no interface 'JSX.IntrinsicElements' exists.
../247gbsaffiliates/app/dashboard/client/performance/page.tsx(92,13): error TS7026: JSX element implicitly has type 'any' because no interface 'JSX.IntrinsicElements' exists.
../247gbsaffiliates/app/dashboard/client/performance/page.tsx(94,17): error TS7026: JSX element implicitly has type 'any' because no interface 'JSX.IntrinsicElements' exists.
../247gbsaffiliates/app/dashboard/client/performance/page.tsx(95,21): error TS7026: JSX element implicitly has type 'any' because no interface 'JSX.IntrinsicElements' exists.
../247gbsaffiliates/app/dashboard/client/performance/page.tsx(96,25): error TS7026: JSX element implicitly has type 'any' because no interface 'JSX.IntrinsicElements' exists.
../247gbsaffiliates/app/dashboard/client/performance/page.tsx(98,25): error TS7026: JSX element implicitly has type 'any' because no interface 'JSX.IntrinsicElements' exists.
../247gbsaffiliates/app/dashboard/client/performance/page.tsx(99,25): error TS7026: JSX element implicitly has type 'any' because no interface 'JSX.IntrinsicElements' exists.
../247gbsaffiliates/app/dashboard/client/performance/page.tsx(100,29): error TS7026: JSX element implicitly has type 'any' because no interface 'JSX.IntrinsicElements' exists.
../247gbsaffiliates/app/dashboard/client/performance/page.tsx(102,29): error TS7026: JSX element implicitly has type 'any' because no interface 'JSX.IntrinsicElements' exists.
../247gbsaffiliates/app/dashboard/client/performance/page.tsx(103,25): error TS7026: JSX element implicitly has type 'any' because no interface 'JSX.IntrinsicElements' exists.
../247gbsaffiliates/app/dashboard/client/performance/page.tsx(104,21): error TS7026: JSX element implicitly has type 'any' because no interface 'JSX.IntrinsicElements' exists.
../247gbsaffiliates/app/dashboard/client/performance/page.tsx(105,21): error TS7026: JSX element implicitly has type 'any' because no interface 'JSX.IntrinsicElements' exists.
../247gbsaffiliates/app/dashboard/client/performance/page.tsx(107,29): error TS7026: JSX element implicitly has type 'any' because no interface 'JSX.IntrinsicElements' exists.
../247gbsaffiliates/app/dashboard/client/performance/page.tsx(111,30): error TS7026: JSX element implicitly has type 'any' because no interface 'JSX.IntrinsicElements' exists.
../247gbsaffiliates/app/dashboard/client/performance/page.tsx(113,21): error TS7026: JSX element implicitly has type 'any' because no interface 'JSX.IntrinsicElements' exists.
../247gbsaffiliates/app/dashboard/client/performance/page.tsx(114,21): error TS7026: JSX element implicitly has type 'any' because no interface 'JSX.IntrinsicElements' exists.
../247gbsaffiliates/app/dashboard/client/performance/page.tsx(115,25): error TS7026: JSX element implicitly has type 'any' because no interface 'JSX.IntrinsicElements' exists.
../247gbsaffiliates/app/dashboard/client/performance/page.tsx(115,34): error TS7026: JSX element implicitly has type 'any' because no interface 'JSX.IntrinsicElements' exists.
../247gbsaffiliates/app/dashboard/client/performance/page.tsx(116,25): error TS7026: JSX element implicitly has type 'any' because no interface 'JSX.IntrinsicElements' exists.
../247gbsaffiliates/app/dashboard/client/performance/page.tsx(116,34): error TS7026: JSX element implicitly has type 'any' because no interface 'JSX.IntrinsicElements' exists.
../247gbsaffiliates/app/dashboard/client/performance/page.tsx(117,25): error TS7026: JSX element implicitly has type 'any' because no interface 'JSX.IntrinsicElements' exists.
../247gbsaffiliates/app/dashboard/client/performance/page.tsx(117,34): error TS7026: JSX element implicitly has type 'any' because no interface 'JSX.IntrinsicElements' exists.
../247gbsaffiliates/app/dashboard/client/performance/page.tsx(118,25): error TS7026: JSX element implicitly has type 'any' because no interface 'JSX.IntrinsicElements' exists.
../247gbsaffiliates/app/dashboard/client/performance/page.tsx(118,34): error TS7026: JSX element implicitly has type 'any' because no interface 'JSX.IntrinsicElements' exists.
../247gbsaffiliates/app/dashboard/client/performance/page.tsx(119,25): error TS7026: JSX element implicitly has type 'any' because no interface 'JSX.IntrinsicElements' exists.
../247gbsaffiliates/app/dashboard/client/performance/page.tsx(119,34): error TS7026: JSX element implicitly has type 'any' because no interface 'JSX.IntrinsicElements' exists.
../247gbsaffiliates/app/dashboard/client/performance/page.tsx(120,25): error TS7026: JSX element implicitly has type 'any' because no interface 'JSX.IntrinsicElements' exists.
../247gbsaffiliates/app/dashboard/client/performance/page.tsx(120,34): error TS7026: JSX element implicitly has type 'any' because no interface 'JSX.IntrinsicElements' exists.
../247gbsaffiliates/app/dashboard/client/performance/page.tsx(121,25): error TS7026: JSX element implicitly has type 'any' because no interface 'JSX.IntrinsicElements' exists.
../247gbsaffiliates/app/dashboard/client/performance/page.tsx(121,34): error TS7026: JSX element implicitly has type 'any' because no interface 'JSX.IntrinsicElements' exists.
../247gbsaffiliates/app/dashboard/client/performance/page.tsx(122,21): error TS7026: JSX element implicitly has type 'any' because no interface 'JSX.IntrinsicElements' exists.
../247gbsaffiliates/app/dashboard/client/performance/page.tsx(123,17): error TS7026: JSX element implicitly has type 'any' because no interface 'JSX.IntrinsicElements' exists.
../247gbsaffiliates/app/dashboard/client/performance/page.tsx(126,17): error TS7026: JSX element implicitly has type 'any' because no interface 'JSX.IntrinsicElements' exists.
../247gbsaffiliates/app/dashboard/client/performance/page.tsx(127,21): error TS7026: JSX element implicitly has type 'any' because no interface 'JSX.IntrinsicElements' exists.
../247gbsaffiliates/app/dashboard/client/performance/page.tsx(128,25): error TS7026: JSX element implicitly has type 'any' because no interface 'JSX.IntrinsicElements' exists.
../247gbsaffiliates/app/dashboard/client/performance/page.tsx(130,25): error TS7026: JSX element implicitly has type 'any' because no interface 'JSX.IntrinsicElements' exists.
../247gbsaffiliates/app/dashboard/client/performance/page.tsx(131,25): error TS7026: JSX element implicitly has type 'any' because no interface 'JSX.IntrinsicElements' exists.
../247gbsaffiliates/app/dashboard/client/performance/page.tsx(133,25): error TS7026: JSX element implicitly has type 'any' because no interface 'JSX.IntrinsicElements' exists.
../247gbsaffiliates/app/dashboard/client/performance/page.tsx(134,21): error TS7026: JSX element implicitly has type 'any' because no interface 'JSX.IntrinsicElements' exists.
../247gbsaffiliates/app/dashboard/client/performance/page.tsx(135,21): error TS7026: JSX element implicitly has type 'any' because no interface 'JSX.IntrinsicElements' exists.
../247gbsaffiliates/app/dashboard/client/performance/page.tsx(136,25): error TS7026: JSX element implicitly has type 'any' because no interface 'JSX.IntrinsicElements' exists.
../247gbsaffiliates/app/dashboard/client/performance/page.tsx(137,29): error TS7026: JSX element implicitly has type 'any' because no interface 'JSX.IntrinsicElements' exists.
../247gbsaffiliates/app/dashboard/client/performance/page.tsx(137,164): error TS7026: JSX element implicitly has type 'any' because no interface 'JSX.IntrinsicElements' exists.
../247gbsaffiliates/app/dashboard/client/performance/page.tsx(138,29): error TS7026: JSX element implicitly has type 'any' because no interface 'JSX.IntrinsicElements' exists.
../247gbsaffiliates/app/dashboard/client/performance/page.tsx(139,33): error TS7026: JSX element implicitly has type 'any' because no interface 'JSX.IntrinsicElements' exists.
../247gbsaffiliates/app/dashboard/client/performance/page.tsx(139,88): error TS7026: JSX element implicitly has type 'any' because no interface 'JSX.IntrinsicElements' exists.
../247gbsaffiliates/app/dashboard/client/performance/page.tsx(140,33): error TS7026: JSX element implicitly has type 'any' because no interface 'JSX.IntrinsicElements' exists.
../247gbsaffiliates/app/dashboard/client/performance/page.tsx(142,33): error TS7026: JSX element implicitly has type 'any' because no interface 'JSX.IntrinsicElements' exists.
../247gbsaffiliates/app/dashboard/client/performance/page.tsx(143,29): error TS7026: JSX element implicitly has type 'any' because no interface 'JSX.IntrinsicElements' exists.
../247gbsaffiliates/app/dashboard/client/performance/page.tsx(144,25): error TS7026: JSX element implicitly has type 'any' because no interface 'JSX.IntrinsicElements' exists.
../247gbsaffiliates/app/dashboard/client/performance/page.tsx(145,25): error TS7026: JSX element implicitly has type 'any' because no interface 'JSX.IntrinsicElements' exists.
../247gbsaffiliates/app/dashboard/client/performance/page.tsx(146,29): error TS7026: JSX element implicitly has type 'any' because no interface 'JSX.IntrinsicElements' exists.
../247gbsaffiliates/app/dashboard/client/performance/page.tsx(147,33): error TS7026: JSX element implicitly has type 'any' because no interface 'JSX.IntrinsicElements' exists.
../247gbsaffiliates/app/dashboard/client/performance/page.tsx(149,33): error TS7026: JSX element implicitly has type 'any' because no interface 'JSX.IntrinsicElements' exists.
../247gbsaffiliates/app/dashboard/client/performance/page.tsx(150,33): error TS7026: JSX element implicitly has type 'any' because no interface 'JSX.IntrinsicElements' exists.
../247gbsaffiliates/app/dashboard/client/performance/page.tsx(150,79): error TS7026: JSX element implicitly has type 'any' because no interface 'JSX.IntrinsicElements' exists.
../247gbsaffiliates/app/dashboard/client/performance/page.tsx(151,29): error TS7026: JSX element implicitly has type 'any' because no interface 'JSX.IntrinsicElements' exists.
../247gbsaffiliates/app/dashboard/client/performance/page.tsx(152,29): error TS7026: JSX element implicitly has type 'any' because no interface 'JSX.IntrinsicElements' exists.
../247gbsaffiliates/app/dashboard/client/performance/page.tsx(153,33): error TS7026: JSX element implicitly has type 'any' because no interface 'JSX.IntrinsicElements' exists.
../247gbsaffiliates/app/dashboard/client/performance/page.tsx(155,33): error TS7026: JSX element implicitly has type 'any' because no interface 'JSX.IntrinsicElements' exists.
../247gbsaffiliates/app/dashboard/client/performance/page.tsx(156,33): error TS7026: JSX element implicitly has type 'any' because no interface 'JSX.IntrinsicElements' exists.
../247gbsaffiliates/app/dashboard/client/performance/page.tsx(156,77): error TS7026: JSX element implicitly has type 'any' because no interface 'JSX.IntrinsicElements' exists.
../247gbsaffiliates/app/dashboard/client/performance/page.tsx(157,29): error TS7026: JSX element implicitly has type 'any' because no interface 'JSX.IntrinsicElements' exists.
../247gbsaffiliates/app/dashboard/client/performance/page.tsx(158,25): error TS7026: JSX element implicitly has type 'any' because no interface 'JSX.IntrinsicElements' exists.
../247gbsaffiliates/app/dashboard/client/performance/page.tsx(159,21): error TS7026: JSX element implicitly has type 'any' because no interface 'JSX.IntrinsicElements' exists.
../247gbsaffiliates/app/dashboard/client/performance/page.tsx(160,17): error TS7026: JSX element implicitly has type 'any' because no interface 'JSX.IntrinsicElements' exists.
../247gbsaffiliates/app/dashboard/client/performance/page.tsx(161,13): error TS7026: JSX element implicitly has type 'any' because no interface 'JSX.IntrinsicElements' exists.
../247gbsaffiliates/app/dashboard/client/performance/page.tsx(162,9): error TS7026: JSX element implicitly has type 'any' because no interface 'JSX.IntrinsicElements' exists.
../247gbsaffiliates/app/dashboard/consultant/earnings/page.tsx(3,19): error TS2307: Cannot find module 'react' or its corresponding type declarations.
../247gbsaffiliates/app/dashboard/consultant/earnings/page.tsx(7,9): error TS7026: JSX element implicitly has type 'any' because no interface 'JSX.IntrinsicElements' exists.
../247gbsaffiliates/app/dashboard/consultant/earnings/page.tsx(7,9): error TS2875: This JSX tag requires the module path 'react/jsx-runtime' to exist, but none could be found. Make sure you have types for the appropriate package installed.
../247gbsaffiliates/app/dashboard/consultant/earnings/page.tsx(8,13): error TS7026: JSX element implicitly has type 'any' because no interface 'JSX.IntrinsicElements' exists.
../247gbsaffiliates/app/dashboard/consultant/earnings/page.tsx(9,17): error TS7026: JSX element implicitly has type 'any' because no interface 'JSX.IntrinsicElements' exists.
../247gbsaffiliates/app/dashboard/consultant/earnings/page.tsx(9,76): error TS7026: JSX element implicitly has type 'any' because no interface 'JSX.IntrinsicElements' exists.
../247gbsaffiliates/app/dashboard/consultant/earnings/page.tsx(10,17): error TS7026: JSX element implicitly has type 'any' because no interface 'JSX.IntrinsicElements' exists.
../247gbsaffiliates/app/dashboard/consultant/earnings/page.tsx(10,102): error TS7026: JSX element implicitly has type 'any' because no interface 'JSX.IntrinsicElements' exists.
../247gbsaffiliates/app/dashboard/consultant/earnings/page.tsx(11,13): error TS7026: JSX element implicitly has type 'any' because no interface 'JSX.IntrinsicElements' exists.
../247gbsaffiliates/app/dashboard/consultant/earnings/page.tsx(13,13): error TS7026: JSX element implicitly has type 'any' because no interface 'JSX.IntrinsicElements' exists.
../247gbsaffiliates/app/dashboard/consultant/earnings/page.tsx(14,17): error TS7026: JSX element implicitly has type 'any' because no interface 'JSX.IntrinsicElements' exists.
../247gbsaffiliates/app/dashboard/consultant/earnings/page.tsx(15,21): error TS7026: JSX element implicitly has type 'any' because no interface 'JSX.IntrinsicElements' exists.
../247gbsaffiliates/app/dashboard/consultant/earnings/page.tsx(15,119): error TS7026: JSX element implicitly has type 'any' because no interface 'JSX.IntrinsicElements' exists.
../247gbsaffiliates/app/dashboard/consultant/earnings/page.tsx(16,21): error TS7026: JSX element implicitly has type 'any' because no interface 'JSX.IntrinsicElements' exists.
../247gbsaffiliates/app/dashboard/consultant/earnings/page.tsx(16,80): error TS7026: JSX element implicitly has type 'any' because no interface 'JSX.IntrinsicElements' exists.
../247gbsaffiliates/app/dashboard/consultant/earnings/page.tsx(17,21): error TS7026: JSX element implicitly has type 'any' because no interface 'JSX.IntrinsicElements' exists.
../247gbsaffiliates/app/dashboard/consultant/earnings/page.tsx(17,89): error TS7026: JSX element implicitly has type 'any' because no interface 'JSX.IntrinsicElements' exists.
../247gbsaffiliates/app/dashboard/consultant/earnings/page.tsx(18,17): error TS7026: JSX element implicitly has type 'any' because no interface 'JSX.IntrinsicElements' exists.
../247gbsaffiliates/app/dashboard/consultant/earnings/page.tsx(19,17): error TS7026: JSX element implicitly has type 'any' because no interface 'JSX.IntrinsicElements' exists.
../247gbsaffiliates/app/dashboard/consultant/earnings/page.tsx(20,21): error TS7026: JSX element implicitly has type 'any' because no interface 'JSX.IntrinsicElements' exists.
../247gbsaffiliates/app/dashboard/consultant/earnings/page.tsx(20,119): error TS7026: JSX element implicitly has type 'any' because no interface 'JSX.IntrinsicElements' exists.
../247gbsaffiliates/app/dashboard/consultant/earnings/page.tsx(21,21): error TS7026: JSX element implicitly has type 'any' because no interface 'JSX.IntrinsicElements' exists.
../247gbsaffiliates/app/dashboard/consultant/earnings/page.tsx(21,78): error TS7026: JSX element implicitly has type 'any' because no interface 'JSX.IntrinsicElements' exists.
../247gbsaffiliates/app/dashboard/consultant/earnings/page.tsx(22,17): error TS7026: JSX element implicitly has type 'any' because no interface 'JSX.IntrinsicElements' exists.
../247gbsaffiliates/app/dashboard/consultant/earnings/page.tsx(23,17): error TS7026: JSX element implicitly has type 'any' because no interface 'JSX.IntrinsicElements' exists.
../247gbsaffiliates/app/dashboard/consultant/earnings/page.tsx(24,21): error TS7026: JSX element implicitly has type 'any' because no interface 'JSX.IntrinsicElements' exists.
../247gbsaffiliates/app/dashboard/consultant/earnings/page.tsx(24,123): error TS7026: JSX element implicitly has type 'any' because no interface 'JSX.IntrinsicElements' exists.
../247gbsaffiliates/app/dashboard/consultant/earnings/page.tsx(25,21): error TS7026: JSX element implicitly has type 'any' because no interface 'JSX.IntrinsicElements' exists.
../247gbsaffiliates/app/dashboard/consultant/earnings/page.tsx(25,73): error TS7026: JSX element implicitly has type 'any' because no interface 'JSX.IntrinsicElements' exists.
../247gbsaffiliates/app/dashboard/consultant/earnings/page.tsx(26,17): error TS7026: JSX element implicitly has type 'any' because no interface 'JSX.IntrinsicElements' exists.
../247gbsaffiliates/app/dashboard/consultant/earnings/page.tsx(27,13): error TS7026: JSX element implicitly has type 'any' because no interface 'JSX.IntrinsicElements' exists.
../247gbsaffiliates/app/dashboard/consultant/earnings/page.tsx(28,9): error TS7026: JSX element implicitly has type 'any' because no interface 'JSX.IntrinsicElements' exists.
../247gbsaffiliates/app/dashboard/consultant/layout.tsx(3,18): error TS2307: Cannot find module 'next/link' or its corresponding type declarations.
../247gbsaffiliates/app/dashboard/consultant/layout.tsx(4,29): error TS2307: Cannot find module 'next/navigation' or its corresponding type declarations.
../247gbsaffiliates/app/dashboard/consultant/layout.tsx(13,15): error TS2503: Cannot find namespace 'React'.
../247gbsaffiliates/app/dashboard/consultant/layout.tsx(25,9): error TS7026: JSX element implicitly has type 'any' because no interface 'JSX.IntrinsicElements' exists.
../247gbsaffiliates/app/dashboard/consultant/layout.tsx(25,9): error TS2875: This JSX tag requires the module path 'react/jsx-runtime' to exist, but none could be found. Make sure you have types for the appropriate package installed.
../247gbsaffiliates/app/dashboard/consultant/layout.tsx(27,13): error TS7026: JSX element implicitly has type 'any' because no interface 'JSX.IntrinsicElements' exists.
../247gbsaffiliates/app/dashboard/consultant/layout.tsx(28,17): error TS7026: JSX element implicitly has type 'any' because no interface 'JSX.IntrinsicElements' exists.
../247gbsaffiliates/app/dashboard/consultant/layout.tsx(29,21): error TS7026: JSX element implicitly has type 'any' because no interface 'JSX.IntrinsicElements' exists.
../247gbsaffiliates/app/dashboard/consultant/layout.tsx(31,21): error TS7026: JSX element implicitly has type 'any' because no interface 'JSX.IntrinsicElements' exists.
../247gbsaffiliates/app/dashboard/consultant/layout.tsx(32,17): error TS7026: JSX element implicitly has type 'any' because no interface 'JSX.IntrinsicElements' exists.
../247gbsaffiliates/app/dashboard/consultant/layout.tsx(33,17): error TS7026: JSX element implicitly has type 'any' because no interface 'JSX.IntrinsicElements' exists.
../247gbsaffiliates/app/dashboard/consultant/layout.tsx(34,21): error TS7026: JSX element implicitly has type 'any' because no interface 'JSX.IntrinsicElements' exists.
../247gbsaffiliates/app/dashboard/consultant/layout.tsx(36,21): error TS7026: JSX element implicitly has type 'any' because no interface 'JSX.IntrinsicElements' exists.
../247gbsaffiliates/app/dashboard/consultant/layout.tsx(48,33): error TS7026: JSX element implicitly has type 'any' because no interface 'JSX.IntrinsicElements' exists.
../247gbsaffiliates/app/dashboard/consultant/layout.tsx(48,88): error TS7026: JSX element implicitly has type 'any' because no interface 'JSX.IntrinsicElements' exists.
../247gbsaffiliates/app/dashboard/consultant/layout.tsx(53,17): error TS7026: JSX element implicitly has type 'any' because no interface 'JSX.IntrinsicElements' exists.
../247gbsaffiliates/app/dashboard/consultant/layout.tsx(54,17): error TS7026: JSX element implicitly has type 'any' because no interface 'JSX.IntrinsicElements' exists.
../247gbsaffiliates/app/dashboard/consultant/layout.tsx(56,17): error TS7026: JSX element implicitly has type 'any' because no interface 'JSX.IntrinsicElements' exists.
../247gbsaffiliates/app/dashboard/consultant/layout.tsx(57,13): error TS7026: JSX element implicitly has type 'any' because no interface 'JSX.IntrinsicElements' exists.
../247gbsaffiliates/app/dashboard/consultant/layout.tsx(60,13): error TS7026: JSX element implicitly has type 'any' because no interface 'JSX.IntrinsicElements' exists.
../247gbsaffiliates/app/dashboard/consultant/layout.tsx(62,17): error TS7026: JSX element implicitly has type 'any' because no interface 'JSX.IntrinsicElements' exists.
../247gbsaffiliates/app/dashboard/consultant/layout.tsx(64,17): error TS7026: JSX element implicitly has type 'any' because no interface 'JSX.IntrinsicElements' exists.
../247gbsaffiliates/app/dashboard/consultant/layout.tsx(65,13): error TS7026: JSX element implicitly has type 'any' because no interface 'JSX.IntrinsicElements' exists.
../247gbsaffiliates/app/dashboard/consultant/layout.tsx(66,9): error TS7026: JSX element implicitly has type 'any' because no interface 'JSX.IntrinsicElements' exists.
../247gbsaffiliates/app/dashboard/consultant/page.tsx(3,9): error TS2875: This JSX tag requires the module path 'react/jsx-runtime' to exist, but none could be found. Make sure you have types for the appropriate package installed.
../247gbsaffiliates/app/dashboard/consultant/page.tsx(4,13): error TS7026: JSX element implicitly has type 'any' because no interface 'JSX.IntrinsicElements' exists.
../247gbsaffiliates/app/dashboard/consultant/page.tsx(5,17): error TS7026: JSX element implicitly has type 'any' because no interface 'JSX.IntrinsicElements' exists.
../247gbsaffiliates/app/dashboard/consultant/page.tsx(7,17): error TS7026: JSX element implicitly has type 'any' because no interface 'JSX.IntrinsicElements' exists.
../247gbsaffiliates/app/dashboard/consultant/page.tsx(8,17): error TS7026: JSX element implicitly has type 'any' because no interface 'JSX.IntrinsicElements' exists.
../247gbsaffiliates/app/dashboard/consultant/page.tsx(11,17): error TS7026: JSX element implicitly has type 'any' because no interface 'JSX.IntrinsicElements' exists.
../247gbsaffiliates/app/dashboard/consultant/page.tsx(12,13): error TS7026: JSX element implicitly has type 'any' because no interface 'JSX.IntrinsicElements' exists.
../247gbsaffiliates/app/dashboard/consultant/page.tsx(13,13): error TS7026: JSX element implicitly has type 'any' because no interface 'JSX.IntrinsicElements' exists.
../247gbsaffiliates/app/dashboard/consultant/page.tsx(14,17): error TS7026: JSX element implicitly has type 'any' because no interface 'JSX.IntrinsicElements' exists.
../247gbsaffiliates/app/dashboard/consultant/page.tsx(16,17): error TS7026: JSX element implicitly has type 'any' because no interface 'JSX.IntrinsicElements' exists.
../247gbsaffiliates/app/dashboard/consultant/page.tsx(17,17): error TS7026: JSX element implicitly has type 'any' because no interface 'JSX.IntrinsicElements' exists.
../247gbsaffiliates/app/dashboard/consultant/page.tsx(18,21): error TS7026: JSX element implicitly has type 'any' because no interface 'JSX.IntrinsicElements' exists.
../247gbsaffiliates/app/dashboard/consultant/page.tsx(19,25): error TS7026: JSX element implicitly has type 'any' because no interface 'JSX.IntrinsicElements' exists.
../247gbsaffiliates/app/dashboard/consultant/page.tsx(19,82): error TS7026: JSX element implicitly has type 'any' because no interface 'JSX.IntrinsicElements' exists.
../247gbsaffiliates/app/dashboard/consultant/page.tsx(20,25): error TS7026: JSX element implicitly has type 'any' because no interface 'JSX.IntrinsicElements' exists.
../247gbsaffiliates/app/dashboard/consultant/page.tsx(20,119): error TS7026: JSX element implicitly has type 'any' because no interface 'JSX.IntrinsicElements' exists.
../247gbsaffiliates/app/dashboard/consultant/page.tsx(21,21): error TS7026: JSX element implicitly has type 'any' because no interface 'JSX.IntrinsicElements' exists.
../247gbsaffiliates/app/dashboard/consultant/page.tsx(22,21): error TS7026: JSX element implicitly has type 'any' because no interface 'JSX.IntrinsicElements' exists.
../247gbsaffiliates/app/dashboard/consultant/page.tsx(23,25): error TS7026: JSX element implicitly has type 'any' because no interface 'JSX.IntrinsicElements' exists.
../247gbsaffiliates/app/dashboard/consultant/page.tsx(24,29): error TS7026: JSX element implicitly has type 'any' because no interface 'JSX.IntrinsicElements' exists.
../247gbsaffiliates/app/dashboard/consultant/page.tsx(24,90): error TS7026: JSX element implicitly has type 'any' because no interface 'JSX.IntrinsicElements' exists.
../247gbsaffiliates/app/dashboard/consultant/page.tsx(25,29): error TS7026: JSX element implicitly has type 'any' because no interface 'JSX.IntrinsicElements' exists.
../247gbsaffiliates/app/dashboard/consultant/page.tsx(27,29): error TS7026: JSX element implicitly has type 'any' because no interface 'JSX.IntrinsicElements' exists.
../247gbsaffiliates/app/dashboard/consultant/page.tsx(28,25): error TS7026: JSX element implicitly has type 'any' because no interface 'JSX.IntrinsicElements' exists.
../247gbsaffiliates/app/dashboard/consultant/page.tsx(29,25): error TS7026: JSX element implicitly has type 'any' because no interface 'JSX.IntrinsicElements' exists.
../247gbsaffiliates/app/dashboard/consultant/page.tsx(30,29): error TS7026: JSX element implicitly has type 'any' because no interface 'JSX.IntrinsicElements' exists.
../247gbsaffiliates/app/dashboard/consultant/page.tsx(35,25): error TS7026: JSX element implicitly has type 'any' because no interface 'JSX.IntrinsicElements' exists.
../247gbsaffiliates/app/dashboard/consultant/page.tsx(36,21): error TS7026: JSX element implicitly has type 'any' because no interface 'JSX.IntrinsicElements' exists.
../247gbsaffiliates/app/dashboard/consultant/page.tsx(37,17): error TS7026: JSX element implicitly has type 'any' because no interface 'JSX.IntrinsicElements' exists.
../247gbsaffiliates/app/dashboard/consultant/page.tsx(38,13): error TS7026: JSX element implicitly has type 'any' because no interface 'JSX.IntrinsicElements' exists.
../247gbsaffiliates/app/dashboard/consultant/page.tsx(39,13): error TS7026: JSX element implicitly has type 'any' because no interface 'JSX.IntrinsicElements' exists.
../247gbsaffiliates/app/dashboard/consultant/page.tsx(40,17): error TS7026: JSX element implicitly has type 'any' because no interface 'JSX.IntrinsicElements' exists.
../247gbsaffiliates/app/dashboard/consultant/page.tsx(42,21): error TS7026: JSX element implicitly has type 'any' because no interface 'JSX.IntrinsicElements' exists.
../247gbsaffiliates/app/dashboard/consultant/page.tsx(43,25): error TS7026: JSX element implicitly has type 'any' because no interface 'JSX.IntrinsicElements' exists.
../247gbsaffiliates/app/dashboard/consultant/page.tsx(44,29): error TS7026: JSX element implicitly has type 'any' because no interface 'JSX.IntrinsicElements' exists.
../247gbsaffiliates/app/dashboard/consultant/page.tsx(45,33): error TS7026: JSX element implicitly has type 'any' because no interface 'JSX.IntrinsicElements' exists.
../247gbsaffiliates/app/dashboard/consultant/page.tsx(47,33): error TS7026: JSX element implicitly has type 'any' because no interface 'JSX.IntrinsicElements' exists.
../247gbsaffiliates/app/dashboard/consultant/page.tsx(48,29): error TS7026: JSX element implicitly has type 'any' because no interface 'JSX.IntrinsicElements' exists.
../247gbsaffiliates/app/dashboard/consultant/page.tsx(49,29): error TS7026: JSX element implicitly has type 'any' because no interface 'JSX.IntrinsicElements' exists.
../247gbsaffiliates/app/dashboard/consultant/page.tsx(50,33): error TS7026: JSX element implicitly has type 'any' because no interface 'JSX.IntrinsicElements' exists.
../247gbsaffiliates/app/dashboard/consultant/page.tsx(52,33): error TS7026: JSX element implicitly has type 'any' because no interface 'JSX.IntrinsicElements' exists.
../247gbsaffiliates/app/dashboard/consultant/page.tsx(53,33): error TS7026: JSX element implicitly has type 'any' because no interface 'JSX.IntrinsicElements' exists.
../247gbsaffiliates/app/dashboard/consultant/page.tsx(53,90): error TS7026: JSX element implicitly has type 'any' because no interface 'JSX.IntrinsicElements' exists.
../247gbsaffiliates/app/dashboard/consultant/page.tsx(54,33): error TS7026: JSX element implicitly has type 'any' because no interface 'JSX.IntrinsicElements' exists.
../247gbsaffiliates/app/dashboard/consultant/page.tsx(56,33): error TS7026: JSX element implicitly has type 'any' because no interface 'JSX.IntrinsicElements' exists.
../247gbsaffiliates/app/dashboard/consultant/page.tsx(57,29): error TS7026: JSX element implicitly has type 'any' because no interface 'JSX.IntrinsicElements' exists.
../247gbsaffiliates/app/dashboard/consultant/page.tsx(58,25): error TS7026: JSX element implicitly has type 'any' because no interface 'JSX.IntrinsicElements' exists.
../247gbsaffiliates/app/dashboard/consultant/page.tsx(59,25): error TS7026: JSX element implicitly has type 'any' because no interface 'JSX.IntrinsicElements' exists.
../247gbsaffiliates/app/dashboard/consultant/page.tsx(60,29): error TS7026: JSX element implicitly has type 'any' because no interface 'JSX.IntrinsicElements' exists.
../247gbsaffiliates/app/dashboard/consultant/page.tsx(61,33): error TS7026: JSX element implicitly has type 'any' because no interface 'JSX.IntrinsicElements' exists.
../247gbsaffiliates/app/dashboard/consultant/page.tsx(61,90): error TS7026: JSX element implicitly has type 'any' because no interface 'JSX.IntrinsicElements' exists.
../247gbsaffiliates/app/dashboard/consultant/page.tsx(62,29): error TS7026: JSX element implicitly has type 'any' because no interface 'JSX.IntrinsicElements' exists.
../247gbsaffiliates/app/dashboard/consultant/page.tsx(63,29): error TS7026: JSX element implicitly has type 'any' because no interface 'JSX.IntrinsicElements' exists.
../247gbsaffiliates/app/dashboard/consultant/page.tsx(64,33): error TS7026: JSX element implicitly has type 'any' because no interface 'JSX.IntrinsicElements' exists.
../247gbsaffiliates/app/dashboard/consultant/page.tsx(66,33): error TS7026: JSX element implicitly has type 'any' because no interface 'JSX.IntrinsicElements' exists.
../247gbsaffiliates/app/dashboard/consultant/page.tsx(67,33): error TS7026: JSX element implicitly has type 'any' because no interface 'JSX.IntrinsicElements' exists.
../247gbsaffiliates/app/dashboard/consultant/page.tsx(68,37): error TS7026: JSX element implicitly has type 'any' because no interface 'JSX.IntrinsicElements' exists.
../247gbsaffiliates/app/dashboard/consultant/page.tsx(68,89): error TS7026: JSX element implicitly has type 'any' because no interface 'JSX.IntrinsicElements' exists.
../247gbsaffiliates/app/dashboard/consultant/page.tsx(69,37): error TS7026: JSX element implicitly has type 'any' because no interface 'JSX.IntrinsicElements' exists.
../247gbsaffiliates/app/dashboard/consultant/page.tsx(71,37): error TS7026: JSX element implicitly has type 'any' because no interface 'JSX.IntrinsicElements' exists.
../247gbsaffiliates/app/dashboard/consultant/page.tsx(72,33): error TS7026: JSX element implicitly has type 'any' because no interface 'JSX.IntrinsicElements' exists.
../247gbsaffiliates/app/dashboard/consultant/page.tsx(73,33): error TS7026: JSX element implicitly has type 'any' because no interface 'JSX.IntrinsicElements' exists.
../247gbsaffiliates/app/dashboard/consultant/page.tsx(74,37): error TS7026: JSX element implicitly has type 'any' because no interface 'JSX.IntrinsicElements' exists.
../247gbsaffiliates/app/dashboard/consultant/page.tsx(77,38): error TS7026: JSX element implicitly has type 'any' because no interface 'JSX.IntrinsicElements' exists.
../247gbsaffiliates/app/dashboard/consultant/page.tsx(78,33): error TS7026: JSX element implicitly has type 'any' because no interface 'JSX.IntrinsicElements' exists.
../247gbsaffiliates/app/dashboard/consultant/page.tsx(79,29): error TS7026: JSX element implicitly has type 'any' because no interface 'JSX.IntrinsicElements' exists.
../247gbsaffiliates/app/dashboard/consultant/page.tsx(80,25): error TS7026: JSX element implicitly has type 'any' because no interface 'JSX.IntrinsicElements' exists.
../247gbsaffiliates/app/dashboard/consultant/page.tsx(81,25): error TS7026: JSX element implicitly has type 'any' because no interface 'JSX.IntrinsicElements' exists.
../247gbsaffiliates/app/dashboard/consultant/page.tsx(82,29): error TS7026: JSX element implicitly has type 'any' because no interface 'JSX.IntrinsicElements' exists.
../247gbsaffiliates/app/dashboard/consultant/page.tsx(83,33): error TS7026: JSX element implicitly has type 'any' because no interface 'JSX.IntrinsicElements' exists.
../247gbsaffiliates/app/dashboard/consultant/page.tsx(85,33): error TS7026: JSX element implicitly has type 'any' because no interface 'JSX.IntrinsicElements' exists.
../247gbsaffiliates/app/dashboard/consultant/page.tsx(86,29): error TS7026: JSX element implicitly has type 'any' because no interface 'JSX.IntrinsicElements' exists.
../247gbsaffiliates/app/dashboard/consultant/page.tsx(87,29): error TS7026: JSX element implicitly has type 'any' because no interface 'JSX.IntrinsicElements' exists.
../247gbsaffiliates/app/dashboard/consultant/page.tsx(88,33): error TS7026: JSX element implicitly has type 'any' because no interface 'JSX.IntrinsicElements' exists.
../247gbsaffiliates/app/dashboard/consultant/page.tsx(90,33): error TS7026: JSX element implicitly has type 'any' because no interface 'JSX.IntrinsicElements' exists.
../247gbsaffiliates/app/dashboard/consultant/page.tsx(91,33): error TS7026: JSX element implicitly has type 'any' because no interface 'JSX.IntrinsicElements' exists.
../247gbsaffiliates/app/dashboard/consultant/page.tsx(91,85): error TS7026: JSX element implicitly has type 'any' because no interface 'JSX.IntrinsicElements' exists.
../247gbsaffiliates/app/dashboard/consultant/page.tsx(92,33): error TS7026: JSX element implicitly has type 'any' because no interface 'JSX.IntrinsicElements' exists.
../247gbsaffiliates/app/dashboard/consultant/page.tsx(94,33): error TS7026: JSX element implicitly has type 'any' because no interface 'JSX.IntrinsicElements' exists.
../247gbsaffiliates/app/dashboard/consultant/page.tsx(95,29): error TS7026: JSX element implicitly has type 'any' because no interface 'JSX.IntrinsicElements' exists.
../247gbsaffiliates/app/dashboard/consultant/page.tsx(96,25): error TS7026: JSX element implicitly has type 'any' because no interface 'JSX.IntrinsicElements' exists.
../247gbsaffiliates/app/dashboard/consultant/page.tsx(97,21): error TS7026: JSX element implicitly has type 'any' because no interface 'JSX.IntrinsicElements' exists.
../247gbsaffiliates/app/dashboard/consultant/page.tsx(99,21): error TS7026: JSX element implicitly has type 'any' because no interface 'JSX.IntrinsicElements' exists.
../247gbsaffiliates/app/dashboard/consultant/page.tsx(101,25): error TS7026: JSX element implicitly has type 'any' because no interface 'JSX.IntrinsicElements' exists.
../247gbsaffiliates/app/dashboard/consultant/page.tsx(102,29): error TS7026: JSX element implicitly has type 'any' because no interface 'JSX.IntrinsicElements' exists.
../247gbsaffiliates/app/dashboard/consultant/page.tsx(103,33): error TS7026: JSX element implicitly has type 'any' because no interface 'JSX.IntrinsicElements' exists.
../247gbsaffiliates/app/dashboard/consultant/page.tsx(104,37): error TS7026: JSX element implicitly has type 'any' because no interface 'JSX.IntrinsicElements' exists.
../247gbsaffiliates/app/dashboard/consultant/page.tsx(105,41): error TS7026: JSX element implicitly has type 'any' because no interface 'JSX.IntrinsicElements' exists.
../247gbsaffiliates/app/dashboard/consultant/page.tsx(107,41): error TS7026: JSX element implicitly has type 'any' because no interface 'JSX.IntrinsicElements' exists.
../247gbsaffiliates/app/dashboard/consultant/page.tsx(109,37): error TS7026: JSX element implicitly has type 'any' because no interface 'JSX.IntrinsicElements' exists.
../247gbsaffiliates/app/dashboard/consultant/page.tsx(110,37): error TS7026: JSX element implicitly has type 'any' because no interface 'JSX.IntrinsicElements' exists.
../247gbsaffiliates/app/dashboard/consultant/page.tsx(111,41): error TS7026: JSX element implicitly has type 'any' because no interface 'JSX.IntrinsicElements' exists.
../247gbsaffiliates/app/dashboard/consultant/page.tsx(112,45): error TS7026: JSX element implicitly has type 'any' because no interface 'JSX.IntrinsicElements' exists.
../247gbsaffiliates/app/dashboard/consultant/page.tsx(114,45): error TS7026: JSX element implicitly has type 'any' because no interface 'JSX.IntrinsicElements' exists.
../247gbsaffiliates/app/dashboard/consultant/page.tsx(115,41): error TS7026: JSX element implicitly has type 'any' because no interface 'JSX.IntrinsicElements' exists.
../247gbsaffiliates/app/dashboard/consultant/page.tsx(116,41): error TS7026: JSX element implicitly has type 'any' because no interface 'JSX.IntrinsicElements' exists.
../247gbsaffiliates/app/dashboard/consultant/page.tsx(118,41): error TS7026: JSX element implicitly has type 'any' because no interface 'JSX.IntrinsicElements' exists.
../247gbsaffiliates/app/dashboard/consultant/page.tsx(119,41): error TS7026: JSX element implicitly has type 'any' because no interface 'JSX.IntrinsicElements' exists.
../247gbsaffiliates/app/dashboard/consultant/page.tsx(120,45): error TS7026: JSX element implicitly has type 'any' because no interface 'JSX.IntrinsicElements' exists.
../247gbsaffiliates/app/dashboard/consultant/page.tsx(122,45): error TS7026: JSX element implicitly has type 'any' because no interface 'JSX.IntrinsicElements' exists.
../247gbsaffiliates/app/dashboard/consultant/page.tsx(123,41): error TS7026: JSX element implicitly has type 'any' because no interface 'JSX.IntrinsicElements' exists.
../247gbsaffiliates/app/dashboard/consultant/page.tsx(124,37): error TS7026: JSX element implicitly has type 'any' because no interface 'JSX.IntrinsicElements' exists.
../247gbsaffiliates/app/dashboard/consultant/page.tsx(125,33): error TS7026: JSX element implicitly has type 'any' because no interface 'JSX.IntrinsicElements' exists.
../247gbsaffiliates/app/dashboard/consultant/page.tsx(126,33): error TS7026: JSX element implicitly has type 'any' because no interface 'JSX.IntrinsicElements' exists.
../247gbsaffiliates/app/dashboard/consultant/page.tsx(127,37): error TS7026: JSX element implicitly has type 'any' because no interface 'JSX.IntrinsicElements' exists.
../247gbsaffiliates/app/dashboard/consultant/page.tsx(130,49): error TS7026: JSX element implicitly has type 'any' because no interface 'JSX.IntrinsicElements' exists.
../247gbsaffiliates/app/dashboard/consultant/page.tsx(135,49): error TS7026: JSX element implicitly has type 'any' because no interface 'JSX.IntrinsicElements' exists.
../247gbsaffiliates/app/dashboard/consultant/page.tsx(140,45): error TS7026: JSX element implicitly has type 'any' because no interface 'JSX.IntrinsicElements' exists.
../247gbsaffiliates/app/dashboard/consultant/page.tsx(145,45): error TS7026: JSX element implicitly has type 'any' because no interface 'JSX.IntrinsicElements' exists.
../247gbsaffiliates/app/dashboard/consultant/page.tsx(148,45): error TS7026: JSX element implicitly has type 'any' because no interface 'JSX.IntrinsicElements' exists.
../247gbsaffiliates/app/dashboard/consultant/page.tsx(153,45): error TS7026: JSX element implicitly has type 'any' because no interface 'JSX.IntrinsicElements' exists.
../247gbsaffiliates/app/dashboard/consultant/page.tsx(155,41): error TS7026: JSX element implicitly has type 'any' because no interface 'JSX.IntrinsicElements' exists.
../247gbsaffiliates/app/dashboard/consultant/page.tsx(157,45): error TS7026: JSX element implicitly has type 'any' because no interface 'JSX.IntrinsicElements' exists.
../247gbsaffiliates/app/dashboard/consultant/page.tsx(159,45): error TS7026: JSX element implicitly has type 'any' because no interface 'JSX.IntrinsicElements' exists.
../247gbsaffiliates/app/dashboard/consultant/page.tsx(160,41): error TS7026: JSX element implicitly has type 'any' because no interface 'JSX.IntrinsicElements' exists.
../247gbsaffiliates/app/dashboard/consultant/page.tsx(161,41): error TS7026: JSX element implicitly has type 'any' because no interface 'JSX.IntrinsicElements' exists.
../247gbsaffiliates/app/dashboard/consultant/page.tsx(163,41): error TS7026: JSX element implicitly has type 'any' because no interface 'JSX.IntrinsicElements' exists.
../247gbsaffiliates/app/dashboard/consultant/page.tsx(164,41): error TS7026: JSX element implicitly has type 'any' because no interface 'JSX.IntrinsicElements' exists.
../247gbsaffiliates/app/dashboard/consultant/page.tsx(166,45): error TS7026: JSX element implicitly has type 'any' because no interface 'JSX.IntrinsicElements' exists.
../247gbsaffiliates/app/dashboard/consultant/page.tsx(168,45): error TS7026: JSX element implicitly has type 'any' because no interface 'JSX.IntrinsicElements' exists.
../247gbsaffiliates/app/dashboard/consultant/page.tsx(169,41): error TS7026: JSX element implicitly has type 'any' because no interface 'JSX.IntrinsicElements' exists.
../247gbsaffiliates/app/dashboard/consultant/page.tsx(171,45): error TS7026: JSX element implicitly has type 'any' because no interface 'JSX.IntrinsicElements' exists.
../247gbsaffiliates/app/dashboard/consultant/page.tsx(176,45): error TS7026: JSX element implicitly has type 'any' because no interface 'JSX.IntrinsicElements' exists.
../247gbsaffiliates/app/dashboard/consultant/page.tsx(178,37): error TS7026: JSX element implicitly has type 'any' because no interface 'JSX.IntrinsicElements' exists.
../247gbsaffiliates/app/dashboard/consultant/page.tsx(179,33): error TS7026: JSX element implicitly has type 'any' because no interface 'JSX.IntrinsicElements' exists.
../247gbsaffiliates/app/dashboard/consultant/page.tsx(180,29): error TS7026: JSX element implicitly has type 'any' because no interface 'JSX.IntrinsicElements' exists.
../247gbsaffiliates/app/dashboard/consultant/page.tsx(181,25): error TS7026: JSX element implicitly has type 'any' because no interface 'JSX.IntrinsicElements' exists.
../247gbsaffiliates/app/dashboard/consultant/page.tsx(184,25): error TS7026: JSX element implicitly has type 'any' because no interface 'JSX.IntrinsicElements' exists.
../247gbsaffiliates/app/dashboard/consultant/page.tsx(185,29): error TS7026: JSX element implicitly has type 'any' because no interface 'JSX.IntrinsicElements' exists.
../247gbsaffiliates/app/dashboard/consultant/page.tsx(186,33): error TS7026: JSX element implicitly has type 'any' because no interface 'JSX.IntrinsicElements' exists.
../247gbsaffiliates/app/dashboard/consultant/page.tsx(187,37): error TS7026: JSX element implicitly has type 'any' because no interface 'JSX.IntrinsicElements' exists.
../247gbsaffiliates/app/dashboard/consultant/page.tsx(187,57): error TS7026: JSX element implicitly has type 'any' because no interface 'JSX.IntrinsicElements' exists.
../247gbsaffiliates/app/dashboard/consultant/page.tsx(188,37): error TS7026: JSX element implicitly has type 'any' because no interface 'JSX.IntrinsicElements' exists.
../247gbsaffiliates/app/dashboard/consultant/page.tsx(193,37): error TS7026: JSX element implicitly has type 'any' because no interface 'JSX.IntrinsicElements' exists.
../247gbsaffiliates/app/dashboard/consultant/page.tsx(194,33): error TS7026: JSX element implicitly has type 'any' because no interface 'JSX.IntrinsicElements' exists.
../247gbsaffiliates/app/dashboard/consultant/page.tsx(195,33): error TS7026: JSX element implicitly has type 'any' because no interface 'JSX.IntrinsicElements' exists.
../247gbsaffiliates/app/dashboard/consultant/page.tsx(197,37): error TS7026: JSX element implicitly has type 'any' because no interface 'JSX.IntrinsicElements' exists.
../247gbsaffiliates/app/dashboard/consultant/page.tsx(198,41): error TS7026: JSX element implicitly has type 'any' because no interface 'JSX.IntrinsicElements' exists.
../247gbsaffiliates/app/dashboard/consultant/page.tsx(199,45): error TS7026: JSX element implicitly has type 'any' because no interface 'JSX.IntrinsicElements' exists.
../247gbsaffiliates/app/dashboard/consultant/page.tsx(200,49): error TS7026: JSX element implicitly has type 'any' because no interface 'JSX.IntrinsicElements' exists.
../247gbsaffiliates/app/dashboard/consultant/page.tsx(205,45): error TS7026: JSX element implicitly has type 'any' because no interface 'JSX.IntrinsicElements' exists.
../247gbsaffiliates/app/dashboard/consultant/page.tsx(206,45): error TS7026: JSX element implicitly has type 'any' because no interface 'JSX.IntrinsicElements' exists.
../247gbsaffiliates/app/dashboard/consultant/page.tsx(207,49): error TS7026: JSX element implicitly has type 'any' because no interface 'JSX.IntrinsicElements' exists.
../247gbsaffiliates/app/dashboard/consultant/page.tsx(209,49): error TS7026: JSX element implicitly has type 'any' because no interface 'JSX.IntrinsicElements' exists.
../247gbsaffiliates/app/dashboard/consultant/page.tsx(210,49): error TS7026: JSX element implicitly has type 'any' because no interface 'JSX.IntrinsicElements' exists.
../247gbsaffiliates/app/dashboard/consultant/page.tsx(212,49): error TS7026: JSX element implicitly has type 'any' because no interface 'JSX.IntrinsicElements' exists.
../247gbsaffiliates/app/dashboard/consultant/page.tsx(213,45): error TS7026: JSX element implicitly has type 'any' because no interface 'JSX.IntrinsicElements' exists.
../247gbsaffiliates/app/dashboard/consultant/page.tsx(214,41): error TS7026: JSX element implicitly has type 'any' because no interface 'JSX.IntrinsicElements' exists.
../247gbsaffiliates/app/dashboard/consultant/page.tsx(215,41): error TS7026: JSX element implicitly has type 'any' because no interface 'JSX.IntrinsicElements' exists.
../247gbsaffiliates/app/dashboard/consultant/page.tsx(216,45): error TS7026: JSX element implicitly has type 'any' because no interface 'JSX.IntrinsicElements' exists.
../247gbsaffiliates/app/dashboard/consultant/page.tsx(217,49): error TS7026: JSX element implicitly has type 'any' because no interface 'JSX.IntrinsicElements' exists.
../247gbsaffiliates/app/dashboard/consultant/page.tsx(219,49): error TS7026: JSX element implicitly has type 'any' because no interface 'JSX.IntrinsicElements' exists.
../247gbsaffiliates/app/dashboard/consultant/page.tsx(221,45): error TS7026: JSX element implicitly has type 'any' because no interface 'JSX.IntrinsicElements' exists.
../247gbsaffiliates/app/dashboard/consultant/page.tsx(222,45): error TS7026: JSX element implicitly has type 'any' because no interface 'JSX.IntrinsicElements' exists.
../247gbsaffiliates/app/dashboard/consultant/page.tsx(224,45): error TS7026: JSX element implicitly has type 'any' because no interface 'JSX.IntrinsicElements' exists.
../247gbsaffiliates/app/dashboard/consultant/page.tsx(225,41): error TS7026: JSX element implicitly has type 'any' because no interface 'JSX.IntrinsicElements' exists.
../247gbsaffiliates/app/dashboard/consultant/page.tsx(226,37): error TS7026: JSX element implicitly has type 'any' because no interface 'JSX.IntrinsicElements' exists.
../247gbsaffiliates/app/dashboard/consultant/page.tsx(229,37): error TS7026: JSX element implicitly has type 'any' because no interface 'JSX.IntrinsicElements' exists.
../247gbsaffiliates/app/dashboard/consultant/page.tsx(230,41): error TS7026: JSX element implicitly has type 'any' because no interface 'JSX.IntrinsicElements' exists.
../247gbsaffiliates/app/dashboard/consultant/page.tsx(231,45): error TS7026: JSX element implicitly has type 'any' because no interface 'JSX.IntrinsicElements' exists.
../247gbsaffiliates/app/dashboard/consultant/page.tsx(232,49): error TS7026: JSX element implicitly has type 'any' because no interface 'JSX.IntrinsicElements' exists.
../247gbsaffiliates/app/dashboard/consultant/page.tsx(237,45): error TS7026: JSX element implicitly has type 'any' because no interface 'JSX.IntrinsicElements' exists.
../247gbsaffiliates/app/dashboard/consultant/page.tsx(238,45): error TS7026: JSX element implicitly has type 'any' because no interface 'JSX.IntrinsicElements' exists.
../247gbsaffiliates/app/dashboard/consultant/page.tsx(239,49): error TS7026: JSX element implicitly has type 'any' because no interface 'JSX.IntrinsicElements' exists.
../247gbsaffiliates/app/dashboard/consultant/page.tsx(241,49): error TS7026: JSX element implicitly has type 'any' because no interface 'JSX.IntrinsicElements' exists.
../247gbsaffiliates/app/dashboard/consultant/page.tsx(242,49): error TS7026: JSX element implicitly has type 'any' because no interface 'JSX.IntrinsicElements' exists.
../247gbsaffiliates/app/dashboard/consultant/page.tsx(244,49): error TS7026: JSX element implicitly has type 'any' because no interface 'JSX.IntrinsicElements' exists.
../247gbsaffiliates/app/dashboard/consultant/page.tsx(245,45): error TS7026: JSX element implicitly has type 'any' because no interface 'JSX.IntrinsicElements' exists.
../247gbsaffiliates/app/dashboard/consultant/page.tsx(246,41): error TS7026: JSX element implicitly has type 'any' because no interface 'JSX.IntrinsicElements' exists.
../247gbsaffiliates/app/dashboard/consultant/page.tsx(247,41): error TS7026: JSX element implicitly has type 'any' because no interface 'JSX.IntrinsicElements' exists.
../247gbsaffiliates/app/dashboard/consultant/page.tsx(248,45): error TS7026: JSX element implicitly has type 'any' because no interface 'JSX.IntrinsicElements' exists.
../247gbsaffiliates/app/dashboard/consultant/page.tsx(249,49): error TS7026: JSX element implicitly has type 'any' because no interface 'JSX.IntrinsicElements' exists.
../247gbsaffiliates/app/dashboard/consultant/page.tsx(251,49): error TS7026: JSX element implicitly has type 'any' because no interface 'JSX.IntrinsicElements' exists.
../247gbsaffiliates/app/dashboard/consultant/page.tsx(253,45): error TS7026: JSX element implicitly has type 'any' because no interface 'JSX.IntrinsicElements' exists.
../247gbsaffiliates/app/dashboard/consultant/page.tsx(254,45): error TS7026: JSX element implicitly has type 'any' because no interface 'JSX.IntrinsicElements' exists.
../247gbsaffiliates/app/dashboard/consultant/page.tsx(256,45): error TS7026: JSX element implicitly has type 'any' because no interface 'JSX.IntrinsicElements' exists.
../247gbsaffiliates/app/dashboard/consultant/page.tsx(257,41): error TS7026: JSX element implicitly has type 'any' because no interface 'JSX.IntrinsicElements' exists.
../247gbsaffiliates/app/dashboard/consultant/page.tsx(258,37): error TS7026: JSX element implicitly has type 'any' because no interface 'JSX.IntrinsicElements' exists.
../247gbsaffiliates/app/dashboard/consultant/page.tsx(259,33): error TS7026: JSX element implicitly has type 'any' because no interface 'JSX.IntrinsicElements' exists.
../247gbsaffiliates/app/dashboard/consultant/page.tsx(260,29): error TS7026: JSX element implicitly has type 'any' because no interface 'JSX.IntrinsicElements' exists.
../247gbsaffiliates/app/dashboard/consultant/page.tsx(263,29): error TS7026: JSX element implicitly has type 'any' because no interface 'JSX.IntrinsicElements' exists.
../247gbsaffiliates/app/dashboard/consultant/page.tsx(264,33): error TS7026: JSX element implicitly has type 'any' because no interface 'JSX.IntrinsicElements' exists.
../247gbsaffiliates/app/dashboard/consultant/page.tsx(264,85): error TS7026: JSX element implicitly has type 'any' because no interface 'JSX.IntrinsicElements' exists.
../247gbsaffiliates/app/dashboard/consultant/page.tsx(265,33): error TS7026: JSX element implicitly has type 'any' because no interface 'JSX.IntrinsicElements' exists.
../247gbsaffiliates/app/dashboard/consultant/page.tsx(266,37): error TS7026: JSX element implicitly has type 'any' because no interface 'JSX.IntrinsicElements' exists.
../247gbsaffiliates/app/dashboard/consultant/page.tsx(267,41): error TS7026: JSX element implicitly has type 'any' because no interface 'JSX.IntrinsicElements' exists.
../247gbsaffiliates/app/dashboard/consultant/page.tsx(269,41): error TS7026: JSX element implicitly has type 'any' because no interface 'JSX.IntrinsicElements' exists.
../247gbsaffiliates/app/dashboard/consultant/page.tsx(270,41): error TS7026: JSX element implicitly has type 'any' because no interface 'JSX.IntrinsicElements' exists.
../247gbsaffiliates/app/dashboard/consultant/page.tsx(270,92): error TS7026: JSX element implicitly has type 'any' because no interface 'JSX.IntrinsicElements' exists.
../247gbsaffiliates/app/dashboard/consultant/page.tsx(271,37): error TS7026: JSX element implicitly has type 'any' because no interface 'JSX.IntrinsicElements' exists.
../247gbsaffiliates/app/dashboard/consultant/page.tsx(272,37): error TS7026: JSX element implicitly has type 'any' because no interface 'JSX.IntrinsicElements' exists.
../247gbsaffiliates/app/dashboard/consultant/page.tsx(273,41): error TS7026: JSX element implicitly has type 'any' because no interface 'JSX.IntrinsicElements' exists.
../247gbsaffiliates/app/dashboard/consultant/page.tsx(275,41): error TS7026: JSX element implicitly has type 'any' because no interface 'JSX.IntrinsicElements' exists.
../247gbsaffiliates/app/dashboard/consultant/page.tsx(276,41): error TS7026: JSX element implicitly has type 'any' because no interface 'JSX.IntrinsicElements' exists.
../247gbsaffiliates/app/dashboard/consultant/page.tsx(276,88): error TS7026: JSX element implicitly has type 'any' because no interface 'JSX.IntrinsicElements' exists.
../247gbsaffiliates/app/dashboard/consultant/page.tsx(277,37): error TS7026: JSX element implicitly has type 'any' because no interface 'JSX.IntrinsicElements' exists.
../247gbsaffiliates/app/dashboard/consultant/page.tsx(278,33): error TS7026: JSX element implicitly has type 'any' because no interface 'JSX.IntrinsicElements' exists.
../247gbsaffiliates/app/dashboard/consultant/page.tsx(279,29): error TS7026: JSX element implicitly has type 'any' because no interface 'JSX.IntrinsicElements' exists.
../247gbsaffiliates/app/dashboard/consultant/page.tsx(280,25): error TS7026: JSX element implicitly has type 'any' because no interface 'JSX.IntrinsicElements' exists.
../247gbsaffiliates/app/dashboard/consultant/page.tsx(281,21): error TS7026: JSX element implicitly has type 'any' because no interface 'JSX.IntrinsicElements' exists.
../247gbsaffiliates/app/dashboard/consultant/page.tsx(282,17): error TS7026: JSX element implicitly has type 'any' because no interface 'JSX.IntrinsicElements' exists.
../247gbsaffiliates/app/dashboard/consultant/page.tsx(283,13): error TS7026: JSX element implicitly has type 'any' because no interface 'JSX.IntrinsicElements' exists.
../247gbsaffiliates/app/dashboard/consultant/profile/page.tsx(3,19): error TS2307: Cannot find module 'react' or its corresponding type declarations.
../247gbsaffiliates/app/dashboard/consultant/profile/page.tsx(7,9): error TS7026: JSX element implicitly has type 'any' because no interface 'JSX.IntrinsicElements' exists.
../247gbsaffiliates/app/dashboard/consultant/profile/page.tsx(7,9): error TS2875: This JSX tag requires the module path 'react/jsx-runtime' to exist, but none could be found. Make sure you have types for the appropriate package installed.
../247gbsaffiliates/app/dashboard/consultant/profile/page.tsx(8,13): error TS7026: JSX element implicitly has type 'any' because no interface 'JSX.IntrinsicElements' exists.
../247gbsaffiliates/app/dashboard/consultant/profile/page.tsx(9,17): error TS7026: JSX element implicitly has type 'any' because no interface 'JSX.IntrinsicElements' exists.
../247gbsaffiliates/app/dashboard/consultant/profile/page.tsx(9,86): error TS7026: JSX element implicitly has type 'any' because no interface 'JSX.IntrinsicElements' exists.
../247gbsaffiliates/app/dashboard/consultant/profile/page.tsx(10,17): error TS7026: JSX element implicitly has type 'any' because no interface 'JSX.IntrinsicElements' exists.
../247gbsaffiliates/app/dashboard/consultant/profile/page.tsx(10,113): error TS7026: JSX element implicitly has type 'any' because no interface 'JSX.IntrinsicElements' exists.
../247gbsaffiliates/app/dashboard/consultant/profile/page.tsx(11,13): error TS7026: JSX element implicitly has type 'any' because no interface 'JSX.IntrinsicElements' exists.
../247gbsaffiliates/app/dashboard/consultant/profile/page.tsx(13,13): error TS7026: JSX element implicitly has type 'any' because no interface 'JSX.IntrinsicElements' exists.
../247gbsaffiliates/app/dashboard/consultant/profile/page.tsx(14,17): error TS7026: JSX element implicitly has type 'any' because no interface 'JSX.IntrinsicElements' exists.
../247gbsaffiliates/app/dashboard/consultant/profile/page.tsx(15,21): error TS7026: JSX element implicitly has type 'any' because no interface 'JSX.IntrinsicElements' exists.
../247gbsaffiliates/app/dashboard/consultant/profile/page.tsx(16,25): error TS7026: JSX element implicitly has type 'any' because no interface 'JSX.IntrinsicElements' exists.
../247gbsaffiliates/app/dashboard/consultant/profile/page.tsx(21,21): error TS7026: JSX element implicitly has type 'any' because no interface 'JSX.IntrinsicElements' exists.
../247gbsaffiliates/app/dashboard/consultant/profile/page.tsx(22,21): error TS7026: JSX element implicitly has type 'any' because no interface 'JSX.IntrinsicElements' exists.
../247gbsaffiliates/app/dashboard/consultant/profile/page.tsx(23,25): error TS7026: JSX element implicitly has type 'any' because no interface 'JSX.IntrinsicElements' exists.
../247gbsaffiliates/app/dashboard/consultant/profile/page.tsx(25,25): error TS7026: JSX element implicitly has type 'any' because no interface 'JSX.IntrinsicElements' exists.
../247gbsaffiliates/app/dashboard/consultant/profile/page.tsx(26,21): error TS7026: JSX element implicitly has type 'any' because no interface 'JSX.IntrinsicElements' exists.
../247gbsaffiliates/app/dashboard/consultant/profile/page.tsx(27,17): error TS7026: JSX element implicitly has type 'any' because no interface 'JSX.IntrinsicElements' exists.
../247gbsaffiliates/app/dashboard/consultant/profile/page.tsx(29,17): error TS7026: JSX element implicitly has type 'any' because no interface 'JSX.IntrinsicElements' exists.
../247gbsaffiliates/app/dashboard/consultant/profile/page.tsx(30,21): error TS7026: JSX element implicitly has type 'any' because no interface 'JSX.IntrinsicElements' exists.
../247gbsaffiliates/app/dashboard/consultant/profile/page.tsx(31,25): error TS7026: JSX element implicitly has type 'any' because no interface 'JSX.IntrinsicElements' exists.
../247gbsaffiliates/app/dashboard/consultant/profile/page.tsx(32,29): error TS7026: JSX element implicitly has type 'any' because no interface 'JSX.IntrinsicElements' exists.
../247gbsaffiliates/app/dashboard/consultant/profile/page.tsx(32,133): error TS7026: JSX element implicitly has type 'any' because no interface 'JSX.IntrinsicElements' exists.
../247gbsaffiliates/app/dashboard/consultant/profile/page.tsx(33,29): error TS7026: JSX element implicitly has type 'any' because no interface 'JSX.IntrinsicElements' exists.
../247gbsaffiliates/app/dashboard/consultant/profile/page.tsx(34,25): error TS7026: JSX element implicitly has type 'any' because no interface 'JSX.IntrinsicElements' exists.
../247gbsaffiliates/app/dashboard/consultant/profile/page.tsx(35,25): error TS7026: JSX element implicitly has type 'any' because no interface 'JSX.IntrinsicElements' exists.
../247gbsaffiliates/app/dashboard/consultant/profile/page.tsx(36,29): error TS7026: JSX element implicitly has type 'any' because no interface 'JSX.IntrinsicElements' exists.
../247gbsaffiliates/app/dashboard/consultant/profile/page.tsx(36,132): error TS7026: JSX element implicitly has type 'any' because no interface 'JSX.IntrinsicElements' exists.
../247gbsaffiliates/app/dashboard/consultant/profile/page.tsx(37,29): error TS7026: JSX element implicitly has type 'any' because no interface 'JSX.IntrinsicElements' exists.
../247gbsaffiliates/app/dashboard/consultant/profile/page.tsx(38,25): error TS7026: JSX element implicitly has type 'any' because no interface 'JSX.IntrinsicElements' exists.
../247gbsaffiliates/app/dashboard/consultant/profile/page.tsx(39,21): error TS7026: JSX element implicitly has type 'any' because no interface 'JSX.IntrinsicElements' exists.
../247gbsaffiliates/app/dashboard/consultant/profile/page.tsx(41,21): error TS7026: JSX element implicitly has type 'any' because no interface 'JSX.IntrinsicElements' exists.
../247gbsaffiliates/app/dashboard/consultant/profile/page.tsx(42,25): error TS7026: JSX element implicitly has type 'any' because no interface 'JSX.IntrinsicElements' exists.
../247gbsaffiliates/app/dashboard/consultant/profile/page.tsx(42,128): error TS7026: JSX element implicitly has type 'any' because no interface 'JSX.IntrinsicElements' exists.
../247gbsaffiliates/app/dashboard/consultant/profile/page.tsx(43,25): error TS7026: JSX element implicitly has type 'any' because no interface 'JSX.IntrinsicElements' exists.
../247gbsaffiliates/app/dashboard/consultant/profile/page.tsx(45,33): error TS7026: JSX element implicitly has type 'any' because no interface 'JSX.IntrinsicElements' exists.
../247gbsaffiliates/app/dashboard/consultant/profile/page.tsx(47,37): error TS7026: JSX element implicitly has type 'any' because no interface 'JSX.IntrinsicElements' exists.
../247gbsaffiliates/app/dashboard/consultant/profile/page.tsx(48,41): error TS7026: JSX element implicitly has type 'any' because no interface 'JSX.IntrinsicElements' exists.
../247gbsaffiliates/app/dashboard/consultant/profile/page.tsx(48,98): error TS7026: JSX element implicitly has type 'any' because no interface 'JSX.IntrinsicElements' exists.
../247gbsaffiliates/app/dashboard/consultant/profile/page.tsx(49,37): error TS7026: JSX element implicitly has type 'any' because no interface 'JSX.IntrinsicElements' exists.
../247gbsaffiliates/app/dashboard/consultant/profile/page.tsx(50,33): error TS7026: JSX element implicitly has type 'any' because no interface 'JSX.IntrinsicElements' exists.
../247gbsaffiliates/app/dashboard/consultant/profile/page.tsx(52,25): error TS7026: JSX element implicitly has type 'any' because no interface 'JSX.IntrinsicElements' exists.
../247gbsaffiliates/app/dashboard/consultant/profile/page.tsx(53,25): error TS7026: JSX element implicitly has type 'any' because no interface 'JSX.IntrinsicElements' exists.
../247gbsaffiliates/app/dashboard/consultant/profile/page.tsx(54,21): error TS7026: JSX element implicitly has type 'any' because no interface 'JSX.IntrinsicElements' exists.
../247gbsaffiliates/app/dashboard/consultant/profile/page.tsx(56,21): error TS7026: JSX element implicitly has type 'any' because no interface 'JSX.IntrinsicElements' exists.
../247gbsaffiliates/app/dashboard/consultant/profile/page.tsx(57,25): error TS7026: JSX element implicitly has type 'any' because no interface 'JSX.IntrinsicElements' exists.
../247gbsaffiliates/app/dashboard/consultant/profile/page.tsx(57,122): error TS7026: JSX element implicitly has type 'any' because no interface 'JSX.IntrinsicElements' exists.
../247gbsaffiliates/app/dashboard/consultant/profile/page.tsx(58,25): error TS7026: JSX element implicitly has type 'any' because no interface 'JSX.IntrinsicElements' exists.
../247gbsaffiliates/app/dashboard/consultant/profile/page.tsx(59,21): error TS7026: JSX element implicitly has type 'any' because no interface 'JSX.IntrinsicElements' exists.
../247gbsaffiliates/app/dashboard/consultant/profile/page.tsx(61,21): error TS7026: JSX element implicitly has type 'any' because no interface 'JSX.IntrinsicElements' exists.
../247gbsaffiliates/app/dashboard/consultant/profile/page.tsx(62,25): error TS7026: JSX element implicitly has type 'any' because no interface 'JSX.IntrinsicElements' exists.
../247gbsaffiliates/app/dashboard/consultant/profile/page.tsx(64,25): error TS7026: JSX element implicitly has type 'any' because no interface 'JSX.IntrinsicElements' exists.
../247gbsaffiliates/app/dashboard/consultant/profile/page.tsx(65,21): error TS7026: JSX element implicitly has type 'any' because no interface 'JSX.IntrinsicElements' exists.
../247gbsaffiliates/app/dashboard/consultant/profile/page.tsx(66,17): error TS7026: JSX element implicitly has type 'any' because no interface 'JSX.IntrinsicElements' exists.
../247gbsaffiliates/app/dashboard/consultant/profile/page.tsx(67,13): error TS7026: JSX element implicitly has type 'any' because no interface 'JSX.IntrinsicElements' exists.
../247gbsaffiliates/app/dashboard/consultant/profile/page.tsx(68,9): error TS7026: JSX element implicitly has type 'any' because no interface 'JSX.IntrinsicElements' exists.
../247gbsaffiliates/app/dashboard/consultant/sessions/page.tsx(3,19): error TS2307: Cannot find module 'react' or its corresponding type declarations.
../247gbsaffiliates/app/dashboard/consultant/sessions/page.tsx(7,9): error TS7026: JSX element implicitly has type 'any' because no interface 'JSX.IntrinsicElements' exists.
../247gbsaffiliates/app/dashboard/consultant/sessions/page.tsx(7,9): error TS2875: This JSX tag requires the module path 'react/jsx-runtime' to exist, but none could be found. Make sure you have types for the appropriate package installed.
../247gbsaffiliates/app/dashboard/consultant/sessions/page.tsx(8,13): error TS7026: JSX element implicitly has type 'any' because no interface 'JSX.IntrinsicElements' exists.
../247gbsaffiliates/app/dashboard/consultant/sessions/page.tsx(9,17): error TS7026: JSX element implicitly has type 'any' because no interface 'JSX.IntrinsicElements' exists.
../247gbsaffiliates/app/dashboard/consultant/sessions/page.tsx(10,21): error TS7026: JSX element implicitly has type 'any' because no interface 'JSX.IntrinsicElements' exists.
../247gbsaffiliates/app/dashboard/consultant/sessions/page.tsx(10,80): error TS7026: JSX element implicitly has type 'any' because no interface 'JSX.IntrinsicElements' exists.
../247gbsaffiliates/app/dashboard/consultant/sessions/page.tsx(11,21): error TS7026: JSX element implicitly has type 'any' because no interface 'JSX.IntrinsicElements' exists.
../247gbsaffiliates/app/dashboard/consultant/sessions/page.tsx(11,111): error TS7026: JSX element implicitly has type 'any' because no interface 'JSX.IntrinsicElements' exists.
../247gbsaffiliates/app/dashboard/consultant/sessions/page.tsx(12,17): error TS7026: JSX element implicitly has type 'any' because no interface 'JSX.IntrinsicElements' exists.
../247gbsaffiliates/app/dashboard/consultant/sessions/page.tsx(13,17): error TS7026: JSX element implicitly has type 'any' because no interface 'JSX.IntrinsicElements' exists.
../247gbsaffiliates/app/dashboard/consultant/sessions/page.tsx(15,17): error TS7026: JSX element implicitly has type 'any' because no interface 'JSX.IntrinsicElements' exists.
../247gbsaffiliates/app/dashboard/consultant/sessions/page.tsx(16,13): error TS7026: JSX element implicitly has type 'any' because no interface 'JSX.IntrinsicElements' exists.
../247gbsaffiliates/app/dashboard/consultant/sessions/page.tsx(18,13): error TS7026: JSX element implicitly has type 'any' because no interface 'JSX.IntrinsicElements' exists.
../247gbsaffiliates/app/dashboard/consultant/sessions/page.tsx(19,17): error TS7026: JSX element implicitly has type 'any' because no interface 'JSX.IntrinsicElements' exists.
../247gbsaffiliates/app/dashboard/consultant/sessions/page.tsx(20,21): error TS7026: JSX element implicitly has type 'any' because no interface 'JSX.IntrinsicElements' exists.
../247gbsaffiliates/app/dashboard/consultant/sessions/page.tsx(20,87): error TS7026: JSX element implicitly has type 'any' because no interface 'JSX.IntrinsicElements' exists.
../247gbsaffiliates/app/dashboard/consultant/sessions/page.tsx(21,21): error TS7026: JSX element implicitly has type 'any' because no interface 'JSX.IntrinsicElements' exists.
../247gbsaffiliates/app/dashboard/consultant/sessions/page.tsx(21,118): error TS7026: JSX element implicitly has type 'any' because no interface 'JSX.IntrinsicElements' exists.
../247gbsaffiliates/app/dashboard/consultant/sessions/page.tsx(22,17): error TS7026: JSX element implicitly has type 'any' because no interface 'JSX.IntrinsicElements' exists.
../247gbsaffiliates/app/dashboard/consultant/sessions/page.tsx(23,17): error TS7026: JSX element implicitly has type 'any' because no interface 'JSX.IntrinsicElements' exists.
../247gbsaffiliates/app/dashboard/consultant/sessions/page.tsx(29,25): error TS7026: JSX element implicitly has type 'any' because no interface 'JSX.IntrinsicElements' exists.
../247gbsaffiliates/app/dashboard/consultant/sessions/page.tsx(30,29): error TS7026: JSX element implicitly has type 'any' because no interface 'JSX.IntrinsicElements' exists.
../247gbsaffiliates/app/dashboard/consultant/sessions/page.tsx(31,33): error TS7026: JSX element implicitly has type 'any' because no interface 'JSX.IntrinsicElements' exists.
../247gbsaffiliates/app/dashboard/consultant/sessions/page.tsx(33,33): error TS7026: JSX element implicitly has type 'any' because no interface 'JSX.IntrinsicElements' exists.
../247gbsaffiliates/app/dashboard/consultant/sessions/page.tsx(34,33): error TS7026: JSX element implicitly has type 'any' because no interface 'JSX.IntrinsicElements' exists.
../247gbsaffiliates/app/dashboard/consultant/sessions/page.tsx(35,37): error TS7026: JSX element implicitly has type 'any' because no interface 'JSX.IntrinsicElements' exists.
../247gbsaffiliates/app/dashboard/consultant/sessions/page.tsx(35,93): error TS7026: JSX element implicitly has type 'any' because no interface 'JSX.IntrinsicElements' exists.
../247gbsaffiliates/app/dashboard/consultant/sessions/page.tsx(36,37): error TS7026: JSX element implicitly has type 'any' because no interface 'JSX.IntrinsicElements' exists.
../247gbsaffiliates/app/dashboard/consultant/sessions/page.tsx(36,118): error TS7026: JSX element implicitly has type 'any' because no interface 'JSX.IntrinsicElements' exists.
../247gbsaffiliates/app/dashboard/consultant/sessions/page.tsx(37,33): error TS7026: JSX element implicitly has type 'any' because no interface 'JSX.IntrinsicElements' exists.
../247gbsaffiliates/app/dashboard/consultant/sessions/page.tsx(38,29): error TS7026: JSX element implicitly has type 'any' because no interface 'JSX.IntrinsicElements' exists.
../247gbsaffiliates/app/dashboard/consultant/sessions/page.tsx(39,29): error TS7026: JSX element implicitly has type 'any' because no interface 'JSX.IntrinsicElements' exists.
../247gbsaffiliates/app/dashboard/consultant/sessions/page.tsx(40,33): error TS7026: JSX element implicitly has type 'any' because no interface 'JSX.IntrinsicElements' exists.
../247gbsaffiliates/app/dashboard/consultant/sessions/page.tsx(43,33): error TS7026: JSX element implicitly has type 'any' because no interface 'JSX.IntrinsicElements' exists.
../247gbsaffiliates/app/dashboard/consultant/sessions/page.tsx(44,33): error TS7026: JSX element implicitly has type 'any' because no interface 'JSX.IntrinsicElements' exists.
../247gbsaffiliates/app/dashboard/consultant/sessions/page.tsx(45,37): error TS7026: JSX element implicitly has type 'any' because no interface 'JSX.IntrinsicElements' exists.
../247gbsaffiliates/app/dashboard/consultant/sessions/page.tsx(45,90): error TS7026: JSX element implicitly has type 'any' because no interface 'JSX.IntrinsicElements' exists.
../247gbsaffiliates/app/dashboard/consultant/sessions/page.tsx(46,33): error TS7026: JSX element implicitly has type 'any' because no interface 'JSX.IntrinsicElements' exists.
../247gbsaffiliates/app/dashboard/consultant/sessions/page.tsx(47,29): error TS7026: JSX element implicitly has type 'any' because no interface 'JSX.IntrinsicElements' exists.
../247gbsaffiliates/app/dashboard/consultant/sessions/page.tsx(48,25): error TS7026: JSX element implicitly has type 'any' because no interface 'JSX.IntrinsicElements' exists.
../247gbsaffiliates/app/dashboard/consultant/sessions/page.tsx(50,17): error TS7026: JSX element implicitly has type 'any' because no interface 'JSX.IntrinsicElements' exists.
../247gbsaffiliates/app/dashboard/consultant/sessions/page.tsx(51,13): error TS7026: JSX element implicitly has type 'any' because no interface 'JSX.IntrinsicElements' exists.
../247gbsaffiliates/app/dashboard/consultant/sessions/page.tsx(52,9): error TS7026: JSX element implicitly has type 'any' because no interface 'JSX.IntrinsicElements' exists.
../247gbsaffiliates/app/dashboard/layout.tsx(1,67): error TS2503: Cannot find namespace 'React'.
../247gbsaffiliates/app/dashboard/layout.tsx(3,9): error TS7026: JSX element implicitly has type 'any' because no interface 'JSX.IntrinsicElements' exists.
../247gbsaffiliates/app/dashboard/layout.tsx(3,9): error TS2875: This JSX tag requires the module path 'react/jsx-runtime' to exist, but none could be found. Make sure you have types for the appropriate package installed.
../247gbsaffiliates/app/dashboard/layout.tsx(5,9): error TS7026: JSX element implicitly has type 'any' because no interface 'JSX.IntrinsicElements' exists.
../247gbsaffiliates/app/dashboard/learning/page.tsx(3,19): error TS2307: Cannot find module 'react' or its corresponding type declarations.
../247gbsaffiliates/app/dashboard/learning/page.tsx(4,18): error TS2307: Cannot find module 'next/link' or its corresponding type declarations.
../247gbsaffiliates/app/dashboard/learning/page.tsx(11,9): error TS7026: JSX element implicitly has type 'any' because no interface 'JSX.IntrinsicElements' exists.
../247gbsaffiliates/app/dashboard/learning/page.tsx(11,9): error TS2875: This JSX tag requires the module path 'react/jsx-runtime' to exist, but none could be found. Make sure you have types for the appropriate package installed.
../247gbsaffiliates/app/dashboard/learning/page.tsx(12,13): error TS7026: JSX element implicitly has type 'any' because no interface 'JSX.IntrinsicElements' exists.
../247gbsaffiliates/app/dashboard/learning/page.tsx(13,17): error TS7026: JSX element implicitly has type 'any' because no interface 'JSX.IntrinsicElements' exists.
../247gbsaffiliates/app/dashboard/learning/page.tsx(14,21): error TS7026: JSX element implicitly has type 'any' because no interface 'JSX.IntrinsicElements' exists.
../247gbsaffiliates/app/dashboard/learning/page.tsx(16,21): error TS7026: JSX element implicitly has type 'any' because no interface 'JSX.IntrinsicElements' exists.
../247gbsaffiliates/app/dashboard/learning/page.tsx(17,21): error TS7026: JSX element implicitly has type 'any' because no interface 'JSX.IntrinsicElements' exists.
../247gbsaffiliates/app/dashboard/learning/page.tsx(19,21): error TS7026: JSX element implicitly has type 'any' because no interface 'JSX.IntrinsicElements' exists.
../247gbsaffiliates/app/dashboard/learning/page.tsx(20,21): error TS7026: JSX element implicitly has type 'any' because no interface 'JSX.IntrinsicElements' exists.
../247gbsaffiliates/app/dashboard/learning/page.tsx(22,21): error TS7026: JSX element implicitly has type 'any' because no interface 'JSX.IntrinsicElements' exists.
../247gbsaffiliates/app/dashboard/learning/page.tsx(23,17): error TS7026: JSX element implicitly has type 'any' because no interface 'JSX.IntrinsicElements' exists.
../247gbsaffiliates/app/dashboard/learning/page.tsx(25,17): error TS7026: JSX element implicitly has type 'any' because no interface 'JSX.IntrinsicElements' exists.
../247gbsaffiliates/app/dashboard/learning/page.tsx(27,21): error TS7026: JSX element implicitly has type 'any' because no interface 'JSX.IntrinsicElements' exists.
../247gbsaffiliates/app/dashboard/learning/page.tsx(28,25): error TS7026: JSX element implicitly has type 'any' because no interface 'JSX.IntrinsicElements' exists.
../247gbsaffiliates/app/dashboard/learning/page.tsx(28,117): error TS7026: JSX element implicitly has type 'any' because no interface 'JSX.IntrinsicElements' exists.
../247gbsaffiliates/app/dashboard/learning/page.tsx(30,25): error TS7026: JSX element implicitly has type 'any' because no interface 'JSX.IntrinsicElements' exists.
../247gbsaffiliates/app/dashboard/learning/page.tsx(31,29): error TS7026: JSX element implicitly has type 'any' because no interface 'JSX.IntrinsicElements' exists.
../247gbsaffiliates/app/dashboard/learning/page.tsx(32,33): error TS7026: JSX element implicitly has type 'any' because no interface 'JSX.IntrinsicElements' exists.
../247gbsaffiliates/app/dashboard/learning/page.tsx(32,92): error TS7026: JSX element implicitly has type 'any' because no interface 'JSX.IntrinsicElements' exists.
../247gbsaffiliates/app/dashboard/learning/page.tsx(33,29): error TS7026: JSX element implicitly has type 'any' because no interface 'JSX.IntrinsicElements' exists.
../247gbsaffiliates/app/dashboard/learning/page.tsx(34,29): error TS7026: JSX element implicitly has type 'any' because no interface 'JSX.IntrinsicElements' exists.
../247gbsaffiliates/app/dashboard/learning/page.tsx(35,33): error TS7026: JSX element implicitly has type 'any' because no interface 'JSX.IntrinsicElements' exists.
../247gbsaffiliates/app/dashboard/learning/page.tsx(35,108): error TS7026: JSX element implicitly has type 'any' because no interface 'JSX.IntrinsicElements' exists.
../247gbsaffiliates/app/dashboard/learning/page.tsx(36,33): error TS7026: JSX element implicitly has type 'any' because no interface 'JSX.IntrinsicElements' exists.
../247gbsaffiliates/app/dashboard/learning/page.tsx(36,200): error TS7026: JSX element implicitly has type 'any' because no interface 'JSX.IntrinsicElements' exists.
../247gbsaffiliates/app/dashboard/learning/page.tsx(37,33): error TS7026: JSX element implicitly has type 'any' because no interface 'JSX.IntrinsicElements' exists.
../247gbsaffiliates/app/dashboard/learning/page.tsx(38,37): error TS7026: JSX element implicitly has type 'any' because no interface 'JSX.IntrinsicElements' exists.
../247gbsaffiliates/app/dashboard/learning/page.tsx(38,79): error TS7026: JSX element implicitly has type 'any' because no interface 'JSX.IntrinsicElements' exists.
../247gbsaffiliates/app/dashboard/learning/page.tsx(38,141): error TS7026: JSX element implicitly has type 'any' because no interface 'JSX.IntrinsicElements' exists.
../247gbsaffiliates/app/dashboard/learning/page.tsx(38,156): error TS7026: JSX element implicitly has type 'any' because no interface 'JSX.IntrinsicElements' exists.
../247gbsaffiliates/app/dashboard/learning/page.tsx(39,37): error TS7026: JSX element implicitly has type 'any' because no interface 'JSX.IntrinsicElements' exists.
../247gbsaffiliates/app/dashboard/learning/page.tsx(39,79): error TS7026: JSX element implicitly has type 'any' because no interface 'JSX.IntrinsicElements' exists.
../247gbsaffiliates/app/dashboard/learning/page.tsx(39,141): error TS7026: JSX element implicitly has type 'any' because no interface 'JSX.IntrinsicElements' exists.
../247gbsaffiliates/app/dashboard/learning/page.tsx(39,157): error TS7026: JSX element implicitly has type 'any' because no interface 'JSX.IntrinsicElements' exists.
../247gbsaffiliates/app/dashboard/learning/page.tsx(40,33): error TS7026: JSX element implicitly has type 'any' because no interface 'JSX.IntrinsicElements' exists.
../247gbsaffiliates/app/dashboard/learning/page.tsx(41,33): error TS7026: JSX element implicitly has type 'any' because no interface 'JSX.IntrinsicElements' exists.
../247gbsaffiliates/app/dashboard/learning/page.tsx(43,33): error TS7026: JSX element implicitly has type 'any' because no interface 'JSX.IntrinsicElements' exists.
../247gbsaffiliates/app/dashboard/learning/page.tsx(44,29): error TS7026: JSX element implicitly has type 'any' because no interface 'JSX.IntrinsicElements' exists.
../247gbsaffiliates/app/dashboard/learning/page.tsx(45,25): error TS7026: JSX element implicitly has type 'any' because no interface 'JSX.IntrinsicElements' exists.
../247gbsaffiliates/app/dashboard/learning/page.tsx(47,25): error TS7026: JSX element implicitly has type 'any' because no interface 'JSX.IntrinsicElements' exists.
../247gbsaffiliates/app/dashboard/learning/page.tsx(48,29): error TS7026: JSX element implicitly has type 'any' because no interface 'JSX.IntrinsicElements' exists.
../247gbsaffiliates/app/dashboard/learning/page.tsx(49,33): error TS7026: JSX element implicitly has type 'any' because no interface 'JSX.IntrinsicElements' exists.
../247gbsaffiliates/app/dashboard/learning/page.tsx(49,95): error TS7026: JSX element implicitly has type 'any' because no interface 'JSX.IntrinsicElements' exists.
../247gbsaffiliates/app/dashboard/learning/page.tsx(50,29): error TS7026: JSX element implicitly has type 'any' because no interface 'JSX.IntrinsicElements' exists.
../247gbsaffiliates/app/dashboard/learning/page.tsx(51,29): error TS7026: JSX element implicitly has type 'any' because no interface 'JSX.IntrinsicElements' exists.
../247gbsaffiliates/app/dashboard/learning/page.tsx(52,33): error TS7026: JSX element implicitly has type 'any' because no interface 'JSX.IntrinsicElements' exists.
../247gbsaffiliates/app/dashboard/learning/page.tsx(52,109): error TS7026: JSX element implicitly has type 'any' because no interface 'JSX.IntrinsicElements' exists.
../247gbsaffiliates/app/dashboard/learning/page.tsx(53,33): error TS7026: JSX element implicitly has type 'any' because no interface 'JSX.IntrinsicElements' exists.
../247gbsaffiliates/app/dashboard/learning/page.tsx(53,198): error TS7026: JSX element implicitly has type 'any' because no interface 'JSX.IntrinsicElements' exists.
../247gbsaffiliates/app/dashboard/learning/page.tsx(54,33): error TS7026: JSX element implicitly has type 'any' because no interface 'JSX.IntrinsicElements' exists.
../247gbsaffiliates/app/dashboard/learning/page.tsx(55,37): error TS7026: JSX element implicitly has type 'any' because no interface 'JSX.IntrinsicElements' exists.
../247gbsaffiliates/app/dashboard/learning/page.tsx(55,79): error TS7026: JSX element implicitly has type 'any' because no interface 'JSX.IntrinsicElements' exists.
../247gbsaffiliates/app/dashboard/learning/page.tsx(55,141): error TS7026: JSX element implicitly has type 'any' because no interface 'JSX.IntrinsicElements' exists.
../247gbsaffiliates/app/dashboard/learning/page.tsx(55,156): error TS7026: JSX element implicitly has type 'any' because no interface 'JSX.IntrinsicElements' exists.
../247gbsaffiliates/app/dashboard/learning/page.tsx(56,37): error TS7026: JSX element implicitly has type 'any' because no interface 'JSX.IntrinsicElements' exists.
../247gbsaffiliates/app/dashboard/learning/page.tsx(56,79): error TS7026: JSX element implicitly has type 'any' because no interface 'JSX.IntrinsicElements' exists.
../247gbsaffiliates/app/dashboard/learning/page.tsx(56,137): error TS7026: JSX element implicitly has type 'any' because no interface 'JSX.IntrinsicElements' exists.
../247gbsaffiliates/app/dashboard/learning/page.tsx(56,151): error TS7026: JSX element implicitly has type 'any' because no interface 'JSX.IntrinsicElements' exists.
../247gbsaffiliates/app/dashboard/learning/page.tsx(57,33): error TS7026: JSX element implicitly has type 'any' because no interface 'JSX.IntrinsicElements' exists.
../247gbsaffiliates/app/dashboard/learning/page.tsx(58,33): error TS7026: JSX element implicitly has type 'any' because no interface 'JSX.IntrinsicElements' exists.
../247gbsaffiliates/app/dashboard/learning/page.tsx(60,33): error TS7026: JSX element implicitly has type 'any' because no interface 'JSX.IntrinsicElements' exists.
../247gbsaffiliates/app/dashboard/learning/page.tsx(61,29): error TS7026: JSX element implicitly has type 'any' because no interface 'JSX.IntrinsicElements' exists.
../247gbsaffiliates/app/dashboard/learning/page.tsx(62,25): error TS7026: JSX element implicitly has type 'any' because no interface 'JSX.IntrinsicElements' exists.
../247gbsaffiliates/app/dashboard/learning/page.tsx(63,21): error TS7026: JSX element implicitly has type 'any' because no interface 'JSX.IntrinsicElements' exists.
../247gbsaffiliates/app/dashboard/learning/page.tsx(66,21): error TS7026: JSX element implicitly has type 'any' because no interface 'JSX.IntrinsicElements' exists.
../247gbsaffiliates/app/dashboard/learning/page.tsx(67,25): error TS7026: JSX element implicitly has type 'any' because no interface 'JSX.IntrinsicElements' exists.
../247gbsaffiliates/app/dashboard/learning/page.tsx(68,29): error TS7026: JSX element implicitly has type 'any' because no interface 'JSX.IntrinsicElements' exists.
../247gbsaffiliates/app/dashboard/learning/page.tsx(68,103): error TS7026: JSX element implicitly has type 'any' because no interface 'JSX.IntrinsicElements' exists.
../247gbsaffiliates/app/dashboard/learning/page.tsx(69,29): error TS7026: JSX element implicitly has type 'any' because no interface 'JSX.IntrinsicElements' exists.
../247gbsaffiliates/app/dashboard/learning/page.tsx(69,106): error TS7026: JSX element implicitly has type 'any' because no interface 'JSX.IntrinsicElements' exists.
../247gbsaffiliates/app/dashboard/learning/page.tsx(71,29): error TS7026: JSX element implicitly has type 'any' because no interface 'JSX.IntrinsicElements' exists.
../247gbsaffiliates/app/dashboard/learning/page.tsx(72,33): error TS7026: JSX element implicitly has type 'any' because no interface 'JSX.IntrinsicElements' exists.
../247gbsaffiliates/app/dashboard/learning/page.tsx(73,37): error TS7026: JSX element implicitly has type 'any' because no interface 'JSX.IntrinsicElements' exists.
../247gbsaffiliates/app/dashboard/learning/page.tsx(74,41): error TS7026: JSX element implicitly has type 'any' because no interface 'JSX.IntrinsicElements' exists.
../247gbsaffiliates/app/dashboard/learning/page.tsx(74,86): error TS7026: JSX element implicitly has type 'any' because no interface 'JSX.IntrinsicElements' exists.
../247gbsaffiliates/app/dashboard/learning/page.tsx(75,41): error TS7026: JSX element implicitly has type 'any' because no interface 'JSX.IntrinsicElements' exists.
../247gbsaffiliates/app/dashboard/learning/page.tsx(75,74): error TS7026: JSX element implicitly has type 'any' because no interface 'JSX.IntrinsicElements' exists.
../247gbsaffiliates/app/dashboard/learning/page.tsx(76,37): error TS7026: JSX element implicitly has type 'any' because no interface 'JSX.IntrinsicElements' exists.
../247gbsaffiliates/app/dashboard/learning/page.tsx(77,37): error TS7026: JSX element implicitly has type 'any' because no interface 'JSX.IntrinsicElements' exists.
../247gbsaffiliates/app/dashboard/learning/page.tsx(78,41): error TS7026: JSX element implicitly has type 'any' because no interface 'JSX.IntrinsicElements' exists.
../247gbsaffiliates/app/dashboard/learning/page.tsx(78,80): error TS7026: JSX element implicitly has type 'any' because no interface 'JSX.IntrinsicElements' exists.
../247gbsaffiliates/app/dashboard/learning/page.tsx(79,37): error TS7026: JSX element implicitly has type 'any' because no interface 'JSX.IntrinsicElements' exists.
../247gbsaffiliates/app/dashboard/learning/page.tsx(80,33): error TS7026: JSX element implicitly has type 'any' because no interface 'JSX.IntrinsicElements' exists.
../247gbsaffiliates/app/dashboard/learning/page.tsx(81,33): error TS7026: JSX element implicitly has type 'any' because no interface 'JSX.IntrinsicElements' exists.
../247gbsaffiliates/app/dashboard/learning/page.tsx(82,37): error TS7026: JSX element implicitly has type 'any' because no interface 'JSX.IntrinsicElements' exists.
../247gbsaffiliates/app/dashboard/learning/page.tsx(83,41): error TS7026: JSX element implicitly has type 'any' because no interface 'JSX.IntrinsicElements' exists.
../247gbsaffiliates/app/dashboard/learning/page.tsx(83,88): error TS7026: JSX element implicitly has type 'any' because no interface 'JSX.IntrinsicElements' exists.
../247gbsaffiliates/app/dashboard/learning/page.tsx(84,41): error TS7026: JSX element implicitly has type 'any' because no interface 'JSX.IntrinsicElements' exists.
../247gbsaffiliates/app/dashboard/learning/page.tsx(84,74): error TS7026: JSX element implicitly has type 'any' because no interface 'JSX.IntrinsicElements' exists.
../247gbsaffiliates/app/dashboard/learning/page.tsx(85,37): error TS7026: JSX element implicitly has type 'any' because no interface 'JSX.IntrinsicElements' exists.
../247gbsaffiliates/app/dashboard/learning/page.tsx(86,37): error TS7026: JSX element implicitly has type 'any' because no interface 'JSX.IntrinsicElements' exists.
../247gbsaffiliates/app/dashboard/learning/page.tsx(87,41): error TS7026: JSX element implicitly has type 'any' because no interface 'JSX.IntrinsicElements' exists.
../247gbsaffiliates/app/dashboard/learning/page.tsx(87,83): error TS7026: JSX element implicitly has type 'any' because no interface 'JSX.IntrinsicElements' exists.
../247gbsaffiliates/app/dashboard/learning/page.tsx(88,37): error TS7026: JSX element implicitly has type 'any' because no interface 'JSX.IntrinsicElements' exists.
../247gbsaffiliates/app/dashboard/learning/page.tsx(89,33): error TS7026: JSX element implicitly has type 'any' because no interface 'JSX.IntrinsicElements' exists.
../247gbsaffiliates/app/dashboard/learning/page.tsx(90,29): error TS7026: JSX element implicitly has type 'any' because no interface 'JSX.IntrinsicElements' exists.
../247gbsaffiliates/app/dashboard/learning/page.tsx(92,29): error TS7026: JSX element implicitly has type 'any' because no interface 'JSX.IntrinsicElements' exists.
../247gbsaffiliates/app/dashboard/learning/page.tsx(99,33): error TS7026: JSX element implicitly has type 'any' because no interface 'JSX.IntrinsicElements' exists.
../247gbsaffiliates/app/dashboard/learning/page.tsx(99,119): error TS7026: JSX element implicitly has type 'any' because no interface 'JSX.IntrinsicElements' exists.
../247gbsaffiliates/app/dashboard/learning/page.tsx(100,29): error TS7026: JSX element implicitly has type 'any' because no interface 'JSX.IntrinsicElements' exists.
../247gbsaffiliates/app/dashboard/learning/page.tsx(101,25): error TS7026: JSX element implicitly has type 'any' because no interface 'JSX.IntrinsicElements' exists.
../247gbsaffiliates/app/dashboard/learning/page.tsx(102,21): error TS7026: JSX element implicitly has type 'any' because no interface 'JSX.IntrinsicElements' exists.
../247gbsaffiliates/app/dashboard/learning/page.tsx(103,17): error TS7026: JSX element implicitly has type 'any' because no interface 'JSX.IntrinsicElements' exists.
../247gbsaffiliates/app/dashboard/learning/page.tsx(104,13): error TS7026: JSX element implicitly has type 'any' because no interface 'JSX.IntrinsicElements' exists.
../247gbsaffiliates/app/dashboard/learning/page.tsx(105,9): error TS7026: JSX element implicitly has type 'any' because no interface 'JSX.IntrinsicElements' exists.
../247gbsaffiliates/app/dashboard/page.tsx(3,19): error TS2307: Cannot find module 'react' or its corresponding type declarations.
../247gbsaffiliates/app/dashboard/page.tsx(8,27): error TS2307: Cannot find module 'next/navigation' or its corresponding type declarations.
../247gbsaffiliates/app/dashboard/page.tsx(38,9): error TS7026: JSX element implicitly has type 'any' because no interface 'JSX.IntrinsicElements' exists.
../247gbsaffiliates/app/dashboard/page.tsx(38,9): error TS2875: This JSX tag requires the module path 'react/jsx-runtime' to exist, but none could be found. Make sure you have types for the appropriate package installed.
../247gbsaffiliates/app/dashboard/page.tsx(40,9): error TS7026: JSX element implicitly has type 'any' because no interface 'JSX.IntrinsicElements' exists.
../247gbsaffiliates/app/for-account-manager/page.tsx(1,18): error TS2307: Cannot find module 'next/link' or its corresponding type declarations.
../247gbsaffiliates/app/for-account-manager/page.tsx(2,19): error TS2307: Cannot find module 'next/image' or its corresponding type declarations.
../247gbsaffiliates/app/for-account-manager/page.tsx(8,9): error TS7026: JSX element implicitly has type 'any' because no interface 'JSX.IntrinsicElements' exists.
../247gbsaffiliates/app/for-account-manager/page.tsx(8,9): error TS2875: This JSX tag requires the module path 'react/jsx-runtime' to exist, but none could be found. Make sure you have types for the appropriate package installed.
../247gbsaffiliates/app/for-account-manager/page.tsx(12,13): error TS7026: JSX element implicitly has type 'any' because no interface 'JSX.IntrinsicElements' exists.
../247gbsaffiliates/app/for-account-manager/page.tsx(13,17): error TS7026: JSX element implicitly has type 'any' because no interface 'JSX.IntrinsicElements' exists.
../247gbsaffiliates/app/for-account-manager/page.tsx(14,21): error TS7026: JSX element implicitly has type 'any' because no interface 'JSX.IntrinsicElements' exists.
../247gbsaffiliates/app/for-account-manager/page.tsx(15,25): error TS7026: JSX element implicitly has type 'any' because no interface 'JSX.IntrinsicElements' exists.
../247gbsaffiliates/app/for-account-manager/page.tsx(15,218): error TS7026: JSX element implicitly has type 'any' because no interface 'JSX.IntrinsicElements' exists.
../247gbsaffiliates/app/for-account-manager/page.tsx(16,25): error TS7026: JSX element implicitly has type 'any' because no interface 'JSX.IntrinsicElements' exists.
../247gbsaffiliates/app/for-account-manager/page.tsx(16,113): error TS7026: JSX element implicitly has type 'any' because no interface 'JSX.IntrinsicElements' exists.
../247gbsaffiliates/app/for-account-manager/page.tsx(18,25): error TS7026: JSX element implicitly has type 'any' because no interface 'JSX.IntrinsicElements' exists.
../247gbsaffiliates/app/for-account-manager/page.tsx(19,29): error TS7026: JSX element implicitly has type 'any' because no interface 'JSX.IntrinsicElements' exists.
../247gbsaffiliates/app/for-account-manager/page.tsx(19,145): error TS7026: JSX element implicitly has type 'any' because no interface 'JSX.IntrinsicElements' exists.
../247gbsaffiliates/app/for-account-manager/page.tsx(20,29): error TS7026: JSX element implicitly has type 'any' because no interface 'JSX.IntrinsicElements' exists.
../247gbsaffiliates/app/for-account-manager/page.tsx(22,29): error TS7026: JSX element implicitly has type 'any' because no interface 'JSX.IntrinsicElements' exists.
../247gbsaffiliates/app/for-account-manager/page.tsx(23,29): error TS7026: JSX element implicitly has type 'any' because no interface 'JSX.IntrinsicElements' exists.
../247gbsaffiliates/app/for-account-manager/page.tsx(25,29): error TS7026: JSX element implicitly has type 'any' because no interface 'JSX.IntrinsicElements' exists.
../247gbsaffiliates/app/for-account-manager/page.tsx(28,33): error TS7026: JSX element implicitly has type 'any' because no interface 'JSX.IntrinsicElements' exists.
../247gbsaffiliates/app/for-account-manager/page.tsx(28,95): error TS7026: JSX element implicitly has type 'any' because no interface 'JSX.IntrinsicElements' exists.
../247gbsaffiliates/app/for-account-manager/page.tsx(30,25): error TS7026: JSX element implicitly has type 'any' because no interface 'JSX.IntrinsicElements' exists.
../247gbsaffiliates/app/for-account-manager/page.tsx(31,21): error TS7026: JSX element implicitly has type 'any' because no interface 'JSX.IntrinsicElements' exists.
../247gbsaffiliates/app/for-account-manager/page.tsx(32,17): error TS7026: JSX element implicitly has type 'any' because no interface 'JSX.IntrinsicElements' exists.
../247gbsaffiliates/app/for-account-manager/page.tsx(33,13): error TS7026: JSX element implicitly has type 'any' because no interface 'JSX.IntrinsicElements' exists.
../247gbsaffiliates/app/for-account-manager/page.tsx(36,13): error TS7026: JSX element implicitly has type 'any' because no interface 'JSX.IntrinsicElements' exists.
../247gbsaffiliates/app/for-account-manager/page.tsx(37,17): error TS7026: JSX element implicitly has type 'any' because no interface 'JSX.IntrinsicElements' exists.
../247gbsaffiliates/app/for-account-manager/page.tsx(38,21): error TS7026: JSX element implicitly has type 'any' because no interface 'JSX.IntrinsicElements' exists.
../247gbsaffiliates/app/for-account-manager/page.tsx(39,25): error TS7026: JSX element implicitly has type 'any' because no interface 'JSX.IntrinsicElements' exists.
../247gbsaffiliates/app/for-account-manager/page.tsx(39,88): error TS7026: JSX element implicitly has type 'any' because no interface 'JSX.IntrinsicElements' exists.
../247gbsaffiliates/app/for-account-manager/page.tsx(40,25): error TS7026: JSX element implicitly has type 'any' because no interface 'JSX.IntrinsicElements' exists.
../247gbsaffiliates/app/for-account-manager/page.tsx(40,115): error TS7026: JSX element implicitly has type 'any' because no interface 'JSX.IntrinsicElements' exists.
../247gbsaffiliates/app/for-account-manager/page.tsx(41,21): error TS7026: JSX element implicitly has type 'any' because no interface 'JSX.IntrinsicElements' exists.
../247gbsaffiliates/app/for-account-manager/page.tsx(42,21): error TS7026: JSX element implicitly has type 'any' because no interface 'JSX.IntrinsicElements' exists.
../247gbsaffiliates/app/for-account-manager/page.tsx(43,25): error TS7026: JSX element implicitly has type 'any' because no interface 'JSX.IntrinsicElements' exists.
../247gbsaffiliates/app/for-account-manager/page.tsx(43,86): error TS7026: JSX element implicitly has type 'any' because no interface 'JSX.IntrinsicElements' exists.
../247gbsaffiliates/app/for-account-manager/page.tsx(44,25): error TS7026: JSX element implicitly has type 'any' because no interface 'JSX.IntrinsicElements' exists.
../247gbsaffiliates/app/for-account-manager/page.tsx(44,110): error TS7026: JSX element implicitly has type 'any' because no interface 'JSX.IntrinsicElements' exists.
../247gbsaffiliates/app/for-account-manager/page.tsx(45,21): error TS7026: JSX element implicitly has type 'any' because no interface 'JSX.IntrinsicElements' exists.
../247gbsaffiliates/app/for-account-manager/page.tsx(46,21): error TS7026: JSX element implicitly has type 'any' because no interface 'JSX.IntrinsicElements' exists.
../247gbsaffiliates/app/for-account-manager/page.tsx(47,25): error TS7026: JSX element implicitly has type 'any' because no interface 'JSX.IntrinsicElements' exists.
../247gbsaffiliates/app/for-account-manager/page.tsx(47,89): error TS7026: JSX element implicitly has type 'any' because no interface 'JSX.IntrinsicElements' exists.
../247gbsaffiliates/app/for-account-manager/page.tsx(48,25): error TS7026: JSX element implicitly has type 'any' because no interface 'JSX.IntrinsicElements' exists.
../247gbsaffiliates/app/for-account-manager/page.tsx(48,114): error TS7026: JSX element implicitly has type 'any' because no interface 'JSX.IntrinsicElements' exists.
../247gbsaffiliates/app/for-account-manager/page.tsx(49,21): error TS7026: JSX element implicitly has type 'any' because no interface 'JSX.IntrinsicElements' exists.
../247gbsaffiliates/app/for-account-manager/page.tsx(50,17): error TS7026: JSX element implicitly has type 'any' because no interface 'JSX.IntrinsicElements' exists.
../247gbsaffiliates/app/for-account-manager/page.tsx(51,13): error TS7026: JSX element implicitly has type 'any' because no interface 'JSX.IntrinsicElements' exists.
../247gbsaffiliates/app/for-account-manager/page.tsx(54,13): error TS7026: JSX element implicitly has type 'any' because no interface 'JSX.IntrinsicElements' exists.
../247gbsaffiliates/app/for-account-manager/page.tsx(55,17): error TS7026: JSX element implicitly has type 'any' because no interface 'JSX.IntrinsicElements' exists.
../247gbsaffiliates/app/for-account-manager/page.tsx(56,21): error TS7026: JSX element implicitly has type 'any' because no interface 'JSX.IntrinsicElements' exists.
../247gbsaffiliates/app/for-account-manager/page.tsx(57,25): error TS7026: JSX element implicitly has type 'any' because no interface 'JSX.IntrinsicElements' exists.
../247gbsaffiliates/app/for-account-manager/page.tsx(58,29): error TS7026: JSX element implicitly has type 'any' because no interface 'JSX.IntrinsicElements' exists.
../247gbsaffiliates/app/for-account-manager/page.tsx(58,119): error TS7026: JSX element implicitly has type 'any' because no interface 'JSX.IntrinsicElements' exists.
../247gbsaffiliates/app/for-account-manager/page.tsx(59,29): error TS7026: JSX element implicitly has type 'any' because no interface 'JSX.IntrinsicElements' exists.
../247gbsaffiliates/app/for-account-manager/page.tsx(61,29): error TS7026: JSX element implicitly has type 'any' because no interface 'JSX.IntrinsicElements' exists.
../247gbsaffiliates/app/for-account-manager/page.tsx(62,29): error TS7026: JSX element implicitly has type 'any' because no interface 'JSX.IntrinsicElements' exists.
../247gbsaffiliates/app/for-account-manager/page.tsx(64,29): error TS7026: JSX element implicitly has type 'any' because no interface 'JSX.IntrinsicElements' exists.
../247gbsaffiliates/app/for-account-manager/page.tsx(65,25): error TS7026: JSX element implicitly has type 'any' because no interface 'JSX.IntrinsicElements' exists.
../247gbsaffiliates/app/for-account-manager/page.tsx(67,25): error TS7026: JSX element implicitly has type 'any' because no interface 'JSX.IntrinsicElements' exists.
../247gbsaffiliates/app/for-account-manager/page.tsx(73,33): error TS7026: JSX element implicitly has type 'any' because no interface 'JSX.IntrinsicElements' exists.
../247gbsaffiliates/app/for-account-manager/page.tsx(74,37): error TS7026: JSX element implicitly has type 'any' because no interface 'JSX.IntrinsicElements' exists.
../247gbsaffiliates/app/for-account-manager/page.tsx(74,170): error TS7026: JSX element implicitly has type 'any' because no interface 'JSX.IntrinsicElements' exists.
../247gbsaffiliates/app/for-account-manager/page.tsx(75,37): error TS7026: JSX element implicitly has type 'any' because no interface 'JSX.IntrinsicElements' exists.
../247gbsaffiliates/app/for-account-manager/page.tsx(76,41): error TS7026: JSX element implicitly has type 'any' because no interface 'JSX.IntrinsicElements' exists.
../247gbsaffiliates/app/for-account-manager/page.tsx(76,108): error TS7026: JSX element implicitly has type 'any' because no interface 'JSX.IntrinsicElements' exists.
../247gbsaffiliates/app/for-account-manager/page.tsx(77,37): error TS7026: JSX element implicitly has type 'any' because no interface 'JSX.IntrinsicElements' exists.
../247gbsaffiliates/app/for-account-manager/page.tsx(78,37): error TS7026: JSX element implicitly has type 'any' because no interface 'JSX.IntrinsicElements' exists.
../247gbsaffiliates/app/for-account-manager/page.tsx(79,41): error TS7026: JSX element implicitly has type 'any' because no interface 'JSX.IntrinsicElements' exists.
../247gbsaffiliates/app/for-account-manager/page.tsx(79,134): error TS7026: JSX element implicitly has type 'any' because no interface 'JSX.IntrinsicElements' exists.
../247gbsaffiliates/app/for-account-manager/page.tsx(80,41): error TS7026: JSX element implicitly has type 'any' because no interface 'JSX.IntrinsicElements' exists.
../247gbsaffiliates/app/for-account-manager/page.tsx(82,41): error TS7026: JSX element implicitly has type 'any' because no interface 'JSX.IntrinsicElements' exists.
../247gbsaffiliates/app/for-account-manager/page.tsx(83,37): error TS7026: JSX element implicitly has type 'any' because no interface 'JSX.IntrinsicElements' exists.
../247gbsaffiliates/app/for-account-manager/page.tsx(84,33): error TS7026: JSX element implicitly has type 'any' because no interface 'JSX.IntrinsicElements' exists.
../247gbsaffiliates/app/for-account-manager/page.tsx(86,25): error TS7026: JSX element implicitly has type 'any' because no interface 'JSX.IntrinsicElements' exists.
../247gbsaffiliates/app/for-account-manager/page.tsx(87,21): error TS7026: JSX element implicitly has type 'any' because no interface 'JSX.IntrinsicElements' exists.
../247gbsaffiliates/app/for-account-manager/page.tsx(88,17): error TS7026: JSX element implicitly has type 'any' because no interface 'JSX.IntrinsicElements' exists.
../247gbsaffiliates/app/for-account-manager/page.tsx(89,13): error TS7026: JSX element implicitly has type 'any' because no interface 'JSX.IntrinsicElements' exists.
../247gbsaffiliates/app/for-account-manager/page.tsx(92,13): error TS7026: JSX element implicitly has type 'any' because no interface 'JSX.IntrinsicElements' exists.
../247gbsaffiliates/app/for-account-manager/page.tsx(93,17): error TS7026: JSX element implicitly has type 'any' because no interface 'JSX.IntrinsicElements' exists.
../247gbsaffiliates/app/for-account-manager/page.tsx(94,21): error TS7026: JSX element implicitly has type 'any' because no interface 'JSX.IntrinsicElements' exists.
../247gbsaffiliates/app/for-account-manager/page.tsx(95,25): error TS7026: JSX element implicitly has type 'any' because no interface 'JSX.IntrinsicElements' exists.
../247gbsaffiliates/app/for-account-manager/page.tsx(95,147): error TS7026: JSX element implicitly has type 'any' because no interface 'JSX.IntrinsicElements' exists.
../247gbsaffiliates/app/for-account-manager/page.tsx(96,25): error TS7026: JSX element implicitly has type 'any' because no interface 'JSX.IntrinsicElements' exists.
../247gbsaffiliates/app/for-account-manager/page.tsx(96,190): error TS7026: JSX element implicitly has type 'any' because no interface 'JSX.IntrinsicElements' exists.
../247gbsaffiliates/app/for-account-manager/page.tsx(97,21): error TS7026: JSX element implicitly has type 'any' because no interface 'JSX.IntrinsicElements' exists.
../247gbsaffiliates/app/for-account-manager/page.tsx(98,21): error TS7026: JSX element implicitly has type 'any' because no interface 'JSX.IntrinsicElements' exists.
../247gbsaffiliates/app/for-account-manager/page.tsx(100,21): error TS7026: JSX element implicitly has type 'any' because no interface 'JSX.IntrinsicElements' exists.
../247gbsaffiliates/app/for-account-manager/page.tsx(101,17): error TS7026: JSX element implicitly has type 'any' because no interface 'JSX.IntrinsicElements' exists.
../247gbsaffiliates/app/for-account-manager/page.tsx(102,13): error TS7026: JSX element implicitly has type 'any' because no interface 'JSX.IntrinsicElements' exists.
../247gbsaffiliates/app/for-account-manager/page.tsx(105,9): error TS7026: JSX element implicitly has type 'any' because no interface 'JSX.IntrinsicElements' exists.
../247gbsaffiliates/app/for-agent/page.tsx(1,18): error TS2307: Cannot find module 'next/link' or its corresponding type declarations.
../247gbsaffiliates/app/for-agent/page.tsx(2,19): error TS2307: Cannot find module 'next/image' or its corresponding type declarations.
../247gbsaffiliates/app/for-agent/page.tsx(8,9): error TS7026: JSX element implicitly has type 'any' because no interface 'JSX.IntrinsicElements' exists.
../247gbsaffiliates/app/for-agent/page.tsx(8,9): error TS2875: This JSX tag requires the module path 'react/jsx-runtime' to exist, but none could be found. Make sure you have types for the appropriate package installed.
../247gbsaffiliates/app/for-agent/page.tsx(12,13): error TS7026: JSX element implicitly has type 'any' because no interface 'JSX.IntrinsicElements' exists.
../247gbsaffiliates/app/for-agent/page.tsx(13,17): error TS7026: JSX element implicitly has type 'any' because no interface 'JSX.IntrinsicElements' exists.
../247gbsaffiliates/app/for-agent/page.tsx(14,21): error TS7026: JSX element implicitly has type 'any' because no interface 'JSX.IntrinsicElements' exists.
../247gbsaffiliates/app/for-agent/page.tsx(15,25): error TS7026: JSX element implicitly has type 'any' because no interface 'JSX.IntrinsicElements' exists.
../247gbsaffiliates/app/for-agent/page.tsx(15,221): error TS7026: JSX element implicitly has type 'any' because no interface 'JSX.IntrinsicElements' exists.
../247gbsaffiliates/app/for-agent/page.tsx(16,25): error TS7026: JSX element implicitly has type 'any' because no interface 'JSX.IntrinsicElements' exists.
../247gbsaffiliates/app/for-agent/page.tsx(16,113): error TS7026: JSX element implicitly has type 'any' because no interface 'JSX.IntrinsicElements' exists.
../247gbsaffiliates/app/for-agent/page.tsx(18,25): error TS7026: JSX element implicitly has type 'any' because no interface 'JSX.IntrinsicElements' exists.
../247gbsaffiliates/app/for-agent/page.tsx(19,29): error TS7026: JSX element implicitly has type 'any' because no interface 'JSX.IntrinsicElements' exists.
../247gbsaffiliates/app/for-agent/page.tsx(19,135): error TS7026: JSX element implicitly has type 'any' because no interface 'JSX.IntrinsicElements' exists.
../247gbsaffiliates/app/for-agent/page.tsx(20,29): error TS7026: JSX element implicitly has type 'any' because no interface 'JSX.IntrinsicElements' exists.
../247gbsaffiliates/app/for-agent/page.tsx(22,29): error TS7026: JSX element implicitly has type 'any' because no interface 'JSX.IntrinsicElements' exists.
../247gbsaffiliates/app/for-agent/page.tsx(23,29): error TS7026: JSX element implicitly has type 'any' because no interface 'JSX.IntrinsicElements' exists.
../247gbsaffiliates/app/for-agent/page.tsx(25,29): error TS7026: JSX element implicitly has type 'any' because no interface 'JSX.IntrinsicElements' exists.
../247gbsaffiliates/app/for-agent/page.tsx(28,33): error TS7026: JSX element implicitly has type 'any' because no interface 'JSX.IntrinsicElements' exists.
../247gbsaffiliates/app/for-agent/page.tsx(28,95): error TS7026: JSX element implicitly has type 'any' because no interface 'JSX.IntrinsicElements' exists.
../247gbsaffiliates/app/for-agent/page.tsx(30,25): error TS7026: JSX element implicitly has type 'any' because no interface 'JSX.IntrinsicElements' exists.
../247gbsaffiliates/app/for-agent/page.tsx(31,21): error TS7026: JSX element implicitly has type 'any' because no interface 'JSX.IntrinsicElements' exists.
../247gbsaffiliates/app/for-agent/page.tsx(32,17): error TS7026: JSX element implicitly has type 'any' because no interface 'JSX.IntrinsicElements' exists.
../247gbsaffiliates/app/for-agent/page.tsx(33,13): error TS7026: JSX element implicitly has type 'any' because no interface 'JSX.IntrinsicElements' exists.
../247gbsaffiliates/app/for-agent/page.tsx(36,13): error TS7026: JSX element implicitly has type 'any' because no interface 'JSX.IntrinsicElements' exists.
../247gbsaffiliates/app/for-agent/page.tsx(37,17): error TS7026: JSX element implicitly has type 'any' because no interface 'JSX.IntrinsicElements' exists.
../247gbsaffiliates/app/for-agent/page.tsx(38,21): error TS7026: JSX element implicitly has type 'any' because no interface 'JSX.IntrinsicElements' exists.
../247gbsaffiliates/app/for-agent/page.tsx(39,25): error TS7026: JSX element implicitly has type 'any' because no interface 'JSX.IntrinsicElements' exists.
../247gbsaffiliates/app/for-agent/page.tsx(39,88): error TS7026: JSX element implicitly has type 'any' because no interface 'JSX.IntrinsicElements' exists.
../247gbsaffiliates/app/for-agent/page.tsx(40,25): error TS7026: JSX element implicitly has type 'any' because no interface 'JSX.IntrinsicElements' exists.
../247gbsaffiliates/app/for-agent/page.tsx(40,113): error TS7026: JSX element implicitly has type 'any' because no interface 'JSX.IntrinsicElements' exists.
../247gbsaffiliates/app/for-agent/page.tsx(41,21): error TS7026: JSX element implicitly has type 'any' because no interface 'JSX.IntrinsicElements' exists.
../247gbsaffiliates/app/for-agent/page.tsx(42,21): error TS7026: JSX element implicitly has type 'any' because no interface 'JSX.IntrinsicElements' exists.
../247gbsaffiliates/app/for-agent/page.tsx(43,25): error TS7026: JSX element implicitly has type 'any' because no interface 'JSX.IntrinsicElements' exists.
../247gbsaffiliates/app/for-agent/page.tsx(43,89): error TS7026: JSX element implicitly has type 'any' because no interface 'JSX.IntrinsicElements' exists.
../247gbsaffiliates/app/for-agent/page.tsx(44,25): error TS7026: JSX element implicitly has type 'any' because no interface 'JSX.IntrinsicElements' exists.
../247gbsaffiliates/app/for-agent/page.tsx(44,111): error TS7026: JSX element implicitly has type 'any' because no interface 'JSX.IntrinsicElements' exists.
../247gbsaffiliates/app/for-agent/page.tsx(45,21): error TS7026: JSX element implicitly has type 'any' because no interface 'JSX.IntrinsicElements' exists.
../247gbsaffiliates/app/for-agent/page.tsx(46,21): error TS7026: JSX element implicitly has type 'any' because no interface 'JSX.IntrinsicElements' exists.
../247gbsaffiliates/app/for-agent/page.tsx(47,25): error TS7026: JSX element implicitly has type 'any' because no interface 'JSX.IntrinsicElements' exists.
../247gbsaffiliates/app/for-agent/page.tsx(47,91): error TS7026: JSX element implicitly has type 'any' because no interface 'JSX.IntrinsicElements' exists.
../247gbsaffiliates/app/for-agent/page.tsx(48,25): error TS7026: JSX element implicitly has type 'any' because no interface 'JSX.IntrinsicElements' exists.
../247gbsaffiliates/app/for-agent/page.tsx(48,113): error TS7026: JSX element implicitly has type 'any' because no interface 'JSX.IntrinsicElements' exists.
../247gbsaffiliates/app/for-agent/page.tsx(49,21): error TS7026: JSX element implicitly has type 'any' because no interface 'JSX.IntrinsicElements' exists.
../247gbsaffiliates/app/for-agent/page.tsx(50,17): error TS7026: JSX element implicitly has type 'any' because no interface 'JSX.IntrinsicElements' exists.
../247gbsaffiliates/app/for-agent/page.tsx(51,13): error TS7026: JSX element implicitly has type 'any' because no interface 'JSX.IntrinsicElements' exists.
../247gbsaffiliates/app/for-agent/page.tsx(54,13): error TS7026: JSX element implicitly has type 'any' because no interface 'JSX.IntrinsicElements' exists.
../247gbsaffiliates/app/for-agent/page.tsx(55,17): error TS7026: JSX element implicitly has type 'any' because no interface 'JSX.IntrinsicElements' exists.
../247gbsaffiliates/app/for-agent/page.tsx(56,21): error TS7026: JSX element implicitly has type 'any' because no interface 'JSX.IntrinsicElements' exists.
../247gbsaffiliates/app/for-agent/page.tsx(57,25): error TS7026: JSX element implicitly has type 'any' because no interface 'JSX.IntrinsicElements' exists.
../247gbsaffiliates/app/for-agent/page.tsx(58,29): error TS7026: JSX element implicitly has type 'any' because no interface 'JSX.IntrinsicElements' exists.
../247gbsaffiliates/app/for-agent/page.tsx(58,123): error TS7026: JSX element implicitly has type 'any' because no interface 'JSX.IntrinsicElements' exists.
../247gbsaffiliates/app/for-agent/page.tsx(59,29): error TS7026: JSX element implicitly has type 'any' because no interface 'JSX.IntrinsicElements' exists.
../247gbsaffiliates/app/for-agent/page.tsx(61,29): error TS7026: JSX element implicitly has type 'any' because no interface 'JSX.IntrinsicElements' exists.
../247gbsaffiliates/app/for-agent/page.tsx(62,29): error TS7026: JSX element implicitly has type 'any' because no interface 'JSX.IntrinsicElements' exists.
../247gbsaffiliates/app/for-agent/page.tsx(64,29): error TS7026: JSX element implicitly has type 'any' because no interface 'JSX.IntrinsicElements' exists.
../247gbsaffiliates/app/for-agent/page.tsx(65,25): error TS7026: JSX element implicitly has type 'any' because no interface 'JSX.IntrinsicElements' exists.
../247gbsaffiliates/app/for-agent/page.tsx(67,25): error TS7026: JSX element implicitly has type 'any' because no interface 'JSX.IntrinsicElements' exists.
../247gbsaffiliates/app/for-agent/page.tsx(73,33): error TS7026: JSX element implicitly has type 'any' because no interface 'JSX.IntrinsicElements' exists.
../247gbsaffiliates/app/for-agent/page.tsx(74,37): error TS7026: JSX element implicitly has type 'any' because no interface 'JSX.IntrinsicElements' exists.
../247gbsaffiliates/app/for-agent/page.tsx(74,170): error TS7026: JSX element implicitly has type 'any' because no interface 'JSX.IntrinsicElements' exists.
../247gbsaffiliates/app/for-agent/page.tsx(75,37): error TS7026: JSX element implicitly has type 'any' because no interface 'JSX.IntrinsicElements' exists.
../247gbsaffiliates/app/for-agent/page.tsx(76,41): error TS7026: JSX element implicitly has type 'any' because no interface 'JSX.IntrinsicElements' exists.
../247gbsaffiliates/app/for-agent/page.tsx(76,108): error TS7026: JSX element implicitly has type 'any' because no interface 'JSX.IntrinsicElements' exists.
../247gbsaffiliates/app/for-agent/page.tsx(77,37): error TS7026: JSX element implicitly has type 'any' because no interface 'JSX.IntrinsicElements' exists.
../247gbsaffiliates/app/for-agent/page.tsx(78,37): error TS7026: JSX element implicitly has type 'any' because no interface 'JSX.IntrinsicElements' exists.
../247gbsaffiliates/app/for-agent/page.tsx(79,41): error TS7026: JSX element implicitly has type 'any' because no interface 'JSX.IntrinsicElements' exists.
../247gbsaffiliates/app/for-agent/page.tsx(79,134): error TS7026: JSX element implicitly has type 'any' because no interface 'JSX.IntrinsicElements' exists.
../247gbsaffiliates/app/for-agent/page.tsx(80,41): error TS7026: JSX element implicitly has type 'any' because no interface 'JSX.IntrinsicElements' exists.
../247gbsaffiliates/app/for-agent/page.tsx(82,41): error TS7026: JSX element implicitly has type 'any' because no interface 'JSX.IntrinsicElements' exists.
../247gbsaffiliates/app/for-agent/page.tsx(83,37): error TS7026: JSX element implicitly has type 'any' because no interface 'JSX.IntrinsicElements' exists.
../247gbsaffiliates/app/for-agent/page.tsx(84,33): error TS7026: JSX element implicitly has type 'any' because no interface 'JSX.IntrinsicElements' exists.
../247gbsaffiliates/app/for-agent/page.tsx(86,25): error TS7026: JSX element implicitly has type 'any' because no interface 'JSX.IntrinsicElements' exists.
../247gbsaffiliates/app/for-agent/page.tsx(87,21): error TS7026: JSX element implicitly has type 'any' because no interface 'JSX.IntrinsicElements' exists.
../247gbsaffiliates/app/for-agent/page.tsx(88,17): error TS7026: JSX element implicitly has type 'any' because no interface 'JSX.IntrinsicElements' exists.
../247gbsaffiliates/app/for-agent/page.tsx(89,13): error TS7026: JSX element implicitly has type 'any' because no interface 'JSX.IntrinsicElements' exists.
../247gbsaffiliates/app/for-agent/page.tsx(92,13): error TS7026: JSX element implicitly has type 'any' because no interface 'JSX.IntrinsicElements' exists.
../247gbsaffiliates/app/for-agent/page.tsx(93,17): error TS7026: JSX element implicitly has type 'any' because no interface 'JSX.IntrinsicElements' exists.
../247gbsaffiliates/app/for-agent/page.tsx(94,21): error TS7026: JSX element implicitly has type 'any' because no interface 'JSX.IntrinsicElements' exists.
../247gbsaffiliates/app/for-agent/page.tsx(95,25): error TS7026: JSX element implicitly has type 'any' because no interface 'JSX.IntrinsicElements' exists.
../247gbsaffiliates/app/for-agent/page.tsx(95,140): error TS7026: JSX element implicitly has type 'any' because no interface 'JSX.IntrinsicElements' exists.
../247gbsaffiliates/app/for-agent/page.tsx(96,25): error TS7026: JSX element implicitly has type 'any' because no interface 'JSX.IntrinsicElements' exists.
../247gbsaffiliates/app/for-agent/page.tsx(96,188): error TS7026: JSX element implicitly has type 'any' because no interface 'JSX.IntrinsicElements' exists.
../247gbsaffiliates/app/for-agent/page.tsx(97,21): error TS7026: JSX element implicitly has type 'any' because no interface 'JSX.IntrinsicElements' exists.
../247gbsaffiliates/app/for-agent/page.tsx(98,21): error TS7026: JSX element implicitly has type 'any' because no interface 'JSX.IntrinsicElements' exists.
../247gbsaffiliates/app/for-agent/page.tsx(100,21): error TS7026: JSX element implicitly has type 'any' because no interface 'JSX.IntrinsicElements' exists.
../247gbsaffiliates/app/for-agent/page.tsx(101,17): error TS7026: JSX element implicitly has type 'any' because no interface 'JSX.IntrinsicElements' exists.
../247gbsaffiliates/app/for-agent/page.tsx(102,13): error TS7026: JSX element implicitly has type 'any' because no interface 'JSX.IntrinsicElements' exists.
../247gbsaffiliates/app/for-agent/page.tsx(105,9): error TS7026: JSX element implicitly has type 'any' because no interface 'JSX.IntrinsicElements' exists.
../247gbsaffiliates/app/for-consultant/page.tsx(1,18): error TS2307: Cannot find module 'next/link' or its corresponding type declarations.
../247gbsaffiliates/app/for-consultant/page.tsx(2,19): error TS2307: Cannot find module 'next/image' or its corresponding type declarations.
../247gbsaffiliates/app/for-consultant/page.tsx(8,9): error TS7026: JSX element implicitly has type 'any' because no interface 'JSX.IntrinsicElements' exists.
../247gbsaffiliates/app/for-consultant/page.tsx(8,9): error TS2875: This JSX tag requires the module path 'react/jsx-runtime' to exist, but none could be found. Make sure you have types for the appropriate package installed.
../247gbsaffiliates/app/for-consultant/page.tsx(12,13): error TS7026: JSX element implicitly has type 'any' because no interface 'JSX.IntrinsicElements' exists.
../247gbsaffiliates/app/for-consultant/page.tsx(13,17): error TS7026: JSX element implicitly has type 'any' because no interface 'JSX.IntrinsicElements' exists.
../247gbsaffiliates/app/for-consultant/page.tsx(14,21): error TS7026: JSX element implicitly has type 'any' because no interface 'JSX.IntrinsicElements' exists.
../247gbsaffiliates/app/for-consultant/page.tsx(15,25): error TS7026: JSX element implicitly has type 'any' because no interface 'JSX.IntrinsicElements' exists.
../247gbsaffiliates/app/for-consultant/page.tsx(15,218): error TS7026: JSX element implicitly has type 'any' because no interface 'JSX.IntrinsicElements' exists.
../247gbsaffiliates/app/for-consultant/page.tsx(16,25): error TS7026: JSX element implicitly has type 'any' because no interface 'JSX.IntrinsicElements' exists.
../247gbsaffiliates/app/for-consultant/page.tsx(16,113): error TS7026: JSX element implicitly has type 'any' because no interface 'JSX.IntrinsicElements' exists.
../247gbsaffiliates/app/for-consultant/page.tsx(18,25): error TS7026: JSX element implicitly has type 'any' because no interface 'JSX.IntrinsicElements' exists.
../247gbsaffiliates/app/for-consultant/page.tsx(19,29): error TS7026: JSX element implicitly has type 'any' because no interface 'JSX.IntrinsicElements' exists.
../247gbsaffiliates/app/for-consultant/page.tsx(19,140): error TS7026: JSX element implicitly has type 'any' because no interface 'JSX.IntrinsicElements' exists.
../247gbsaffiliates/app/for-consultant/page.tsx(20,29): error TS7026: JSX element implicitly has type 'any' because no interface 'JSX.IntrinsicElements' exists.
../247gbsaffiliates/app/for-consultant/page.tsx(22,29): error TS7026: JSX element implicitly has type 'any' because no interface 'JSX.IntrinsicElements' exists.
../247gbsaffiliates/app/for-consultant/page.tsx(23,29): error TS7026: JSX element implicitly has type 'any' because no interface 'JSX.IntrinsicElements' exists.
../247gbsaffiliates/app/for-consultant/page.tsx(25,29): error TS7026: JSX element implicitly has type 'any' because no interface 'JSX.IntrinsicElements' exists.
../247gbsaffiliates/app/for-consultant/page.tsx(28,33): error TS7026: JSX element implicitly has type 'any' because no interface 'JSX.IntrinsicElements' exists.
../247gbsaffiliates/app/for-consultant/page.tsx(28,95): error TS7026: JSX element implicitly has type 'any' because no interface 'JSX.IntrinsicElements' exists.
../247gbsaffiliates/app/for-consultant/page.tsx(30,25): error TS7026: JSX element implicitly has type 'any' because no interface 'JSX.IntrinsicElements' exists.
../247gbsaffiliates/app/for-consultant/page.tsx(31,21): error TS7026: JSX element implicitly has type 'any' because no interface 'JSX.IntrinsicElements' exists.
../247gbsaffiliates/app/for-consultant/page.tsx(32,17): error TS7026: JSX element implicitly has type 'any' because no interface 'JSX.IntrinsicElements' exists.
../247gbsaffiliates/app/for-consultant/page.tsx(33,13): error TS7026: JSX element implicitly has type 'any' because no interface 'JSX.IntrinsicElements' exists.
../247gbsaffiliates/app/for-consultant/page.tsx(36,13): error TS7026: JSX element implicitly has type 'any' because no interface 'JSX.IntrinsicElements' exists.
../247gbsaffiliates/app/for-consultant/page.tsx(37,17): error TS7026: JSX element implicitly has type 'any' because no interface 'JSX.IntrinsicElements' exists.
../247gbsaffiliates/app/for-consultant/page.tsx(38,21): error TS7026: JSX element implicitly has type 'any' because no interface 'JSX.IntrinsicElements' exists.
../247gbsaffiliates/app/for-consultant/page.tsx(39,25): error TS7026: JSX element implicitly has type 'any' because no interface 'JSX.IntrinsicElements' exists.
../247gbsaffiliates/app/for-consultant/page.tsx(39,88): error TS7026: JSX element implicitly has type 'any' because no interface 'JSX.IntrinsicElements' exists.
../247gbsaffiliates/app/for-consultant/page.tsx(40,25): error TS7026: JSX element implicitly has type 'any' because no interface 'JSX.IntrinsicElements' exists.
../247gbsaffiliates/app/for-consultant/page.tsx(40,115): error TS7026: JSX element implicitly has type 'any' because no interface 'JSX.IntrinsicElements' exists.
../247gbsaffiliates/app/for-consultant/page.tsx(41,21): error TS7026: JSX element implicitly has type 'any' because no interface 'JSX.IntrinsicElements' exists.
../247gbsaffiliates/app/for-consultant/page.tsx(42,21): error TS7026: JSX element implicitly has type 'any' because no interface 'JSX.IntrinsicElements' exists.
../247gbsaffiliates/app/for-consultant/page.tsx(43,25): error TS7026: JSX element implicitly has type 'any' because no interface 'JSX.IntrinsicElements' exists.
../247gbsaffiliates/app/for-consultant/page.tsx(43,88): error TS7026: JSX element implicitly has type 'any' because no interface 'JSX.IntrinsicElements' exists.
../247gbsaffiliates/app/for-consultant/page.tsx(44,25): error TS7026: JSX element implicitly has type 'any' because no interface 'JSX.IntrinsicElements' exists.
../247gbsaffiliates/app/for-consultant/page.tsx(44,113): error TS7026: JSX element implicitly has type 'any' because no interface 'JSX.IntrinsicElements' exists.
../247gbsaffiliates/app/for-consultant/page.tsx(45,21): error TS7026: JSX element implicitly has type 'any' because no interface 'JSX.IntrinsicElements' exists.
../247gbsaffiliates/app/for-consultant/page.tsx(46,21): error TS7026: JSX element implicitly has type 'any' because no interface 'JSX.IntrinsicElements' exists.
../247gbsaffiliates/app/for-consultant/page.tsx(47,25): error TS7026: JSX element implicitly has type 'any' because no interface 'JSX.IntrinsicElements' exists.
../247gbsaffiliates/app/for-consultant/page.tsx(47,87): error TS7026: JSX element implicitly has type 'any' because no interface 'JSX.IntrinsicElements' exists.
../247gbsaffiliates/app/for-consultant/page.tsx(48,25): error TS7026: JSX element implicitly has type 'any' because no interface 'JSX.IntrinsicElements' exists.
../247gbsaffiliates/app/for-consultant/page.tsx(48,117): error TS7026: JSX element implicitly has type 'any' because no interface 'JSX.IntrinsicElements' exists.
../247gbsaffiliates/app/for-consultant/page.tsx(49,21): error TS7026: JSX element implicitly has type 'any' because no interface 'JSX.IntrinsicElements' exists.
../247gbsaffiliates/app/for-consultant/page.tsx(50,17): error TS7026: JSX element implicitly has type 'any' because no interface 'JSX.IntrinsicElements' exists.
../247gbsaffiliates/app/for-consultant/page.tsx(51,13): error TS7026: JSX element implicitly has type 'any' because no interface 'JSX.IntrinsicElements' exists.
../247gbsaffiliates/app/for-consultant/page.tsx(54,13): error TS7026: JSX element implicitly has type 'any' because no interface 'JSX.IntrinsicElements' exists.
../247gbsaffiliates/app/for-consultant/page.tsx(55,17): error TS7026: JSX element implicitly has type 'any' because no interface 'JSX.IntrinsicElements' exists.
../247gbsaffiliates/app/for-consultant/page.tsx(56,21): error TS7026: JSX element implicitly has type 'any' because no interface 'JSX.IntrinsicElements' exists.
../247gbsaffiliates/app/for-consultant/page.tsx(57,25): error TS7026: JSX element implicitly has type 'any' because no interface 'JSX.IntrinsicElements' exists.
../247gbsaffiliates/app/for-consultant/page.tsx(58,29): error TS7026: JSX element implicitly has type 'any' because no interface 'JSX.IntrinsicElements' exists.
../247gbsaffiliates/app/for-consultant/page.tsx(58,115): error TS7026: JSX element implicitly has type 'any' because no interface 'JSX.IntrinsicElements' exists.
../247gbsaffiliates/app/for-consultant/page.tsx(59,29): error TS7026: JSX element implicitly has type 'any' because no interface 'JSX.IntrinsicElements' exists.
../247gbsaffiliates/app/for-consultant/page.tsx(61,29): error TS7026: JSX element implicitly has type 'any' because no interface 'JSX.IntrinsicElements' exists.
../247gbsaffiliates/app/for-consultant/page.tsx(62,29): error TS7026: JSX element implicitly has type 'any' because no interface 'JSX.IntrinsicElements' exists.
../247gbsaffiliates/app/for-consultant/page.tsx(64,29): error TS7026: JSX element implicitly has type 'any' because no interface 'JSX.IntrinsicElements' exists.
../247gbsaffiliates/app/for-consultant/page.tsx(65,25): error TS7026: JSX element implicitly has type 'any' because no interface 'JSX.IntrinsicElements' exists.
../247gbsaffiliates/app/for-consultant/page.tsx(67,25): error TS7026: JSX element implicitly has type 'any' because no interface 'JSX.IntrinsicElements' exists.
../247gbsaffiliates/app/for-consultant/page.tsx(73,33): error TS7026: JSX element implicitly has type 'any' because no interface 'JSX.IntrinsicElements' exists.
../247gbsaffiliates/app/for-consultant/page.tsx(74,37): error TS7026: JSX element implicitly has type 'any' because no interface 'JSX.IntrinsicElements' exists.
../247gbsaffiliates/app/for-consultant/page.tsx(74,170): error TS7026: JSX element implicitly has type 'any' because no interface 'JSX.IntrinsicElements' exists.
../247gbsaffiliates/app/for-consultant/page.tsx(75,37): error TS7026: JSX element implicitly has type 'any' because no interface 'JSX.IntrinsicElements' exists.
../247gbsaffiliates/app/for-consultant/page.tsx(76,41): error TS7026: JSX element implicitly has type 'any' because no interface 'JSX.IntrinsicElements' exists.
../247gbsaffiliates/app/for-consultant/page.tsx(76,108): error TS7026: JSX element implicitly has type 'any' because no interface 'JSX.IntrinsicElements' exists.
../247gbsaffiliates/app/for-consultant/page.tsx(77,37): error TS7026: JSX element implicitly has type 'any' because no interface 'JSX.IntrinsicElements' exists.
../247gbsaffiliates/app/for-consultant/page.tsx(78,37): error TS7026: JSX element implicitly has type 'any' because no interface 'JSX.IntrinsicElements' exists.
../247gbsaffiliates/app/for-consultant/page.tsx(79,41): error TS7026: JSX element implicitly has type 'any' because no interface 'JSX.IntrinsicElements' exists.
../247gbsaffiliates/app/for-consultant/page.tsx(79,134): error TS7026: JSX element implicitly has type 'any' because no interface 'JSX.IntrinsicElements' exists.
../247gbsaffiliates/app/for-consultant/page.tsx(80,41): error TS7026: JSX element implicitly has type 'any' because no interface 'JSX.IntrinsicElements' exists.
../247gbsaffiliates/app/for-consultant/page.tsx(82,41): error TS7026: JSX element implicitly has type 'any' because no interface 'JSX.IntrinsicElements' exists.
../247gbsaffiliates/app/for-consultant/page.tsx(83,37): error TS7026: JSX element implicitly has type 'any' because no interface 'JSX.IntrinsicElements' exists.
../247gbsaffiliates/app/for-consultant/page.tsx(84,33): error TS7026: JSX element implicitly has type 'any' because no interface 'JSX.IntrinsicElements' exists.
../247gbsaffiliates/app/for-consultant/page.tsx(86,25): error TS7026: JSX element implicitly has type 'any' because no interface 'JSX.IntrinsicElements' exists.
../247gbsaffiliates/app/for-consultant/page.tsx(87,21): error TS7026: JSX element implicitly has type 'any' because no interface 'JSX.IntrinsicElements' exists.
../247gbsaffiliates/app/for-consultant/page.tsx(88,17): error TS7026: JSX element implicitly has type 'any' because no interface 'JSX.IntrinsicElements' exists.
../247gbsaffiliates/app/for-consultant/page.tsx(89,13): error TS7026: JSX element implicitly has type 'any' because no interface 'JSX.IntrinsicElements' exists.
../247gbsaffiliates/app/for-consultant/page.tsx(92,13): error TS7026: JSX element implicitly has type 'any' because no interface 'JSX.IntrinsicElements' exists.
../247gbsaffiliates/app/for-consultant/page.tsx(93,17): error TS7026: JSX element implicitly has type 'any' because no interface 'JSX.IntrinsicElements' exists.
../247gbsaffiliates/app/for-consultant/page.tsx(94,21): error TS7026: JSX element implicitly has type 'any' because no interface 'JSX.IntrinsicElements' exists.
../247gbsaffiliates/app/for-consultant/page.tsx(95,25): error TS7026: JSX element implicitly has type 'any' because no interface 'JSX.IntrinsicElements' exists.
../247gbsaffiliates/app/for-consultant/page.tsx(95,148): error TS7026: JSX element implicitly has type 'any' because no interface 'JSX.IntrinsicElements' exists.
../247gbsaffiliates/app/for-consultant/page.tsx(96,25): error TS7026: JSX element implicitly has type 'any' because no interface 'JSX.IntrinsicElements' exists.
../247gbsaffiliates/app/for-consultant/page.tsx(96,172): error TS7026: JSX element implicitly has type 'any' because no interface 'JSX.IntrinsicElements' exists.
../247gbsaffiliates/app/for-consultant/page.tsx(97,21): error TS7026: JSX element implicitly has type 'any' because no interface 'JSX.IntrinsicElements' exists.
../247gbsaffiliates/app/for-consultant/page.tsx(98,21): error TS7026: JSX element implicitly has type 'any' because no interface 'JSX.IntrinsicElements' exists.
../247gbsaffiliates/app/for-consultant/page.tsx(100,21): error TS7026: JSX element implicitly has type 'any' because no interface 'JSX.IntrinsicElements' exists.
../247gbsaffiliates/app/for-consultant/page.tsx(101,17): error TS7026: JSX element implicitly has type 'any' because no interface 'JSX.IntrinsicElements' exists.
../247gbsaffiliates/app/for-consultant/page.tsx(102,13): error TS7026: JSX element implicitly has type 'any' because no interface 'JSX.IntrinsicElements' exists.
../247gbsaffiliates/app/for-consultant/page.tsx(105,9): error TS7026: JSX element implicitly has type 'any' because no interface 'JSX.IntrinsicElements' exists.
../247gbsaffiliates/app/layout.tsx(1,31): error TS2307: Cannot find module 'next' or its corresponding type declarations.
../247gbsaffiliates/app/layout.tsx(2,31): error TS2307: Cannot find module 'next/font/google' or its corresponding type declarations.
../247gbsaffiliates/app/layout.tsx(25,32): error TS2307: Cannot find module 'react-toastify' or its corresponding type declarations.
../247gbsaffiliates/app/layout.tsx(31,13): error TS2503: Cannot find namespace 'React'.
../247gbsaffiliates/app/layout.tsx(34,5): error TS7026: JSX element implicitly has type 'any' because no interface 'JSX.IntrinsicElements' exists.
../247gbsaffiliates/app/layout.tsx(34,5): error TS2875: This JSX tag requires the module path 'react/jsx-runtime' to exist, but none could be found. Make sure you have types for the appropriate package installed.
../247gbsaffiliates/app/layout.tsx(35,7): error TS7026: JSX element implicitly has type 'any' because no interface 'JSX.IntrinsicElements' exists.
../247gbsaffiliates/app/layout.tsx(36,9): error TS7026: JSX element implicitly has type 'any' because no interface 'JSX.IntrinsicElements' exists.
../247gbsaffiliates/app/layout.tsx(37,9): error TS7026: JSX element implicitly has type 'any' because no interface 'JSX.IntrinsicElements' exists.
../247gbsaffiliates/app/layout.tsx(38,7): error TS7026: JSX element implicitly has type 'any' because no interface 'JSX.IntrinsicElements' exists.
../247gbsaffiliates/app/layout.tsx(39,7): error TS7026: JSX element implicitly has type 'any' because no interface 'JSX.IntrinsicElements' exists.
../247gbsaffiliates/app/layout.tsx(47,7): error TS7026: JSX element implicitly has type 'any' because no interface 'JSX.IntrinsicElements' exists.
../247gbsaffiliates/app/layout.tsx(48,5): error TS7026: JSX element implicitly has type 'any' because no interface 'JSX.IntrinsicElements' exists.
../247gbsaffiliates/app/learning/agent/page.tsx(3,19): error TS2307: Cannot find module 'react' or its corresponding type declarations.
../247gbsaffiliates/app/learning/agent/page.tsx(4,19): error TS2307: Cannot find module 'next/image' or its corresponding type declarations.
../247gbsaffiliates/app/learning/agent/page.tsx(8,9): error TS7026: JSX element implicitly has type 'any' because no interface 'JSX.IntrinsicElements' exists.
../247gbsaffiliates/app/learning/agent/page.tsx(8,9): error TS2875: This JSX tag requires the module path 'react/jsx-runtime' to exist, but none could be found. Make sure you have types for the appropriate package installed.
../247gbsaffiliates/app/learning/agent/page.tsx(10,13): error TS7026: JSX element implicitly has type 'any' because no interface 'JSX.IntrinsicElements' exists.
../247gbsaffiliates/app/learning/agent/page.tsx(11,17): error TS7026: JSX element implicitly has type 'any' because no interface 'JSX.IntrinsicElements' exists.
../247gbsaffiliates/app/learning/agent/page.tsx(12,21): error TS7026: JSX element implicitly has type 'any' because no interface 'JSX.IntrinsicElements' exists.
../247gbsaffiliates/app/learning/agent/page.tsx(13,25): error TS7026: JSX element implicitly has type 'any' because no interface 'JSX.IntrinsicElements' exists.
../247gbsaffiliates/app/learning/agent/page.tsx(14,29): error TS7026: JSX element implicitly has type 'any' because no interface 'JSX.IntrinsicElements' exists.
../247gbsaffiliates/app/learning/agent/page.tsx(15,33): error TS7026: JSX element implicitly has type 'any' because no interface 'JSX.IntrinsicElements' exists.
../247gbsaffiliates/app/learning/agent/page.tsx(16,37): error TS7026: JSX element implicitly has type 'any' because no interface 'JSX.IntrinsicElements' exists.
../247gbsaffiliates/app/learning/agent/page.tsx(16,160): error TS7026: JSX element implicitly has type 'any' because no interface 'JSX.IntrinsicElements' exists.
../247gbsaffiliates/app/learning/agent/page.tsx(17,33): error TS7026: JSX element implicitly has type 'any' because no interface 'JSX.IntrinsicElements' exists.
../247gbsaffiliates/app/learning/agent/page.tsx(18,29): error TS7026: JSX element implicitly has type 'any' because no interface 'JSX.IntrinsicElements' exists.
../247gbsaffiliates/app/learning/agent/page.tsx(19,29): error TS7026: JSX element implicitly has type 'any' because no interface 'JSX.IntrinsicElements' exists.
../247gbsaffiliates/app/learning/agent/page.tsx(19,84): error TS7026: JSX element implicitly has type 'any' because no interface 'JSX.IntrinsicElements' exists.
../247gbsaffiliates/app/learning/agent/page.tsx(20,25): error TS7026: JSX element implicitly has type 'any' because no interface 'JSX.IntrinsicElements' exists.
../247gbsaffiliates/app/learning/agent/page.tsx(21,25): error TS7026: JSX element implicitly has type 'any' because no interface 'JSX.IntrinsicElements' exists.
../247gbsaffiliates/app/learning/agent/page.tsx(22,29): error TS7026: JSX element implicitly has type 'any' because no interface 'JSX.IntrinsicElements' exists.
../247gbsaffiliates/app/learning/agent/page.tsx(22,178): error TS7026: JSX element implicitly has type 'any' because no interface 'JSX.IntrinsicElements' exists.
../247gbsaffiliates/app/learning/agent/page.tsx(23,29): error TS7026: JSX element implicitly has type 'any' because no interface 'JSX.IntrinsicElements' exists.
../247gbsaffiliates/app/learning/agent/page.tsx(23,100): error TS7026: JSX element implicitly has type 'any' because no interface 'JSX.IntrinsicElements' exists.
../247gbsaffiliates/app/learning/agent/page.tsx(24,29): error TS7026: JSX element implicitly has type 'any' because no interface 'JSX.IntrinsicElements' exists.
../247gbsaffiliates/app/learning/agent/page.tsx(24,183): error TS7026: JSX element implicitly has type 'any' because no interface 'JSX.IntrinsicElements' exists.
../247gbsaffiliates/app/learning/agent/page.tsx(25,25): error TS7026: JSX element implicitly has type 'any' because no interface 'JSX.IntrinsicElements' exists.
../247gbsaffiliates/app/learning/agent/page.tsx(26,21): error TS7026: JSX element implicitly has type 'any' because no interface 'JSX.IntrinsicElements' exists.
../247gbsaffiliates/app/learning/agent/page.tsx(27,21): error TS7026: JSX element implicitly has type 'any' because no interface 'JSX.IntrinsicElements' exists.
../247gbsaffiliates/app/learning/agent/page.tsx(28,25): error TS7026: JSX element implicitly has type 'any' because no interface 'JSX.IntrinsicElements' exists.
../247gbsaffiliates/app/learning/agent/page.tsx(29,29): error TS7026: JSX element implicitly has type 'any' because no interface 'JSX.IntrinsicElements' exists.
../247gbsaffiliates/app/learning/agent/page.tsx(30,33): error TS7026: JSX element implicitly has type 'any' because no interface 'JSX.IntrinsicElements' exists.
../247gbsaffiliates/app/learning/agent/page.tsx(30,95): error TS7026: JSX element implicitly has type 'any' because no interface 'JSX.IntrinsicElements' exists.
../247gbsaffiliates/app/learning/agent/page.tsx(31,29): error TS7026: JSX element implicitly has type 'any' because no interface 'JSX.IntrinsicElements' exists.
../247gbsaffiliates/app/learning/agent/page.tsx(32,29): error TS7026: JSX element implicitly has type 'any' because no interface 'JSX.IntrinsicElements' exists.
../247gbsaffiliates/app/learning/agent/page.tsx(33,25): error TS7026: JSX element implicitly has type 'any' because no interface 'JSX.IntrinsicElements' exists.
../247gbsaffiliates/app/learning/agent/page.tsx(34,25): error TS7026: JSX element implicitly has type 'any' because no interface 'JSX.IntrinsicElements' exists.
../247gbsaffiliates/app/learning/agent/page.tsx(34,503): error TS7026: JSX element implicitly has type 'any' because no interface 'JSX.IntrinsicElements' exists.
../247gbsaffiliates/app/learning/agent/page.tsx(35,21): error TS7026: JSX element implicitly has type 'any' because no interface 'JSX.IntrinsicElements' exists.
../247gbsaffiliates/app/learning/agent/page.tsx(36,17): error TS7026: JSX element implicitly has type 'any' because no interface 'JSX.IntrinsicElements' exists.
../247gbsaffiliates/app/learning/agent/page.tsx(37,13): error TS7026: JSX element implicitly has type 'any' because no interface 'JSX.IntrinsicElements' exists.
../247gbsaffiliates/app/learning/agent/page.tsx(40,13): error TS7026: JSX element implicitly has type 'any' because no interface 'JSX.IntrinsicElements' exists.
../247gbsaffiliates/app/learning/agent/page.tsx(42,17): error TS7026: JSX element implicitly has type 'any' because no interface 'JSX.IntrinsicElements' exists.
../247gbsaffiliates/app/learning/agent/page.tsx(44,21): error TS7026: JSX element implicitly has type 'any' because no interface 'JSX.IntrinsicElements' exists.
../247gbsaffiliates/app/learning/agent/page.tsx(45,25): error TS7026: JSX element implicitly has type 'any' because no interface 'JSX.IntrinsicElements' exists.
../247gbsaffiliates/app/learning/agent/page.tsx(46,29): error TS7026: JSX element implicitly has type 'any' because no interface 'JSX.IntrinsicElements' exists.
../247gbsaffiliates/app/learning/agent/page.tsx(46,88): error TS7026: JSX element implicitly has type 'any' because no interface 'JSX.IntrinsicElements' exists.
../247gbsaffiliates/app/learning/agent/page.tsx(47,25): error TS7026: JSX element implicitly has type 'any' because no interface 'JSX.IntrinsicElements' exists.
../247gbsaffiliates/app/learning/agent/page.tsx(48,25): error TS7026: JSX element implicitly has type 'any' because no interface 'JSX.IntrinsicElements' exists.
../247gbsaffiliates/app/learning/agent/page.tsx(49,41): error TS7026: JSX element implicitly has type 'any' because no interface 'JSX.IntrinsicElements' exists.
../247gbsaffiliates/app/learning/agent/page.tsx(50,25): error TS7026: JSX element implicitly has type 'any' because no interface 'JSX.IntrinsicElements' exists.
../247gbsaffiliates/app/learning/agent/page.tsx(51,25): error TS7026: JSX element implicitly has type 'any' because no interface 'JSX.IntrinsicElements' exists.
../247gbsaffiliates/app/learning/agent/page.tsx(53,25): error TS7026: JSX element implicitly has type 'any' because no interface 'JSX.IntrinsicElements' exists.
../247gbsaffiliates/app/learning/agent/page.tsx(54,25): error TS7026: JSX element implicitly has type 'any' because no interface 'JSX.IntrinsicElements' exists.
../247gbsaffiliates/app/learning/agent/page.tsx(55,29): error TS7026: JSX element implicitly has type 'any' because no interface 'JSX.IntrinsicElements' exists.
../247gbsaffiliates/app/learning/agent/page.tsx(56,33): error TS7026: JSX element implicitly has type 'any' because no interface 'JSX.IntrinsicElements' exists.
../247gbsaffiliates/app/learning/agent/page.tsx(56,109): error TS7026: JSX element implicitly has type 'any' because no interface 'JSX.IntrinsicElements' exists.
../247gbsaffiliates/app/learning/agent/page.tsx(57,33): error TS7026: JSX element implicitly has type 'any' because no interface 'JSX.IntrinsicElements' exists.
../247gbsaffiliates/app/learning/agent/page.tsx(57,164): error TS7026: JSX element implicitly has type 'any' because no interface 'JSX.IntrinsicElements' exists.
../247gbsaffiliates/app/learning/agent/page.tsx(58,29): error TS7026: JSX element implicitly has type 'any' because no interface 'JSX.IntrinsicElements' exists.
../247gbsaffiliates/app/learning/agent/page.tsx(59,29): error TS7026: JSX element implicitly has type 'any' because no interface 'JSX.IntrinsicElements' exists.
../247gbsaffiliates/app/learning/agent/page.tsx(59,176): error TS7026: JSX element implicitly has type 'any' because no interface 'JSX.IntrinsicElements' exists.
../247gbsaffiliates/app/learning/agent/page.tsx(60,25): error TS7026: JSX element implicitly has type 'any' because no interface 'JSX.IntrinsicElements' exists.
../247gbsaffiliates/app/learning/agent/page.tsx(61,21): error TS7026: JSX element implicitly has type 'any' because no interface 'JSX.IntrinsicElements' exists.
../247gbsaffiliates/app/learning/agent/page.tsx(63,21): error TS7026: JSX element implicitly has type 'any' because no interface 'JSX.IntrinsicElements' exists.
../247gbsaffiliates/app/learning/agent/page.tsx(64,25): error TS7026: JSX element implicitly has type 'any' because no interface 'JSX.IntrinsicElements' exists.
../247gbsaffiliates/app/learning/agent/page.tsx(66,29): error TS7026: JSX element implicitly has type 'any' because no interface 'JSX.IntrinsicElements' exists.
../247gbsaffiliates/app/learning/agent/page.tsx(66,126): error TS7026: JSX element implicitly has type 'any' because no interface 'JSX.IntrinsicElements' exists.
../247gbsaffiliates/app/learning/agent/page.tsx(67,29): error TS7026: JSX element implicitly has type 'any' because no interface 'JSX.IntrinsicElements' exists.
../247gbsaffiliates/app/learning/agent/page.tsx(68,33): error TS7026: JSX element implicitly has type 'any' because no interface 'JSX.IntrinsicElements' exists.
../247gbsaffiliates/app/learning/agent/page.tsx(69,37): error TS7026: JSX element implicitly has type 'any' because no interface 'JSX.IntrinsicElements' exists.
../247gbsaffiliates/app/learning/agent/page.tsx(69,119): error TS7026: JSX element implicitly has type 'any' because no interface 'JSX.IntrinsicElements' exists.
../247gbsaffiliates/app/learning/agent/page.tsx(70,37): error TS7026: JSX element implicitly has type 'any' because no interface 'JSX.IntrinsicElements' exists.
../247gbsaffiliates/app/learning/agent/page.tsx(70,124): error TS7026: JSX element implicitly has type 'any' because no interface 'JSX.IntrinsicElements' exists.
../247gbsaffiliates/app/learning/agent/page.tsx(71,33): error TS7026: JSX element implicitly has type 'any' because no interface 'JSX.IntrinsicElements' exists.
../247gbsaffiliates/app/learning/agent/page.tsx(72,33): error TS7026: JSX element implicitly has type 'any' because no interface 'JSX.IntrinsicElements' exists.
../247gbsaffiliates/app/learning/agent/page.tsx(73,37): error TS7026: JSX element implicitly has type 'any' because no interface 'JSX.IntrinsicElements' exists.
../247gbsaffiliates/app/learning/agent/page.tsx(73,86): error TS7026: JSX element implicitly has type 'any' because no interface 'JSX.IntrinsicElements' exists.
../247gbsaffiliates/app/learning/agent/page.tsx(74,33): error TS7026: JSX element implicitly has type 'any' because no interface 'JSX.IntrinsicElements' exists.
../247gbsaffiliates/app/learning/agent/page.tsx(75,29): error TS7026: JSX element implicitly has type 'any' because no interface 'JSX.IntrinsicElements' exists.
../247gbsaffiliates/app/learning/agent/page.tsx(76,29): error TS7026: JSX element implicitly has type 'any' because no interface 'JSX.IntrinsicElements' exists.
../247gbsaffiliates/app/learning/agent/page.tsx(78,33): error TS7026: JSX element implicitly has type 'any' because no interface 'JSX.IntrinsicElements' exists.
../247gbsaffiliates/app/learning/agent/page.tsx(79,37): error TS7026: JSX element implicitly has type 'any' because no interface 'JSX.IntrinsicElements' exists.
../247gbsaffiliates/app/learning/agent/page.tsx(80,41): error TS7026: JSX element implicitly has type 'any' because no interface 'JSX.IntrinsicElements' exists.
../247gbsaffiliates/app/learning/agent/page.tsx(80,93): error TS7026: JSX element implicitly has type 'any' because no interface 'JSX.IntrinsicElements' exists.
../247gbsaffiliates/app/learning/agent/page.tsx(81,37): error TS7026: JSX element implicitly has type 'any' because no interface 'JSX.IntrinsicElements' exists.
../247gbsaffiliates/app/learning/agent/page.tsx(82,37): error TS7026: JSX element implicitly has type 'any' because no interface 'JSX.IntrinsicElements' exists.
../247gbsaffiliates/app/learning/agent/page.tsx(82,139): error TS7026: JSX element implicitly has type 'any' because no interface 'JSX.IntrinsicElements' exists.
../247gbsaffiliates/app/learning/agent/page.tsx(83,33): error TS7026: JSX element implicitly has type 'any' because no interface 'JSX.IntrinsicElements' exists.
../247gbsaffiliates/app/learning/agent/page.tsx(85,33): error TS7026: JSX element implicitly has type 'any' because no interface 'JSX.IntrinsicElements' exists.
../247gbsaffiliates/app/learning/agent/page.tsx(86,37): error TS7026: JSX element implicitly has type 'any' because no interface 'JSX.IntrinsicElements' exists.
../247gbsaffiliates/app/learning/agent/page.tsx(86,91): error TS7026: JSX element implicitly has type 'any' because no interface 'JSX.IntrinsicElements' exists.
../247gbsaffiliates/app/learning/agent/page.tsx(87,33): error TS7026: JSX element implicitly has type 'any' because no interface 'JSX.IntrinsicElements' exists.
../247gbsaffiliates/app/learning/agent/page.tsx(89,33): error TS7026: JSX element implicitly has type 'any' because no interface 'JSX.IntrinsicElements' exists.
../247gbsaffiliates/app/learning/agent/page.tsx(90,37): error TS7026: JSX element implicitly has type 'any' because no interface 'JSX.IntrinsicElements' exists.
../247gbsaffiliates/app/learning/agent/page.tsx(91,41): error TS7026: JSX element implicitly has type 'any' because no interface 'JSX.IntrinsicElements' exists.
../247gbsaffiliates/app/learning/agent/page.tsx(91,93): error TS7026: JSX element implicitly has type 'any' because no interface 'JSX.IntrinsicElements' exists.
../247gbsaffiliates/app/learning/agent/page.tsx(92,37): error TS7026: JSX element implicitly has type 'any' because no interface 'JSX.IntrinsicElements' exists.
../247gbsaffiliates/app/learning/agent/page.tsx(93,37): error TS7026: JSX element implicitly has type 'any' because no interface 'JSX.IntrinsicElements' exists.
../247gbsaffiliates/app/learning/agent/page.tsx(93,138): error TS7026: JSX element implicitly has type 'any' because no interface 'JSX.IntrinsicElements' exists.
../247gbsaffiliates/app/learning/agent/page.tsx(94,33): error TS7026: JSX element implicitly has type 'any' because no interface 'JSX.IntrinsicElements' exists.
../247gbsaffiliates/app/learning/agent/page.tsx(96,33): error TS7026: JSX element implicitly has type 'any' because no interface 'JSX.IntrinsicElements' exists.
../247gbsaffiliates/app/learning/agent/page.tsx(97,37): error TS7026: JSX element implicitly has type 'any' because no interface 'JSX.IntrinsicElements' exists.
../247gbsaffiliates/app/learning/agent/page.tsx(97,91): error TS7026: JSX element implicitly has type 'any' because no interface 'JSX.IntrinsicElements' exists.
../247gbsaffiliates/app/learning/agent/page.tsx(98,33): error TS7026: JSX element implicitly has type 'any' because no interface 'JSX.IntrinsicElements' exists.
../247gbsaffiliates/app/learning/agent/page.tsx(100,33): error TS7026: JSX element implicitly has type 'any' because no interface 'JSX.IntrinsicElements' exists.
../247gbsaffiliates/app/learning/agent/page.tsx(101,37): error TS7026: JSX element implicitly has type 'any' because no interface 'JSX.IntrinsicElements' exists.
../247gbsaffiliates/app/learning/agent/page.tsx(102,41): error TS7026: JSX element implicitly has type 'any' because no interface 'JSX.IntrinsicElements' exists.
../247gbsaffiliates/app/learning/agent/page.tsx(102,93): error TS7026: JSX element implicitly has type 'any' because no interface 'JSX.IntrinsicElements' exists.
../247gbsaffiliates/app/learning/agent/page.tsx(103,37): error TS7026: JSX element implicitly has type 'any' because no interface 'JSX.IntrinsicElements' exists.
../247gbsaffiliates/app/learning/agent/page.tsx(104,37): error TS7026: JSX element implicitly has type 'any' because no interface 'JSX.IntrinsicElements' exists.
../247gbsaffiliates/app/learning/agent/page.tsx(104,138): error TS7026: JSX element implicitly has type 'any' because no interface 'JSX.IntrinsicElements' exists.
../247gbsaffiliates/app/learning/agent/page.tsx(105,33): error TS7026: JSX element implicitly has type 'any' because no interface 'JSX.IntrinsicElements' exists.
../247gbsaffiliates/app/learning/agent/page.tsx(106,29): error TS7026: JSX element implicitly has type 'any' because no interface 'JSX.IntrinsicElements' exists.
../247gbsaffiliates/app/learning/agent/page.tsx(107,25): error TS7026: JSX element implicitly has type 'any' because no interface 'JSX.IntrinsicElements' exists.
../247gbsaffiliates/app/learning/agent/page.tsx(108,21): error TS7026: JSX element implicitly has type 'any' because no interface 'JSX.IntrinsicElements' exists.
../247gbsaffiliates/app/learning/agent/page.tsx(109,17): error TS7026: JSX element implicitly has type 'any' because no interface 'JSX.IntrinsicElements' exists.
../247gbsaffiliates/app/learning/agent/page.tsx(112,17): error TS7026: JSX element implicitly has type 'any' because no interface 'JSX.IntrinsicElements' exists.
../247gbsaffiliates/app/learning/agent/page.tsx(113,21): error TS7026: JSX element implicitly has type 'any' because no interface 'JSX.IntrinsicElements' exists.
../247gbsaffiliates/app/learning/agent/page.tsx(114,25): error TS7026: JSX element implicitly has type 'any' because no interface 'JSX.IntrinsicElements' exists.
../247gbsaffiliates/app/learning/agent/page.tsx(116,29): error TS7026: JSX element implicitly has type 'any' because no interface 'JSX.IntrinsicElements' exists.
../247gbsaffiliates/app/learning/agent/page.tsx(116,163): error TS7026: JSX element implicitly has type 'any' because no interface 'JSX.IntrinsicElements' exists.
../247gbsaffiliates/app/learning/agent/page.tsx(117,25): error TS7026: JSX element implicitly has type 'any' because no interface 'JSX.IntrinsicElements' exists.
../247gbsaffiliates/app/learning/agent/page.tsx(118,25): error TS7026: JSX element implicitly has type 'any' because no interface 'JSX.IntrinsicElements' exists.
../247gbsaffiliates/app/learning/agent/page.tsx(119,29): error TS7026: JSX element implicitly has type 'any' because no interface 'JSX.IntrinsicElements' exists.
../247gbsaffiliates/app/learning/agent/page.tsx(119,112): error TS7026: JSX element implicitly has type 'any' because no interface 'JSX.IntrinsicElements' exists.
../247gbsaffiliates/app/learning/agent/page.tsx(120,29): error TS7026: JSX element implicitly has type 'any' because no interface 'JSX.IntrinsicElements' exists.
../247gbsaffiliates/app/learning/agent/page.tsx(120,98): error TS7026: JSX element implicitly has type 'any' because no interface 'JSX.IntrinsicElements' exists.
../247gbsaffiliates/app/learning/agent/page.tsx(121,25): error TS7026: JSX element implicitly has type 'any' because no interface 'JSX.IntrinsicElements' exists.
../247gbsaffiliates/app/learning/agent/page.tsx(122,21): error TS7026: JSX element implicitly has type 'any' because no interface 'JSX.IntrinsicElements' exists.
../247gbsaffiliates/app/learning/agent/page.tsx(124,21): error TS7026: JSX element implicitly has type 'any' because no interface 'JSX.IntrinsicElements' exists.
../247gbsaffiliates/app/learning/agent/page.tsx(125,25): error TS7026: JSX element implicitly has type 'any' because no interface 'JSX.IntrinsicElements' exists.
../247gbsaffiliates/app/learning/agent/page.tsx(125,129): error TS7026: JSX element implicitly has type 'any' because no interface 'JSX.IntrinsicElements' exists.
../247gbsaffiliates/app/learning/agent/page.tsx(126,21): error TS7026: JSX element implicitly has type 'any' because no interface 'JSX.IntrinsicElements' exists.
../247gbsaffiliates/app/learning/agent/page.tsx(127,17): error TS7026: JSX element implicitly has type 'any' because no interface 'JSX.IntrinsicElements' exists.
../247gbsaffiliates/app/learning/agent/page.tsx(130,17): error TS7026: JSX element implicitly has type 'any' because no interface 'JSX.IntrinsicElements' exists.
../247gbsaffiliates/app/learning/agent/page.tsx(132,21): error TS7026: JSX element implicitly has type 'any' because no interface 'JSX.IntrinsicElements' exists.
../247gbsaffiliates/app/learning/agent/page.tsx(133,25): error TS7026: JSX element implicitly has type 'any' because no interface 'JSX.IntrinsicElements' exists.
../247gbsaffiliates/app/learning/agent/page.tsx(134,29): error TS7026: JSX element implicitly has type 'any' because no interface 'JSX.IntrinsicElements' exists.
../247gbsaffiliates/app/learning/agent/page.tsx(135,33): error TS7026: JSX element implicitly has type 'any' because no interface 'JSX.IntrinsicElements' exists.
../247gbsaffiliates/app/learning/agent/page.tsx(135,111): error TS7026: JSX element implicitly has type 'any' because no interface 'JSX.IntrinsicElements' exists.
../247gbsaffiliates/app/learning/agent/page.tsx(136,29): error TS7026: JSX element implicitly has type 'any' because no interface 'JSX.IntrinsicElements' exists.
../247gbsaffiliates/app/learning/agent/page.tsx(137,29): error TS7026: JSX element implicitly has type 'any' because no interface 'JSX.IntrinsicElements' exists.
../247gbsaffiliates/app/learning/agent/page.tsx(137,495): error TS7026: JSX element implicitly has type 'any' because no interface 'JSX.IntrinsicElements' exists.
../247gbsaffiliates/app/learning/agent/page.tsx(138,25): error TS7026: JSX element implicitly has type 'any' because no interface 'JSX.IntrinsicElements' exists.
../247gbsaffiliates/app/learning/agent/page.tsx(139,25): error TS7026: JSX element implicitly has type 'any' because no interface 'JSX.IntrinsicElements' exists.
../247gbsaffiliates/app/learning/agent/page.tsx(140,29): error TS7026: JSX element implicitly has type 'any' because no interface 'JSX.IntrinsicElements' exists.
../247gbsaffiliates/app/learning/agent/page.tsx(141,33): error TS7026: JSX element implicitly has type 'any' because no interface 'JSX.IntrinsicElements' exists.
../247gbsaffiliates/app/learning/agent/page.tsx(141,93): error TS7026: JSX element implicitly has type 'any' because no interface 'JSX.IntrinsicElements' exists.
../247gbsaffiliates/app/learning/agent/page.tsx(142,33): error TS7026: JSX element implicitly has type 'any' because no interface 'JSX.IntrinsicElements' exists.
../247gbsaffiliates/app/learning/agent/page.tsx(142,84): error TS7026: JSX element implicitly has type 'any' because no interface 'JSX.IntrinsicElements' exists.
../247gbsaffiliates/app/learning/agent/page.tsx(143,33): error TS7026: JSX element implicitly has type 'any' because no interface 'JSX.IntrinsicElements' exists.
../247gbsaffiliates/app/learning/agent/page.tsx(143,48): error TS7026: JSX element implicitly has type 'any' because no interface 'JSX.IntrinsicElements' exists.
../247gbsaffiliates/app/learning/agent/page.tsx(144,29): error TS7026: JSX element implicitly has type 'any' because no interface 'JSX.IntrinsicElements' exists.
../247gbsaffiliates/app/learning/agent/page.tsx(145,29): error TS7026: JSX element implicitly has type 'any' because no interface 'JSX.IntrinsicElements' exists.
../247gbsaffiliates/app/learning/agent/page.tsx(145,175): error TS7026: JSX element implicitly has type 'any' because no interface 'JSX.IntrinsicElements' exists.
../247gbsaffiliates/app/learning/agent/page.tsx(146,29): error TS7026: JSX element implicitly has type 'any' because no interface 'JSX.IntrinsicElements' exists.
../247gbsaffiliates/app/learning/agent/page.tsx(146,196): error TS7026: JSX element implicitly has type 'any' because no interface 'JSX.IntrinsicElements' exists.
../247gbsaffiliates/app/learning/agent/page.tsx(147,29): error TS7026: JSX element implicitly has type 'any' because no interface 'JSX.IntrinsicElements' exists.
../247gbsaffiliates/app/learning/agent/page.tsx(148,33): error TS7026: JSX element implicitly has type 'any' because no interface 'JSX.IntrinsicElements' exists.
../247gbsaffiliates/app/learning/agent/page.tsx(149,37): error TS7026: JSX element implicitly has type 'any' because no interface 'JSX.IntrinsicElements' exists.
../247gbsaffiliates/app/learning/agent/page.tsx(149,103): error TS7026: JSX element implicitly has type 'any' because no interface 'JSX.IntrinsicElements' exists.
../247gbsaffiliates/app/learning/agent/page.tsx(151,33): error TS7026: JSX element implicitly has type 'any' because no interface 'JSX.IntrinsicElements' exists.
../247gbsaffiliates/app/learning/agent/page.tsx(152,29): error TS7026: JSX element implicitly has type 'any' because no interface 'JSX.IntrinsicElements' exists.
../247gbsaffiliates/app/learning/agent/page.tsx(153,25): error TS7026: JSX element implicitly has type 'any' because no interface 'JSX.IntrinsicElements' exists.
../247gbsaffiliates/app/learning/agent/page.tsx(154,21): error TS7026: JSX element implicitly has type 'any' because no interface 'JSX.IntrinsicElements' exists.
../247gbsaffiliates/app/learning/agent/page.tsx(156,21): error TS7026: JSX element implicitly has type 'any' because no interface 'JSX.IntrinsicElements' exists.
../247gbsaffiliates/app/learning/agent/page.tsx(157,25): error TS7026: JSX element implicitly has type 'any' because no interface 'JSX.IntrinsicElements' exists.
../247gbsaffiliates/app/learning/agent/page.tsx(158,29): error TS7026: JSX element implicitly has type 'any' because no interface 'JSX.IntrinsicElements' exists.
../247gbsaffiliates/app/learning/agent/page.tsx(159,33): error TS7026: JSX element implicitly has type 'any' because no interface 'JSX.IntrinsicElements' exists.
../247gbsaffiliates/app/learning/agent/page.tsx(159,111): error TS7026: JSX element implicitly has type 'any' because no interface 'JSX.IntrinsicElements' exists.
../247gbsaffiliates/app/learning/agent/page.tsx(160,29): error TS7026: JSX element implicitly has type 'any' because no interface 'JSX.IntrinsicElements' exists.
../247gbsaffiliates/app/learning/agent/page.tsx(161,29): error TS7026: JSX element implicitly has type 'any' because no interface 'JSX.IntrinsicElements' exists.
../247gbsaffiliates/app/learning/agent/page.tsx(161,495): error TS7026: JSX element implicitly has type 'any' because no interface 'JSX.IntrinsicElements' exists.
../247gbsaffiliates/app/learning/agent/page.tsx(162,25): error TS7026: JSX element implicitly has type 'any' because no interface 'JSX.IntrinsicElements' exists.
../247gbsaffiliates/app/learning/agent/page.tsx(163,25): error TS7026: JSX element implicitly has type 'any' because no interface 'JSX.IntrinsicElements' exists.
../247gbsaffiliates/app/learning/agent/page.tsx(164,29): error TS7026: JSX element implicitly has type 'any' because no interface 'JSX.IntrinsicElements' exists.
../247gbsaffiliates/app/learning/agent/page.tsx(165,33): error TS7026: JSX element implicitly has type 'any' because no interface 'JSX.IntrinsicElements' exists.
../247gbsaffiliates/app/learning/agent/page.tsx(165,93): error TS7026: JSX element implicitly has type 'any' because no interface 'JSX.IntrinsicElements' exists.
../247gbsaffiliates/app/learning/agent/page.tsx(166,33): error TS7026: JSX element implicitly has type 'any' because no interface 'JSX.IntrinsicElements' exists.
../247gbsaffiliates/app/learning/agent/page.tsx(166,84): error TS7026: JSX element implicitly has type 'any' because no interface 'JSX.IntrinsicElements' exists.
../247gbsaffiliates/app/learning/agent/page.tsx(167,33): error TS7026: JSX element implicitly has type 'any' because no interface 'JSX.IntrinsicElements' exists.
../247gbsaffiliates/app/learning/agent/page.tsx(167,50): error TS7026: JSX element implicitly has type 'any' because no interface 'JSX.IntrinsicElements' exists.
../247gbsaffiliates/app/learning/agent/page.tsx(168,29): error TS7026: JSX element implicitly has type 'any' because no interface 'JSX.IntrinsicElements' exists.
../247gbsaffiliates/app/learning/agent/page.tsx(169,29): error TS7026: JSX element implicitly has type 'any' because no interface 'JSX.IntrinsicElements' exists.
../247gbsaffiliates/app/learning/agent/page.tsx(169,175): error TS7026: JSX element implicitly has type 'any' because no interface 'JSX.IntrinsicElements' exists.
../247gbsaffiliates/app/learning/agent/page.tsx(170,29): error TS7026: JSX element implicitly has type 'any' because no interface 'JSX.IntrinsicElements' exists.
../247gbsaffiliates/app/learning/agent/page.tsx(170,190): error TS7026: JSX element implicitly has type 'any' because no interface 'JSX.IntrinsicElements' exists.
../247gbsaffiliates/app/learning/agent/page.tsx(171,29): error TS7026: JSX element implicitly has type 'any' because no interface 'JSX.IntrinsicElements' exists.
../247gbsaffiliates/app/learning/agent/page.tsx(172,33): error TS7026: JSX element implicitly has type 'any' because no interface 'JSX.IntrinsicElements' exists.
../247gbsaffiliates/app/learning/agent/page.tsx(173,37): error TS7026: JSX element implicitly has type 'any' because no interface 'JSX.IntrinsicElements' exists.
../247gbsaffiliates/app/learning/agent/page.tsx(173,103): error TS7026: JSX element implicitly has type 'any' because no interface 'JSX.IntrinsicElements' exists.
../247gbsaffiliates/app/learning/agent/page.tsx(175,33): error TS7026: JSX element implicitly has type 'any' because no interface 'JSX.IntrinsicElements' exists.
../247gbsaffiliates/app/learning/agent/page.tsx(176,29): error TS7026: JSX element implicitly has type 'any' because no interface 'JSX.IntrinsicElements' exists.
../247gbsaffiliates/app/learning/agent/page.tsx(177,25): error TS7026: JSX element implicitly has type 'any' because no interface 'JSX.IntrinsicElements' exists.
../247gbsaffiliates/app/learning/agent/page.tsx(178,21): error TS7026: JSX element implicitly has type 'any' because no interface 'JSX.IntrinsicElements' exists.
../247gbsaffiliates/app/learning/agent/page.tsx(180,21): error TS7026: JSX element implicitly has type 'any' because no interface 'JSX.IntrinsicElements' exists.
../247gbsaffiliates/app/learning/agent/page.tsx(181,25): error TS7026: JSX element implicitly has type 'any' because no interface 'JSX.IntrinsicElements' exists.
../247gbsaffiliates/app/learning/agent/page.tsx(182,29): error TS7026: JSX element implicitly has type 'any' because no interface 'JSX.IntrinsicElements' exists.
../247gbsaffiliates/app/learning/agent/page.tsx(183,33): error TS7026: JSX element implicitly has type 'any' because no interface 'JSX.IntrinsicElements' exists.
../247gbsaffiliates/app/learning/agent/page.tsx(183,111): error TS7026: JSX element implicitly has type 'any' because no interface 'JSX.IntrinsicElements' exists.
../247gbsaffiliates/app/learning/agent/page.tsx(184,29): error TS7026: JSX element implicitly has type 'any' because no interface 'JSX.IntrinsicElements' exists.
../247gbsaffiliates/app/learning/agent/page.tsx(185,29): error TS7026: JSX element implicitly has type 'any' because no interface 'JSX.IntrinsicElements' exists.
../247gbsaffiliates/app/learning/agent/page.tsx(185,495): error TS7026: JSX element implicitly has type 'any' because no interface 'JSX.IntrinsicElements' exists.
../247gbsaffiliates/app/learning/agent/page.tsx(186,25): error TS7026: JSX element implicitly has type 'any' because no interface 'JSX.IntrinsicElements' exists.
../247gbsaffiliates/app/learning/agent/page.tsx(187,25): error TS7026: JSX element implicitly has type 'any' because no interface 'JSX.IntrinsicElements' exists.
../247gbsaffiliates/app/learning/agent/page.tsx(188,29): error TS7026: JSX element implicitly has type 'any' because no interface 'JSX.IntrinsicElements' exists.
../247gbsaffiliates/app/learning/agent/page.tsx(189,33): error TS7026: JSX element implicitly has type 'any' because no interface 'JSX.IntrinsicElements' exists.
../247gbsaffiliates/app/learning/agent/page.tsx(189,93): error TS7026: JSX element implicitly has type 'any' because no interface 'JSX.IntrinsicElements' exists.
../247gbsaffiliates/app/learning/agent/page.tsx(190,33): error TS7026: JSX element implicitly has type 'any' because no interface 'JSX.IntrinsicElements' exists.
../247gbsaffiliates/app/learning/agent/page.tsx(190,84): error TS7026: JSX element implicitly has type 'any' because no interface 'JSX.IntrinsicElements' exists.
../247gbsaffiliates/app/learning/agent/page.tsx(191,33): error TS7026: JSX element implicitly has type 'any' because no interface 'JSX.IntrinsicElements' exists.
../247gbsaffiliates/app/learning/agent/page.tsx(191,49): error TS7026: JSX element implicitly has type 'any' because no interface 'JSX.IntrinsicElements' exists.
../247gbsaffiliates/app/learning/agent/page.tsx(192,29): error TS7026: JSX element implicitly has type 'any' because no interface 'JSX.IntrinsicElements' exists.
../247gbsaffiliates/app/learning/agent/page.tsx(193,29): error TS7026: JSX element implicitly has type 'any' because no interface 'JSX.IntrinsicElements' exists.
../247gbsaffiliates/app/learning/agent/page.tsx(193,184): error TS7026: JSX element implicitly has type 'any' because no interface 'JSX.IntrinsicElements' exists.
../247gbsaffiliates/app/learning/agent/page.tsx(194,29): error TS7026: JSX element implicitly has type 'any' because no interface 'JSX.IntrinsicElements' exists.
../247gbsaffiliates/app/learning/agent/page.tsx(194,190): error TS7026: JSX element implicitly has type 'any' because no interface 'JSX.IntrinsicElements' exists.
../247gbsaffiliates/app/learning/agent/page.tsx(195,29): error TS7026: JSX element implicitly has type 'any' because no interface 'JSX.IntrinsicElements' exists.
../247gbsaffiliates/app/learning/agent/page.tsx(196,33): error TS7026: JSX element implicitly has type 'any' because no interface 'JSX.IntrinsicElements' exists.
../247gbsaffiliates/app/learning/agent/page.tsx(197,37): error TS7026: JSX element implicitly has type 'any' because no interface 'JSX.IntrinsicElements' exists.
../247gbsaffiliates/app/learning/agent/page.tsx(197,103): error TS7026: JSX element implicitly has type 'any' because no interface 'JSX.IntrinsicElements' exists.
../247gbsaffiliates/app/learning/agent/page.tsx(199,33): error TS7026: JSX element implicitly has type 'any' because no interface 'JSX.IntrinsicElements' exists.
../247gbsaffiliates/app/learning/agent/page.tsx(200,29): error TS7026: JSX element implicitly has type 'any' because no interface 'JSX.IntrinsicElements' exists.
../247gbsaffiliates/app/learning/agent/page.tsx(201,25): error TS7026: JSX element implicitly has type 'any' because no interface 'JSX.IntrinsicElements' exists.
../247gbsaffiliates/app/learning/agent/page.tsx(202,21): error TS7026: JSX element implicitly has type 'any' because no interface 'JSX.IntrinsicElements' exists.
../247gbsaffiliates/app/learning/agent/page.tsx(203,17): error TS7026: JSX element implicitly has type 'any' because no interface 'JSX.IntrinsicElements' exists.
../247gbsaffiliates/app/learning/agent/page.tsx(206,17): error TS7026: JSX element implicitly has type 'any' because no interface 'JSX.IntrinsicElements' exists.
../247gbsaffiliates/app/learning/agent/page.tsx(207,21): error TS7026: JSX element implicitly has type 'any' because no interface 'JSX.IntrinsicElements' exists.
../247gbsaffiliates/app/learning/agent/page.tsx(208,25): error TS7026: JSX element implicitly has type 'any' because no interface 'JSX.IntrinsicElements' exists.
../247gbsaffiliates/app/learning/agent/page.tsx(209,29): error TS7026: JSX element implicitly has type 'any' because no interface 'JSX.IntrinsicElements' exists.
../247gbsaffiliates/app/learning/agent/page.tsx(209,86): error TS7026: JSX element implicitly has type 'any' because no interface 'JSX.IntrinsicElements' exists.
../247gbsaffiliates/app/learning/agent/page.tsx(210,25): error TS7026: JSX element implicitly has type 'any' because no interface 'JSX.IntrinsicElements' exists.
../247gbsaffiliates/app/learning/agent/page.tsx(211,25): error TS7026: JSX element implicitly has type 'any' because no interface 'JSX.IntrinsicElements' exists.
../247gbsaffiliates/app/learning/agent/page.tsx(212,29): error TS7026: JSX element implicitly has type 'any' because no interface 'JSX.IntrinsicElements' exists.
../247gbsaffiliates/app/learning/agent/page.tsx(212,110): error TS7026: JSX element implicitly has type 'any' because no interface 'JSX.IntrinsicElements' exists.
../247gbsaffiliates/app/learning/agent/page.tsx(213,29): error TS7026: JSX element implicitly has type 'any' because no interface 'JSX.IntrinsicElements' exists.
../247gbsaffiliates/app/learning/agent/page.tsx(213,148): error TS7026: JSX element implicitly has type 'any' because no interface 'JSX.IntrinsicElements' exists.
../247gbsaffiliates/app/learning/agent/page.tsx(214,25): error TS7026: JSX element implicitly has type 'any' because no interface 'JSX.IntrinsicElements' exists.
../247gbsaffiliates/app/learning/agent/page.tsx(215,21): error TS7026: JSX element implicitly has type 'any' because no interface 'JSX.IntrinsicElements' exists.
../247gbsaffiliates/app/learning/agent/page.tsx(216,21): error TS7026: JSX element implicitly has type 'any' because no interface 'JSX.IntrinsicElements' exists.
../247gbsaffiliates/app/learning/agent/page.tsx(218,21): error TS7026: JSX element implicitly has type 'any' because no interface 'JSX.IntrinsicElements' exists.
../247gbsaffiliates/app/learning/agent/page.tsx(219,17): error TS7026: JSX element implicitly has type 'any' because no interface 'JSX.IntrinsicElements' exists.
../247gbsaffiliates/app/learning/agent/page.tsx(220,13): error TS7026: JSX element implicitly has type 'any' because no interface 'JSX.IntrinsicElements' exists.
../247gbsaffiliates/app/learning/agent/page.tsx(221,9): error TS7026: JSX element implicitly has type 'any' because no interface 'JSX.IntrinsicElements' exists.
../247gbsaffiliates/app/learning/consultant/page.tsx(3,19): error TS2307: Cannot find module 'react' or its corresponding type declarations.
../247gbsaffiliates/app/learning/consultant/page.tsx(7,9): error TS7026: JSX element implicitly has type 'any' because no interface 'JSX.IntrinsicElements' exists.
../247gbsaffiliates/app/learning/consultant/page.tsx(7,9): error TS2875: This JSX tag requires the module path 'react/jsx-runtime' to exist, but none could be found. Make sure you have types for the appropriate package installed.
../247gbsaffiliates/app/learning/consultant/page.tsx(8,13): error TS7026: JSX element implicitly has type 'any' because no interface 'JSX.IntrinsicElements' exists.
../247gbsaffiliates/app/learning/consultant/page.tsx(9,17): error TS7026: JSX element implicitly has type 'any' because no interface 'JSX.IntrinsicElements' exists.
../247gbsaffiliates/app/learning/consultant/page.tsx(10,21): error TS7026: JSX element implicitly has type 'any' because no interface 'JSX.IntrinsicElements' exists.
../247gbsaffiliates/app/learning/consultant/page.tsx(11,25): error TS7026: JSX element implicitly has type 'any' because no interface 'JSX.IntrinsicElements' exists.
../247gbsaffiliates/app/learning/consultant/page.tsx(11,91): error TS7026: JSX element implicitly has type 'any' because no interface 'JSX.IntrinsicElements' exists.
../247gbsaffiliates/app/learning/consultant/page.tsx(12,21): error TS7026: JSX element implicitly has type 'any' because no interface 'JSX.IntrinsicElements' exists.
../247gbsaffiliates/app/learning/consultant/page.tsx(13,21): error TS7026: JSX element implicitly has type 'any' because no interface 'JSX.IntrinsicElements' exists.
../247gbsaffiliates/app/learning/consultant/page.tsx(13,126): error TS7026: JSX element implicitly has type 'any' because no interface 'JSX.IntrinsicElements' exists.
../247gbsaffiliates/app/learning/consultant/page.tsx(14,17): error TS7026: JSX element implicitly has type 'any' because no interface 'JSX.IntrinsicElements' exists.
../247gbsaffiliates/app/learning/consultant/page.tsx(15,17): error TS7026: JSX element implicitly has type 'any' because no interface 'JSX.IntrinsicElements' exists.
../247gbsaffiliates/app/learning/consultant/page.tsx(16,21): error TS7026: JSX element implicitly has type 'any' because no interface 'JSX.IntrinsicElements' exists.
../247gbsaffiliates/app/learning/consultant/page.tsx(17,25): error TS7026: JSX element implicitly has type 'any' because no interface 'JSX.IntrinsicElements' exists.
../247gbsaffiliates/app/learning/consultant/page.tsx(17,88): error TS7026: JSX element implicitly has type 'any' because no interface 'JSX.IntrinsicElements' exists.
../247gbsaffiliates/app/learning/consultant/page.tsx(18,25): error TS7026: JSX element implicitly has type 'any' because no interface 'JSX.IntrinsicElements' exists.
../247gbsaffiliates/app/learning/consultant/page.tsx(18,99): error TS7026: JSX element implicitly has type 'any' because no interface 'JSX.IntrinsicElements' exists.
../247gbsaffiliates/app/learning/consultant/page.tsx(19,21): error TS7026: JSX element implicitly has type 'any' because no interface 'JSX.IntrinsicElements' exists.
../247gbsaffiliates/app/learning/consultant/page.tsx(20,21): error TS7026: JSX element implicitly has type 'any' because no interface 'JSX.IntrinsicElements' exists.
../247gbsaffiliates/app/learning/consultant/page.tsx(21,25): error TS7026: JSX element implicitly has type 'any' because no interface 'JSX.IntrinsicElements' exists.
../247gbsaffiliates/app/learning/consultant/page.tsx(21,82): error TS7026: JSX element implicitly has type 'any' because no interface 'JSX.IntrinsicElements' exists.
../247gbsaffiliates/app/learning/consultant/page.tsx(22,21): error TS7026: JSX element implicitly has type 'any' because no interface 'JSX.IntrinsicElements' exists.
../247gbsaffiliates/app/learning/consultant/page.tsx(23,21): error TS7026: JSX element implicitly has type 'any' because no interface 'JSX.IntrinsicElements' exists.
../247gbsaffiliates/app/learning/consultant/page.tsx(24,21): error TS7026: JSX element implicitly has type 'any' because no interface 'JSX.IntrinsicElements' exists.
../247gbsaffiliates/app/learning/consultant/page.tsx(25,17): error TS7026: JSX element implicitly has type 'any' because no interface 'JSX.IntrinsicElements' exists.
../247gbsaffiliates/app/learning/consultant/page.tsx(26,13): error TS7026: JSX element implicitly has type 'any' because no interface 'JSX.IntrinsicElements' exists.
../247gbsaffiliates/app/learning/consultant/page.tsx(27,13): error TS7026: JSX element implicitly has type 'any' because no interface 'JSX.IntrinsicElements' exists.
../247gbsaffiliates/app/learning/consultant/page.tsx(28,17): error TS7026: JSX element implicitly has type 'any' because no interface 'JSX.IntrinsicElements' exists.
../247gbsaffiliates/app/learning/consultant/page.tsx(29,21): error TS7026: JSX element implicitly has type 'any' because no interface 'JSX.IntrinsicElements' exists.
../247gbsaffiliates/app/learning/consultant/page.tsx(30,25): error TS7026: JSX element implicitly has type 'any' because no interface 'JSX.IntrinsicElements' exists.
../247gbsaffiliates/app/learning/consultant/page.tsx(30,137): error TS7026: JSX element implicitly has type 'any' because no interface 'JSX.IntrinsicElements' exists.
../247gbsaffiliates/app/learning/consultant/page.tsx(31,25): error TS7026: JSX element implicitly has type 'any' because no interface 'JSX.IntrinsicElements' exists.
../247gbsaffiliates/app/learning/consultant/page.tsx(31,163): error TS7026: JSX element implicitly has type 'any' because no interface 'JSX.IntrinsicElements' exists.
../247gbsaffiliates/app/learning/consultant/page.tsx(32,25): error TS7026: JSX element implicitly has type 'any' because no interface 'JSX.IntrinsicElements' exists.
../247gbsaffiliates/app/learning/consultant/page.tsx(33,123): error TS7026: JSX element implicitly has type 'any' because no interface 'JSX.IntrinsicElements' exists.
../247gbsaffiliates/app/learning/consultant/page.tsx(33,193): error TS7026: JSX element implicitly has type 'any' because no interface 'JSX.IntrinsicElements' exists.
../247gbsaffiliates/app/learning/consultant/page.tsx(33,205): error TS7026: JSX element implicitly has type 'any' because no interface 'JSX.IntrinsicElements' exists.
../247gbsaffiliates/app/learning/consultant/page.tsx(33,275): error TS7026: JSX element implicitly has type 'any' because no interface 'JSX.IntrinsicElements' exists.
../247gbsaffiliates/app/learning/consultant/page.tsx(34,25): error TS7026: JSX element implicitly has type 'any' because no interface 'JSX.IntrinsicElements' exists.
../247gbsaffiliates/app/learning/consultant/page.tsx(35,21): error TS7026: JSX element implicitly has type 'any' because no interface 'JSX.IntrinsicElements' exists.
../247gbsaffiliates/app/learning/consultant/page.tsx(36,21): error TS7026: JSX element implicitly has type 'any' because no interface 'JSX.IntrinsicElements' exists.
../247gbsaffiliates/app/learning/consultant/page.tsx(37,25): error TS7026: JSX element implicitly has type 'any' because no interface 'JSX.IntrinsicElements' exists.
../247gbsaffiliates/app/learning/consultant/page.tsx(38,29): error TS7026: JSX element implicitly has type 'any' because no interface 'JSX.IntrinsicElements' exists.
../247gbsaffiliates/app/learning/consultant/page.tsx(38,90): error TS7026: JSX element implicitly has type 'any' because no interface 'JSX.IntrinsicElements' exists.
../247gbsaffiliates/app/learning/consultant/page.tsx(39,29): error TS7026: JSX element implicitly has type 'any' because no interface 'JSX.IntrinsicElements' exists.
../247gbsaffiliates/app/learning/consultant/page.tsx(39,115): error TS7026: JSX element implicitly has type 'any' because no interface 'JSX.IntrinsicElements' exists.
../247gbsaffiliates/app/learning/consultant/page.tsx(40,25): error TS7026: JSX element implicitly has type 'any' because no interface 'JSX.IntrinsicElements' exists.
../247gbsaffiliates/app/learning/consultant/page.tsx(41,25): error TS7026: JSX element implicitly has type 'any' because no interface 'JSX.IntrinsicElements' exists.
../247gbsaffiliates/app/learning/consultant/page.tsx(42,29): error TS7026: JSX element implicitly has type 'any' because no interface 'JSX.IntrinsicElements' exists.
../247gbsaffiliates/app/learning/consultant/page.tsx(43,33): error TS7026: JSX element implicitly has type 'any' because no interface 'JSX.IntrinsicElements' exists.
../247gbsaffiliates/app/learning/consultant/page.tsx(44,37): error TS7026: JSX element implicitly has type 'any' because no interface 'JSX.IntrinsicElements' exists.
../247gbsaffiliates/app/learning/consultant/page.tsx(44,85): error TS7026: JSX element implicitly has type 'any' because no interface 'JSX.IntrinsicElements' exists.
../247gbsaffiliates/app/learning/consultant/page.tsx(45,33): error TS7026: JSX element implicitly has type 'any' because no interface 'JSX.IntrinsicElements' exists.
../247gbsaffiliates/app/learning/consultant/page.tsx(46,33): error TS7026: JSX element implicitly has type 'any' because no interface 'JSX.IntrinsicElements' exists.
../247gbsaffiliates/app/learning/consultant/page.tsx(46,87): error TS7026: JSX element implicitly has type 'any' because no interface 'JSX.IntrinsicElements' exists.
../247gbsaffiliates/app/learning/consultant/page.tsx(47,29): error TS7026: JSX element implicitly has type 'any' because no interface 'JSX.IntrinsicElements' exists.
../247gbsaffiliates/app/learning/consultant/page.tsx(48,29): error TS7026: JSX element implicitly has type 'any' because no interface 'JSX.IntrinsicElements' exists.
../247gbsaffiliates/app/learning/consultant/page.tsx(49,33): error TS7026: JSX element implicitly has type 'any' because no interface 'JSX.IntrinsicElements' exists.
../247gbsaffiliates/app/learning/consultant/page.tsx(50,37): error TS7026: JSX element implicitly has type 'any' because no interface 'JSX.IntrinsicElements' exists.
../247gbsaffiliates/app/learning/consultant/page.tsx(50,85): error TS7026: JSX element implicitly has type 'any' because no interface 'JSX.IntrinsicElements' exists.
../247gbsaffiliates/app/learning/consultant/page.tsx(51,33): error TS7026: JSX element implicitly has type 'any' because no interface 'JSX.IntrinsicElements' exists.
../247gbsaffiliates/app/learning/consultant/page.tsx(52,33): error TS7026: JSX element implicitly has type 'any' because no interface 'JSX.IntrinsicElements' exists.
../247gbsaffiliates/app/learning/consultant/page.tsx(52,88): error TS7026: JSX element implicitly has type 'any' because no interface 'JSX.IntrinsicElements' exists.
../247gbsaffiliates/app/learning/consultant/page.tsx(53,29): error TS7026: JSX element implicitly has type 'any' because no interface 'JSX.IntrinsicElements' exists.
../247gbsaffiliates/app/learning/consultant/page.tsx(54,29): error TS7026: JSX element implicitly has type 'any' because no interface 'JSX.IntrinsicElements' exists.
../247gbsaffiliates/app/learning/consultant/page.tsx(55,33): error TS7026: JSX element implicitly has type 'any' because no interface 'JSX.IntrinsicElements' exists.
../247gbsaffiliates/app/learning/consultant/page.tsx(56,37): error TS7026: JSX element implicitly has type 'any' because no interface 'JSX.IntrinsicElements' exists.
../247gbsaffiliates/app/learning/consultant/page.tsx(56,85): error TS7026: JSX element implicitly has type 'any' because no interface 'JSX.IntrinsicElements' exists.
../247gbsaffiliates/app/learning/consultant/page.tsx(57,33): error TS7026: JSX element implicitly has type 'any' because no interface 'JSX.IntrinsicElements' exists.
../247gbsaffiliates/app/learning/consultant/page.tsx(58,33): error TS7026: JSX element implicitly has type 'any' because no interface 'JSX.IntrinsicElements' exists.
../247gbsaffiliates/app/learning/consultant/page.tsx(58,87): error TS7026: JSX element implicitly has type 'any' because no interface 'JSX.IntrinsicElements' exists.
../247gbsaffiliates/app/learning/consultant/page.tsx(59,29): error TS7026: JSX element implicitly has type 'any' because no interface 'JSX.IntrinsicElements' exists.
../247gbsaffiliates/app/learning/consultant/page.tsx(60,25): error TS7026: JSX element implicitly has type 'any' because no interface 'JSX.IntrinsicElements' exists.
../247gbsaffiliates/app/learning/consultant/page.tsx(61,21): error TS7026: JSX element implicitly has type 'any' because no interface 'JSX.IntrinsicElements' exists.
../247gbsaffiliates/app/learning/consultant/page.tsx(62,17): error TS7026: JSX element implicitly has type 'any' because no interface 'JSX.IntrinsicElements' exists.
../247gbsaffiliates/app/learning/consultant/page.tsx(63,17): error TS7026: JSX element implicitly has type 'any' because no interface 'JSX.IntrinsicElements' exists.
../247gbsaffiliates/app/learning/consultant/page.tsx(64,21): error TS7026: JSX element implicitly has type 'any' because no interface 'JSX.IntrinsicElements' exists.
../247gbsaffiliates/app/learning/consultant/page.tsx(65,25): error TS7026: JSX element implicitly has type 'any' because no interface 'JSX.IntrinsicElements' exists.
../247gbsaffiliates/app/learning/consultant/page.tsx(66,29): error TS7026: JSX element implicitly has type 'any' because no interface 'JSX.IntrinsicElements' exists.
../247gbsaffiliates/app/learning/consultant/page.tsx(67,33): error TS7026: JSX element implicitly has type 'any' because no interface 'JSX.IntrinsicElements' exists.
../247gbsaffiliates/app/learning/consultant/page.tsx(67,136): error TS7026: JSX element implicitly has type 'any' because no interface 'JSX.IntrinsicElements' exists.
../247gbsaffiliates/app/learning/consultant/page.tsx(68,33): error TS7026: JSX element implicitly has type 'any' because no interface 'JSX.IntrinsicElements' exists.
../247gbsaffiliates/app/learning/consultant/page.tsx(69,54): error TS7026: JSX element implicitly has type 'any' because no interface 'JSX.IntrinsicElements' exists.
../247gbsaffiliates/app/learning/consultant/page.tsx(69,119): error TS7026: JSX element implicitly has type 'any' because no interface 'JSX.IntrinsicElements' exists.
../247gbsaffiliates/app/learning/consultant/page.tsx(70,33): error TS7026: JSX element implicitly has type 'any' because no interface 'JSX.IntrinsicElements' exists.
../247gbsaffiliates/app/learning/consultant/page.tsx(71,29): error TS7026: JSX element implicitly has type 'any' because no interface 'JSX.IntrinsicElements' exists.
../247gbsaffiliates/app/learning/consultant/page.tsx(72,29): error TS7026: JSX element implicitly has type 'any' because no interface 'JSX.IntrinsicElements' exists.
../247gbsaffiliates/app/learning/consultant/page.tsx(73,33): error TS7026: JSX element implicitly has type 'any' because no interface 'JSX.IntrinsicElements' exists.
../247gbsaffiliates/app/learning/consultant/page.tsx(74,37): error TS7026: JSX element implicitly has type 'any' because no interface 'JSX.IntrinsicElements' exists.
../247gbsaffiliates/app/learning/consultant/page.tsx(75,41): error TS7026: JSX element implicitly has type 'any' because no interface 'JSX.IntrinsicElements' exists.
../247gbsaffiliates/app/learning/consultant/page.tsx(75,128): error TS7026: JSX element implicitly has type 'any' because no interface 'JSX.IntrinsicElements' exists.
../247gbsaffiliates/app/learning/consultant/page.tsx(76,41): error TS7026: JSX element implicitly has type 'any' because no interface 'JSX.IntrinsicElements' exists.
../247gbsaffiliates/app/learning/consultant/page.tsx(77,45): error TS7026: JSX element implicitly has type 'any' because no interface 'JSX.IntrinsicElements' exists.
../247gbsaffiliates/app/learning/consultant/page.tsx(77,126): error TS7026: JSX element implicitly has type 'any' because no interface 'JSX.IntrinsicElements' exists.
../247gbsaffiliates/app/learning/consultant/page.tsx(78,45): error TS7026: JSX element implicitly has type 'any' because no interface 'JSX.IntrinsicElements' exists.
../247gbsaffiliates/app/learning/consultant/page.tsx(78,148): error TS7026: JSX element implicitly has type 'any' because no interface 'JSX.IntrinsicElements' exists.
../247gbsaffiliates/app/learning/consultant/page.tsx(79,41): error TS7026: JSX element implicitly has type 'any' because no interface 'JSX.IntrinsicElements' exists.
../247gbsaffiliates/app/learning/consultant/page.tsx(80,41): error TS7026: JSX element implicitly has type 'any' because no interface 'JSX.IntrinsicElements' exists.
../247gbsaffiliates/app/learning/consultant/page.tsx(80,98): error TS7026: JSX element implicitly has type 'any' because no interface 'JSX.IntrinsicElements' exists.
../247gbsaffiliates/app/learning/consultant/page.tsx(80,142): error TS7026: JSX element implicitly has type 'any' because no interface 'JSX.IntrinsicElements' exists.
../247gbsaffiliates/app/learning/consultant/page.tsx(80,149): error TS7026: JSX element implicitly has type 'any' because no interface 'JSX.IntrinsicElements' exists.
../247gbsaffiliates/app/learning/consultant/page.tsx(81,37): error TS7026: JSX element implicitly has type 'any' because no interface 'JSX.IntrinsicElements' exists.
../247gbsaffiliates/app/learning/consultant/page.tsx(82,37): error TS7026: JSX element implicitly has type 'any' because no interface 'JSX.IntrinsicElements' exists.
../247gbsaffiliates/app/learning/consultant/page.tsx(83,162): error TS7026: JSX element implicitly has type 'any' because no interface 'JSX.IntrinsicElements' exists.
../247gbsaffiliates/app/learning/consultant/page.tsx(83,250): error TS7026: JSX element implicitly has type 'any' because no interface 'JSX.IntrinsicElements' exists.
../247gbsaffiliates/app/learning/consultant/page.tsx(84,37): error TS7026: JSX element implicitly has type 'any' because no interface 'JSX.IntrinsicElements' exists.
../247gbsaffiliates/app/learning/consultant/page.tsx(85,33): error TS7026: JSX element implicitly has type 'any' because no interface 'JSX.IntrinsicElements' exists.
../247gbsaffiliates/app/learning/consultant/page.tsx(86,33): error TS7026: JSX element implicitly has type 'any' because no interface 'JSX.IntrinsicElements' exists.
../247gbsaffiliates/app/learning/consultant/page.tsx(87,37): error TS7026: JSX element implicitly has type 'any' because no interface 'JSX.IntrinsicElements' exists.
../247gbsaffiliates/app/learning/consultant/page.tsx(88,41): error TS7026: JSX element implicitly has type 'any' because no interface 'JSX.IntrinsicElements' exists.
../247gbsaffiliates/app/learning/consultant/page.tsx(89,45): error TS7026: JSX element implicitly has type 'any' because no interface 'JSX.IntrinsicElements' exists.
../247gbsaffiliates/app/learning/consultant/page.tsx(90,49): error TS7026: JSX element implicitly has type 'any' because no interface 'JSX.IntrinsicElements' exists.
../247gbsaffiliates/app/learning/consultant/page.tsx(90,136): error TS7026: JSX element implicitly has type 'any' because no interface 'JSX.IntrinsicElements' exists.
../247gbsaffiliates/app/learning/consultant/page.tsx(91,45): error TS7026: JSX element implicitly has type 'any' because no interface 'JSX.IntrinsicElements' exists.
../247gbsaffiliates/app/learning/consultant/page.tsx(92,45): error TS7026: JSX element implicitly has type 'any' because no interface 'JSX.IntrinsicElements' exists.
../247gbsaffiliates/app/learning/consultant/page.tsx(92,112): error TS7026: JSX element implicitly has type 'any' because no interface 'JSX.IntrinsicElements' exists.
../247gbsaffiliates/app/learning/consultant/page.tsx(93,41): error TS7026: JSX element implicitly has type 'any' because no interface 'JSX.IntrinsicElements' exists.
../247gbsaffiliates/app/learning/consultant/page.tsx(94,41): error TS7026: JSX element implicitly has type 'any' because no interface 'JSX.IntrinsicElements' exists.
../247gbsaffiliates/app/learning/consultant/page.tsx(95,45): error TS7026: JSX element implicitly has type 'any' because no interface 'JSX.IntrinsicElements' exists.
../247gbsaffiliates/app/learning/consultant/page.tsx(96,49): error TS7026: JSX element implicitly has type 'any' because no interface 'JSX.IntrinsicElements' exists.
../247gbsaffiliates/app/learning/consultant/page.tsx(96,134): error TS7026: JSX element implicitly has type 'any' because no interface 'JSX.IntrinsicElements' exists.
../247gbsaffiliates/app/learning/consultant/page.tsx(97,45): error TS7026: JSX element implicitly has type 'any' because no interface 'JSX.IntrinsicElements' exists.
../247gbsaffiliates/app/learning/consultant/page.tsx(98,45): error TS7026: JSX element implicitly has type 'any' because no interface 'JSX.IntrinsicElements' exists.
../247gbsaffiliates/app/learning/consultant/page.tsx(98,115): error TS7026: JSX element implicitly has type 'any' because no interface 'JSX.IntrinsicElements' exists.
../247gbsaffiliates/app/learning/consultant/page.tsx(99,41): error TS7026: JSX element implicitly has type 'any' because no interface 'JSX.IntrinsicElements' exists.
../247gbsaffiliates/app/learning/consultant/page.tsx(100,41): error TS7026: JSX element implicitly has type 'any' because no interface 'JSX.IntrinsicElements' exists.
../247gbsaffiliates/app/learning/consultant/page.tsx(101,45): error TS7026: JSX element implicitly has type 'any' because no interface 'JSX.IntrinsicElements' exists.
../247gbsaffiliates/app/learning/consultant/page.tsx(102,49): error TS7026: JSX element implicitly has type 'any' because no interface 'JSX.IntrinsicElements' exists.
../247gbsaffiliates/app/learning/consultant/page.tsx(102,123): error TS7026: JSX element implicitly has type 'any' because no interface 'JSX.IntrinsicElements' exists.
../247gbsaffiliates/app/learning/consultant/page.tsx(103,45): error TS7026: JSX element implicitly has type 'any' because no interface 'JSX.IntrinsicElements' exists.
../247gbsaffiliates/app/learning/consultant/page.tsx(104,45): error TS7026: JSX element implicitly has type 'any' because no interface 'JSX.IntrinsicElements' exists.
../247gbsaffiliates/app/learning/consultant/page.tsx(104,112): error TS7026: JSX element implicitly has type 'any' because no interface 'JSX.IntrinsicElements' exists.
../247gbsaffiliates/app/learning/consultant/page.tsx(105,41): error TS7026: JSX element implicitly has type 'any' because no interface 'JSX.IntrinsicElements' exists.
../247gbsaffiliates/app/learning/consultant/page.tsx(106,41): error TS7026: JSX element implicitly has type 'any' because no interface 'JSX.IntrinsicElements' exists.
../247gbsaffiliates/app/learning/consultant/page.tsx(107,45): error TS7026: JSX element implicitly has type 'any' because no interface 'JSX.IntrinsicElements' exists.
../247gbsaffiliates/app/learning/consultant/page.tsx(108,49): error TS7026: JSX element implicitly has type 'any' because no interface 'JSX.IntrinsicElements' exists.
../247gbsaffiliates/app/learning/consultant/page.tsx(108,134): error TS7026: JSX element implicitly has type 'any' because no interface 'JSX.IntrinsicElements' exists.
../247gbsaffiliates/app/learning/consultant/page.tsx(109,45): error TS7026: JSX element implicitly has type 'any' because no interface 'JSX.IntrinsicElements' exists.
../247gbsaffiliates/app/learning/consultant/page.tsx(110,45): error TS7026: JSX element implicitly has type 'any' because no interface 'JSX.IntrinsicElements' exists.
../247gbsaffiliates/app/learning/consultant/page.tsx(110,113): error TS7026: JSX element implicitly has type 'any' because no interface 'JSX.IntrinsicElements' exists.
../247gbsaffiliates/app/learning/consultant/page.tsx(111,41): error TS7026: JSX element implicitly has type 'any' because no interface 'JSX.IntrinsicElements' exists.
../247gbsaffiliates/app/learning/consultant/page.tsx(112,37): error TS7026: JSX element implicitly has type 'any' because no interface 'JSX.IntrinsicElements' exists.
../247gbsaffiliates/app/learning/consultant/page.tsx(113,33): error TS7026: JSX element implicitly has type 'any' because no interface 'JSX.IntrinsicElements' exists.
../247gbsaffiliates/app/learning/consultant/page.tsx(114,29): error TS7026: JSX element implicitly has type 'any' because no interface 'JSX.IntrinsicElements' exists.
../247gbsaffiliates/app/learning/consultant/page.tsx(115,25): error TS7026: JSX element implicitly has type 'any' because no interface 'JSX.IntrinsicElements' exists.
../247gbsaffiliates/app/learning/consultant/page.tsx(116,25): error TS7026: JSX element implicitly has type 'any' because no interface 'JSX.IntrinsicElements' exists.
../247gbsaffiliates/app/learning/consultant/page.tsx(117,29): error TS7026: JSX element implicitly has type 'any' because no interface 'JSX.IntrinsicElements' exists.
../247gbsaffiliates/app/learning/consultant/page.tsx(117,122): error TS7026: JSX element implicitly has type 'any' because no interface 'JSX.IntrinsicElements' exists.
../247gbsaffiliates/app/learning/consultant/page.tsx(118,29): error TS7026: JSX element implicitly has type 'any' because no interface 'JSX.IntrinsicElements' exists.
../247gbsaffiliates/app/learning/consultant/page.tsx(119,33): error TS7026: JSX element implicitly has type 'any' because no interface 'JSX.IntrinsicElements' exists.
../247gbsaffiliates/app/learning/consultant/page.tsx(120,37): error TS7026: JSX element implicitly has type 'any' because no interface 'JSX.IntrinsicElements' exists.
../247gbsaffiliates/app/learning/consultant/page.tsx(121,41): error TS7026: JSX element implicitly has type 'any' because no interface 'JSX.IntrinsicElements' exists.
../247gbsaffiliates/app/learning/consultant/page.tsx(122,45): error TS7026: JSX element implicitly has type 'any' because no interface 'JSX.IntrinsicElements' exists.
../247gbsaffiliates/app/learning/consultant/page.tsx(122,98): error TS7026: JSX element implicitly has type 'any' because no interface 'JSX.IntrinsicElements' exists.
../247gbsaffiliates/app/learning/consultant/page.tsx(123,41): error TS7026: JSX element implicitly has type 'any' because no interface 'JSX.IntrinsicElements' exists.
../247gbsaffiliates/app/learning/consultant/page.tsx(124,41): error TS7026: JSX element implicitly has type 'any' because no interface 'JSX.IntrinsicElements' exists.
../247gbsaffiliates/app/learning/consultant/page.tsx(124,130): error TS7026: JSX element implicitly has type 'any' because no interface 'JSX.IntrinsicElements' exists.
../247gbsaffiliates/app/learning/consultant/page.tsx(125,37): error TS7026: JSX element implicitly has type 'any' because no interface 'JSX.IntrinsicElements' exists.
../247gbsaffiliates/app/learning/consultant/page.tsx(126,37): error TS7026: JSX element implicitly has type 'any' because no interface 'JSX.IntrinsicElements' exists.
../247gbsaffiliates/app/learning/consultant/page.tsx(126,133): error TS7026: JSX element implicitly has type 'any' because no interface 'JSX.IntrinsicElements' exists.
../247gbsaffiliates/app/learning/consultant/page.tsx(127,37): error TS7026: JSX element implicitly has type 'any' because no interface 'JSX.IntrinsicElements' exists.
../247gbsaffiliates/app/learning/consultant/page.tsx(127,151): error TS7026: JSX element implicitly has type 'any' because no interface 'JSX.IntrinsicElements' exists.
../247gbsaffiliates/app/learning/consultant/page.tsx(128,37): error TS7026: JSX element implicitly has type 'any' because no interface 'JSX.IntrinsicElements' exists.
../247gbsaffiliates/app/learning/consultant/page.tsx(129,41): error TS7026: JSX element implicitly has type 'any' because no interface 'JSX.IntrinsicElements' exists.
../247gbsaffiliates/app/learning/consultant/page.tsx(130,45): error TS7026: JSX element implicitly has type 'any' because no interface 'JSX.IntrinsicElements' exists.
../247gbsaffiliates/app/learning/consultant/page.tsx(130,101): error TS7026: JSX element implicitly has type 'any' because no interface 'JSX.IntrinsicElements' exists.
../247gbsaffiliates/app/learning/consultant/page.tsx(131,41): error TS7026: JSX element implicitly has type 'any' because no interface 'JSX.IntrinsicElements' exists.
../247gbsaffiliates/app/learning/consultant/page.tsx(132,41): error TS7026: JSX element implicitly has type 'any' because no interface 'JSX.IntrinsicElements' exists.
../247gbsaffiliates/app/learning/consultant/page.tsx(132,111): error TS7026: JSX element implicitly has type 'any' because no interface 'JSX.IntrinsicElements' exists.
../247gbsaffiliates/app/learning/consultant/page.tsx(133,37): error TS7026: JSX element implicitly has type 'any' because no interface 'JSX.IntrinsicElements' exists.
../247gbsaffiliates/app/learning/consultant/page.tsx(134,37): error TS7026: JSX element implicitly has type 'any' because no interface 'JSX.IntrinsicElements' exists.
../247gbsaffiliates/app/learning/consultant/page.tsx(135,41): error TS7026: JSX element implicitly has type 'any' because no interface 'JSX.IntrinsicElements' exists.
../247gbsaffiliates/app/learning/consultant/page.tsx(136,45): error TS7026: JSX element implicitly has type 'any' because no interface 'JSX.IntrinsicElements' exists.
../247gbsaffiliates/app/learning/consultant/page.tsx(136,109): error TS7026: JSX element implicitly has type 'any' because no interface 'JSX.IntrinsicElements' exists.
../247gbsaffiliates/app/learning/consultant/page.tsx(137,41): error TS7026: JSX element implicitly has type 'any' because no interface 'JSX.IntrinsicElements' exists.
../247gbsaffiliates/app/learning/consultant/page.tsx(138,41): error TS7026: JSX element implicitly has type 'any' because no interface 'JSX.IntrinsicElements' exists.
../247gbsaffiliates/app/learning/consultant/page.tsx(138,164): error TS7026: JSX element implicitly has type 'any' because no interface 'JSX.IntrinsicElements' exists.
../247gbsaffiliates/app/learning/consultant/page.tsx(139,37): error TS7026: JSX element implicitly has type 'any' because no interface 'JSX.IntrinsicElements' exists.
../247gbsaffiliates/app/learning/consultant/page.tsx(140,33): error TS7026: JSX element implicitly has type 'any' because no interface 'JSX.IntrinsicElements' exists.
../247gbsaffiliates/app/learning/consultant/page.tsx(141,33): error TS7026: JSX element implicitly has type 'any' because no interface 'JSX.IntrinsicElements' exists.
../247gbsaffiliates/app/learning/consultant/page.tsx(142,37): error TS7026: JSX element implicitly has type 'any' because no interface 'JSX.IntrinsicElements' exists.
../247gbsaffiliates/app/learning/consultant/page.tsx(142,189): error TS7026: JSX element implicitly has type 'any' because no interface 'JSX.IntrinsicElements' exists.
../247gbsaffiliates/app/learning/consultant/page.tsx(143,37): error TS7026: JSX element implicitly has type 'any' because no interface 'JSX.IntrinsicElements' exists.
../247gbsaffiliates/app/learning/consultant/page.tsx(144,41): error TS7026: JSX element implicitly has type 'any' because no interface 'JSX.IntrinsicElements' exists.
../247gbsaffiliates/app/learning/consultant/page.tsx(145,45): error TS7026: JSX element implicitly has type 'any' because no interface 'JSX.IntrinsicElements' exists.
../247gbsaffiliates/app/learning/consultant/page.tsx(145,98): error TS7026: JSX element implicitly has type 'any' because no interface 'JSX.IntrinsicElements' exists.
../247gbsaffiliates/app/learning/consultant/page.tsx(146,41): error TS7026: JSX element implicitly has type 'any' because no interface 'JSX.IntrinsicElements' exists.
../247gbsaffiliates/app/learning/consultant/page.tsx(147,41): error TS7026: JSX element implicitly has type 'any' because no interface 'JSX.IntrinsicElements' exists.
../247gbsaffiliates/app/learning/consultant/page.tsx(147,132): error TS7026: JSX element implicitly has type 'any' because no interface 'JSX.IntrinsicElements' exists.
../247gbsaffiliates/app/learning/consultant/page.tsx(148,37): error TS7026: JSX element implicitly has type 'any' because no interface 'JSX.IntrinsicElements' exists.
../247gbsaffiliates/app/learning/consultant/page.tsx(149,37): error TS7026: JSX element implicitly has type 'any' because no interface 'JSX.IntrinsicElements' exists.
../247gbsaffiliates/app/learning/consultant/page.tsx(149,125): error TS7026: JSX element implicitly has type 'any' because no interface 'JSX.IntrinsicElements' exists.
../247gbsaffiliates/app/learning/consultant/page.tsx(150,37): error TS7026: JSX element implicitly has type 'any' because no interface 'JSX.IntrinsicElements' exists.
../247gbsaffiliates/app/learning/consultant/page.tsx(150,145): error TS7026: JSX element implicitly has type 'any' because no interface 'JSX.IntrinsicElements' exists.
../247gbsaffiliates/app/learning/consultant/page.tsx(151,37): error TS7026: JSX element implicitly has type 'any' because no interface 'JSX.IntrinsicElements' exists.
../247gbsaffiliates/app/learning/consultant/page.tsx(152,41): error TS7026: JSX element implicitly has type 'any' because no interface 'JSX.IntrinsicElements' exists.
../247gbsaffiliates/app/learning/consultant/page.tsx(153,45): error TS7026: JSX element implicitly has type 'any' because no interface 'JSX.IntrinsicElements' exists.
../247gbsaffiliates/app/learning/consultant/page.tsx(153,98): error TS7026: JSX element implicitly has type 'any' because no interface 'JSX.IntrinsicElements' exists.
../247gbsaffiliates/app/learning/consultant/page.tsx(154,41): error TS7026: JSX element implicitly has type 'any' because no interface 'JSX.IntrinsicElements' exists.
../247gbsaffiliates/app/learning/consultant/page.tsx(155,41): error TS7026: JSX element implicitly has type 'any' because no interface 'JSX.IntrinsicElements' exists.
../247gbsaffiliates/app/learning/consultant/page.tsx(155,93): error TS7026: JSX element implicitly has type 'any' because no interface 'JSX.IntrinsicElements' exists.
../247gbsaffiliates/app/learning/consultant/page.tsx(156,37): error TS7026: JSX element implicitly has type 'any' because no interface 'JSX.IntrinsicElements' exists.
../247gbsaffiliates/app/learning/consultant/page.tsx(157,37): error TS7026: JSX element implicitly has type 'any' because no interface 'JSX.IntrinsicElements' exists.
../247gbsaffiliates/app/learning/consultant/page.tsx(158,41): error TS7026: JSX element implicitly has type 'any' because no interface 'JSX.IntrinsicElements' exists.
../247gbsaffiliates/app/learning/consultant/page.tsx(159,45): error TS7026: JSX element implicitly has type 'any' because no interface 'JSX.IntrinsicElements' exists.
../247gbsaffiliates/app/learning/consultant/page.tsx(159,109): error TS7026: JSX element implicitly has type 'any' because no interface 'JSX.IntrinsicElements' exists.
../247gbsaffiliates/app/learning/consultant/page.tsx(160,41): error TS7026: JSX element implicitly has type 'any' because no interface 'JSX.IntrinsicElements' exists.
../247gbsaffiliates/app/learning/consultant/page.tsx(161,41): error TS7026: JSX element implicitly has type 'any' because no interface 'JSX.IntrinsicElements' exists.
../247gbsaffiliates/app/learning/consultant/page.tsx(161,195): error TS7026: JSX element implicitly has type 'any' because no interface 'JSX.IntrinsicElements' exists.
../247gbsaffiliates/app/learning/consultant/page.tsx(162,37): error TS7026: JSX element implicitly has type 'any' because no interface 'JSX.IntrinsicElements' exists.
../247gbsaffiliates/app/learning/consultant/page.tsx(163,33): error TS7026: JSX element implicitly has type 'any' because no interface 'JSX.IntrinsicElements' exists.
../247gbsaffiliates/app/learning/consultant/page.tsx(164,33): error TS7026: JSX element implicitly has type 'any' because no interface 'JSX.IntrinsicElements' exists.
../247gbsaffiliates/app/learning/consultant/page.tsx(165,37): error TS7026: JSX element implicitly has type 'any' because no interface 'JSX.IntrinsicElements' exists.
../247gbsaffiliates/app/learning/consultant/page.tsx(166,41): error TS7026: JSX element implicitly has type 'any' because no interface 'JSX.IntrinsicElements' exists.
../247gbsaffiliates/app/learning/consultant/page.tsx(167,45): error TS7026: JSX element implicitly has type 'any' because no interface 'JSX.IntrinsicElements' exists.
../247gbsaffiliates/app/learning/consultant/page.tsx(167,101): error TS7026: JSX element implicitly has type 'any' because no interface 'JSX.IntrinsicElements' exists.
../247gbsaffiliates/app/learning/consultant/page.tsx(168,41): error TS7026: JSX element implicitly has type 'any' because no interface 'JSX.IntrinsicElements' exists.
../247gbsaffiliates/app/learning/consultant/page.tsx(169,41): error TS7026: JSX element implicitly has type 'any' because no interface 'JSX.IntrinsicElements' exists.
../247gbsaffiliates/app/learning/consultant/page.tsx(169,130): error TS7026: JSX element implicitly has type 'any' because no interface 'JSX.IntrinsicElements' exists.
../247gbsaffiliates/app/learning/consultant/page.tsx(170,37): error TS7026: JSX element implicitly has type 'any' because no interface 'JSX.IntrinsicElements' exists.
../247gbsaffiliates/app/learning/consultant/page.tsx(171,37): error TS7026: JSX element implicitly has type 'any' because no interface 'JSX.IntrinsicElements' exists.
../247gbsaffiliates/app/learning/consultant/page.tsx(171,123): error TS7026: JSX element implicitly has type 'any' because no interface 'JSX.IntrinsicElements' exists.
../247gbsaffiliates/app/learning/consultant/page.tsx(172,37): error TS7026: JSX element implicitly has type 'any' because no interface 'JSX.IntrinsicElements' exists.
../247gbsaffiliates/app/learning/consultant/page.tsx(172,149): error TS7026: JSX element implicitly has type 'any' because no interface 'JSX.IntrinsicElements' exists.
../247gbsaffiliates/app/learning/consultant/page.tsx(173,37): error TS7026: JSX element implicitly has type 'any' because no interface 'JSX.IntrinsicElements' exists.
../247gbsaffiliates/app/learning/consultant/page.tsx(174,41): error TS7026: JSX element implicitly has type 'any' because no interface 'JSX.IntrinsicElements' exists.
../247gbsaffiliates/app/learning/consultant/page.tsx(175,45): error TS7026: JSX element implicitly has type 'any' because no interface 'JSX.IntrinsicElements' exists.
../247gbsaffiliates/app/learning/consultant/page.tsx(175,102): error TS7026: JSX element implicitly has type 'any' because no interface 'JSX.IntrinsicElements' exists.
../247gbsaffiliates/app/learning/consultant/page.tsx(176,41): error TS7026: JSX element implicitly has type 'any' because no interface 'JSX.IntrinsicElements' exists.
../247gbsaffiliates/app/learning/consultant/page.tsx(177,41): error TS7026: JSX element implicitly has type 'any' because no interface 'JSX.IntrinsicElements' exists.
../247gbsaffiliates/app/learning/consultant/page.tsx(177,96): error TS7026: JSX element implicitly has type 'any' because no interface 'JSX.IntrinsicElements' exists.
../247gbsaffiliates/app/learning/consultant/page.tsx(178,37): error TS7026: JSX element implicitly has type 'any' because no interface 'JSX.IntrinsicElements' exists.
../247gbsaffiliates/app/learning/consultant/page.tsx(179,37): error TS7026: JSX element implicitly has type 'any' because no interface 'JSX.IntrinsicElements' exists.
../247gbsaffiliates/app/learning/consultant/page.tsx(180,41): error TS7026: JSX element implicitly has type 'any' because no interface 'JSX.IntrinsicElements' exists.
../247gbsaffiliates/app/learning/consultant/page.tsx(181,45): error TS7026: JSX element implicitly has type 'any' because no interface 'JSX.IntrinsicElements' exists.
../247gbsaffiliates/app/learning/consultant/page.tsx(181,109): error TS7026: JSX element implicitly has type 'any' because no interface 'JSX.IntrinsicElements' exists.
../247gbsaffiliates/app/learning/consultant/page.tsx(182,41): error TS7026: JSX element implicitly has type 'any' because no interface 'JSX.IntrinsicElements' exists.
../247gbsaffiliates/app/learning/consultant/page.tsx(183,41): error TS7026: JSX element implicitly has type 'any' because no interface 'JSX.IntrinsicElements' exists.
../247gbsaffiliates/app/learning/consultant/page.tsx(183,147): error TS7026: JSX element implicitly has type 'any' because no interface 'JSX.IntrinsicElements' exists.
../247gbsaffiliates/app/learning/consultant/page.tsx(184,37): error TS7026: JSX element implicitly has type 'any' because no interface 'JSX.IntrinsicElements' exists.
../247gbsaffiliates/app/learning/consultant/page.tsx(185,33): error TS7026: JSX element implicitly has type 'any' because no interface 'JSX.IntrinsicElements' exists.
../247gbsaffiliates/app/learning/consultant/page.tsx(186,33): error TS7026: JSX element implicitly has type 'any' because no interface 'JSX.IntrinsicElements' exists.
../247gbsaffiliates/app/learning/consultant/page.tsx(187,37): error TS7026: JSX element implicitly has type 'any' because no interface 'JSX.IntrinsicElements' exists.
../247gbsaffiliates/app/learning/consultant/page.tsx(188,41): error TS7026: JSX element implicitly has type 'any' because no interface 'JSX.IntrinsicElements' exists.
../247gbsaffiliates/app/learning/consultant/page.tsx(188,89): error TS7026: JSX element implicitly has type 'any' because no interface 'JSX.IntrinsicElements' exists.
../247gbsaffiliates/app/learning/consultant/page.tsx(189,37): error TS7026: JSX element implicitly has type 'any' because no interface 'JSX.IntrinsicElements' exists.
../247gbsaffiliates/app/learning/consultant/page.tsx(190,37): error TS7026: JSX element implicitly has type 'any' because no interface 'JSX.IntrinsicElements' exists.
../247gbsaffiliates/app/learning/consultant/page.tsx(190,107): error TS7026: JSX element implicitly has type 'any' because no interface 'JSX.IntrinsicElements' exists.
../247gbsaffiliates/app/learning/consultant/page.tsx(191,37): error TS7026: JSX element implicitly has type 'any' because no interface 'JSX.IntrinsicElements' exists.
../247gbsaffiliates/app/learning/consultant/page.tsx(191,150): error TS7026: JSX element implicitly has type 'any' because no interface 'JSX.IntrinsicElements' exists.
../247gbsaffiliates/app/learning/consultant/page.tsx(192,37): error TS7026: JSX element implicitly has type 'any' because no interface 'JSX.IntrinsicElements' exists.
../247gbsaffiliates/app/learning/consultant/page.tsx(192,156): error TS7026: JSX element implicitly has type 'any' because no interface 'JSX.IntrinsicElements' exists.
../247gbsaffiliates/app/learning/consultant/page.tsx(193,33): error TS7026: JSX element implicitly has type 'any' because no interface 'JSX.IntrinsicElements' exists.
../247gbsaffiliates/app/learning/consultant/page.tsx(194,29): error TS7026: JSX element implicitly has type 'any' because no interface 'JSX.IntrinsicElements' exists.
../247gbsaffiliates/app/learning/consultant/page.tsx(195,25): error TS7026: JSX element implicitly has type 'any' because no interface 'JSX.IntrinsicElements' exists.
../247gbsaffiliates/app/learning/consultant/page.tsx(196,21): error TS7026: JSX element implicitly has type 'any' because no interface 'JSX.IntrinsicElements' exists.
../247gbsaffiliates/app/learning/consultant/page.tsx(197,21): error TS7026: JSX element implicitly has type 'any' because no interface 'JSX.IntrinsicElements' exists.
../247gbsaffiliates/app/learning/consultant/page.tsx(198,25): error TS7026: JSX element implicitly has type 'any' because no interface 'JSX.IntrinsicElements' exists.
../247gbsaffiliates/app/learning/consultant/page.tsx(199,29): error TS7026: JSX element implicitly has type 'any' because no interface 'JSX.IntrinsicElements' exists.
../247gbsaffiliates/app/learning/consultant/page.tsx(200,33): error TS7026: JSX element implicitly has type 'any' because no interface 'JSX.IntrinsicElements' exists.
../247gbsaffiliates/app/learning/consultant/page.tsx(200,103): error TS7026: JSX element implicitly has type 'any' because no interface 'JSX.IntrinsicElements' exists.
../247gbsaffiliates/app/learning/consultant/page.tsx(202,29): error TS7026: JSX element implicitly has type 'any' because no interface 'JSX.IntrinsicElements' exists.
../247gbsaffiliates/app/learning/consultant/page.tsx(203,29): error TS7026: JSX element implicitly has type 'any' because no interface 'JSX.IntrinsicElements' exists.
../247gbsaffiliates/app/learning/consultant/page.tsx(204,33): error TS7026: JSX element implicitly has type 'any' because no interface 'JSX.IntrinsicElements' exists.
../247gbsaffiliates/app/learning/consultant/page.tsx(205,37): error TS7026: JSX element implicitly has type 'any' because no interface 'JSX.IntrinsicElements' exists.
../247gbsaffiliates/app/learning/consultant/page.tsx(206,41): error TS7026: JSX element implicitly has type 'any' because no interface 'JSX.IntrinsicElements' exists.
../247gbsaffiliates/app/learning/consultant/page.tsx(206,121): error TS7026: JSX element implicitly has type 'any' because no interface 'JSX.IntrinsicElements' exists.
../247gbsaffiliates/app/learning/consultant/page.tsx(207,37): error TS7026: JSX element implicitly has type 'any' because no interface 'JSX.IntrinsicElements' exists.
../247gbsaffiliates/app/learning/consultant/page.tsx(208,37): error TS7026: JSX element implicitly has type 'any' because no interface 'JSX.IntrinsicElements' exists.
../247gbsaffiliates/app/learning/consultant/page.tsx(209,41): error TS7026: JSX element implicitly has type 'any' because no interface 'JSX.IntrinsicElements' exists.
../247gbsaffiliates/app/learning/consultant/page.tsx(209,188): error TS7026: JSX element implicitly has type 'any' because no interface 'JSX.IntrinsicElements' exists.
../247gbsaffiliates/app/learning/consultant/page.tsx(210,41): error TS7026: JSX element implicitly has type 'any' because no interface 'JSX.IntrinsicElements' exists.
../247gbsaffiliates/app/learning/consultant/page.tsx(210,96): error TS7026: JSX element implicitly has type 'any' because no interface 'JSX.IntrinsicElements' exists.
../247gbsaffiliates/app/learning/consultant/page.tsx(211,41): error TS7026: JSX element implicitly has type 'any' because no interface 'JSX.IntrinsicElements' exists.
../247gbsaffiliates/app/learning/consultant/page.tsx(211,165): error TS7026: JSX element implicitly has type 'any' because no interface 'JSX.IntrinsicElements' exists.
../247gbsaffiliates/app/learning/consultant/page.tsx(212,37): error TS7026: JSX element implicitly has type 'any' because no interface 'JSX.IntrinsicElements' exists.
../247gbsaffiliates/app/learning/consultant/page.tsx(213,33): error TS7026: JSX element implicitly has type 'any' because no interface 'JSX.IntrinsicElements' exists.
../247gbsaffiliates/app/learning/consultant/page.tsx(214,33): error TS7026: JSX element implicitly has type 'any' because no interface 'JSX.IntrinsicElements' exists.
../247gbsaffiliates/app/learning/consultant/page.tsx(214,75): error TS7026: JSX element implicitly has type 'any' because no interface 'JSX.IntrinsicElements' exists.
../247gbsaffiliates/app/learning/consultant/page.tsx(215,33): error TS7026: JSX element implicitly has type 'any' because no interface 'JSX.IntrinsicElements' exists.
../247gbsaffiliates/app/learning/consultant/page.tsx(216,37): error TS7026: JSX element implicitly has type 'any' because no interface 'JSX.IntrinsicElements' exists.
../247gbsaffiliates/app/learning/consultant/page.tsx(217,41): error TS7026: JSX element implicitly has type 'any' because no interface 'JSX.IntrinsicElements' exists.
../247gbsaffiliates/app/learning/consultant/page.tsx(217,118): error TS7026: JSX element implicitly has type 'any' because no interface 'JSX.IntrinsicElements' exists.
../247gbsaffiliates/app/learning/consultant/page.tsx(218,37): error TS7026: JSX element implicitly has type 'any' because no interface 'JSX.IntrinsicElements' exists.
../247gbsaffiliates/app/learning/consultant/page.tsx(219,37): error TS7026: JSX element implicitly has type 'any' because no interface 'JSX.IntrinsicElements' exists.
../247gbsaffiliates/app/learning/consultant/page.tsx(220,41): error TS7026: JSX element implicitly has type 'any' because no interface 'JSX.IntrinsicElements' exists.
../247gbsaffiliates/app/learning/consultant/page.tsx(220,186): error TS7026: JSX element implicitly has type 'any' because no interface 'JSX.IntrinsicElements' exists.
../247gbsaffiliates/app/learning/consultant/page.tsx(221,41): error TS7026: JSX element implicitly has type 'any' because no interface 'JSX.IntrinsicElements' exists.
../247gbsaffiliates/app/learning/consultant/page.tsx(221,103): error TS7026: JSX element implicitly has type 'any' because no interface 'JSX.IntrinsicElements' exists.
../247gbsaffiliates/app/learning/consultant/page.tsx(222,37): error TS7026: JSX element implicitly has type 'any' because no interface 'JSX.IntrinsicElements' exists.
../247gbsaffiliates/app/learning/consultant/page.tsx(223,33): error TS7026: JSX element implicitly has type 'any' because no interface 'JSX.IntrinsicElements' exists.
../247gbsaffiliates/app/learning/consultant/page.tsx(224,29): error TS7026: JSX element implicitly has type 'any' because no interface 'JSX.IntrinsicElements' exists.
../247gbsaffiliates/app/learning/consultant/page.tsx(225,25): error TS7026: JSX element implicitly has type 'any' because no interface 'JSX.IntrinsicElements' exists.
../247gbsaffiliates/app/learning/consultant/page.tsx(226,25): error TS7026: JSX element implicitly has type 'any' because no interface 'JSX.IntrinsicElements' exists.
../247gbsaffiliates/app/learning/consultant/page.tsx(227,29): error TS7026: JSX element implicitly has type 'any' because no interface 'JSX.IntrinsicElements' exists.
../247gbsaffiliates/app/learning/consultant/page.tsx(228,33): error TS7026: JSX element implicitly has type 'any' because no interface 'JSX.IntrinsicElements' exists.
../247gbsaffiliates/app/learning/consultant/page.tsx(229,33): error TS7026: JSX element implicitly has type 'any' because no interface 'JSX.IntrinsicElements' exists.
../247gbsaffiliates/app/learning/consultant/page.tsx(230,33): error TS7026: JSX element implicitly has type 'any' because no interface 'JSX.IntrinsicElements' exists.
../247gbsaffiliates/app/learning/consultant/page.tsx(231,37): error TS7026: JSX element implicitly has type 'any' because no interface 'JSX.IntrinsicElements' exists.
../247gbsaffiliates/app/learning/consultant/page.tsx(231,104): error TS7026: JSX element implicitly has type 'any' because no interface 'JSX.IntrinsicElements' exists.
../247gbsaffiliates/app/learning/consultant/page.tsx(232,37): error TS7026: JSX element implicitly has type 'any' because no interface 'JSX.IntrinsicElements' exists.
../247gbsaffiliates/app/learning/consultant/page.tsx(232,97): error TS7026: JSX element implicitly has type 'any' because no interface 'JSX.IntrinsicElements' exists.
../247gbsaffiliates/app/learning/consultant/page.tsx(233,33): error TS7026: JSX element implicitly has type 'any' because no interface 'JSX.IntrinsicElements' exists.
../247gbsaffiliates/app/learning/consultant/page.tsx(234,29): error TS7026: JSX element implicitly has type 'any' because no interface 'JSX.IntrinsicElements' exists.
../247gbsaffiliates/app/learning/consultant/page.tsx(235,29): error TS7026: JSX element implicitly has type 'any' because no interface 'JSX.IntrinsicElements' exists.
../247gbsaffiliates/app/learning/consultant/page.tsx(236,33): error TS7026: JSX element implicitly has type 'any' because no interface 'JSX.IntrinsicElements' exists.
../247gbsaffiliates/app/learning/consultant/page.tsx(236,150): error TS7026: JSX element implicitly has type 'any' because no interface 'JSX.IntrinsicElements' exists.
../247gbsaffiliates/app/learning/consultant/page.tsx(237,33): error TS7026: JSX element implicitly has type 'any' because no interface 'JSX.IntrinsicElements' exists.
../247gbsaffiliates/app/learning/consultant/page.tsx(239,33): error TS7026: JSX element implicitly has type 'any' because no interface 'JSX.IntrinsicElements' exists.
../247gbsaffiliates/app/learning/consultant/page.tsx(240,29): error TS7026: JSX element implicitly has type 'any' because no interface 'JSX.IntrinsicElements' exists.
../247gbsaffiliates/app/learning/consultant/page.tsx(241,25): error TS7026: JSX element implicitly has type 'any' because no interface 'JSX.IntrinsicElements' exists.
../247gbsaffiliates/app/learning/consultant/page.tsx(242,25): error TS7026: JSX element implicitly has type 'any' because no interface 'JSX.IntrinsicElements' exists.
../247gbsaffiliates/app/learning/consultant/page.tsx(243,29): error TS7026: JSX element implicitly has type 'any' because no interface 'JSX.IntrinsicElements' exists.
../247gbsaffiliates/app/learning/consultant/page.tsx(243,115): error TS7026: JSX element implicitly has type 'any' because no interface 'JSX.IntrinsicElements' exists.
../247gbsaffiliates/app/learning/consultant/page.tsx(244,29): error TS7026: JSX element implicitly has type 'any' because no interface 'JSX.IntrinsicElements' exists.
../247gbsaffiliates/app/learning/consultant/page.tsx(245,33): error TS7026: JSX element implicitly has type 'any' because no interface 'JSX.IntrinsicElements' exists.
../247gbsaffiliates/app/learning/consultant/page.tsx(245,103): error TS7026: JSX element implicitly has type 'any' because no interface 'JSX.IntrinsicElements' exists.
../247gbsaffiliates/app/learning/consultant/page.tsx(247,29): error TS7026: JSX element implicitly has type 'any' because no interface 'JSX.IntrinsicElements' exists.
../247gbsaffiliates/app/learning/consultant/page.tsx(248,25): error TS7026: JSX element implicitly has type 'any' because no interface 'JSX.IntrinsicElements' exists.
../247gbsaffiliates/app/learning/consultant/page.tsx(249,21): error TS7026: JSX element implicitly has type 'any' because no interface 'JSX.IntrinsicElements' exists.
../247gbsaffiliates/app/learning/consultant/page.tsx(250,17): error TS7026: JSX element implicitly has type 'any' because no interface 'JSX.IntrinsicElements' exists.
../247gbsaffiliates/app/learning/consultant/page.tsx(251,13): error TS7026: JSX element implicitly has type 'any' because no interface 'JSX.IntrinsicElements' exists.
../247gbsaffiliates/app/learning/consultant/page.tsx(252,13): error TS7026: JSX element implicitly has type 'any' because no interface 'JSX.IntrinsicElements' exists.
../247gbsaffiliates/app/learning/consultant/page.tsx(253,17): error TS7026: JSX element implicitly has type 'any' because no interface 'JSX.IntrinsicElements' exists.
../247gbsaffiliates/app/learning/consultant/page.tsx(254,21): error TS7026: JSX element implicitly has type 'any' because no interface 'JSX.IntrinsicElements' exists.
../247gbsaffiliates/app/learning/consultant/page.tsx(255,25): error TS7026: JSX element implicitly has type 'any' because no interface 'JSX.IntrinsicElements' exists.
../247gbsaffiliates/app/learning/consultant/page.tsx(256,29): error TS7026: JSX element implicitly has type 'any' because no interface 'JSX.IntrinsicElements' exists.
../247gbsaffiliates/app/learning/consultant/page.tsx(256,86): error TS7026: JSX element implicitly has type 'any' because no interface 'JSX.IntrinsicElements' exists.
../247gbsaffiliates/app/learning/consultant/page.tsx(257,25): error TS7026: JSX element implicitly has type 'any' because no interface 'JSX.IntrinsicElements' exists.
../247gbsaffiliates/app/learning/consultant/page.tsx(258,25): error TS7026: JSX element implicitly has type 'any' because no interface 'JSX.IntrinsicElements' exists.
../247gbsaffiliates/app/learning/consultant/page.tsx(259,29): error TS7026: JSX element implicitly has type 'any' because no interface 'JSX.IntrinsicElements' exists.
../247gbsaffiliates/app/learning/consultant/page.tsx(259,78): error TS7026: JSX element implicitly has type 'any' because no interface 'JSX.IntrinsicElements' exists.
../247gbsaffiliates/app/learning/consultant/page.tsx(260,29): error TS7026: JSX element implicitly has type 'any' because no interface 'JSX.IntrinsicElements' exists.
../247gbsaffiliates/app/learning/consultant/page.tsx(260,99): error TS7026: JSX element implicitly has type 'any' because no interface 'JSX.IntrinsicElements' exists.
../247gbsaffiliates/app/learning/consultant/page.tsx(261,25): error TS7026: JSX element implicitly has type 'any' because no interface 'JSX.IntrinsicElements' exists.
../247gbsaffiliates/app/learning/consultant/page.tsx(262,21): error TS7026: JSX element implicitly has type 'any' because no interface 'JSX.IntrinsicElements' exists.
../247gbsaffiliates/app/learning/consultant/page.tsx(263,21): error TS7026: JSX element implicitly has type 'any' because no interface 'JSX.IntrinsicElements' exists.
../247gbsaffiliates/app/learning/consultant/page.tsx(265,21): error TS7026: JSX element implicitly has type 'any' because no interface 'JSX.IntrinsicElements' exists.
../247gbsaffiliates/app/learning/consultant/page.tsx(266,17): error TS7026: JSX element implicitly has type 'any' because no interface 'JSX.IntrinsicElements' exists.
../247gbsaffiliates/app/learning/consultant/page.tsx(267,13): error TS7026: JSX element implicitly has type 'any' because no interface 'JSX.IntrinsicElements' exists.
../247gbsaffiliates/app/learning/consultant/page.tsx(268,9): error TS7026: JSX element implicitly has type 'any' because no interface 'JSX.IntrinsicElements' exists.
../247gbsaffiliates/app/learning/page.tsx(3,44): error TS2307: Cannot find module 'react' or its corresponding type declarations.
../247gbsaffiliates/app/learning/page.tsx(4,26): error TS2307: Cannot find module '@tanstack/react-query' or its corresponding type declarations.
../247gbsaffiliates/app/learning/page.tsx(5,27): error TS2307: Cannot find module 'next/navigation' or its corresponding type declarations.
../247gbsaffiliates/app/learning/page.tsx(59,31): error TS7006: Parameter 'prev' implicitly has an 'any' type.
../247gbsaffiliates/app/learning/page.tsx(76,13): error TS7026: JSX element implicitly has type 'any' because no interface 'JSX.IntrinsicElements' exists.
../247gbsaffiliates/app/learning/page.tsx(76,13): error TS2875: This JSX tag requires the module path 'react/jsx-runtime' to exist, but none could be found. Make sure you have types for the appropriate package installed.
../247gbsaffiliates/app/learning/page.tsx(77,17): error TS7026: JSX element implicitly has type 'any' because no interface 'JSX.IntrinsicElements' exists.
../247gbsaffiliates/app/learning/page.tsx(78,21): error TS7026: JSX element implicitly has type 'any' because no interface 'JSX.IntrinsicElements' exists.
../247gbsaffiliates/app/learning/page.tsx(79,21): error TS7026: JSX element implicitly has type 'any' because no interface 'JSX.IntrinsicElements' exists.
../247gbsaffiliates/app/learning/page.tsx(79,92): error TS7026: JSX element implicitly has type 'any' because no interface 'JSX.IntrinsicElements' exists.
../247gbsaffiliates/app/learning/page.tsx(80,17): error TS7026: JSX element implicitly has type 'any' because no interface 'JSX.IntrinsicElements' exists.
../247gbsaffiliates/app/learning/page.tsx(81,13): error TS7026: JSX element implicitly has type 'any' because no interface 'JSX.IntrinsicElements' exists.
../247gbsaffiliates/app/learning/page.tsx(87,28): error TS7006: Parameter 'r' implicitly has an 'any' type.
../247gbsaffiliates/app/learning/page.tsx(89,45): error TS7006: Parameter 'r' implicitly has an 'any' type.
../247gbsaffiliates/app/learning/page.tsx(92,9): error TS7026: JSX element implicitly has type 'any' because no interface 'JSX.IntrinsicElements' exists.
../247gbsaffiliates/app/learning/page.tsx(93,13): error TS7026: JSX element implicitly has type 'any' because no interface 'JSX.IntrinsicElements' exists.
../247gbsaffiliates/app/learning/page.tsx(95,17): error TS7026: JSX element implicitly has type 'any' because no interface 'JSX.IntrinsicElements' exists.
../247gbsaffiliates/app/learning/page.tsx(96,21): error TS7026: JSX element implicitly has type 'any' because no interface 'JSX.IntrinsicElements' exists.
../247gbsaffiliates/app/learning/page.tsx(97,25): error TS7026: JSX element implicitly has type 'any' because no interface 'JSX.IntrinsicElements' exists.
../247gbsaffiliates/app/learning/page.tsx(101,29): error TS7026: JSX element implicitly has type 'any' because no interface 'JSX.IntrinsicElements' exists.
../247gbsaffiliates/app/learning/page.tsx(101,83): error TS7026: JSX element implicitly has type 'any' because no interface 'JSX.IntrinsicElements' exists.
../247gbsaffiliates/app/learning/page.tsx(103,25): error TS7026: JSX element implicitly has type 'any' because no interface 'JSX.IntrinsicElements' exists.
../247gbsaffiliates/app/learning/page.tsx(104,21): error TS7026: JSX element implicitly has type 'any' because no interface 'JSX.IntrinsicElements' exists.
../247gbsaffiliates/app/learning/page.tsx(105,21): error TS7026: JSX element implicitly has type 'any' because no interface 'JSX.IntrinsicElements' exists.
../247gbsaffiliates/app/learning/page.tsx(107,21): error TS7026: JSX element implicitly has type 'any' because no interface 'JSX.IntrinsicElements' exists.
../247gbsaffiliates/app/learning/page.tsx(108,21): error TS7026: JSX element implicitly has type 'any' because no interface 'JSX.IntrinsicElements' exists.
../247gbsaffiliates/app/learning/page.tsx(111,21): error TS7026: JSX element implicitly has type 'any' because no interface 'JSX.IntrinsicElements' exists.
../247gbsaffiliates/app/learning/page.tsx(112,17): error TS7026: JSX element implicitly has type 'any' because no interface 'JSX.IntrinsicElements' exists.
../247gbsaffiliates/app/learning/page.tsx(116,21): error TS7026: JSX element implicitly has type 'any' because no interface 'JSX.IntrinsicElements' exists.
../247gbsaffiliates/app/learning/page.tsx(117,25): error TS7026: JSX element implicitly has type 'any' because no interface 'JSX.IntrinsicElements' exists.
../247gbsaffiliates/app/learning/page.tsx(118,29): error TS7026: JSX element implicitly has type 'any' because no interface 'JSX.IntrinsicElements' exists.
../247gbsaffiliates/app/learning/page.tsx(119,33): error TS7026: JSX element implicitly has type 'any' because no interface 'JSX.IntrinsicElements' exists.
../247gbsaffiliates/app/learning/page.tsx(121,33): error TS7026: JSX element implicitly has type 'any' because no interface 'JSX.IntrinsicElements' exists.
../247gbsaffiliates/app/learning/page.tsx(122,33): error TS7026: JSX element implicitly has type 'any' because no interface 'JSX.IntrinsicElements' exists.
../247gbsaffiliates/app/learning/page.tsx(124,33): error TS7026: JSX element implicitly has type 'any' because no interface 'JSX.IntrinsicElements' exists.
../247gbsaffiliates/app/learning/page.tsx(125,29): error TS7026: JSX element implicitly has type 'any' because no interface 'JSX.IntrinsicElements' exists.
../247gbsaffiliates/app/learning/page.tsx(127,33): error TS7026: JSX element implicitly has type 'any' because no interface 'JSX.IntrinsicElements' exists.
../247gbsaffiliates/app/learning/page.tsx(128,76): error TS7006: Parameter 'item' implicitly has an 'any' type.
../247gbsaffiliates/app/learning/page.tsx(128,82): error TS7006: Parameter 'index' implicitly has an 'any' type.
../247gbsaffiliates/app/learning/page.tsx(129,41): error TS7026: JSX element implicitly has type 'any' because no interface 'JSX.IntrinsicElements' exists.
../247gbsaffiliates/app/learning/page.tsx(130,45): error TS7026: JSX element implicitly has type 'any' because no interface 'JSX.IntrinsicElements' exists.
../247gbsaffiliates/app/learning/page.tsx(132,45): error TS7026: JSX element implicitly has type 'any' because no interface 'JSX.IntrinsicElements' exists.
../247gbsaffiliates/app/learning/page.tsx(133,45): error TS7026: JSX element implicitly has type 'any' because no interface 'JSX.IntrinsicElements' exists.
../247gbsaffiliates/app/learning/page.tsx(135,45): error TS7026: JSX element implicitly has type 'any' because no interface 'JSX.IntrinsicElements' exists.
../247gbsaffiliates/app/learning/page.tsx(136,41): error TS7026: JSX element implicitly has type 'any' because no interface 'JSX.IntrinsicElements' exists.
../247gbsaffiliates/app/learning/page.tsx(138,33): error TS7026: JSX element implicitly has type 'any' because no interface 'JSX.IntrinsicElements' exists.
../247gbsaffiliates/app/learning/page.tsx(140,25): error TS7026: JSX element implicitly has type 'any' because no interface 'JSX.IntrinsicElements' exists.
../247gbsaffiliates/app/learning/page.tsx(141,21): error TS7026: JSX element implicitly has type 'any' because no interface 'JSX.IntrinsicElements' exists.
../247gbsaffiliates/app/learning/page.tsx(146,21): error TS7026: JSX element implicitly has type 'any' because no interface 'JSX.IntrinsicElements' exists.
../247gbsaffiliates/app/learning/page.tsx(151,21): error TS7026: JSX element implicitly has type 'any' because no interface 'JSX.IntrinsicElements' exists.
../247gbsaffiliates/app/learning/page.tsx(155,17): error TS7026: JSX element implicitly has type 'any' because no interface 'JSX.IntrinsicElements' exists.
../247gbsaffiliates/app/learning/page.tsx(157,17): error TS7026: JSX element implicitly has type 'any' because no interface 'JSX.IntrinsicElements' exists.
../247gbsaffiliates/app/learning/page.tsx(160,17): error TS7026: JSX element implicitly has type 'any' because no interface 'JSX.IntrinsicElements' exists.
../247gbsaffiliates/app/learning/page.tsx(161,21): error TS7026: JSX element implicitly has type 'any' because no interface 'JSX.IntrinsicElements' exists.
../247gbsaffiliates/app/learning/page.tsx(163,29): error TS7026: JSX element implicitly has type 'any' because no interface 'JSX.IntrinsicElements' exists.
../247gbsaffiliates/app/learning/page.tsx(172,29): error TS7026: JSX element implicitly has type 'any' because no interface 'JSX.IntrinsicElements' exists.
../247gbsaffiliates/app/learning/page.tsx(174,21): error TS7026: JSX element implicitly has type 'any' because no interface 'JSX.IntrinsicElements' exists.
../247gbsaffiliates/app/learning/page.tsx(175,17): error TS7026: JSX element implicitly has type 'any' because no interface 'JSX.IntrinsicElements' exists.
../247gbsaffiliates/app/learning/page.tsx(178,17): error TS7026: JSX element implicitly has type 'any' because no interface 'JSX.IntrinsicElements' exists.
../247gbsaffiliates/app/learning/page.tsx(179,44): error TS7006: Parameter 'resource' implicitly has an 'any' type.
../247gbsaffiliates/app/learning/page.tsx(187,17): error TS7026: JSX element implicitly has type 'any' because no interface 'JSX.IntrinsicElements' exists.
../247gbsaffiliates/app/learning/page.tsx(190,21): error TS7026: JSX element implicitly has type 'any' because no interface 'JSX.IntrinsicElements' exists.
../247gbsaffiliates/app/learning/page.tsx(191,25): error TS7026: JSX element implicitly has type 'any' because no interface 'JSX.IntrinsicElements' exists.
../247gbsaffiliates/app/learning/page.tsx(191,108): error TS7026: JSX element implicitly has type 'any' because no interface 'JSX.IntrinsicElements' exists.
../247gbsaffiliates/app/learning/page.tsx(192,25): error TS7026: JSX element implicitly has type 'any' because no interface 'JSX.IntrinsicElements' exists.
../247gbsaffiliates/app/learning/page.tsx(192,104): error TS7026: JSX element implicitly has type 'any' because no interface 'JSX.IntrinsicElements' exists.
../247gbsaffiliates/app/learning/page.tsx(193,21): error TS7026: JSX element implicitly has type 'any' because no interface 'JSX.IntrinsicElements' exists.
../247gbsaffiliates/app/learning/page.tsx(197,17): error TS7026: JSX element implicitly has type 'any' because no interface 'JSX.IntrinsicElements' exists.
../247gbsaffiliates/app/learning/page.tsx(198,21): error TS7026: JSX element implicitly has type 'any' because no interface 'JSX.IntrinsicElements' exists.
../247gbsaffiliates/app/learning/page.tsx(206,25): error TS7026: JSX element implicitly has type 'any' because no interface 'JSX.IntrinsicElements' exists.
../247gbsaffiliates/app/learning/page.tsx(206,73): error TS7026: JSX element implicitly has type 'any' because no interface 'JSX.IntrinsicElements' exists.
../247gbsaffiliates/app/learning/page.tsx(208,21): error TS7026: JSX element implicitly has type 'any' because no interface 'JSX.IntrinsicElements' exists.
../247gbsaffiliates/app/learning/page.tsx(209,17): error TS7026: JSX element implicitly has type 'any' because no interface 'JSX.IntrinsicElements' exists.
../247gbsaffiliates/app/learning/page.tsx(210,13): error TS7026: JSX element implicitly has type 'any' because no interface 'JSX.IntrinsicElements' exists.
../247gbsaffiliates/app/learning/page.tsx(211,9): error TS7026: JSX element implicitly has type 'any' because no interface 'JSX.IntrinsicElements' exists.
../247gbsaffiliates/app/onboarding/page.tsx(3,27): error TS2307: Cannot find module 'react' or its corresponding type declarations.
../247gbsaffiliates/app/onboarding/page.tsx(41,9): error TS2875: This JSX tag requires the module path 'react/jsx-runtime' to exist, but none could be found. Make sure you have types for the appropriate package installed.
../247gbsaffiliates/app/page.tsx(1,18): error TS2307: Cannot find module 'next/link' or its corresponding type declarations.
../247gbsaffiliates/app/page.tsx(2,19): error TS2307: Cannot find module 'next/image' or its corresponding type declarations.
../247gbsaffiliates/app/page.tsx(4,29): error TS2307: Cannot find module 'react-icons/fa6' or its corresponding type declarations.
../247gbsaffiliates/app/page.tsx(8,5): error TS7026: JSX element implicitly has type 'any' because no interface 'JSX.IntrinsicElements' exists.
../247gbsaffiliates/app/page.tsx(8,5): error TS2875: This JSX tag requires the module path 'react/jsx-runtime' to exist, but none could be found. Make sure you have types for the appropriate package installed.
../247gbsaffiliates/app/page.tsx(10,7): error TS7026: JSX element implicitly has type 'any' because no interface 'JSX.IntrinsicElements' exists.
../247gbsaffiliates/app/page.tsx(11,9): error TS7026: JSX element implicitly has type 'any' because no interface 'JSX.IntrinsicElements' exists.
../247gbsaffiliates/app/page.tsx(12,11): error TS7026: JSX element implicitly has type 'any' because no interface 'JSX.IntrinsicElements' exists.
../247gbsaffiliates/app/page.tsx(13,13): error TS7026: JSX element implicitly has type 'any' because no interface 'JSX.IntrinsicElements' exists.
../247gbsaffiliates/app/page.tsx(14,15): error TS7026: JSX element implicitly has type 'any' because no interface 'JSX.IntrinsicElements' exists.
../247gbsaffiliates/app/page.tsx(15,17): error TS7026: JSX element implicitly has type 'any' because no interface 'JSX.IntrinsicElements' exists.
../247gbsaffiliates/app/page.tsx(15,120): error TS7026: JSX element implicitly has type 'any' because no interface 'JSX.IntrinsicElements' exists.
../247gbsaffiliates/app/page.tsx(16,15): error TS7026: JSX element implicitly has type 'any' because no interface 'JSX.IntrinsicElements' exists.
../247gbsaffiliates/app/page.tsx(17,13): error TS7026: JSX element implicitly has type 'any' because no interface 'JSX.IntrinsicElements' exists.
../247gbsaffiliates/app/page.tsx(18,13): error TS7026: JSX element implicitly has type 'any' because no interface 'JSX.IntrinsicElements' exists.
../247gbsaffiliates/app/page.tsx(18,107): error TS7026: JSX element implicitly has type 'any' because no interface 'JSX.IntrinsicElements' exists.
../247gbsaffiliates/app/page.tsx(19,11): error TS7026: JSX element implicitly has type 'any' because no interface 'JSX.IntrinsicElements' exists.
../247gbsaffiliates/app/page.tsx(20,11): error TS7026: JSX element implicitly has type 'any' because no interface 'JSX.IntrinsicElements' exists.
../247gbsaffiliates/app/page.tsx(25,11): error TS7026: JSX element implicitly has type 'any' because no interface 'JSX.IntrinsicElements' exists.
../247gbsaffiliates/app/page.tsx(26,11): error TS7026: JSX element implicitly has type 'any' because no interface 'JSX.IntrinsicElements' exists.
../247gbsaffiliates/app/page.tsx(33,11): error TS7026: JSX element implicitly has type 'any' because no interface 'JSX.IntrinsicElements' exists.
../247gbsaffiliates/app/page.tsx(34,9): error TS7026: JSX element implicitly has type 'any' because no interface 'JSX.IntrinsicElements' exists.
../247gbsaffiliates/app/page.tsx(35,7): error TS7026: JSX element implicitly has type 'any' because no interface 'JSX.IntrinsicElements' exists.
../247gbsaffiliates/app/page.tsx(38,7): error TS7026: JSX element implicitly has type 'any' because no interface 'JSX.IntrinsicElements' exists.
../247gbsaffiliates/app/page.tsx(39,9): error TS7026: JSX element implicitly has type 'any' because no interface 'JSX.IntrinsicElements' exists.
../247gbsaffiliates/app/page.tsx(41,9): error TS7026: JSX element implicitly has type 'any' because no interface 'JSX.IntrinsicElements' exists.
../247gbsaffiliates/app/page.tsx(42,7): error TS7026: JSX element implicitly has type 'any' because no interface 'JSX.IntrinsicElements' exists.
../247gbsaffiliates/app/page.tsx(45,7): error TS7026: JSX element implicitly has type 'any' because no interface 'JSX.IntrinsicElements' exists.
../247gbsaffiliates/app/page.tsx(46,9): error TS7026: JSX element implicitly has type 'any' because no interface 'JSX.IntrinsicElements' exists.
../247gbsaffiliates/app/page.tsx(47,11): error TS7026: JSX element implicitly has type 'any' because no interface 'JSX.IntrinsicElements' exists.
../247gbsaffiliates/app/page.tsx(47,158): error TS7026: JSX element implicitly has type 'any' because no interface 'JSX.IntrinsicElements' exists.
../247gbsaffiliates/app/page.tsx(48,11): error TS7026: JSX element implicitly has type 'any' because no interface 'JSX.IntrinsicElements' exists.
../247gbsaffiliates/app/page.tsx(49,13): error TS7026: JSX element implicitly has type 'any' because no interface 'JSX.IntrinsicElements' exists.
../247gbsaffiliates/app/page.tsx(49,93): error TS7026: JSX element implicitly has type 'any' because no interface 'JSX.IntrinsicElements' exists.
../247gbsaffiliates/app/page.tsx(50,13): error TS7026: JSX element implicitly has type 'any' because no interface 'JSX.IntrinsicElements' exists.
../247gbsaffiliates/app/page.tsx(50,91): error TS7026: JSX element implicitly has type 'any' because no interface 'JSX.IntrinsicElements' exists.
../247gbsaffiliates/app/page.tsx(51,13): error TS7026: JSX element implicitly has type 'any' because no interface 'JSX.IntrinsicElements' exists.
../247gbsaffiliates/app/page.tsx(51,93): error TS7026: JSX element implicitly has type 'any' because no interface 'JSX.IntrinsicElements' exists.
../247gbsaffiliates/app/page.tsx(52,13): error TS7026: JSX element implicitly has type 'any' because no interface 'JSX.IntrinsicElements' exists.
../247gbsaffiliates/app/page.tsx(52,96): error TS7026: JSX element implicitly has type 'any' because no interface 'JSX.IntrinsicElements' exists.
../247gbsaffiliates/app/page.tsx(53,13): error TS7026: JSX element implicitly has type 'any' because no interface 'JSX.IntrinsicElements' exists.
../247gbsaffiliates/app/page.tsx(53,94): error TS7026: JSX element implicitly has type 'any' because no interface 'JSX.IntrinsicElements' exists.
../247gbsaffiliates/app/page.tsx(54,11): error TS7026: JSX element implicitly has type 'any' because no interface 'JSX.IntrinsicElements' exists.
../247gbsaffiliates/app/page.tsx(55,9): error TS7026: JSX element implicitly has type 'any' because no interface 'JSX.IntrinsicElements' exists.
../247gbsaffiliates/app/page.tsx(56,7): error TS7026: JSX element implicitly has type 'any' because no interface 'JSX.IntrinsicElements' exists.
../247gbsaffiliates/app/page.tsx(59,7): error TS7026: JSX element implicitly has type 'any' because no interface 'JSX.IntrinsicElements' exists.
../247gbsaffiliates/app/page.tsx(60,9): error TS7026: JSX element implicitly has type 'any' because no interface 'JSX.IntrinsicElements' exists.
../247gbsaffiliates/app/page.tsx(61,11): error TS7026: JSX element implicitly has type 'any' because no interface 'JSX.IntrinsicElements' exists.
../247gbsaffiliates/app/page.tsx(62,13): error TS7026: JSX element implicitly has type 'any' because no interface 'JSX.IntrinsicElements' exists.
../247gbsaffiliates/app/page.tsx(63,15): error TS7026: JSX element implicitly has type 'any' because no interface 'JSX.IntrinsicElements' exists.
../247gbsaffiliates/app/page.tsx(63,108): error TS7026: JSX element implicitly has type 'any' because no interface 'JSX.IntrinsicElements' exists.
../247gbsaffiliates/app/page.tsx(64,15): error TS7026: JSX element implicitly has type 'any' because no interface 'JSX.IntrinsicElements' exists.
../247gbsaffiliates/app/page.tsx(66,15): error TS7026: JSX element implicitly has type 'any' because no interface 'JSX.IntrinsicElements' exists.
../247gbsaffiliates/app/page.tsx(67,15): error TS7026: JSX element implicitly has type 'any' because no interface 'JSX.IntrinsicElements' exists.
../247gbsaffiliates/app/page.tsx(69,15): error TS7026: JSX element implicitly has type 'any' because no interface 'JSX.IntrinsicElements' exists.
../247gbsaffiliates/app/page.tsx(70,13): error TS7026: JSX element implicitly has type 'any' because no interface 'JSX.IntrinsicElements' exists.
../247gbsaffiliates/app/page.tsx(72,13): error TS7026: JSX element implicitly has type 'any' because no interface 'JSX.IntrinsicElements' exists.
../247gbsaffiliates/app/page.tsx(78,17): error TS7026: JSX element implicitly has type 'any' because no interface 'JSX.IntrinsicElements' exists.
../247gbsaffiliates/app/page.tsx(79,19): error TS7026: JSX element implicitly has type 'any' because no interface 'JSX.IntrinsicElements' exists.
../247gbsaffiliates/app/page.tsx(79,152): error TS7026: JSX element implicitly has type 'any' because no interface 'JSX.IntrinsicElements' exists.
../247gbsaffiliates/app/page.tsx(80,19): error TS7026: JSX element implicitly has type 'any' because no interface 'JSX.IntrinsicElements' exists.
../247gbsaffiliates/app/page.tsx(81,21): error TS7026: JSX element implicitly has type 'any' because no interface 'JSX.IntrinsicElements' exists.
../247gbsaffiliates/app/page.tsx(81,88): error TS7026: JSX element implicitly has type 'any' because no interface 'JSX.IntrinsicElements' exists.
../247gbsaffiliates/app/page.tsx(82,19): error TS7026: JSX element implicitly has type 'any' because no interface 'JSX.IntrinsicElements' exists.
../247gbsaffiliates/app/page.tsx(83,19): error TS7026: JSX element implicitly has type 'any' because no interface 'JSX.IntrinsicElements' exists.
../247gbsaffiliates/app/page.tsx(84,21): error TS7026: JSX element implicitly has type 'any' because no interface 'JSX.IntrinsicElements' exists.
../247gbsaffiliates/app/page.tsx(84,114): error TS7026: JSX element implicitly has type 'any' because no interface 'JSX.IntrinsicElements' exists.
../247gbsaffiliates/app/page.tsx(85,21): error TS7026: JSX element implicitly has type 'any' because no interface 'JSX.IntrinsicElements' exists.
../247gbsaffiliates/app/page.tsx(87,21): error TS7026: JSX element implicitly has type 'any' because no interface 'JSX.IntrinsicElements' exists.
../247gbsaffiliates/app/page.tsx(88,19): error TS7026: JSX element implicitly has type 'any' because no interface 'JSX.IntrinsicElements' exists.
../247gbsaffiliates/app/page.tsx(89,17): error TS7026: JSX element implicitly has type 'any' because no interface 'JSX.IntrinsicElements' exists.
../247gbsaffiliates/app/page.tsx(91,13): error TS7026: JSX element implicitly has type 'any' because no interface 'JSX.IntrinsicElements' exists.
../247gbsaffiliates/app/page.tsx(92,11): error TS7026: JSX element implicitly has type 'any' because no interface 'JSX.IntrinsicElements' exists.
../247gbsaffiliates/app/page.tsx(93,9): error TS7026: JSX element implicitly has type 'any' because no interface 'JSX.IntrinsicElements' exists.
../247gbsaffiliates/app/page.tsx(94,7): error TS7026: JSX element implicitly has type 'any' because no interface 'JSX.IntrinsicElements' exists.
../247gbsaffiliates/app/page.tsx(97,7): error TS7026: JSX element implicitly has type 'any' because no interface 'JSX.IntrinsicElements' exists.
../247gbsaffiliates/app/page.tsx(98,9): error TS7026: JSX element implicitly has type 'any' because no interface 'JSX.IntrinsicElements' exists.
../247gbsaffiliates/app/page.tsx(104,13): error TS7026: JSX element implicitly has type 'any' because no interface 'JSX.IntrinsicElements' exists.
../247gbsaffiliates/app/page.tsx(105,15): error TS7026: JSX element implicitly has type 'any' because no interface 'JSX.IntrinsicElements' exists.
../247gbsaffiliates/app/page.tsx(105,86): error TS7026: JSX element implicitly has type 'any' because no interface 'JSX.IntrinsicElements' exists.
../247gbsaffiliates/app/page.tsx(106,15): error TS7026: JSX element implicitly has type 'any' because no interface 'JSX.IntrinsicElements' exists.
../247gbsaffiliates/app/page.tsx(106,100): error TS7026: JSX element implicitly has type 'any' because no interface 'JSX.IntrinsicElements' exists.
../247gbsaffiliates/app/page.tsx(107,13): error TS7026: JSX element implicitly has type 'any' because no interface 'JSX.IntrinsicElements' exists.
../247gbsaffiliates/app/page.tsx(109,9): error TS7026: JSX element implicitly has type 'any' because no interface 'JSX.IntrinsicElements' exists.
../247gbsaffiliates/app/page.tsx(110,7): error TS7026: JSX element implicitly has type 'any' because no interface 'JSX.IntrinsicElements' exists.
../247gbsaffiliates/app/page.tsx(113,7): error TS7026: JSX element implicitly has type 'any' because no interface 'JSX.IntrinsicElements' exists.
../247gbsaffiliates/app/page.tsx(114,9): error TS7026: JSX element implicitly has type 'any' because no interface 'JSX.IntrinsicElements' exists.
../247gbsaffiliates/app/page.tsx(115,11): error TS7026: JSX element implicitly has type 'any' because no interface 'JSX.IntrinsicElements' exists.
../247gbsaffiliates/app/page.tsx(116,13): error TS7026: JSX element implicitly has type 'any' because no interface 'JSX.IntrinsicElements' exists.
../247gbsaffiliates/app/page.tsx(116,99): error TS7026: JSX element implicitly has type 'any' because no interface 'JSX.IntrinsicElements' exists.
../247gbsaffiliates/app/page.tsx(117,13): error TS7026: JSX element implicitly has type 'any' because no interface 'JSX.IntrinsicElements' exists.
../247gbsaffiliates/app/page.tsx(117,102): error TS7026: JSX element implicitly has type 'any' because no interface 'JSX.IntrinsicElements' exists.
../247gbsaffiliates/app/page.tsx(118,13): error TS7026: JSX element implicitly has type 'any' because no interface 'JSX.IntrinsicElements' exists.
../247gbsaffiliates/app/page.tsx(118,159): error TS7026: JSX element implicitly has type 'any' because no interface 'JSX.IntrinsicElements' exists.
../247gbsaffiliates/app/page.tsx(119,11): error TS7026: JSX element implicitly has type 'any' because no interface 'JSX.IntrinsicElements' exists.
../247gbsaffiliates/app/page.tsx(120,11): error TS7026: JSX element implicitly has type 'any' because no interface 'JSX.IntrinsicElements' exists.
../247gbsaffiliates/app/page.tsx(127,17): error TS7026: JSX element implicitly has type 'any' because no interface 'JSX.IntrinsicElements' exists.
../247gbsaffiliates/app/page.tsx(127,141): error TS7026: JSX element implicitly has type 'any' because no interface 'JSX.IntrinsicElements' exists.
../247gbsaffiliates/app/page.tsx(128,17): error TS7026: JSX element implicitly has type 'any' because no interface 'JSX.IntrinsicElements' exists.
../247gbsaffiliates/app/page.tsx(128,86): error TS7026: JSX element implicitly has type 'any' because no interface 'JSX.IntrinsicElements' exists.
../247gbsaffiliates/app/page.tsx(129,17): error TS7026: JSX element implicitly has type 'any' because no interface 'JSX.IntrinsicElements' exists.
../247gbsaffiliates/app/page.tsx(129,90): error TS7026: JSX element implicitly has type 'any' because no interface 'JSX.IntrinsicElements' exists.
../247gbsaffiliates/app/page.tsx(132,11): error TS7026: JSX element implicitly has type 'any' because no interface 'JSX.IntrinsicElements' exists.
../247gbsaffiliates/app/page.tsx(133,9): error TS7026: JSX element implicitly has type 'any' because no interface 'JSX.IntrinsicElements' exists.
../247gbsaffiliates/app/page.tsx(134,7): error TS7026: JSX element implicitly has type 'any' because no interface 'JSX.IntrinsicElements' exists.
../247gbsaffiliates/app/page.tsx(137,7): error TS7026: JSX element implicitly has type 'any' because no interface 'JSX.IntrinsicElements' exists.
../247gbsaffiliates/app/page.tsx(138,9): error TS7026: JSX element implicitly has type 'any' because no interface 'JSX.IntrinsicElements' exists.
../247gbsaffiliates/app/page.tsx(139,11): error TS7026: JSX element implicitly has type 'any' because no interface 'JSX.IntrinsicElements' exists.
../247gbsaffiliates/app/page.tsx(140,13): error TS7026: JSX element implicitly has type 'any' because no interface 'JSX.IntrinsicElements' exists.
../247gbsaffiliates/app/page.tsx(141,15): error TS7026: JSX element implicitly has type 'any' because no interface 'JSX.IntrinsicElements' exists.
../247gbsaffiliates/app/page.tsx(141,111): error TS7026: JSX element implicitly has type 'any' because no interface 'JSX.IntrinsicElements' exists.
../247gbsaffiliates/app/page.tsx(142,15): error TS7026: JSX element implicitly has type 'any' because no interface 'JSX.IntrinsicElements' exists.
../247gbsaffiliates/app/page.tsx(142,131): error TS7026: JSX element implicitly has type 'any' because no interface 'JSX.IntrinsicElements' exists.
../247gbsaffiliates/app/page.tsx(143,15): error TS7026: JSX element implicitly has type 'any' because no interface 'JSX.IntrinsicElements' exists.
../247gbsaffiliates/app/page.tsx(143,192): error TS7026: JSX element implicitly has type 'any' because no interface 'JSX.IntrinsicElements' exists.
../247gbsaffiliates/app/page.tsx(144,13): error TS7026: JSX element implicitly has type 'any' because no interface 'JSX.IntrinsicElements' exists.
../247gbsaffiliates/app/page.tsx(146,13): error TS7026: JSX element implicitly has type 'any' because no interface 'JSX.IntrinsicElements' exists.
../247gbsaffiliates/app/page.tsx(152,17): error TS7026: JSX element implicitly has type 'any' because no interface 'JSX.IntrinsicElements' exists.
../247gbsaffiliates/app/page.tsx(153,19): error TS7026: JSX element implicitly has type 'any' because no interface 'JSX.IntrinsicElements' exists.
../247gbsaffiliates/app/page.tsx(155,19): error TS7026: JSX element implicitly has type 'any' because no interface 'JSX.IntrinsicElements' exists.
../247gbsaffiliates/app/page.tsx(156,19): error TS7026: JSX element implicitly has type 'any' because no interface 'JSX.IntrinsicElements' exists.
../247gbsaffiliates/app/page.tsx(157,21): error TS7026: JSX element implicitly has type 'any' because no interface 'JSX.IntrinsicElements' exists.
../247gbsaffiliates/app/page.tsx(157,144): error TS7026: JSX element implicitly has type 'any' because no interface 'JSX.IntrinsicElements' exists.
../247gbsaffiliates/app/page.tsx(158,21): error TS7026: JSX element implicitly has type 'any' because no interface 'JSX.IntrinsicElements' exists.
../247gbsaffiliates/app/page.tsx(158,103): error TS7026: JSX element implicitly has type 'any' because no interface 'JSX.IntrinsicElements' exists.
../247gbsaffiliates/app/page.tsx(159,19): error TS7026: JSX element implicitly has type 'any' because no interface 'JSX.IntrinsicElements' exists.
../247gbsaffiliates/app/page.tsx(160,17): error TS7026: JSX element implicitly has type 'any' because no interface 'JSX.IntrinsicElements' exists.
../247gbsaffiliates/app/page.tsx(162,13): error TS7026: JSX element implicitly has type 'any' because no interface 'JSX.IntrinsicElements' exists.
../247gbsaffiliates/app/page.tsx(163,11): error TS7026: JSX element implicitly has type 'any' because no interface 'JSX.IntrinsicElements' exists.
../247gbsaffiliates/app/page.tsx(165,11): error TS7026: JSX element implicitly has type 'any' because no interface 'JSX.IntrinsicElements' exists.
../247gbsaffiliates/app/page.tsx(166,13): error TS7026: JSX element implicitly has type 'any' because no interface 'JSX.IntrinsicElements' exists.
../247gbsaffiliates/app/page.tsx(167,15): error TS7026: JSX element implicitly has type 'any' because no interface 'JSX.IntrinsicElements' exists.
../247gbsaffiliates/app/page.tsx(174,15): error TS7026: JSX element implicitly has type 'any' because no interface 'JSX.IntrinsicElements' exists.
../247gbsaffiliates/app/page.tsx(175,13): error TS7026: JSX element implicitly has type 'any' because no interface 'JSX.IntrinsicElements' exists.
../247gbsaffiliates/app/page.tsx(176,11): error TS7026: JSX element implicitly has type 'any' because no interface 'JSX.IntrinsicElements' exists.
../247gbsaffiliates/app/page.tsx(177,9): error TS7026: JSX element implicitly has type 'any' because no interface 'JSX.IntrinsicElements' exists.
../247gbsaffiliates/app/page.tsx(178,7): error TS7026: JSX element implicitly has type 'any' because no interface 'JSX.IntrinsicElements' exists.
../247gbsaffiliates/app/page.tsx(181,7): error TS7026: JSX element implicitly has type 'any' because no interface 'JSX.IntrinsicElements' exists.
../247gbsaffiliates/app/page.tsx(182,9): error TS7026: JSX element implicitly has type 'any' because no interface 'JSX.IntrinsicElements' exists.
../247gbsaffiliates/app/page.tsx(183,11): error TS7026: JSX element implicitly has type 'any' because no interface 'JSX.IntrinsicElements' exists.
../247gbsaffiliates/app/page.tsx(183,98): error TS7026: JSX element implicitly has type 'any' because no interface 'JSX.IntrinsicElements' exists.
../247gbsaffiliates/app/page.tsx(184,11): error TS7026: JSX element implicitly has type 'any' because no interface 'JSX.IntrinsicElements' exists.
../247gbsaffiliates/app/page.tsx(184,119): error TS7026: JSX element implicitly has type 'any' because no interface 'JSX.IntrinsicElements' exists.
../247gbsaffiliates/app/page.tsx(185,11): error TS7026: JSX element implicitly has type 'any' because no interface 'JSX.IntrinsicElements' exists.
../247gbsaffiliates/app/page.tsx(191,15): error TS7026: JSX element implicitly has type 'any' because no interface 'JSX.IntrinsicElements' exists.
../247gbsaffiliates/app/page.tsx(192,17): error TS7026: JSX element implicitly has type 'any' because no interface 'JSX.IntrinsicElements' exists.
../247gbsaffiliates/app/page.tsx(192,92): error TS7026: JSX element implicitly has type 'any' because no interface 'JSX.IntrinsicElements' exists.
../247gbsaffiliates/app/page.tsx(193,17): error TS7026: JSX element implicitly has type 'any' because no interface 'JSX.IntrinsicElements' exists.
../247gbsaffiliates/app/page.tsx(194,19): error TS7026: JSX element implicitly has type 'any' because no interface 'JSX.IntrinsicElements' exists.
../247gbsaffiliates/app/page.tsx(195,19): error TS7026: JSX element implicitly has type 'any' because no interface 'JSX.IntrinsicElements' exists.
../247gbsaffiliates/app/page.tsx(196,21): error TS7026: JSX element implicitly has type 'any' because no interface 'JSX.IntrinsicElements' exists.
../247gbsaffiliates/app/page.tsx(196,79): error TS7026: JSX element implicitly has type 'any' because no interface 'JSX.IntrinsicElements' exists.
../247gbsaffiliates/app/page.tsx(197,21): error TS7026: JSX element implicitly has type 'any' because no interface 'JSX.IntrinsicElements' exists.
../247gbsaffiliates/app/page.tsx(197,111): error TS7026: JSX element implicitly has type 'any' because no interface 'JSX.IntrinsicElements' exists.
../247gbsaffiliates/app/page.tsx(198,19): error TS7026: JSX element implicitly has type 'any' because no interface 'JSX.IntrinsicElements' exists.
../247gbsaffiliates/app/page.tsx(199,17): error TS7026: JSX element implicitly has type 'any' because no interface 'JSX.IntrinsicElements' exists.
../247gbsaffiliates/app/page.tsx(200,15): error TS7026: JSX element implicitly has type 'any' because no interface 'JSX.IntrinsicElements' exists.
../247gbsaffiliates/app/page.tsx(202,11): error TS7026: JSX element implicitly has type 'any' because no interface 'JSX.IntrinsicElements' exists.
../247gbsaffiliates/app/page.tsx(203,9): error TS7026: JSX element implicitly has type 'any' because no interface 'JSX.IntrinsicElements' exists.
../247gbsaffiliates/app/page.tsx(204,7): error TS7026: JSX element implicitly has type 'any' because no interface 'JSX.IntrinsicElements' exists.
../247gbsaffiliates/app/page.tsx(207,7): error TS7026: JSX element implicitly has type 'any' because no interface 'JSX.IntrinsicElements' exists.
../247gbsaffiliates/app/page.tsx(208,9): error TS7026: JSX element implicitly has type 'any' because no interface 'JSX.IntrinsicElements' exists.
../247gbsaffiliates/app/page.tsx(209,11): error TS7026: JSX element implicitly has type 'any' because no interface 'JSX.IntrinsicElements' exists.
../247gbsaffiliates/app/page.tsx(209,105): error TS7026: JSX element implicitly has type 'any' because no interface 'JSX.IntrinsicElements' exists.
../247gbsaffiliates/app/page.tsx(210,11): error TS7026: JSX element implicitly has type 'any' because no interface 'JSX.IntrinsicElements' exists.
../247gbsaffiliates/app/page.tsx(210,124): error TS7026: JSX element implicitly has type 'any' because no interface 'JSX.IntrinsicElements' exists.
../247gbsaffiliates/app/page.tsx(211,11): error TS7026: JSX element implicitly has type 'any' because no interface 'JSX.IntrinsicElements' exists.
../247gbsaffiliates/app/page.tsx(211,144): error TS7026: JSX element implicitly has type 'any' because no interface 'JSX.IntrinsicElements' exists.
../247gbsaffiliates/app/page.tsx(212,9): error TS7026: JSX element implicitly has type 'any' because no interface 'JSX.IntrinsicElements' exists.
../247gbsaffiliates/app/page.tsx(213,9): error TS7026: JSX element implicitly has type 'any' because no interface 'JSX.IntrinsicElements' exists.
../247gbsaffiliates/app/page.tsx(219,13): error TS7026: JSX element implicitly has type 'any' because no interface 'JSX.IntrinsicElements' exists.
../247gbsaffiliates/app/page.tsx(220,15): error TS7026: JSX element implicitly has type 'any' because no interface 'JSX.IntrinsicElements' exists.
../247gbsaffiliates/app/page.tsx(221,17): error TS7026: JSX element implicitly has type 'any' because no interface 'JSX.IntrinsicElements' exists.
../247gbsaffiliates/app/page.tsx(221,78): error TS7026: JSX element implicitly has type 'any' because no interface 'JSX.IntrinsicElements' exists.
../247gbsaffiliates/app/page.tsx(222,15): error TS7026: JSX element implicitly has type 'any' because no interface 'JSX.IntrinsicElements' exists.
../247gbsaffiliates/app/page.tsx(223,15): error TS7026: JSX element implicitly has type 'any' because no interface 'JSX.IntrinsicElements' exists.
../247gbsaffiliates/app/page.tsx(223,116): error TS7026: JSX element implicitly has type 'any' because no interface 'JSX.IntrinsicElements' exists.
../247gbsaffiliates/app/page.tsx(224,15): error TS7026: JSX element implicitly has type 'any' because no interface 'JSX.IntrinsicElements' exists.
../247gbsaffiliates/app/page.tsx(224,100): error TS7026: JSX element implicitly has type 'any' because no interface 'JSX.IntrinsicElements' exists.
../247gbsaffiliates/app/page.tsx(225,15): error TS7026: JSX element implicitly has type 'any' because no interface 'JSX.IntrinsicElements' exists.
../247gbsaffiliates/app/page.tsx(225,62): error TS7026: JSX element implicitly has type 'any' because no interface 'JSX.IntrinsicElements' exists.
../247gbsaffiliates/app/page.tsx(226,15): error TS7026: JSX element implicitly has type 'any' because no interface 'JSX.IntrinsicElements' exists.
../247gbsaffiliates/app/page.tsx(228,19): error TS7026: JSX element implicitly has type 'any' because no interface 'JSX.IntrinsicElements' exists.
../247gbsaffiliates/app/page.tsx(229,21): error TS7026: JSX element implicitly has type 'any' because no interface 'JSX.IntrinsicElements' exists.
../247gbsaffiliates/app/page.tsx(229,99): error TS7026: JSX element implicitly has type 'any' because no interface 'JSX.IntrinsicElements' exists.
../247gbsaffiliates/app/page.tsx(231,19): error TS7026: JSX element implicitly has type 'any' because no interface 'JSX.IntrinsicElements' exists.
../247gbsaffiliates/app/page.tsx(233,15): error TS7026: JSX element implicitly has type 'any' because no interface 'JSX.IntrinsicElements' exists.
../247gbsaffiliates/app/page.tsx(234,13): error TS7026: JSX element implicitly has type 'any' because no interface 'JSX.IntrinsicElements' exists.
../247gbsaffiliates/app/page.tsx(236,9): error TS7026: JSX element implicitly has type 'any' because no interface 'JSX.IntrinsicElements' exists.
../247gbsaffiliates/app/page.tsx(237,7): error TS7026: JSX element implicitly has type 'any' because no interface 'JSX.IntrinsicElements' exists.
../247gbsaffiliates/app/page.tsx(241,7): error TS7026: JSX element implicitly has type 'any' because no interface 'JSX.IntrinsicElements' exists.
../247gbsaffiliates/app/page.tsx(242,9): error TS7026: JSX element implicitly has type 'any' because no interface 'JSX.IntrinsicElements' exists.
../247gbsaffiliates/app/page.tsx(243,11): error TS7026: JSX element implicitly has type 'any' because no interface 'JSX.IntrinsicElements' exists.
../247gbsaffiliates/app/page.tsx(244,13): error TS7026: JSX element implicitly has type 'any' because no interface 'JSX.IntrinsicElements' exists.
../247gbsaffiliates/app/page.tsx(244,91): error TS7026: JSX element implicitly has type 'any' because no interface 'JSX.IntrinsicElements' exists.
../247gbsaffiliates/app/page.tsx(245,13): error TS7026: JSX element implicitly has type 'any' because no interface 'JSX.IntrinsicElements' exists.
../247gbsaffiliates/app/page.tsx(245,114): error TS7026: JSX element implicitly has type 'any' because no interface 'JSX.IntrinsicElements' exists.
../247gbsaffiliates/app/page.tsx(246,11): error TS7026: JSX element implicitly has type 'any' because no interface 'JSX.IntrinsicElements' exists.
../247gbsaffiliates/app/page.tsx(247,11): error TS7026: JSX element implicitly has type 'any' because no interface 'JSX.IntrinsicElements' exists.
../247gbsaffiliates/app/page.tsx(254,15): error TS7026: JSX element implicitly has type 'any' because no interface 'JSX.IntrinsicElements' exists.
../247gbsaffiliates/app/page.tsx(255,17): error TS7026: JSX element implicitly has type 'any' because no interface 'JSX.IntrinsicElements' exists.
../247gbsaffiliates/app/page.tsx(257,19): error TS7026: JSX element implicitly has type 'any' because no interface 'JSX.IntrinsicElements' exists.
../247gbsaffiliates/app/page.tsx(257,117): error TS7026: JSX element implicitly has type 'any' because no interface 'JSX.IntrinsicElements' exists.
../247gbsaffiliates/app/page.tsx(258,17): error TS7026: JSX element implicitly has type 'any' because no interface 'JSX.IntrinsicElements' exists.
../247gbsaffiliates/app/page.tsx(259,17): error TS7026: JSX element implicitly has type 'any' because no interface 'JSX.IntrinsicElements' exists.
../247gbsaffiliates/app/page.tsx(259,92): error TS7026: JSX element implicitly has type 'any' because no interface 'JSX.IntrinsicElements' exists.
../247gbsaffiliates/app/page.tsx(260,15): error TS7026: JSX element implicitly has type 'any' because no interface 'JSX.IntrinsicElements' exists.
../247gbsaffiliates/app/page.tsx(262,11): error TS7026: JSX element implicitly has type 'any' because no interface 'JSX.IntrinsicElements' exists.
../247gbsaffiliates/app/page.tsx(263,9): error TS7026: JSX element implicitly has type 'any' because no interface 'JSX.IntrinsicElements' exists.
../247gbsaffiliates/app/page.tsx(264,7): error TS7026: JSX element implicitly has type 'any' because no interface 'JSX.IntrinsicElements' exists.
../247gbsaffiliates/app/page.tsx(267,7): error TS7026: JSX element implicitly has type 'any' because no interface 'JSX.IntrinsicElements' exists.
../247gbsaffiliates/app/page.tsx(268,9): error TS7026: JSX element implicitly has type 'any' because no interface 'JSX.IntrinsicElements' exists.
../247gbsaffiliates/app/page.tsx(269,11): error TS7026: JSX element implicitly has type 'any' because no interface 'JSX.IntrinsicElements' exists.
../247gbsaffiliates/app/page.tsx(270,13): error TS7026: JSX element implicitly has type 'any' because no interface 'JSX.IntrinsicElements' exists.
../247gbsaffiliates/app/page.tsx(270,158): error TS7026: JSX element implicitly has type 'any' because no interface 'JSX.IntrinsicElements' exists.
../247gbsaffiliates/app/page.tsx(271,13): error TS7026: JSX element implicitly has type 'any' because no interface 'JSX.IntrinsicElements' exists.
../247gbsaffiliates/app/page.tsx(271,186): error TS7026: JSX element implicitly has type 'any' because no interface 'JSX.IntrinsicElements' exists.
../247gbsaffiliates/app/page.tsx(272,11): error TS7026: JSX element implicitly has type 'any' because no interface 'JSX.IntrinsicElements' exists.
../247gbsaffiliates/app/page.tsx(273,11): error TS7026: JSX element implicitly has type 'any' because no interface 'JSX.IntrinsicElements' exists.
../247gbsaffiliates/app/page.tsx(276,11): error TS7026: JSX element implicitly has type 'any' because no interface 'JSX.IntrinsicElements' exists.
../247gbsaffiliates/app/page.tsx(277,9): error TS7026: JSX element implicitly has type 'any' because no interface 'JSX.IntrinsicElements' exists.
../247gbsaffiliates/app/page.tsx(278,7): error TS7026: JSX element implicitly has type 'any' because no interface 'JSX.IntrinsicElements' exists.
../247gbsaffiliates/app/page.tsx(281,7): error TS7026: JSX element implicitly has type 'any' because no interface 'JSX.IntrinsicElements' exists.
../247gbsaffiliates/app/page.tsx(282,9): error TS7026: JSX element implicitly has type 'any' because no interface 'JSX.IntrinsicElements' exists.
../247gbsaffiliates/app/page.tsx(283,11): error TS7026: JSX element implicitly has type 'any' because no interface 'JSX.IntrinsicElements' exists.
../247gbsaffiliates/app/page.tsx(284,10): error TS7026: JSX element implicitly has type 'any' because no interface 'JSX.IntrinsicElements' exists.
../247gbsaffiliates/app/page.tsx(285,13): error TS7026: JSX element implicitly has type 'any' because no interface 'JSX.IntrinsicElements' exists.
../247gbsaffiliates/app/page.tsx(286,15): error TS7026: JSX element implicitly has type 'any' because no interface 'JSX.IntrinsicElements' exists.
../247gbsaffiliates/app/page.tsx(287,17): error TS7026: JSX element implicitly has type 'any' because no interface 'JSX.IntrinsicElements' exists.
../247gbsaffiliates/app/page.tsx(287,120): error TS7026: JSX element implicitly has type 'any' because no interface 'JSX.IntrinsicElements' exists.
../247gbsaffiliates/app/page.tsx(288,15): error TS7026: JSX element implicitly has type 'any' because no interface 'JSX.IntrinsicElements' exists.
../247gbsaffiliates/app/page.tsx(289,13): error TS7026: JSX element implicitly has type 'any' because no interface 'JSX.IntrinsicElements' exists.
../247gbsaffiliates/app/page.tsx(290,13): error TS7026: JSX element implicitly has type 'any' because no interface 'JSX.IntrinsicElements' exists.
../247gbsaffiliates/app/page.tsx(290,107): error TS7026: JSX element implicitly has type 'any' because no interface 'JSX.IntrinsicElements' exists.
../247gbsaffiliates/app/page.tsx(291,11): error TS7026: JSX element implicitly has type 'any' because no interface 'JSX.IntrinsicElements' exists.
../247gbsaffiliates/app/page.tsx(292,13): error TS7026: JSX element implicitly has type 'any' because no interface 'JSX.IntrinsicElements' exists.
../247gbsaffiliates/app/page.tsx(292,194): error TS7026: JSX element implicitly has type 'any' because no interface 'JSX.IntrinsicElements' exists.
../247gbsaffiliates/app/page.tsx(294,11): error TS7026: JSX element implicitly has type 'any' because no interface 'JSX.IntrinsicElements' exists.
../247gbsaffiliates/app/page.tsx(300,13): error TS7026: JSX element implicitly has type 'any' because no interface 'JSX.IntrinsicElements' exists.
../247gbsaffiliates/app/page.tsx(301,15): error TS7026: JSX element implicitly has type 'any' because no interface 'JSX.IntrinsicElements' exists.
../247gbsaffiliates/app/page.tsx(301,106): error TS7026: JSX element implicitly has type 'any' because no interface 'JSX.IntrinsicElements' exists.
../247gbsaffiliates/app/page.tsx(302,15): error TS7026: JSX element implicitly has type 'any' because no interface 'JSX.IntrinsicElements' exists.
../247gbsaffiliates/app/page.tsx(304,19): error TS7026: JSX element implicitly has type 'any' because no interface 'JSX.IntrinsicElements' exists.
../247gbsaffiliates/app/page.tsx(304,165): error TS7026: JSX element implicitly has type 'any' because no interface 'JSX.IntrinsicElements' exists.
../247gbsaffiliates/app/page.tsx(306,15): error TS7026: JSX element implicitly has type 'any' because no interface 'JSX.IntrinsicElements' exists.
../247gbsaffiliates/app/page.tsx(307,13): error TS7026: JSX element implicitly has type 'any' because no interface 'JSX.IntrinsicElements' exists.
../247gbsaffiliates/app/page.tsx(309,9): error TS7026: JSX element implicitly has type 'any' because no interface 'JSX.IntrinsicElements' exists.
../247gbsaffiliates/app/page.tsx(310,9): error TS7026: JSX element implicitly has type 'any' because no interface 'JSX.IntrinsicElements' exists.
../247gbsaffiliates/app/page.tsx(311,11): error TS7026: JSX element implicitly has type 'any' because no interface 'JSX.IntrinsicElements' exists.
../247gbsaffiliates/app/page.tsx(311,84): error TS7026: JSX element implicitly has type 'any' because no interface 'JSX.IntrinsicElements' exists.
../247gbsaffiliates/app/page.tsx(312,11): error TS7026: JSX element implicitly has type 'any' because no interface 'JSX.IntrinsicElements' exists.
../247gbsaffiliates/app/page.tsx(316,11): error TS7026: JSX element implicitly has type 'any' because no interface 'JSX.IntrinsicElements' exists.
../247gbsaffiliates/app/page.tsx(317,9): error TS7026: JSX element implicitly has type 'any' because no interface 'JSX.IntrinsicElements' exists.
../247gbsaffiliates/app/page.tsx(318,7): error TS7026: JSX element implicitly has type 'any' because no interface 'JSX.IntrinsicElements' exists.
../247gbsaffiliates/app/page.tsx(319,5): error TS7026: JSX element implicitly has type 'any' because no interface 'JSX.IntrinsicElements' exists.
../247gbsaffiliates/app/privacy/page.tsx(3,19): error TS2307: Cannot find module 'react' or its corresponding type declarations.
../247gbsaffiliates/app/privacy/page.tsx(4,24): error TS2307: Cannot find module 'framer-motion' or its corresponding type declarations.
../247gbsaffiliates/app/privacy/page.tsx(5,63): error TS2307: Cannot find module 'react-icons/fa' or its corresponding type declarations.
../247gbsaffiliates/app/privacy/page.tsx(6,18): error TS2307: Cannot find module 'next/link' or its corresponding type declarations.
../247gbsaffiliates/app/privacy/page.tsx(10,9): error TS7026: JSX element implicitly has type 'any' because no interface 'JSX.IntrinsicElements' exists.
../247gbsaffiliates/app/privacy/page.tsx(10,9): error TS2875: This JSX tag requires the module path 'react/jsx-runtime' to exist, but none could be found. Make sure you have types for the appropriate package installed.
../247gbsaffiliates/app/privacy/page.tsx(12,13): error TS7026: JSX element implicitly has type 'any' because no interface 'JSX.IntrinsicElements' exists.
../247gbsaffiliates/app/privacy/page.tsx(14,21): error TS7026: JSX element implicitly has type 'any' because no interface 'JSX.IntrinsicElements' exists.
../247gbsaffiliates/app/privacy/page.tsx(15,25): error TS7026: JSX element implicitly has type 'any' because no interface 'JSX.IntrinsicElements' exists.
../247gbsaffiliates/app/privacy/page.tsx(15,85): error TS7026: JSX element implicitly has type 'any' because no interface 'JSX.IntrinsicElements' exists.
../247gbsaffiliates/app/privacy/page.tsx(16,21): error TS7026: JSX element implicitly has type 'any' because no interface 'JSX.IntrinsicElements' exists.
../247gbsaffiliates/app/privacy/page.tsx(17,21): error TS7026: JSX element implicitly has type 'any' because no interface 'JSX.IntrinsicElements' exists.
../247gbsaffiliates/app/privacy/page.tsx(17,83): error TS7026: JSX element implicitly has type 'any' because no interface 'JSX.IntrinsicElements' exists.
../247gbsaffiliates/app/privacy/page.tsx(22,13): error TS7026: JSX element implicitly has type 'any' because no interface 'JSX.IntrinsicElements' exists.
../247gbsaffiliates/app/privacy/page.tsx(24,13): error TS7026: JSX element implicitly has type 'any' because no interface 'JSX.IntrinsicElements' exists.
../247gbsaffiliates/app/privacy/page.tsx(30,21): error TS7026: JSX element implicitly has type 'any' because no interface 'JSX.IntrinsicElements' exists.
../247gbsaffiliates/app/privacy/page.tsx(31,25): error TS7026: JSX element implicitly has type 'any' because no interface 'JSX.IntrinsicElements' exists.
../247gbsaffiliates/app/privacy/page.tsx(33,25): error TS7026: JSX element implicitly has type 'any' because no interface 'JSX.IntrinsicElements' exists.
../247gbsaffiliates/app/privacy/page.tsx(34,25): error TS7026: JSX element implicitly has type 'any' because no interface 'JSX.IntrinsicElements' exists.
../247gbsaffiliates/app/privacy/page.tsx(35,29): error TS7026: JSX element implicitly has type 'any' because no interface 'JSX.IntrinsicElements' exists.
../247gbsaffiliates/app/privacy/page.tsx(35,129): error TS7026: JSX element implicitly has type 'any' because no interface 'JSX.IntrinsicElements' exists.
../247gbsaffiliates/app/privacy/page.tsx(36,29): error TS7026: JSX element implicitly has type 'any' because no interface 'JSX.IntrinsicElements' exists.
../247gbsaffiliates/app/privacy/page.tsx(36,118): error TS7026: JSX element implicitly has type 'any' because no interface 'JSX.IntrinsicElements' exists.
../247gbsaffiliates/app/privacy/page.tsx(37,25): error TS7026: JSX element implicitly has type 'any' because no interface 'JSX.IntrinsicElements' exists.
../247gbsaffiliates/app/privacy/page.tsx(38,21): error TS7026: JSX element implicitly has type 'any' because no interface 'JSX.IntrinsicElements' exists.
../247gbsaffiliates/app/privacy/page.tsx(40,21): error TS7026: JSX element implicitly has type 'any' because no interface 'JSX.IntrinsicElements' exists.
../247gbsaffiliates/app/privacy/page.tsx(41,25): error TS7026: JSX element implicitly has type 'any' because no interface 'JSX.IntrinsicElements' exists.
../247gbsaffiliates/app/privacy/page.tsx(41,135): error TS7026: JSX element implicitly has type 'any' because no interface 'JSX.IntrinsicElements' exists.
../247gbsaffiliates/app/privacy/page.tsx(42,25): error TS7026: JSX element implicitly has type 'any' because no interface 'JSX.IntrinsicElements' exists.
../247gbsaffiliates/app/privacy/page.tsx(44,25): error TS7026: JSX element implicitly has type 'any' because no interface 'JSX.IntrinsicElements' exists.
../247gbsaffiliates/app/privacy/page.tsx(45,21): error TS7026: JSX element implicitly has type 'any' because no interface 'JSX.IntrinsicElements' exists.
../247gbsaffiliates/app/privacy/page.tsx(47,21): error TS7026: JSX element implicitly has type 'any' because no interface 'JSX.IntrinsicElements' exists.
../247gbsaffiliates/app/privacy/page.tsx(48,25): error TS7026: JSX element implicitly has type 'any' because no interface 'JSX.IntrinsicElements' exists.
../247gbsaffiliates/app/privacy/page.tsx(49,29): error TS7026: JSX element implicitly has type 'any' because no interface 'JSX.IntrinsicElements' exists.
../247gbsaffiliates/app/privacy/page.tsx(49,131): error TS7026: JSX element implicitly has type 'any' because no interface 'JSX.IntrinsicElements' exists.
../247gbsaffiliates/app/privacy/page.tsx(50,29): error TS7026: JSX element implicitly has type 'any' because no interface 'JSX.IntrinsicElements' exists.
../247gbsaffiliates/app/privacy/page.tsx(51,33): error TS7026: JSX element implicitly has type 'any' because no interface 'JSX.IntrinsicElements' exists.
../247gbsaffiliates/app/privacy/page.tsx(53,37): error TS7026: JSX element implicitly has type 'any' because no interface 'JSX.IntrinsicElements' exists.
../247gbsaffiliates/app/privacy/page.tsx(53,117): error TS7026: JSX element implicitly has type 'any' because no interface 'JSX.IntrinsicElements' exists.
../247gbsaffiliates/app/privacy/page.tsx(54,37): error TS7026: JSX element implicitly has type 'any' because no interface 'JSX.IntrinsicElements' exists.
../247gbsaffiliates/app/privacy/page.tsx(54,173): error TS7026: JSX element implicitly has type 'any' because no interface 'JSX.IntrinsicElements' exists.
../247gbsaffiliates/app/privacy/page.tsx(55,33): error TS7026: JSX element implicitly has type 'any' because no interface 'JSX.IntrinsicElements' exists.
../247gbsaffiliates/app/privacy/page.tsx(56,33): error TS7026: JSX element implicitly has type 'any' because no interface 'JSX.IntrinsicElements' exists.
../247gbsaffiliates/app/privacy/page.tsx(58,37): error TS7026: JSX element implicitly has type 'any' because no interface 'JSX.IntrinsicElements' exists.
../247gbsaffiliates/app/privacy/page.tsx(58,114): error TS7026: JSX element implicitly has type 'any' because no interface 'JSX.IntrinsicElements' exists.
../247gbsaffiliates/app/privacy/page.tsx(59,37): error TS7026: JSX element implicitly has type 'any' because no interface 'JSX.IntrinsicElements' exists.
../247gbsaffiliates/app/privacy/page.tsx(59,185): error TS7026: JSX element implicitly has type 'any' because no interface 'JSX.IntrinsicElements' exists.
../247gbsaffiliates/app/privacy/page.tsx(60,33): error TS7026: JSX element implicitly has type 'any' because no interface 'JSX.IntrinsicElements' exists.
../247gbsaffiliates/app/privacy/page.tsx(61,33): error TS7026: JSX element implicitly has type 'any' because no interface 'JSX.IntrinsicElements' exists.
../247gbsaffiliates/app/privacy/page.tsx(63,37): error TS7026: JSX element implicitly has type 'any' because no interface 'JSX.IntrinsicElements' exists.
../247gbsaffiliates/app/privacy/page.tsx(63,113): error TS7026: JSX element implicitly has type 'any' because no interface 'JSX.IntrinsicElements' exists.
../247gbsaffiliates/app/privacy/page.tsx(64,37): error TS7026: JSX element implicitly has type 'any' because no interface 'JSX.IntrinsicElements' exists.
../247gbsaffiliates/app/privacy/page.tsx(64,165): error TS7026: JSX element implicitly has type 'any' because no interface 'JSX.IntrinsicElements' exists.
../247gbsaffiliates/app/privacy/page.tsx(65,33): error TS7026: JSX element implicitly has type 'any' because no interface 'JSX.IntrinsicElements' exists.
../247gbsaffiliates/app/privacy/page.tsx(66,29): error TS7026: JSX element implicitly has type 'any' because no interface 'JSX.IntrinsicElements' exists.
../247gbsaffiliates/app/privacy/page.tsx(67,25): error TS7026: JSX element implicitly has type 'any' because no interface 'JSX.IntrinsicElements' exists.
../247gbsaffiliates/app/privacy/page.tsx(69,25): error TS7026: JSX element implicitly has type 'any' because no interface 'JSX.IntrinsicElements' exists.
../247gbsaffiliates/app/privacy/page.tsx(70,29): error TS7026: JSX element implicitly has type 'any' because no interface 'JSX.IntrinsicElements' exists.
../247gbsaffiliates/app/privacy/page.tsx(71,33): error TS7026: JSX element implicitly has type 'any' because no interface 'JSX.IntrinsicElements' exists.
../247gbsaffiliates/app/privacy/page.tsx(71,142): error TS7026: JSX element implicitly has type 'any' because no interface 'JSX.IntrinsicElements' exists.
../247gbsaffiliates/app/privacy/page.tsx(73,29): error TS7026: JSX element implicitly has type 'any' because no interface 'JSX.IntrinsicElements' exists.
../247gbsaffiliates/app/privacy/page.tsx(74,29): error TS7026: JSX element implicitly has type 'any' because no interface 'JSX.IntrinsicElements' exists.
../247gbsaffiliates/app/privacy/page.tsx(75,33): error TS7026: JSX element implicitly has type 'any' because no interface 'JSX.IntrinsicElements' exists.
../247gbsaffiliates/app/privacy/page.tsx(77,33): error TS7026: JSX element implicitly has type 'any' because no interface 'JSX.IntrinsicElements' exists.
../247gbsaffiliates/app/privacy/page.tsx(78,33): error TS7026: JSX element implicitly has type 'any' because no interface 'JSX.IntrinsicElements' exists.
../247gbsaffiliates/app/privacy/page.tsx(79,37): error TS7026: JSX element implicitly has type 'any' because no interface 'JSX.IntrinsicElements' exists.
../247gbsaffiliates/app/privacy/page.tsx(79,86): error TS7026: JSX element implicitly has type 'any' because no interface 'JSX.IntrinsicElements' exists.
../247gbsaffiliates/app/privacy/page.tsx(80,37): error TS7026: JSX element implicitly has type 'any' because no interface 'JSX.IntrinsicElements' exists.
../247gbsaffiliates/app/privacy/page.tsx(80,93): error TS7026: JSX element implicitly has type 'any' because no interface 'JSX.IntrinsicElements' exists.
../247gbsaffiliates/app/privacy/page.tsx(81,37): error TS7026: JSX element implicitly has type 'any' because no interface 'JSX.IntrinsicElements' exists.
../247gbsaffiliates/app/privacy/page.tsx(81,92): error TS7026: JSX element implicitly has type 'any' because no interface 'JSX.IntrinsicElements' exists.
../247gbsaffiliates/app/privacy/page.tsx(82,33): error TS7026: JSX element implicitly has type 'any' because no interface 'JSX.IntrinsicElements' exists.
../247gbsaffiliates/app/privacy/page.tsx(83,29): error TS7026: JSX element implicitly has type 'any' because no interface 'JSX.IntrinsicElements' exists.
../247gbsaffiliates/app/privacy/page.tsx(84,25): error TS7026: JSX element implicitly has type 'any' because no interface 'JSX.IntrinsicElements' exists.
../247gbsaffiliates/app/privacy/page.tsx(86,25): error TS7026: JSX element implicitly has type 'any' because no interface 'JSX.IntrinsicElements' exists.
../247gbsaffiliates/app/privacy/page.tsx(87,29): error TS7026: JSX element implicitly has type 'any' because no interface 'JSX.IntrinsicElements' exists.
../247gbsaffiliates/app/privacy/page.tsx(87,133): error TS7026: JSX element implicitly has type 'any' because no interface 'JSX.IntrinsicElements' exists.
../247gbsaffiliates/app/privacy/page.tsx(88,29): error TS7026: JSX element implicitly has type 'any' because no interface 'JSX.IntrinsicElements' exists.
../247gbsaffiliates/app/privacy/page.tsx(90,29): error TS7026: JSX element implicitly has type 'any' because no interface 'JSX.IntrinsicElements' exists.
../247gbsaffiliates/app/privacy/page.tsx(91,29): error TS7026: JSX element implicitly has type 'any' because no interface 'JSX.IntrinsicElements' exists.
../247gbsaffiliates/app/privacy/page.tsx(93,29): error TS7026: JSX element implicitly has type 'any' because no interface 'JSX.IntrinsicElements' exists.
../247gbsaffiliates/app/privacy/page.tsx(94,25): error TS7026: JSX element implicitly has type 'any' because no interface 'JSX.IntrinsicElements' exists.
../247gbsaffiliates/app/privacy/page.tsx(96,25): error TS7026: JSX element implicitly has type 'any' because no interface 'JSX.IntrinsicElements' exists.
../247gbsaffiliates/app/privacy/page.tsx(97,29): error TS7026: JSX element implicitly has type 'any' because no interface 'JSX.IntrinsicElements' exists.
../247gbsaffiliates/app/privacy/page.tsx(99,29): error TS7026: JSX element implicitly has type 'any' because no interface 'JSX.IntrinsicElements' exists.
../247gbsaffiliates/app/privacy/page.tsx(100,29): error TS7026: JSX element implicitly has type 'any' because no interface 'JSX.IntrinsicElements' exists.
../247gbsaffiliates/app/privacy/page.tsx(100,136): error TS7026: JSX element implicitly has type 'any' because no interface 'JSX.IntrinsicElements' exists.
../247gbsaffiliates/app/privacy/page.tsx(101,29): error TS7026: JSX element implicitly has type 'any' because no interface 'JSX.IntrinsicElements' exists.
../247gbsaffiliates/app/privacy/page.tsx(103,29): error TS7026: JSX element implicitly has type 'any' because no interface 'JSX.IntrinsicElements' exists.
../247gbsaffiliates/app/privacy/page.tsx(104,29): error TS7026: JSX element implicitly has type 'any' because no interface 'JSX.IntrinsicElements' exists.
../247gbsaffiliates/app/privacy/page.tsx(106,29): error TS7026: JSX element implicitly has type 'any' because no interface 'JSX.IntrinsicElements' exists.
../247gbsaffiliates/app/privacy/page.tsx(107,25): error TS7026: JSX element implicitly has type 'any' because no interface 'JSX.IntrinsicElements' exists.
../247gbsaffiliates/app/privacy/page.tsx(108,21): error TS7026: JSX element implicitly has type 'any' because no interface 'JSX.IntrinsicElements' exists.
../247gbsaffiliates/app/privacy/page.tsx(110,13): error TS7026: JSX element implicitly has type 'any' because no interface 'JSX.IntrinsicElements' exists.
../247gbsaffiliates/app/privacy/page.tsx(111,9): error TS7026: JSX element implicitly has type 'any' because no interface 'JSX.IntrinsicElements' exists.
../247gbsaffiliates/app/terms/page.tsx(3,19): error TS2307: Cannot find module 'react' or its corresponding type declarations.
../247gbsaffiliates/app/terms/page.tsx(4,24): error TS2307: Cannot find module 'framer-motion' or its corresponding type declarations.
../247gbsaffiliates/app/terms/page.tsx(5,74): error TS2307: Cannot find module 'react-icons/fa' or its corresponding type declarations.
../247gbsaffiliates/app/terms/page.tsx(6,18): error TS2307: Cannot find module 'next/link' or its corresponding type declarations.
../247gbsaffiliates/app/terms/page.tsx(10,9): error TS7026: JSX element implicitly has type 'any' because no interface 'JSX.IntrinsicElements' exists.
../247gbsaffiliates/app/terms/page.tsx(10,9): error TS2875: This JSX tag requires the module path 'react/jsx-runtime' to exist, but none could be found. Make sure you have types for the appropriate package installed.
../247gbsaffiliates/app/terms/page.tsx(12,13): error TS7026: JSX element implicitly has type 'any' because no interface 'JSX.IntrinsicElements' exists.
../247gbsaffiliates/app/terms/page.tsx(14,21): error TS7026: JSX element implicitly has type 'any' because no interface 'JSX.IntrinsicElements' exists.
../247gbsaffiliates/app/terms/page.tsx(15,25): error TS7026: JSX element implicitly has type 'any' because no interface 'JSX.IntrinsicElements' exists.
../247gbsaffiliates/app/terms/page.tsx(15,85): error TS7026: JSX element implicitly has type 'any' because no interface 'JSX.IntrinsicElements' exists.
../247gbsaffiliates/app/terms/page.tsx(16,21): error TS7026: JSX element implicitly has type 'any' because no interface 'JSX.IntrinsicElements' exists.
../247gbsaffiliates/app/terms/page.tsx(17,21): error TS7026: JSX element implicitly has type 'any' because no interface 'JSX.IntrinsicElements' exists.
../247gbsaffiliates/app/terms/page.tsx(17,83): error TS7026: JSX element implicitly has type 'any' because no interface 'JSX.IntrinsicElements' exists.
../247gbsaffiliates/app/terms/page.tsx(19,17): error TS7026: JSX element implicitly has type 'any' because no interface 'JSX.IntrinsicElements' exists.
../247gbsaffiliates/app/terms/page.tsx(22,17): error TS7026: JSX element implicitly has type 'any' because no interface 'JSX.IntrinsicElements' exists.
../247gbsaffiliates/app/terms/page.tsx(23,13): error TS7026: JSX element implicitly has type 'any' because no interface 'JSX.IntrinsicElements' exists.
../247gbsaffiliates/app/terms/page.tsx(25,13): error TS7026: JSX element implicitly has type 'any' because no interface 'JSX.IntrinsicElements' exists.
../247gbsaffiliates/app/terms/page.tsx(31,21): error TS7026: JSX element implicitly has type 'any' because no interface 'JSX.IntrinsicElements' exists.
../247gbsaffiliates/app/terms/page.tsx(32,25): error TS7026: JSX element implicitly has type 'any' because no interface 'JSX.IntrinsicElements' exists.
../247gbsaffiliates/app/terms/page.tsx(34,25): error TS7026: JSX element implicitly has type 'any' because no interface 'JSX.IntrinsicElements' exists.
../247gbsaffiliates/app/terms/page.tsx(35,25): error TS7026: JSX element implicitly has type 'any' because no interface 'JSX.IntrinsicElements' exists.
../247gbsaffiliates/app/terms/page.tsx(36,29): error TS7026: JSX element implicitly has type 'any' because no interface 'JSX.IntrinsicElements' exists.
../247gbsaffiliates/app/terms/page.tsx(36,130): error TS7026: JSX element implicitly has type 'any' because no interface 'JSX.IntrinsicElements' exists.
../247gbsaffiliates/app/terms/page.tsx(37,29): error TS7026: JSX element implicitly has type 'any' because no interface 'JSX.IntrinsicElements' exists.
../247gbsaffiliates/app/terms/page.tsx(37,120): error TS7026: JSX element implicitly has type 'any' because no interface 'JSX.IntrinsicElements' exists.
../247gbsaffiliates/app/terms/page.tsx(38,25): error TS7026: JSX element implicitly has type 'any' because no interface 'JSX.IntrinsicElements' exists.
../247gbsaffiliates/app/terms/page.tsx(39,21): error TS7026: JSX element implicitly has type 'any' because no interface 'JSX.IntrinsicElements' exists.
../247gbsaffiliates/app/terms/page.tsx(41,21): error TS7026: JSX element implicitly has type 'any' because no interface 'JSX.IntrinsicElements' exists.
../247gbsaffiliates/app/terms/page.tsx(42,25): error TS7026: JSX element implicitly has type 'any' because no interface 'JSX.IntrinsicElements' exists.
../247gbsaffiliates/app/terms/page.tsx(42,129): error TS7026: JSX element implicitly has type 'any' because no interface 'JSX.IntrinsicElements' exists.
../247gbsaffiliates/app/terms/page.tsx(43,25): error TS7026: JSX element implicitly has type 'any' because no interface 'JSX.IntrinsicElements' exists.
../247gbsaffiliates/app/terms/page.tsx(45,25): error TS7026: JSX element implicitly has type 'any' because no interface 'JSX.IntrinsicElements' exists.
../247gbsaffiliates/app/terms/page.tsx(46,25): error TS7026: JSX element implicitly has type 'any' because no interface 'JSX.IntrinsicElements' exists.
../247gbsaffiliates/app/terms/page.tsx(48,25): error TS7026: JSX element implicitly has type 'any' because no interface 'JSX.IntrinsicElements' exists.
../247gbsaffiliates/app/terms/page.tsx(49,21): error TS7026: JSX element implicitly has type 'any' because no interface 'JSX.IntrinsicElements' exists.
../247gbsaffiliates/app/terms/page.tsx(51,21): error TS7026: JSX element implicitly has type 'any' because no interface 'JSX.IntrinsicElements' exists.
../247gbsaffiliates/app/terms/page.tsx(52,25): error TS7026: JSX element implicitly has type 'any' because no interface 'JSX.IntrinsicElements' exists.
../247gbsaffiliates/app/terms/page.tsx(53,29): error TS7026: JSX element implicitly has type 'any' because no interface 'JSX.IntrinsicElements' exists.
../247gbsaffiliates/app/terms/page.tsx(54,33): error TS7026: JSX element implicitly has type 'any' because no interface 'JSX.IntrinsicElements' exists.
../247gbsaffiliates/app/terms/page.tsx(54,174): error TS7026: JSX element implicitly has type 'any' because no interface 'JSX.IntrinsicElements' exists.
../247gbsaffiliates/app/terms/page.tsx(56,29): error TS7026: JSX element implicitly has type 'any' because no interface 'JSX.IntrinsicElements' exists.
../247gbsaffiliates/app/terms/page.tsx(57,29): error TS7026: JSX element implicitly has type 'any' because no interface 'JSX.IntrinsicElements' exists.
../247gbsaffiliates/app/terms/page.tsx(58,33): error TS7026: JSX element implicitly has type 'any' because no interface 'JSX.IntrinsicElements' exists.
../247gbsaffiliates/app/terms/page.tsx(59,37): error TS7026: JSX element implicitly has type 'any' because no interface 'JSX.IntrinsicElements' exists.
../247gbsaffiliates/app/terms/page.tsx(59,122): error TS7026: JSX element implicitly has type 'any' because no interface 'JSX.IntrinsicElements' exists.
../247gbsaffiliates/app/terms/page.tsx(60,37): error TS7026: JSX element implicitly has type 'any' because no interface 'JSX.IntrinsicElements' exists.
../247gbsaffiliates/app/terms/page.tsx(62,37): error TS7026: JSX element implicitly has type 'any' because no interface 'JSX.IntrinsicElements' exists.
../247gbsaffiliates/app/terms/page.tsx(63,33): error TS7026: JSX element implicitly has type 'any' because no interface 'JSX.IntrinsicElements' exists.
../247gbsaffiliates/app/terms/page.tsx(64,33): error TS7026: JSX element implicitly has type 'any' because no interface 'JSX.IntrinsicElements' exists.
../247gbsaffiliates/app/terms/page.tsx(65,37): error TS7026: JSX element implicitly has type 'any' because no interface 'JSX.IntrinsicElements' exists.
../247gbsaffiliates/app/terms/page.tsx(65,130): error TS7026: JSX element implicitly has type 'any' because no interface 'JSX.IntrinsicElements' exists.
../247gbsaffiliates/app/terms/page.tsx(66,37): error TS7026: JSX element implicitly has type 'any' because no interface 'JSX.IntrinsicElements' exists.
../247gbsaffiliates/app/terms/page.tsx(68,37): error TS7026: JSX element implicitly has type 'any' because no interface 'JSX.IntrinsicElements' exists.
../247gbsaffiliates/app/terms/page.tsx(69,33): error TS7026: JSX element implicitly has type 'any' because no interface 'JSX.IntrinsicElements' exists.
../247gbsaffiliates/app/terms/page.tsx(70,29): error TS7026: JSX element implicitly has type 'any' because no interface 'JSX.IntrinsicElements' exists.
../247gbsaffiliates/app/terms/page.tsx(71,25): error TS7026: JSX element implicitly has type 'any' because no interface 'JSX.IntrinsicElements' exists.
../247gbsaffiliates/app/terms/page.tsx(73,25): error TS7026: JSX element implicitly has type 'any' because no interface 'JSX.IntrinsicElements' exists.
../247gbsaffiliates/app/terms/page.tsx(74,29): error TS7026: JSX element implicitly has type 'any' because no interface 'JSX.IntrinsicElements' exists.
../247gbsaffiliates/app/terms/page.tsx(74,128): error TS7026: JSX element implicitly has type 'any' because no interface 'JSX.IntrinsicElements' exists.
../247gbsaffiliates/app/terms/page.tsx(75,29): error TS7026: JSX element implicitly has type 'any' because no interface 'JSX.IntrinsicElements' exists.
../247gbsaffiliates/app/terms/page.tsx(76,33): error TS7026: JSX element implicitly has type 'any' because no interface 'JSX.IntrinsicElements' exists.
../247gbsaffiliates/app/terms/page.tsx(77,37): error TS7026: JSX element implicitly has type 'any' because no interface 'JSX.IntrinsicElements' exists.
../247gbsaffiliates/app/terms/page.tsx(79,37): error TS7026: JSX element implicitly has type 'any' because no interface 'JSX.IntrinsicElements' exists.
../247gbsaffiliates/app/terms/page.tsx(80,37): error TS7026: JSX element implicitly has type 'any' because no interface 'JSX.IntrinsicElements' exists.
../247gbsaffiliates/app/terms/page.tsx(81,41): error TS7026: JSX element implicitly has type 'any' because no interface 'JSX.IntrinsicElements' exists.
../247gbsaffiliates/app/terms/page.tsx(81,132): error TS7026: JSX element implicitly has type 'any' because no interface 'JSX.IntrinsicElements' exists.
../247gbsaffiliates/app/terms/page.tsx(82,41): error TS7026: JSX element implicitly has type 'any' because no interface 'JSX.IntrinsicElements' exists.
../247gbsaffiliates/app/terms/page.tsx(84,41): error TS7026: JSX element implicitly has type 'any' because no interface 'JSX.IntrinsicElements' exists.
../247gbsaffiliates/app/terms/page.tsx(85,37): error TS7026: JSX element implicitly has type 'any' because no interface 'JSX.IntrinsicElements' exists.
../247gbsaffiliates/app/terms/page.tsx(86,33): error TS7026: JSX element implicitly has type 'any' because no interface 'JSX.IntrinsicElements' exists.
../247gbsaffiliates/app/terms/page.tsx(87,33): error TS7026: JSX element implicitly has type 'any' because no interface 'JSX.IntrinsicElements' exists.
../247gbsaffiliates/app/terms/page.tsx(88,37): error TS7026: JSX element implicitly has type 'any' because no interface 'JSX.IntrinsicElements' exists.
../247gbsaffiliates/app/terms/page.tsx(90,37): error TS7026: JSX element implicitly has type 'any' because no interface 'JSX.IntrinsicElements' exists.
../247gbsaffiliates/app/terms/page.tsx(91,37): error TS7026: JSX element implicitly has type 'any' because no interface 'JSX.IntrinsicElements' exists.
../247gbsaffiliates/app/terms/page.tsx(92,41): error TS7026: JSX element implicitly has type 'any' because no interface 'JSX.IntrinsicElements' exists.
../247gbsaffiliates/app/terms/page.tsx(92,132): error TS7026: JSX element implicitly has type 'any' because no interface 'JSX.IntrinsicElements' exists.
../247gbsaffiliates/app/terms/page.tsx(93,41): error TS7026: JSX element implicitly has type 'any' because no interface 'JSX.IntrinsicElements' exists.
../247gbsaffiliates/app/terms/page.tsx(95,41): error TS7026: JSX element implicitly has type 'any' because no interface 'JSX.IntrinsicElements' exists.
../247gbsaffiliates/app/terms/page.tsx(96,37): error TS7026: JSX element implicitly has type 'any' because no interface 'JSX.IntrinsicElements' exists.
../247gbsaffiliates/app/terms/page.tsx(97,33): error TS7026: JSX element implicitly has type 'any' because no interface 'JSX.IntrinsicElements' exists.
../247gbsaffiliates/app/terms/page.tsx(98,29): error TS7026: JSX element implicitly has type 'any' because no interface 'JSX.IntrinsicElements' exists.
../247gbsaffiliates/app/terms/page.tsx(99,25): error TS7026: JSX element implicitly has type 'any' because no interface 'JSX.IntrinsicElements' exists.
../247gbsaffiliates/app/terms/page.tsx(101,25): error TS7026: JSX element implicitly has type 'any' because no interface 'JSX.IntrinsicElements' exists.
../247gbsaffiliates/app/terms/page.tsx(102,29): error TS7026: JSX element implicitly has type 'any' because no interface 'JSX.IntrinsicElements' exists.
../247gbsaffiliates/app/terms/page.tsx(102,122): error TS7026: JSX element implicitly has type 'any' because no interface 'JSX.IntrinsicElements' exists.
../247gbsaffiliates/app/terms/page.tsx(103,29): error TS7026: JSX element implicitly has type 'any' because no interface 'JSX.IntrinsicElements' exists.
../247gbsaffiliates/app/terms/page.tsx(105,29): error TS7026: JSX element implicitly has type 'any' because no interface 'JSX.IntrinsicElements' exists.
../247gbsaffiliates/app/terms/page.tsx(106,29): error TS7026: JSX element implicitly has type 'any' because no interface 'JSX.IntrinsicElements' exists.
../247gbsaffiliates/app/terms/page.tsx(107,33): error TS7026: JSX element implicitly has type 'any' because no interface 'JSX.IntrinsicElements' exists.
../247gbsaffiliates/app/terms/page.tsx(109,33): error TS7026: JSX element implicitly has type 'any' because no interface 'JSX.IntrinsicElements' exists.
../247gbsaffiliates/app/terms/page.tsx(110,33): error TS7026: JSX element implicitly has type 'any' because no interface 'JSX.IntrinsicElements' exists.
../247gbsaffiliates/app/terms/page.tsx(112,33): error TS7026: JSX element implicitly has type 'any' because no interface 'JSX.IntrinsicElements' exists.
../247gbsaffiliates/app/terms/page.tsx(113,33): error TS7026: JSX element implicitly has type 'any' because no interface 'JSX.IntrinsicElements' exists.
../247gbsaffiliates/app/terms/page.tsx(115,33): error TS7026: JSX element implicitly has type 'any' because no interface 'JSX.IntrinsicElements' exists.
../247gbsaffiliates/app/terms/page.tsx(116,29): error TS7026: JSX element implicitly has type 'any' because no interface 'JSX.IntrinsicElements' exists.
../247gbsaffiliates/app/terms/page.tsx(117,25): error TS7026: JSX element implicitly has type 'any' because no interface 'JSX.IntrinsicElements' exists.
../247gbsaffiliates/app/terms/page.tsx(118,21): error TS7026: JSX element implicitly has type 'any' because no interface 'JSX.IntrinsicElements' exists.
../247gbsaffiliates/app/terms/page.tsx(120,13): error TS7026: JSX element implicitly has type 'any' because no interface 'JSX.IntrinsicElements' exists.
../247gbsaffiliates/app/terms/page.tsx(121,9): error TS7026: JSX element implicitly has type 'any' because no interface 'JSX.IntrinsicElements' exists.
../247gbsaffiliates/components/auth/AuthInput.tsx(1,34): error TS2503: Cannot find namespace 'React'.
../247gbsaffiliates/components/auth/AuthInput.tsx(8,9): error TS7026: JSX element implicitly has type 'any' because no interface 'JSX.IntrinsicElements' exists.
../247gbsaffiliates/components/auth/AuthInput.tsx(8,9): error TS2875: This JSX tag requires the module path 'react/jsx-runtime' to exist, but none could be found. Make sure you have types for the appropriate package installed.
../247gbsaffiliates/components/auth/AuthInput.tsx(9,13): error TS7026: JSX element implicitly has type 'any' because no interface 'JSX.IntrinsicElements' exists.
../247gbsaffiliates/components/auth/AuthInput.tsx(9,86): error TS2339: Property 'id' does not exist on type '{}'.
../247gbsaffiliates/components/auth/AuthInput.tsx(11,13): error TS7026: JSX element implicitly has type 'any' because no interface 'JSX.IntrinsicElements' exists.
../247gbsaffiliates/components/auth/AuthInput.tsx(12,13): error TS7026: JSX element implicitly has type 'any' because no interface 'JSX.IntrinsicElements' exists.
../247gbsaffiliates/components/auth/AuthInput.tsx(14,21): error TS7026: JSX element implicitly has type 'any' because no interface 'JSX.IntrinsicElements' exists.
../247gbsaffiliates/components/auth/AuthInput.tsx(15,25): error TS7026: JSX element implicitly has type 'any' because no interface 'JSX.IntrinsicElements' exists.
../247gbsaffiliates/components/auth/AuthInput.tsx(15,83): error TS7026: JSX element implicitly has type 'any' because no interface 'JSX.IntrinsicElements' exists.
../247gbsaffiliates/components/auth/AuthInput.tsx(16,21): error TS7026: JSX element implicitly has type 'any' because no interface 'JSX.IntrinsicElements' exists.
../247gbsaffiliates/components/auth/AuthInput.tsx(18,17): error TS7026: JSX element implicitly has type 'any' because no interface 'JSX.IntrinsicElements' exists.
../247gbsaffiliates/components/auth/AuthInput.tsx(22,13): error TS7026: JSX element implicitly has type 'any' because no interface 'JSX.IntrinsicElements' exists.
../247gbsaffiliates/components/auth/AuthInput.tsx(23,9): error TS7026: JSX element implicitly has type 'any' because no interface 'JSX.IntrinsicElements' exists.
../247gbsaffiliates/components/auth/AuthSidebar.tsx(1,19): error TS2307: Cannot find module 'next/image' or its corresponding type declarations.
../247gbsaffiliates/components/auth/AuthSidebar.tsx(12,9): error TS7026: JSX element implicitly has type 'any' because no interface 'JSX.IntrinsicElements' exists.
../247gbsaffiliates/components/auth/AuthSidebar.tsx(12,9): error TS2875: This JSX tag requires the module path 'react/jsx-runtime' to exist, but none could be found. Make sure you have types for the appropriate package installed.
../247gbsaffiliates/components/auth/AuthSidebar.tsx(14,13): error TS7026: JSX element implicitly has type 'any' because no interface 'JSX.IntrinsicElements' exists.
../247gbsaffiliates/components/auth/AuthSidebar.tsx(22,13): error TS7026: JSX element implicitly has type 'any' because no interface 'JSX.IntrinsicElements' exists.
../247gbsaffiliates/components/auth/AuthSidebar.tsx(25,13): error TS7026: JSX element implicitly has type 'any' because no interface 'JSX.IntrinsicElements' exists.
../247gbsaffiliates/components/auth/AuthSidebar.tsx(25,80): error TS7026: JSX element implicitly has type 'any' because no interface 'JSX.IntrinsicElements' exists.
../247gbsaffiliates/components/auth/AuthSidebar.tsx(28,13): error TS7026: JSX element implicitly has type 'any' because no interface 'JSX.IntrinsicElements' exists.
../247gbsaffiliates/components/auth/AuthSidebar.tsx(29,17): error TS7026: JSX element implicitly has type 'any' because no interface 'JSX.IntrinsicElements' exists.
../247gbsaffiliates/components/auth/AuthSidebar.tsx(30,21): error TS7026: JSX element implicitly has type 'any' because no interface 'JSX.IntrinsicElements' exists.
../247gbsaffiliates/components/auth/AuthSidebar.tsx(31,25): error TS7026: JSX element implicitly has type 'any' because no interface 'JSX.IntrinsicElements' exists.
../247gbsaffiliates/components/auth/AuthSidebar.tsx(32,29): error TS7026: JSX element implicitly has type 'any' because no interface 'JSX.IntrinsicElements' exists.
../247gbsaffiliates/components/auth/AuthSidebar.tsx(32,132): error TS7026: JSX element implicitly has type 'any' because no interface 'JSX.IntrinsicElements' exists.
../247gbsaffiliates/components/auth/AuthSidebar.tsx(33,25): error TS7026: JSX element implicitly has type 'any' because no interface 'JSX.IntrinsicElements' exists.
../247gbsaffiliates/components/auth/AuthSidebar.tsx(34,21): error TS7026: JSX element implicitly has type 'any' because no interface 'JSX.IntrinsicElements' exists.
../247gbsaffiliates/components/auth/AuthSidebar.tsx(35,21): error TS7026: JSX element implicitly has type 'any' because no interface 'JSX.IntrinsicElements' exists.
../247gbsaffiliates/components/auth/AuthSidebar.tsx(35,102): error TS7026: JSX element implicitly has type 'any' because no interface 'JSX.IntrinsicElements' exists.
../247gbsaffiliates/components/auth/AuthSidebar.tsx(36,17): error TS7026: JSX element implicitly has type 'any' because no interface 'JSX.IntrinsicElements' exists.
../247gbsaffiliates/components/auth/AuthSidebar.tsx(38,17): error TS7026: JSX element implicitly has type 'any' because no interface 'JSX.IntrinsicElements' exists.
../247gbsaffiliates/components/auth/AuthSidebar.tsx(39,21): error TS7026: JSX element implicitly has type 'any' because no interface 'JSX.IntrinsicElements' exists.
../247gbsaffiliates/components/auth/AuthSidebar.tsx(41,21): error TS7026: JSX element implicitly has type 'any' because no interface 'JSX.IntrinsicElements' exists.
../247gbsaffiliates/components/auth/AuthSidebar.tsx(43,25): error TS7026: JSX element implicitly has type 'any' because no interface 'JSX.IntrinsicElements' exists.
../247gbsaffiliates/components/auth/AuthSidebar.tsx(45,33): error TS7026: JSX element implicitly has type 'any' because no interface 'JSX.IntrinsicElements' exists.
../247gbsaffiliates/components/auth/AuthSidebar.tsx(46,37): error TS7026: JSX element implicitly has type 'any' because no interface 'JSX.IntrinsicElements' exists.
../247gbsaffiliates/components/auth/AuthSidebar.tsx(46,104): error TS7026: JSX element implicitly has type 'any' because no interface 'JSX.IntrinsicElements' exists.
../247gbsaffiliates/components/auth/AuthSidebar.tsx(47,37): error TS7026: JSX element implicitly has type 'any' because no interface 'JSX.IntrinsicElements' exists.
../247gbsaffiliates/components/auth/AuthSidebar.tsx(47,92): error TS7026: JSX element implicitly has type 'any' because no interface 'JSX.IntrinsicElements' exists.
../247gbsaffiliates/components/auth/AuthSidebar.tsx(48,33): error TS7026: JSX element implicitly has type 'any' because no interface 'JSX.IntrinsicElements' exists.
../247gbsaffiliates/components/auth/AuthSidebar.tsx(50,25): error TS7026: JSX element implicitly has type 'any' because no interface 'JSX.IntrinsicElements' exists.
../247gbsaffiliates/components/auth/AuthSidebar.tsx(52,25): error TS7026: JSX element implicitly has type 'any' because no interface 'JSX.IntrinsicElements' exists.
../247gbsaffiliates/components/auth/AuthSidebar.tsx(54,25): error TS7026: JSX element implicitly has type 'any' because no interface 'JSX.IntrinsicElements' exists.
../247gbsaffiliates/components/auth/AuthSidebar.tsx(56,17): error TS7026: JSX element implicitly has type 'any' because no interface 'JSX.IntrinsicElements' exists.
../247gbsaffiliates/components/auth/AuthSidebar.tsx(58,17): error TS7026: JSX element implicitly has type 'any' because no interface 'JSX.IntrinsicElements' exists.
../247gbsaffiliates/components/auth/AuthSidebar.tsx(60,17): error TS7026: JSX element implicitly has type 'any' because no interface 'JSX.IntrinsicElements' exists.
../247gbsaffiliates/components/auth/AuthSidebar.tsx(61,13): error TS7026: JSX element implicitly has type 'any' because no interface 'JSX.IntrinsicElements' exists.
../247gbsaffiliates/components/auth/AuthSidebar.tsx(62,9): error TS7026: JSX element implicitly has type 'any' because no interface 'JSX.IntrinsicElements' exists.
../247gbsaffiliates/components/auth/SignupMainPage.tsx(2,44): error TS2307: Cannot find module 'next/navigation' or its corresponding type declarations.
../247gbsaffiliates/components/auth/SignupMainPage.tsx(3,18): error TS2307: Cannot find module 'next/link' or its corresponding type declarations.
../247gbsaffiliates/components/auth/SignupMainPage.tsx(4,37): error TS2307: Cannot find module 'react' or its corresponding type declarations.
../247gbsaffiliates/components/auth/SignupMainPage.tsx(23,36): error TS2503: Cannot find namespace 'React'.
../247gbsaffiliates/components/auth/SignupMainPage.tsx(39,9): error TS7026: JSX element implicitly has type 'any' because no interface 'JSX.IntrinsicElements' exists.
../247gbsaffiliates/components/auth/SignupMainPage.tsx(39,9): error TS2875: This JSX tag requires the module path 'react/jsx-runtime' to exist, but none could be found. Make sure you have types for the appropriate package installed.
../247gbsaffiliates/components/auth/SignupMainPage.tsx(51,13): error TS7026: JSX element implicitly has type 'any' because no interface 'JSX.IntrinsicElements' exists.
../247gbsaffiliates/components/auth/SignupMainPage.tsx(52,17): error TS7026: JSX element implicitly has type 'any' because no interface 'JSX.IntrinsicElements' exists.
../247gbsaffiliates/components/auth/SignupMainPage.tsx(53,21): error TS7026: JSX element implicitly has type 'any' because no interface 'JSX.IntrinsicElements' exists.
../247gbsaffiliates/components/auth/SignupMainPage.tsx(54,25): error TS7026: JSX element implicitly has type 'any' because no interface 'JSX.IntrinsicElements' exists.
../247gbsaffiliates/components/auth/SignupMainPage.tsx(55,29): error TS7026: JSX element implicitly has type 'any' because no interface 'JSX.IntrinsicElements' exists.
../247gbsaffiliates/components/auth/SignupMainPage.tsx(56,33): error TS7026: JSX element implicitly has type 'any' because no interface 'JSX.IntrinsicElements' exists.
../247gbsaffiliates/components/auth/SignupMainPage.tsx(56,136): error TS7026: JSX element implicitly has type 'any' because no interface 'JSX.IntrinsicElements' exists.
../247gbsaffiliates/components/auth/SignupMainPage.tsx(57,29): error TS7026: JSX element implicitly has type 'any' because no interface 'JSX.IntrinsicElements' exists.
../247gbsaffiliates/components/auth/SignupMainPage.tsx(58,25): error TS7026: JSX element implicitly has type 'any' because no interface 'JSX.IntrinsicElements' exists.
../247gbsaffiliates/components/auth/SignupMainPage.tsx(59,25): error TS7026: JSX element implicitly has type 'any' because no interface 'JSX.IntrinsicElements' exists.
../247gbsaffiliates/components/auth/SignupMainPage.tsx(59,121): error TS7026: JSX element implicitly has type 'any' because no interface 'JSX.IntrinsicElements' exists.
../247gbsaffiliates/components/auth/SignupMainPage.tsx(60,21): error TS7026: JSX element implicitly has type 'any' because no interface 'JSX.IntrinsicElements' exists.
../247gbsaffiliates/components/auth/SignupMainPage.tsx(62,21): error TS7026: JSX element implicitly has type 'any' because no interface 'JSX.IntrinsicElements' exists.
../247gbsaffiliates/components/auth/SignupMainPage.tsx(64,29): error TS7026: JSX element implicitly has type 'any' because no interface 'JSX.IntrinsicElements' exists.
../247gbsaffiliates/components/auth/SignupMainPage.tsx(64,131): error TS7026: JSX element implicitly has type 'any' because no interface 'JSX.IntrinsicElements' exists.
../247gbsaffiliates/components/auth/SignupMainPage.tsx(67,21): error TS7026: JSX element implicitly has type 'any' because no interface 'JSX.IntrinsicElements' exists.
../247gbsaffiliates/components/auth/SignupMainPage.tsx(69,21): error TS7026: JSX element implicitly has type 'any' because no interface 'JSX.IntrinsicElements' exists.
../247gbsaffiliates/components/auth/SignupMainPage.tsx(70,25): error TS7026: JSX element implicitly has type 'any' because no interface 'JSX.IntrinsicElements' exists.
../247gbsaffiliates/components/auth/SignupMainPage.tsx(70,125): error TS7026: JSX element implicitly has type 'any' because no interface 'JSX.IntrinsicElements' exists.
../247gbsaffiliates/components/auth/SignupMainPage.tsx(71,25): error TS7026: JSX element implicitly has type 'any' because no interface 'JSX.IntrinsicElements' exists.
../247gbsaffiliates/components/auth/SignupMainPage.tsx(71,140): error TS7026: JSX element implicitly has type 'any' because no interface 'JSX.IntrinsicElements' exists.
../247gbsaffiliates/components/auth/SignupMainPage.tsx(72,21): error TS7026: JSX element implicitly has type 'any' because no interface 'JSX.IntrinsicElements' exists.
../247gbsaffiliates/components/auth/SignupMainPage.tsx(74,21): error TS7026: JSX element implicitly has type 'any' because no interface 'JSX.IntrinsicElements' exists.
../247gbsaffiliates/components/auth/SignupMainPage.tsx(75,25): error TS7026: JSX element implicitly has type 'any' because no interface 'JSX.IntrinsicElements' exists.
../247gbsaffiliates/components/auth/SignupMainPage.tsx(76,29): error TS7026: JSX element implicitly has type 'any' because no interface 'JSX.IntrinsicElements' exists.
../247gbsaffiliates/components/auth/SignupMainPage.tsx(77,33): error TS7026: JSX element implicitly has type 'any' because no interface 'JSX.IntrinsicElements' exists.
../247gbsaffiliates/components/auth/SignupMainPage.tsx(77,178): error TS7026: JSX element implicitly has type 'any' because no interface 'JSX.IntrinsicElements' exists.
../247gbsaffiliates/components/auth/SignupMainPage.tsx(78,33): error TS7026: JSX element implicitly has type 'any' because no interface 'JSX.IntrinsicElements' exists.
../247gbsaffiliates/components/auth/SignupMainPage.tsx(78,192): error TS7026: JSX element implicitly has type 'any' because no interface 'JSX.IntrinsicElements' exists.
../247gbsaffiliates/components/auth/SignupMainPage.tsx(79,33): error TS7026: JSX element implicitly has type 'any' because no interface 'JSX.IntrinsicElements' exists.
../247gbsaffiliates/components/auth/SignupMainPage.tsx(79,177): error TS7026: JSX element implicitly has type 'any' because no interface 'JSX.IntrinsicElements' exists.
../247gbsaffiliates/components/auth/SignupMainPage.tsx(80,33): error TS7026: JSX element implicitly has type 'any' because no interface 'JSX.IntrinsicElements' exists.
../247gbsaffiliates/components/auth/SignupMainPage.tsx(80,190): error TS7026: JSX element implicitly has type 'any' because no interface 'JSX.IntrinsicElements' exists.
../247gbsaffiliates/components/auth/SignupMainPage.tsx(81,29): error TS7026: JSX element implicitly has type 'any' because no interface 'JSX.IntrinsicElements' exists.
../247gbsaffiliates/components/auth/SignupMainPage.tsx(83,25): error TS7026: JSX element implicitly has type 'any' because no interface 'JSX.IntrinsicElements' exists.
../247gbsaffiliates/components/auth/SignupMainPage.tsx(84,21): error TS7026: JSX element implicitly has type 'any' because no interface 'JSX.IntrinsicElements' exists.
../247gbsaffiliates/components/auth/SignupMainPage.tsx(86,21): error TS7026: JSX element implicitly has type 'any' because no interface 'JSX.IntrinsicElements' exists.
../247gbsaffiliates/components/auth/SignupMainPage.tsx(87,25): error TS7026: JSX element implicitly has type 'any' because no interface 'JSX.IntrinsicElements' exists.
../247gbsaffiliates/components/auth/SignupMainPage.tsx(88,29): error TS7026: JSX element implicitly has type 'any' because no interface 'JSX.IntrinsicElements' exists.
../247gbsaffiliates/components/auth/SignupMainPage.tsx(88,78): error TS7026: JSX element implicitly has type 'any' because no interface 'JSX.IntrinsicElements' exists.
../247gbsaffiliates/components/auth/SignupMainPage.tsx(89,25): error TS7026: JSX element implicitly has type 'any' because no interface 'JSX.IntrinsicElements' exists.
../247gbsaffiliates/components/auth/SignupMainPage.tsx(90,25): error TS7026: JSX element implicitly has type 'any' because no interface 'JSX.IntrinsicElements' exists.
../247gbsaffiliates/components/auth/SignupMainPage.tsx(91,29): error TS7026: JSX element implicitly has type 'any' because no interface 'JSX.IntrinsicElements' exists.
../247gbsaffiliates/components/auth/SignupMainPage.tsx(91,111): error TS7026: JSX element implicitly has type 'any' because no interface 'JSX.IntrinsicElements' exists.
../247gbsaffiliates/components/auth/SignupMainPage.tsx(92,25): error TS7026: JSX element implicitly has type 'any' because no interface 'JSX.IntrinsicElements' exists.
../247gbsaffiliates/components/auth/SignupMainPage.tsx(93,21): error TS7026: JSX element implicitly has type 'any' because no interface 'JSX.IntrinsicElements' exists.
../247gbsaffiliates/components/auth/SignupMainPage.tsx(95,21): error TS7026: JSX element implicitly has type 'any' because no interface 'JSX.IntrinsicElements' exists.
../247gbsaffiliates/components/auth/SignupMainPage.tsx(96,25): error TS7026: JSX element implicitly has type 'any' because no interface 'JSX.IntrinsicElements' exists.
../247gbsaffiliates/components/auth/SignupMainPage.tsx(98,33): error TS2322: Type '{ id: string; label: string; type: string; placeholder: string; required: true; }' is not assignable to type 'AuthInputProps'.
  Property 'id' does not exist on type 'AuthInputProps'.
../247gbsaffiliates/components/auth/SignupMainPage.tsx(105,33): error TS2322: Type '{ id: string; label: string; type: string; placeholder: string; required: true; }' is not assignable to type 'AuthInputProps'.
  Property 'id' does not exist on type 'AuthInputProps'.
../247gbsaffiliates/components/auth/SignupMainPage.tsx(111,25): error TS7026: JSX element implicitly has type 'any' because no interface 'JSX.IntrinsicElements' exists.
../247gbsaffiliates/components/auth/SignupMainPage.tsx(114,29): error TS2322: Type '{ id: string; label: string; type: string; placeholder: string; icon: string; required: true; }' is not assignable to type 'AuthInputProps'.
  Property 'id' does not exist on type 'AuthInputProps'.
../247gbsaffiliates/components/auth/SignupMainPage.tsx(122,25): error TS7026: JSX element implicitly has type 'any' because no interface 'JSX.IntrinsicElements' exists.
../247gbsaffiliates/components/auth/SignupMainPage.tsx(123,29): error TS7026: JSX element implicitly has type 'any' because no interface 'JSX.IntrinsicElements' exists.
../247gbsaffiliates/components/auth/SignupMainPage.tsx(123,136): error TS7026: JSX element implicitly has type 'any' because no interface 'JSX.IntrinsicElements' exists.
../247gbsaffiliates/components/auth/SignupMainPage.tsx(124,29): error TS7026: JSX element implicitly has type 'any' because no interface 'JSX.IntrinsicElements' exists.
../247gbsaffiliates/components/auth/SignupMainPage.tsx(125,33): error TS7026: JSX element implicitly has type 'any' because no interface 'JSX.IntrinsicElements' exists.
../247gbsaffiliates/components/auth/SignupMainPage.tsx(126,37): error TS7026: JSX element implicitly has type 'any' because no interface 'JSX.IntrinsicElements' exists.
../247gbsaffiliates/components/auth/SignupMainPage.tsx(126,93): error TS7026: JSX element implicitly has type 'any' because no interface 'JSX.IntrinsicElements' exists.
../247gbsaffiliates/components/auth/SignupMainPage.tsx(127,33): error TS7026: JSX element implicitly has type 'any' because no interface 'JSX.IntrinsicElements' exists.
../247gbsaffiliates/components/auth/SignupMainPage.tsx(128,33): error TS7026: JSX element implicitly has type 'any' because no interface 'JSX.IntrinsicElements' exists.
../247gbsaffiliates/components/auth/SignupMainPage.tsx(135,33): error TS7026: JSX element implicitly has type 'any' because no interface 'JSX.IntrinsicElements' exists.
../247gbsaffiliates/components/auth/SignupMainPage.tsx(136,37): error TS7026: JSX element implicitly has type 'any' because no interface 'JSX.IntrinsicElements' exists.
../247gbsaffiliates/components/auth/SignupMainPage.tsx(136,99): error TS7026: JSX element implicitly has type 'any' because no interface 'JSX.IntrinsicElements' exists.
../247gbsaffiliates/components/auth/SignupMainPage.tsx(137,33): error TS7026: JSX element implicitly has type 'any' because no interface 'JSX.IntrinsicElements' exists.
../247gbsaffiliates/components/auth/SignupMainPage.tsx(138,29): error TS7026: JSX element implicitly has type 'any' because no interface 'JSX.IntrinsicElements' exists.
../247gbsaffiliates/components/auth/SignupMainPage.tsx(139,29): error TS7026: JSX element implicitly has type 'any' because no interface 'JSX.IntrinsicElements' exists.
../247gbsaffiliates/components/auth/SignupMainPage.tsx(139,182): error TS7026: JSX element implicitly has type 'any' because no interface 'JSX.IntrinsicElements' exists.
../247gbsaffiliates/components/auth/SignupMainPage.tsx(140,25): error TS7026: JSX element implicitly has type 'any' because no interface 'JSX.IntrinsicElements' exists.
../247gbsaffiliates/components/auth/SignupMainPage.tsx(142,25): error TS7026: JSX element implicitly has type 'any' because no interface 'JSX.IntrinsicElements' exists.
../247gbsaffiliates/components/auth/SignupMainPage.tsx(143,29): error TS7026: JSX element implicitly has type 'any' because no interface 'JSX.IntrinsicElements' exists.
../247gbsaffiliates/components/auth/SignupMainPage.tsx(149,29): error TS7026: JSX element implicitly has type 'any' because no interface 'JSX.IntrinsicElements' exists.
../247gbsaffiliates/components/auth/SignupMainPage.tsx(151,29): error TS7026: JSX element implicitly has type 'any' because no interface 'JSX.IntrinsicElements' exists.
../247gbsaffiliates/components/auth/SignupMainPage.tsx(152,25): error TS7026: JSX element implicitly has type 'any' because no interface 'JSX.IntrinsicElements' exists.
../247gbsaffiliates/components/auth/SignupMainPage.tsx(154,25): error TS7026: JSX element implicitly has type 'any' because no interface 'JSX.IntrinsicElements' exists.
../247gbsaffiliates/components/auth/SignupMainPage.tsx(159,25): error TS7026: JSX element implicitly has type 'any' because no interface 'JSX.IntrinsicElements' exists.
../247gbsaffiliates/components/auth/SignupMainPage.tsx(160,21): error TS7026: JSX element implicitly has type 'any' because no interface 'JSX.IntrinsicElements' exists.
../247gbsaffiliates/components/auth/SignupMainPage.tsx(162,21): error TS7026: JSX element implicitly has type 'any' because no interface 'JSX.IntrinsicElements' exists.
../247gbsaffiliates/components/auth/SignupMainPage.tsx(163,25): error TS7026: JSX element implicitly has type 'any' because no interface 'JSX.IntrinsicElements' exists.
../247gbsaffiliates/components/auth/SignupMainPage.tsx(166,25): error TS7026: JSX element implicitly has type 'any' because no interface 'JSX.IntrinsicElements' exists.
../247gbsaffiliates/components/auth/SignupMainPage.tsx(167,21): error TS7026: JSX element implicitly has type 'any' because no interface 'JSX.IntrinsicElements' exists.
../247gbsaffiliates/components/auth/SignupMainPage.tsx(169,21): error TS7026: JSX element implicitly has type 'any' because no interface 'JSX.IntrinsicElements' exists.
../247gbsaffiliates/components/auth/SignupMainPage.tsx(171,21): error TS7026: JSX element implicitly has type 'any' because no interface 'JSX.IntrinsicElements' exists.
../247gbsaffiliates/components/auth/SignupMainPage.tsx(172,17): error TS7026: JSX element implicitly has type 'any' because no interface 'JSX.IntrinsicElements' exists.
../247gbsaffiliates/components/auth/SignupMainPage.tsx(173,13): error TS7026: JSX element implicitly has type 'any' because no interface 'JSX.IntrinsicElements' exists.
../247gbsaffiliates/components/auth/SignupMainPage.tsx(174,9): error TS7026: JSX element implicitly has type 'any' because no interface 'JSX.IntrinsicElements' exists.
../247gbsaffiliates/components/CallOverlay.tsx(3,41): error TS2307: Cannot find module 'framer-motion' or its corresponding type declarations.
../247gbsaffiliates/components/CallOverlay.tsx(4,37): error TS2307: Cannot find module 'react' or its corresponding type declarations.
../247gbsaffiliates/components/CallOverlay.tsx(20,19): error TS7006: Parameter 'prev' implicitly has an 'any' type.
../247gbsaffiliates/components/CallOverlay.tsx(35,5): error TS2875: This JSX tag requires the module path 'react/jsx-runtime' to exist, but none could be found. Make sure you have types for the appropriate package installed.
../247gbsaffiliates/components/CallOverlay.tsx(37,9): error TS7026: JSX element implicitly has type 'any' because no interface 'JSX.IntrinsicElements' exists.
../247gbsaffiliates/components/CallOverlay.tsx(54,13): error TS7026: JSX element implicitly has type 'any' because no interface 'JSX.IntrinsicElements' exists.
../247gbsaffiliates/components/CallOverlay.tsx(54,80): error TS7026: JSX element implicitly has type 'any' because no interface 'JSX.IntrinsicElements' exists.
../247gbsaffiliates/components/CallOverlay.tsx(57,13): error TS7026: JSX element implicitly has type 'any' because no interface 'JSX.IntrinsicElements' exists.
../247gbsaffiliates/components/CallOverlay.tsx(58,15): error TS7026: JSX element implicitly has type 'any' because no interface 'JSX.IntrinsicElements' exists.
../247gbsaffiliates/components/CallOverlay.tsx(59,17): error TS7026: JSX element implicitly has type 'any' because no interface 'JSX.IntrinsicElements' exists.
../247gbsaffiliates/components/CallOverlay.tsx(59,162): error TS7026: JSX element implicitly has type 'any' because no interface 'JSX.IntrinsicElements' exists.
../247gbsaffiliates/components/CallOverlay.tsx(65,15): error TS7026: JSX element implicitly has type 'any' because no interface 'JSX.IntrinsicElements' exists.
../247gbsaffiliates/components/CallOverlay.tsx(67,15): error TS7026: JSX element implicitly has type 'any' because no interface 'JSX.IntrinsicElements' exists.
../247gbsaffiliates/components/CallOverlay.tsx(67,101): error TS7026: JSX element implicitly has type 'any' because no interface 'JSX.IntrinsicElements' exists.
../247gbsaffiliates/components/CallOverlay.tsx(68,15): error TS7026: JSX element implicitly has type 'any' because no interface 'JSX.IntrinsicElements' exists.
../247gbsaffiliates/components/CallOverlay.tsx(68,106): error TS7026: JSX element implicitly has type 'any' because no interface 'JSX.IntrinsicElements' exists.
../247gbsaffiliates/components/CallOverlay.tsx(69,15): error TS7026: JSX element implicitly has type 'any' because no interface 'JSX.IntrinsicElements' exists.
../247gbsaffiliates/components/CallOverlay.tsx(69,96): error TS7026: JSX element implicitly has type 'any' because no interface 'JSX.IntrinsicElements' exists.
../247gbsaffiliates/components/CallOverlay.tsx(70,13): error TS7026: JSX element implicitly has type 'any' because no interface 'JSX.IntrinsicElements' exists.
../247gbsaffiliates/components/CallOverlay.tsx(73,13): error TS7026: JSX element implicitly has type 'any' because no interface 'JSX.IntrinsicElements' exists.
../247gbsaffiliates/components/CallOverlay.tsx(74,15): error TS7026: JSX element implicitly has type 'any' because no interface 'JSX.IntrinsicElements' exists.
../247gbsaffiliates/components/CallOverlay.tsx(75,17): error TS7026: JSX element implicitly has type 'any' because no interface 'JSX.IntrinsicElements' exists.
../247gbsaffiliates/components/CallOverlay.tsx(76,19): error TS7026: JSX element implicitly has type 'any' because no interface 'JSX.IntrinsicElements' exists.
../247gbsaffiliates/components/CallOverlay.tsx(76,79): error TS7026: JSX element implicitly has type 'any' because no interface 'JSX.IntrinsicElements' exists.
../247gbsaffiliates/components/CallOverlay.tsx(77,17): error TS7026: JSX element implicitly has type 'any' because no interface 'JSX.IntrinsicElements' exists.
../247gbsaffiliates/components/CallOverlay.tsx(78,17): error TS7026: JSX element implicitly has type 'any' because no interface 'JSX.IntrinsicElements' exists.
../247gbsaffiliates/components/CallOverlay.tsx(78,108): error TS7026: JSX element implicitly has type 'any' because no interface 'JSX.IntrinsicElements' exists.
../247gbsaffiliates/components/CallOverlay.tsx(79,15): error TS7026: JSX element implicitly has type 'any' because no interface 'JSX.IntrinsicElements' exists.
../247gbsaffiliates/components/CallOverlay.tsx(80,15): error TS7026: JSX element implicitly has type 'any' because no interface 'JSX.IntrinsicElements' exists.
../247gbsaffiliates/components/CallOverlay.tsx(81,17): error TS7026: JSX element implicitly has type 'any' because no interface 'JSX.IntrinsicElements' exists.
../247gbsaffiliates/components/CallOverlay.tsx(82,19): error TS7026: JSX element implicitly has type 'any' because no interface 'JSX.IntrinsicElements' exists.
../247gbsaffiliates/components/CallOverlay.tsx(82,81): error TS7026: JSX element implicitly has type 'any' because no interface 'JSX.IntrinsicElements' exists.
../247gbsaffiliates/components/CallOverlay.tsx(83,17): error TS7026: JSX element implicitly has type 'any' because no interface 'JSX.IntrinsicElements' exists.
../247gbsaffiliates/components/CallOverlay.tsx(84,17): error TS7026: JSX element implicitly has type 'any' because no interface 'JSX.IntrinsicElements' exists.
../247gbsaffiliates/components/CallOverlay.tsx(84,111): error TS7026: JSX element implicitly has type 'any' because no interface 'JSX.IntrinsicElements' exists.
../247gbsaffiliates/components/CallOverlay.tsx(85,15): error TS7026: JSX element implicitly has type 'any' because no interface 'JSX.IntrinsicElements' exists.
../247gbsaffiliates/components/CallOverlay.tsx(86,15): error TS7026: JSX element implicitly has type 'any' because no interface 'JSX.IntrinsicElements' exists.
../247gbsaffiliates/components/CallOverlay.tsx(87,17): error TS7026: JSX element implicitly has type 'any' because no interface 'JSX.IntrinsicElements' exists.
../247gbsaffiliates/components/CallOverlay.tsx(88,19): error TS7026: JSX element implicitly has type 'any' because no interface 'JSX.IntrinsicElements' exists.
../247gbsaffiliates/components/CallOverlay.tsx(88,80): error TS7026: JSX element implicitly has type 'any' because no interface 'JSX.IntrinsicElements' exists.
../247gbsaffiliates/components/CallOverlay.tsx(89,17): error TS7026: JSX element implicitly has type 'any' because no interface 'JSX.IntrinsicElements' exists.
../247gbsaffiliates/components/CallOverlay.tsx(90,17): error TS7026: JSX element implicitly has type 'any' because no interface 'JSX.IntrinsicElements' exists.
../247gbsaffiliates/components/CallOverlay.tsx(90,109): error TS7026: JSX element implicitly has type 'any' because no interface 'JSX.IntrinsicElements' exists.
../247gbsaffiliates/components/CallOverlay.tsx(91,15): error TS7026: JSX element implicitly has type 'any' because no interface 'JSX.IntrinsicElements' exists.
../247gbsaffiliates/components/CallOverlay.tsx(92,13): error TS7026: JSX element implicitly has type 'any' because no interface 'JSX.IntrinsicElements' exists.
../247gbsaffiliates/components/CallOverlay.tsx(95,13): error TS7026: JSX element implicitly has type 'any' because no interface 'JSX.IntrinsicElements' exists.
../247gbsaffiliates/components/CallOverlay.tsx(96,15): error TS7026: JSX element implicitly has type 'any' because no interface 'JSX.IntrinsicElements' exists.
../247gbsaffiliates/components/CallOverlay.tsx(100,17): error TS7026: JSX element implicitly has type 'any' because no interface 'JSX.IntrinsicElements' exists.
../247gbsaffiliates/components/CallOverlay.tsx(100,74): error TS7026: JSX element implicitly has type 'any' because no interface 'JSX.IntrinsicElements' exists.
../247gbsaffiliates/components/CallOverlay.tsx(102,15): error TS7026: JSX element implicitly has type 'any' because no interface 'JSX.IntrinsicElements' exists.
../247gbsaffiliates/components/CallOverlay.tsx(111,13): error TS7026: JSX element implicitly has type 'any' because no interface 'JSX.IntrinsicElements' exists.
../247gbsaffiliates/components/CallOverlay.tsx(114,13): error TS7026: JSX element implicitly has type 'any' because no interface 'JSX.IntrinsicElements' exists.
../247gbsaffiliates/components/CallOverlay.tsx(116,13): error TS7026: JSX element implicitly has type 'any' because no interface 'JSX.IntrinsicElements' exists.
../247gbsaffiliates/components/CallOverlay.tsx(118,9): error TS7026: JSX element implicitly has type 'any' because no interface 'JSX.IntrinsicElements' exists.
../247gbsaffiliates/components/ChatOverlay.tsx(3,41): error TS2307: Cannot find module 'framer-motion' or its corresponding type declarations.
../247gbsaffiliates/components/ChatOverlay.tsx(4,26): error TS2307: Cannot find module 'react' or its corresponding type declarations.
../247gbsaffiliates/components/ChatOverlay.tsx(34,9): error TS2875: This JSX tag requires the module path 'react/jsx-runtime' to exist, but none could be found. Make sure you have types for the appropriate package installed.
../247gbsaffiliates/components/ChatOverlay.tsx(55,25): error TS7026: JSX element implicitly has type 'any' because no interface 'JSX.IntrinsicElements' exists.
../247gbsaffiliates/components/ChatOverlay.tsx(56,29): error TS7026: JSX element implicitly has type 'any' because no interface 'JSX.IntrinsicElements' exists.
../247gbsaffiliates/components/ChatOverlay.tsx(57,33): error TS7026: JSX element implicitly has type 'any' because no interface 'JSX.IntrinsicElements' exists.
../247gbsaffiliates/components/ChatOverlay.tsx(57,173): error TS7026: JSX element implicitly has type 'any' because no interface 'JSX.IntrinsicElements' exists.
../247gbsaffiliates/components/ChatOverlay.tsx(58,33): error TS7026: JSX element implicitly has type 'any' because no interface 'JSX.IntrinsicElements' exists.
../247gbsaffiliates/components/ChatOverlay.tsx(59,37): error TS7026: JSX element implicitly has type 'any' because no interface 'JSX.IntrinsicElements' exists.
../247gbsaffiliates/components/ChatOverlay.tsx(59,116): error TS7026: JSX element implicitly has type 'any' because no interface 'JSX.IntrinsicElements' exists.
../247gbsaffiliates/components/ChatOverlay.tsx(60,37): error TS7026: JSX element implicitly has type 'any' because no interface 'JSX.IntrinsicElements' exists.
../247gbsaffiliates/components/ChatOverlay.tsx(61,41): error TS7026: JSX element implicitly has type 'any' because no interface 'JSX.IntrinsicElements' exists.
../247gbsaffiliates/components/ChatOverlay.tsx(61,104): error TS7026: JSX element implicitly has type 'any' because no interface 'JSX.IntrinsicElements' exists.
../247gbsaffiliates/components/ChatOverlay.tsx(62,41): error TS7026: JSX element implicitly has type 'any' because no interface 'JSX.IntrinsicElements' exists.
../247gbsaffiliates/components/ChatOverlay.tsx(62,122): error TS7026: JSX element implicitly has type 'any' because no interface 'JSX.IntrinsicElements' exists.
../247gbsaffiliates/components/ChatOverlay.tsx(63,37): error TS7026: JSX element implicitly has type 'any' because no interface 'JSX.IntrinsicElements' exists.
../247gbsaffiliates/components/ChatOverlay.tsx(64,33): error TS7026: JSX element implicitly has type 'any' because no interface 'JSX.IntrinsicElements' exists.
../247gbsaffiliates/components/ChatOverlay.tsx(65,29): error TS7026: JSX element implicitly has type 'any' because no interface 'JSX.IntrinsicElements' exists.
../247gbsaffiliates/components/ChatOverlay.tsx(66,29): error TS7026: JSX element implicitly has type 'any' because no interface 'JSX.IntrinsicElements' exists.
../247gbsaffiliates/components/ChatOverlay.tsx(70,33): error TS7026: JSX element implicitly has type 'any' because no interface 'JSX.IntrinsicElements' exists.
../247gbsaffiliates/components/ChatOverlay.tsx(70,82): error TS7026: JSX element implicitly has type 'any' because no interface 'JSX.IntrinsicElements' exists.
../247gbsaffiliates/components/ChatOverlay.tsx(71,29): error TS7026: JSX element implicitly has type 'any' because no interface 'JSX.IntrinsicElements' exists.
../247gbsaffiliates/components/ChatOverlay.tsx(72,25): error TS7026: JSX element implicitly has type 'any' because no interface 'JSX.IntrinsicElements' exists.
../247gbsaffiliates/components/ChatOverlay.tsx(75,25): error TS7026: JSX element implicitly has type 'any' because no interface 'JSX.IntrinsicElements' exists.
../247gbsaffiliates/components/ChatOverlay.tsx(76,29): error TS7026: JSX element implicitly has type 'any' because no interface 'JSX.IntrinsicElements' exists.
../247gbsaffiliates/components/ChatOverlay.tsx(77,33): error TS7026: JSX element implicitly has type 'any' because no interface 'JSX.IntrinsicElements' exists.
../247gbsaffiliates/components/ChatOverlay.tsx(79,33): error TS7026: JSX element implicitly has type 'any' because no interface 'JSX.IntrinsicElements' exists.
../247gbsaffiliates/components/ChatOverlay.tsx(80,29): error TS7026: JSX element implicitly has type 'any' because no interface 'JSX.IntrinsicElements' exists.
../247gbsaffiliates/components/ChatOverlay.tsx(82,44): error TS7006: Parameter 'msg' implicitly has an 'any' type.
../247gbsaffiliates/components/ChatOverlay.tsx(83,33): error TS7026: JSX element implicitly has type 'any' because no interface 'JSX.IntrinsicElements' exists.
../247gbsaffiliates/components/ChatOverlay.tsx(84,37): error TS7026: JSX element implicitly has type 'any' because no interface 'JSX.IntrinsicElements' exists.
../247gbsaffiliates/components/ChatOverlay.tsx(85,41): error TS7026: JSX element implicitly has type 'any' because no interface 'JSX.IntrinsicElements' exists.
../247gbsaffiliates/components/ChatOverlay.tsx(90,41): error TS7026: JSX element implicitly has type 'any' because no interface 'JSX.IntrinsicElements' exists.
../247gbsaffiliates/components/ChatOverlay.tsx(91,41): error TS7026: JSX element implicitly has type 'any' because no interface 'JSX.IntrinsicElements' exists.
../247gbsaffiliates/components/ChatOverlay.tsx(91,123): error TS7026: JSX element implicitly has type 'any' because no interface 'JSX.IntrinsicElements' exists.
../247gbsaffiliates/components/ChatOverlay.tsx(92,37): error TS7026: JSX element implicitly has type 'any' because no interface 'JSX.IntrinsicElements' exists.
../247gbsaffiliates/components/ChatOverlay.tsx(93,33): error TS7026: JSX element implicitly has type 'any' because no interface 'JSX.IntrinsicElements' exists.
../247gbsaffiliates/components/ChatOverlay.tsx(95,25): error TS7026: JSX element implicitly has type 'any' because no interface 'JSX.IntrinsicElements' exists.
../247gbsaffiliates/components/ChatOverlay.tsx(98,25): error TS7026: JSX element implicitly has type 'any' because no interface 'JSX.IntrinsicElements' exists.
../247gbsaffiliates/components/ChatOverlay.tsx(99,29): error TS7026: JSX element implicitly has type 'any' because no interface 'JSX.IntrinsicElements' exists.
../247gbsaffiliates/components/ChatOverlay.tsx(100,33): error TS7026: JSX element implicitly has type 'any' because no interface 'JSX.IntrinsicElements' exists.
../247gbsaffiliates/components/ChatOverlay.tsx(101,37): error TS7026: JSX element implicitly has type 'any' because no interface 'JSX.IntrinsicElements' exists.
../247gbsaffiliates/components/ChatOverlay.tsx(101,91): error TS7026: JSX element implicitly has type 'any' because no interface 'JSX.IntrinsicElements' exists.
../247gbsaffiliates/components/ChatOverlay.tsx(102,33): error TS7026: JSX element implicitly has type 'any' because no interface 'JSX.IntrinsicElements' exists.
../247gbsaffiliates/components/ChatOverlay.tsx(103,33): error TS7026: JSX element implicitly has type 'any' because no interface 'JSX.IntrinsicElements' exists.
../247gbsaffiliates/components/ChatOverlay.tsx(106,48): error TS7006: Parameter 'e' implicitly has an 'any' type.
../247gbsaffiliates/components/ChatOverlay.tsx(107,50): error TS7006: Parameter 'e' implicitly has an 'any' type.
../247gbsaffiliates/components/ChatOverlay.tsx(111,33): error TS7026: JSX element implicitly has type 'any' because no interface 'JSX.IntrinsicElements' exists.
../247gbsaffiliates/components/ChatOverlay.tsx(116,37): error TS7026: JSX element implicitly has type 'any' because no interface 'JSX.IntrinsicElements' exists.
../247gbsaffiliates/components/ChatOverlay.tsx(116,93): error TS7026: JSX element implicitly has type 'any' because no interface 'JSX.IntrinsicElements' exists.
../247gbsaffiliates/components/ChatOverlay.tsx(117,33): error TS7026: JSX element implicitly has type 'any' because no interface 'JSX.IntrinsicElements' exists.
../247gbsaffiliates/components/ChatOverlay.tsx(118,29): error TS7026: JSX element implicitly has type 'any' because no interface 'JSX.IntrinsicElements' exists.
../247gbsaffiliates/components/ChatOverlay.tsx(119,29): error TS7026: JSX element implicitly has type 'any' because no interface 'JSX.IntrinsicElements' exists.
../247gbsaffiliates/components/ChatOverlay.tsx(121,29): error TS7026: JSX element implicitly has type 'any' because no interface 'JSX.IntrinsicElements' exists.
../247gbsaffiliates/components/ChatOverlay.tsx(122,25): error TS7026: JSX element implicitly has type 'any' because no interface 'JSX.IntrinsicElements' exists.
../247gbsaffiliates/components/CookieBanner.tsx(3,44): error TS2307: Cannot find module 'react' or its corresponding type declarations.
../247gbsaffiliates/components/CookieBanner.tsx(4,41): error TS2307: Cannot find module 'framer-motion' or its corresponding type declarations.
../247gbsaffiliates/components/CookieBanner.tsx(5,18): error TS2307: Cannot find module 'next/link' or its corresponding type declarations.
../247gbsaffiliates/components/CookieBanner.tsx(29,9): error TS2875: This JSX tag requires the module path 'react/jsx-runtime' to exist, but none could be found. Make sure you have types for the appropriate package installed.
../247gbsaffiliates/components/CookieBanner.tsx(37,21): error TS7026: JSX element implicitly has type 'any' because no interface 'JSX.IntrinsicElements' exists.
../247gbsaffiliates/components/CookieBanner.tsx(38,25): error TS7026: JSX element implicitly has type 'any' because no interface 'JSX.IntrinsicElements' exists.
../247gbsaffiliates/components/CookieBanner.tsx(39,29): error TS7026: JSX element implicitly has type 'any' because no interface 'JSX.IntrinsicElements' exists.
../247gbsaffiliates/components/CookieBanner.tsx(40,33): error TS7026: JSX element implicitly has type 'any' because no interface 'JSX.IntrinsicElements' exists.
../247gbsaffiliates/components/CookieBanner.tsx(40,105): error TS7026: JSX element implicitly has type 'any' because no interface 'JSX.IntrinsicElements' exists.
../247gbsaffiliates/components/CookieBanner.tsx(41,29): error TS7026: JSX element implicitly has type 'any' because no interface 'JSX.IntrinsicElements' exists.
../247gbsaffiliates/components/CookieBanner.tsx(42,29): error TS7026: JSX element implicitly has type 'any' because no interface 'JSX.IntrinsicElements' exists.
../247gbsaffiliates/components/CookieBanner.tsx(43,33): error TS7026: JSX element implicitly has type 'any' because no interface 'JSX.IntrinsicElements' exists.
../247gbsaffiliates/components/CookieBanner.tsx(43,100): error TS7026: JSX element implicitly has type 'any' because no interface 'JSX.IntrinsicElements' exists.
../247gbsaffiliates/components/CookieBanner.tsx(44,33): error TS7026: JSX element implicitly has type 'any' because no interface 'JSX.IntrinsicElements' exists.
../247gbsaffiliates/components/CookieBanner.tsx(46,33): error TS7026: JSX element implicitly has type 'any' because no interface 'JSX.IntrinsicElements' exists.
../247gbsaffiliates/components/CookieBanner.tsx(47,29): error TS7026: JSX element implicitly has type 'any' because no interface 'JSX.IntrinsicElements' exists.
../247gbsaffiliates/components/CookieBanner.tsx(48,25): error TS7026: JSX element implicitly has type 'any' because no interface 'JSX.IntrinsicElements' exists.
../247gbsaffiliates/components/CookieBanner.tsx(49,25): error TS7026: JSX element implicitly has type 'any' because no interface 'JSX.IntrinsicElements' exists.
../247gbsaffiliates/components/CookieBanner.tsx(50,29): error TS7026: JSX element implicitly has type 'any' because no interface 'JSX.IntrinsicElements' exists.
../247gbsaffiliates/components/CookieBanner.tsx(55,29): error TS7026: JSX element implicitly has type 'any' because no interface 'JSX.IntrinsicElements' exists.
../247gbsaffiliates/components/CookieBanner.tsx(56,29): error TS7026: JSX element implicitly has type 'any' because no interface 'JSX.IntrinsicElements' exists.
../247gbsaffiliates/components/CookieBanner.tsx(61,29): error TS7026: JSX element implicitly has type 'any' because no interface 'JSX.IntrinsicElements' exists.
../247gbsaffiliates/components/CookieBanner.tsx(62,25): error TS7026: JSX element implicitly has type 'any' because no interface 'JSX.IntrinsicElements' exists.
../247gbsaffiliates/components/CookieBanner.tsx(63,25): error TS7026: JSX element implicitly has type 'any' because no interface 'JSX.IntrinsicElements' exists.
../247gbsaffiliates/components/CookieBanner.tsx(67,25): error TS7026: JSX element implicitly has type 'any' because no interface 'JSX.IntrinsicElements' exists.
../247gbsaffiliates/components/CookieBanner.tsx(68,21): error TS7026: JSX element implicitly has type 'any' because no interface 'JSX.IntrinsicElements' exists.
../247gbsaffiliates/components/dashboard/AccountManagerDashboard.tsx(3,19): error TS2307: Cannot find module 'react' or its corresponding type declarations.
../247gbsaffiliates/components/dashboard/AccountManagerDashboard.tsx(7,9): error TS7026: JSX element implicitly has type 'any' because no interface 'JSX.IntrinsicElements' exists.
../247gbsaffiliates/components/dashboard/AccountManagerDashboard.tsx(7,9): error TS2875: This JSX tag requires the module path 'react/jsx-runtime' to exist, but none could be found. Make sure you have types for the appropriate package installed.
../247gbsaffiliates/components/dashboard/AccountManagerDashboard.tsx(8,13): error TS7026: JSX element implicitly has type 'any' because no interface 'JSX.IntrinsicElements' exists.
../247gbsaffiliates/components/dashboard/AccountManagerDashboard.tsx(8,98): error TS7026: JSX element implicitly has type 'any' because no interface 'JSX.IntrinsicElements' exists.
../247gbsaffiliates/components/dashboard/AccountManagerDashboard.tsx(9,13): error TS7026: JSX element implicitly has type 'any' because no interface 'JSX.IntrinsicElements' exists.
../247gbsaffiliates/components/dashboard/AccountManagerDashboard.tsx(10,17): error TS7026: JSX element implicitly has type 'any' because no interface 'JSX.IntrinsicElements' exists.
../247gbsaffiliates/components/dashboard/AccountManagerDashboard.tsx(11,21): error TS7026: JSX element implicitly has type 'any' because no interface 'JSX.IntrinsicElements' exists.
../247gbsaffiliates/components/dashboard/AccountManagerDashboard.tsx(11,76): error TS7026: JSX element implicitly has type 'any' because no interface 'JSX.IntrinsicElements' exists.
../247gbsaffiliates/components/dashboard/AccountManagerDashboard.tsx(12,21): error TS7026: JSX element implicitly has type 'any' because no interface 'JSX.IntrinsicElements' exists.
../247gbsaffiliates/components/dashboard/AccountManagerDashboard.tsx(12,69): error TS7026: JSX element implicitly has type 'any' because no interface 'JSX.IntrinsicElements' exists.
../247gbsaffiliates/components/dashboard/AccountManagerDashboard.tsx(13,17): error TS7026: JSX element implicitly has type 'any' because no interface 'JSX.IntrinsicElements' exists.
../247gbsaffiliates/components/dashboard/AccountManagerDashboard.tsx(14,17): error TS7026: JSX element implicitly has type 'any' because no interface 'JSX.IntrinsicElements' exists.
../247gbsaffiliates/components/dashboard/AccountManagerDashboard.tsx(15,21): error TS7026: JSX element implicitly has type 'any' because no interface 'JSX.IntrinsicElements' exists.
../247gbsaffiliates/components/dashboard/AccountManagerDashboard.tsx(15,72): error TS7026: JSX element implicitly has type 'any' because no interface 'JSX.IntrinsicElements' exists.
../247gbsaffiliates/components/dashboard/AccountManagerDashboard.tsx(16,21): error TS7026: JSX element implicitly has type 'any' because no interface 'JSX.IntrinsicElements' exists.
../247gbsaffiliates/components/dashboard/AccountManagerDashboard.tsx(16,71): error TS7026: JSX element implicitly has type 'any' because no interface 'JSX.IntrinsicElements' exists.
../247gbsaffiliates/components/dashboard/AccountManagerDashboard.tsx(17,17): error TS7026: JSX element implicitly has type 'any' because no interface 'JSX.IntrinsicElements' exists.
../247gbsaffiliates/components/dashboard/AccountManagerDashboard.tsx(18,13): error TS7026: JSX element implicitly has type 'any' because no interface 'JSX.IntrinsicElements' exists.
../247gbsaffiliates/components/dashboard/AccountManagerDashboard.tsx(19,9): error TS7026: JSX element implicitly has type 'any' because no interface 'JSX.IntrinsicElements' exists.
../247gbsaffiliates/components/dashboard/AgentDashboard.tsx(3,19): error TS2307: Cannot find module 'react' or its corresponding type declarations.
../247gbsaffiliates/components/dashboard/AgentDashboard.tsx(7,9): error TS7026: JSX element implicitly has type 'any' because no interface 'JSX.IntrinsicElements' exists.
../247gbsaffiliates/components/dashboard/AgentDashboard.tsx(7,9): error TS2875: This JSX tag requires the module path 'react/jsx-runtime' to exist, but none could be found. Make sure you have types for the appropriate package installed.
../247gbsaffiliates/components/dashboard/AgentDashboard.tsx(8,13): error TS7026: JSX element implicitly has type 'any' because no interface 'JSX.IntrinsicElements' exists.
../247gbsaffiliates/components/dashboard/AgentDashboard.tsx(8,96): error TS7026: JSX element implicitly has type 'any' because no interface 'JSX.IntrinsicElements' exists.
../247gbsaffiliates/components/dashboard/AgentDashboard.tsx(9,13): error TS7026: JSX element implicitly has type 'any' because no interface 'JSX.IntrinsicElements' exists.
../247gbsaffiliates/components/dashboard/AgentDashboard.tsx(10,17): error TS7026: JSX element implicitly has type 'any' because no interface 'JSX.IntrinsicElements' exists.
../247gbsaffiliates/components/dashboard/AgentDashboard.tsx(11,21): error TS7026: JSX element implicitly has type 'any' because no interface 'JSX.IntrinsicElements' exists.
../247gbsaffiliates/components/dashboard/AgentDashboard.tsx(11,75): error TS7026: JSX element implicitly has type 'any' because no interface 'JSX.IntrinsicElements' exists.
../247gbsaffiliates/components/dashboard/AgentDashboard.tsx(12,21): error TS7026: JSX element implicitly has type 'any' because no interface 'JSX.IntrinsicElements' exists.
../247gbsaffiliates/components/dashboard/AgentDashboard.tsx(12,70): error TS7026: JSX element implicitly has type 'any' because no interface 'JSX.IntrinsicElements' exists.
../247gbsaffiliates/components/dashboard/AgentDashboard.tsx(13,17): error TS7026: JSX element implicitly has type 'any' because no interface 'JSX.IntrinsicElements' exists.
../247gbsaffiliates/components/dashboard/AgentDashboard.tsx(15,13): error TS7026: JSX element implicitly has type 'any' because no interface 'JSX.IntrinsicElements' exists.
../247gbsaffiliates/components/dashboard/AgentDashboard.tsx(16,9): error TS7026: JSX element implicitly has type 'any' because no interface 'JSX.IntrinsicElements' exists.
../247gbsaffiliates/components/dashboard/ConsultantDashboard.tsx(3,19): error TS2307: Cannot find module 'react' or its corresponding type declarations.
../247gbsaffiliates/components/dashboard/ConsultantDashboard.tsx(7,9): error TS7026: JSX element implicitly has type 'any' because no interface 'JSX.IntrinsicElements' exists.
../247gbsaffiliates/components/dashboard/ConsultantDashboard.tsx(7,9): error TS2875: This JSX tag requires the module path 'react/jsx-runtime' to exist, but none could be found. Make sure you have types for the appropriate package installed.
../247gbsaffiliates/components/dashboard/ConsultantDashboard.tsx(8,13): error TS7026: JSX element implicitly has type 'any' because no interface 'JSX.IntrinsicElements' exists.
../247gbsaffiliates/components/dashboard/ConsultantDashboard.tsx(8,101): error TS7026: JSX element implicitly has type 'any' because no interface 'JSX.IntrinsicElements' exists.
../247gbsaffiliates/components/dashboard/ConsultantDashboard.tsx(9,13): error TS7026: JSX element implicitly has type 'any' because no interface 'JSX.IntrinsicElements' exists.
../247gbsaffiliates/components/dashboard/ConsultantDashboard.tsx(10,17): error TS7026: JSX element implicitly has type 'any' because no interface 'JSX.IntrinsicElements' exists.
../247gbsaffiliates/components/dashboard/ConsultantDashboard.tsx(11,21): error TS7026: JSX element implicitly has type 'any' because no interface 'JSX.IntrinsicElements' exists.
../247gbsaffiliates/components/dashboard/ConsultantDashboard.tsx(11,77): error TS7026: JSX element implicitly has type 'any' because no interface 'JSX.IntrinsicElements' exists.
../247gbsaffiliates/components/dashboard/ConsultantDashboard.tsx(12,21): error TS7026: JSX element implicitly has type 'any' because no interface 'JSX.IntrinsicElements' exists.
../247gbsaffiliates/components/dashboard/ConsultantDashboard.tsx(12,69): error TS7026: JSX element implicitly has type 'any' because no interface 'JSX.IntrinsicElements' exists.
../247gbsaffiliates/components/dashboard/ConsultantDashboard.tsx(13,17): error TS7026: JSX element implicitly has type 'any' because no interface 'JSX.IntrinsicElements' exists.
../247gbsaffiliates/components/dashboard/ConsultantDashboard.tsx(14,17): error TS7026: JSX element implicitly has type 'any' because no interface 'JSX.IntrinsicElements' exists.
../247gbsaffiliates/components/dashboard/ConsultantDashboard.tsx(15,21): error TS7026: JSX element implicitly has type 'any' because no interface 'JSX.IntrinsicElements' exists.
../247gbsaffiliates/components/dashboard/ConsultantDashboard.tsx(15,74): error TS7026: JSX element implicitly has type 'any' because no interface 'JSX.IntrinsicElements' exists.
../247gbsaffiliates/components/dashboard/ConsultantDashboard.tsx(16,21): error TS7026: JSX element implicitly has type 'any' because no interface 'JSX.IntrinsicElements' exists.
../247gbsaffiliates/components/dashboard/ConsultantDashboard.tsx(16,71): error TS7026: JSX element implicitly has type 'any' because no interface 'JSX.IntrinsicElements' exists.
../247gbsaffiliates/components/dashboard/ConsultantDashboard.tsx(17,17): error TS7026: JSX element implicitly has type 'any' because no interface 'JSX.IntrinsicElements' exists.
../247gbsaffiliates/components/dashboard/ConsultantDashboard.tsx(18,13): error TS7026: JSX element implicitly has type 'any' because no interface 'JSX.IntrinsicElements' exists.
../247gbsaffiliates/components/dashboard/ConsultantDashboard.tsx(19,9): error TS7026: JSX element implicitly has type 'any' because no interface 'JSX.IntrinsicElements' exists.
../247gbsaffiliates/components/dashboard/DashboardHeader.tsx(3,19): error TS2307: Cannot find module 'react' or its corresponding type declarations.
../247gbsaffiliates/components/dashboard/DashboardHeader.tsx(4,29): error TS2307: Cannot find module 'next/navigation' or its corresponding type declarations.
../247gbsaffiliates/components/dashboard/DashboardHeader.tsx(16,9): error TS7026: JSX element implicitly has type 'any' because no interface 'JSX.IntrinsicElements' exists.
../247gbsaffiliates/components/dashboard/DashboardHeader.tsx(16,9): error TS2875: This JSX tag requires the module path 'react/jsx-runtime' to exist, but none could be found. Make sure you have types for the appropriate package installed.
../247gbsaffiliates/components/dashboard/DashboardHeader.tsx(17,13): error TS7026: JSX element implicitly has type 'any' because no interface 'JSX.IntrinsicElements' exists.
../247gbsaffiliates/components/dashboard/DashboardHeader.tsx(19,13): error TS7026: JSX element implicitly has type 'any' because no interface 'JSX.IntrinsicElements' exists.
../247gbsaffiliates/components/dashboard/DashboardHeader.tsx(21,13): error TS7026: JSX element implicitly has type 'any' because no interface 'JSX.IntrinsicElements' exists.
../247gbsaffiliates/components/dashboard/DashboardHeader.tsx(22,17): error TS7026: JSX element implicitly has type 'any' because no interface 'JSX.IntrinsicElements' exists.
../247gbsaffiliates/components/dashboard/DashboardHeader.tsx(23,21): error TS7026: JSX element implicitly has type 'any' because no interface 'JSX.IntrinsicElements' exists.
../247gbsaffiliates/components/dashboard/DashboardHeader.tsx(23,78): error TS7026: JSX element implicitly has type 'any' because no interface 'JSX.IntrinsicElements' exists.
../247gbsaffiliates/components/dashboard/DashboardHeader.tsx(24,21): error TS7026: JSX element implicitly has type 'any' because no interface 'JSX.IntrinsicElements' exists.
../247gbsaffiliates/components/dashboard/DashboardHeader.tsx(24,113): error TS7026: JSX element implicitly has type 'any' because no interface 'JSX.IntrinsicElements' exists.
../247gbsaffiliates/components/dashboard/DashboardHeader.tsx(25,17): error TS7026: JSX element implicitly has type 'any' because no interface 'JSX.IntrinsicElements' exists.
../247gbsaffiliates/components/dashboard/DashboardHeader.tsx(26,17): error TS7026: JSX element implicitly has type 'any' because no interface 'JSX.IntrinsicElements' exists.
../247gbsaffiliates/components/dashboard/DashboardHeader.tsx(31,17): error TS7026: JSX element implicitly has type 'any' because no interface 'JSX.IntrinsicElements' exists.
../247gbsaffiliates/components/dashboard/DashboardHeader.tsx(32,13): error TS7026: JSX element implicitly has type 'any' because no interface 'JSX.IntrinsicElements' exists.
../247gbsaffiliates/components/dashboard/DashboardHeader.tsx(33,9): error TS7026: JSX element implicitly has type 'any' because no interface 'JSX.IntrinsicElements' exists.
../247gbsaffiliates/components/dashboard/DashboardLayout.tsx(3,19): error TS2307: Cannot find module 'react' or its corresponding type declarations.
../247gbsaffiliates/components/dashboard/DashboardLayout.tsx(4,18): error TS2307: Cannot find module 'next/link' or its corresponding type declarations.
../247gbsaffiliates/components/dashboard/DashboardLayout.tsx(7,27): error TS2307: Cannot find module 'next/navigation' or its corresponding type declarations.
../247gbsaffiliates/components/dashboard/DashboardLayout.tsx(14,67): error TS7031: Binding element 'children' implicitly has an 'any' type.
../247gbsaffiliates/components/dashboard/DashboardLayout.tsx(14,77): error TS7031: Binding element 'roleTitle' implicitly has an 'any' type.
../247gbsaffiliates/components/dashboard/DashboardLayout.tsx(32,9): error TS7026: JSX element implicitly has type 'any' because no interface 'JSX.IntrinsicElements' exists.
../247gbsaffiliates/components/dashboard/DashboardLayout.tsx(32,9): error TS2875: This JSX tag requires the module path 'react/jsx-runtime' to exist, but none could be found. Make sure you have types for the appropriate package installed.
../247gbsaffiliates/components/dashboard/DashboardLayout.tsx(35,17): error TS7026: JSX element implicitly has type 'any' because no interface 'JSX.IntrinsicElements' exists.
../247gbsaffiliates/components/dashboard/DashboardLayout.tsx(36,21): error TS7026: JSX element implicitly has type 'any' because no interface 'JSX.IntrinsicElements' exists.
../247gbsaffiliates/components/dashboard/DashboardLayout.tsx(37,25): error TS7026: JSX element implicitly has type 'any' because no interface 'JSX.IntrinsicElements' exists.
../247gbsaffiliates/components/dashboard/DashboardLayout.tsx(38,29): error TS7026: JSX element implicitly has type 'any' because no interface 'JSX.IntrinsicElements' exists.
../247gbsaffiliates/components/dashboard/DashboardLayout.tsx(38,86): error TS7026: JSX element implicitly has type 'any' because no interface 'JSX.IntrinsicElements' exists.
../247gbsaffiliates/components/dashboard/DashboardLayout.tsx(39,25): error TS7026: JSX element implicitly has type 'any' because no interface 'JSX.IntrinsicElements' exists.
../247gbsaffiliates/components/dashboard/DashboardLayout.tsx(40,25): error TS7026: JSX element implicitly has type 'any' because no interface 'JSX.IntrinsicElements' exists.
../247gbsaffiliates/components/dashboard/DashboardLayout.tsx(40,109): error TS7026: JSX element implicitly has type 'any' because no interface 'JSX.IntrinsicElements' exists.
../247gbsaffiliates/components/dashboard/DashboardLayout.tsx(41,25): error TS7026: JSX element implicitly has type 'any' because no interface 'JSX.IntrinsicElements' exists.
../247gbsaffiliates/components/dashboard/DashboardLayout.tsx(43,25): error TS7026: JSX element implicitly has type 'any' because no interface 'JSX.IntrinsicElements' exists.
../247gbsaffiliates/components/dashboard/DashboardLayout.tsx(44,25): error TS7026: JSX element implicitly has type 'any' because no interface 'JSX.IntrinsicElements' exists.
../247gbsaffiliates/components/dashboard/DashboardLayout.tsx(45,29): error TS7026: JSX element implicitly has type 'any' because no interface 'JSX.IntrinsicElements' exists.
../247gbsaffiliates/components/dashboard/DashboardLayout.tsx(50,29): error TS7026: JSX element implicitly has type 'any' because no interface 'JSX.IntrinsicElements' exists.
../247gbsaffiliates/components/dashboard/DashboardLayout.tsx(51,29): error TS7026: JSX element implicitly has type 'any' because no interface 'JSX.IntrinsicElements' exists.
../247gbsaffiliates/components/dashboard/DashboardLayout.tsx(56,29): error TS7026: JSX element implicitly has type 'any' because no interface 'JSX.IntrinsicElements' exists.
../247gbsaffiliates/components/dashboard/DashboardLayout.tsx(57,25): error TS7026: JSX element implicitly has type 'any' because no interface 'JSX.IntrinsicElements' exists.
../247gbsaffiliates/components/dashboard/DashboardLayout.tsx(58,21): error TS7026: JSX element implicitly has type 'any' because no interface 'JSX.IntrinsicElements' exists.
../247gbsaffiliates/components/dashboard/DashboardLayout.tsx(59,17): error TS7026: JSX element implicitly has type 'any' because no interface 'JSX.IntrinsicElements' exists.
../247gbsaffiliates/components/dashboard/DashboardLayout.tsx(63,13): error TS7026: JSX element implicitly has type 'any' because no interface 'JSX.IntrinsicElements' exists.
../247gbsaffiliates/components/dashboard/DashboardLayout.tsx(64,17): error TS7026: JSX element implicitly has type 'any' because no interface 'JSX.IntrinsicElements' exists.
../247gbsaffiliates/components/dashboard/DashboardLayout.tsx(65,21): error TS7026: JSX element implicitly has type 'any' because no interface 'JSX.IntrinsicElements' exists.
../247gbsaffiliates/components/dashboard/DashboardLayout.tsx(66,25): error TS7026: JSX element implicitly has type 'any' because no interface 'JSX.IntrinsicElements' exists.
../247gbsaffiliates/components/dashboard/DashboardLayout.tsx(67,29): error TS7026: JSX element implicitly has type 'any' because no interface 'JSX.IntrinsicElements' exists.
../247gbsaffiliates/components/dashboard/DashboardLayout.tsx(68,33): error TS7026: JSX element implicitly has type 'any' because no interface 'JSX.IntrinsicElements' exists.
../247gbsaffiliates/components/dashboard/DashboardLayout.tsx(68,136): error TS7026: JSX element implicitly has type 'any' because no interface 'JSX.IntrinsicElements' exists.
../247gbsaffiliates/components/dashboard/DashboardLayout.tsx(69,29): error TS7026: JSX element implicitly has type 'any' because no interface 'JSX.IntrinsicElements' exists.
../247gbsaffiliates/components/dashboard/DashboardLayout.tsx(70,25): error TS7026: JSX element implicitly has type 'any' because no interface 'JSX.IntrinsicElements' exists.
../247gbsaffiliates/components/dashboard/DashboardLayout.tsx(71,25): error TS7026: JSX element implicitly has type 'any' because no interface 'JSX.IntrinsicElements' exists.
../247gbsaffiliates/components/dashboard/DashboardLayout.tsx(71,118): error TS7026: JSX element implicitly has type 'any' because no interface 'JSX.IntrinsicElements' exists.
../247gbsaffiliates/components/dashboard/DashboardLayout.tsx(72,21): error TS7026: JSX element implicitly has type 'any' because no interface 'JSX.IntrinsicElements' exists.
../247gbsaffiliates/components/dashboard/DashboardLayout.tsx(73,21): error TS7026: JSX element implicitly has type 'any' because no interface 'JSX.IntrinsicElements' exists.
../247gbsaffiliates/components/dashboard/DashboardLayout.tsx(83,33): error TS7026: JSX element implicitly has type 'any' because no interface 'JSX.IntrinsicElements' exists.
../247gbsaffiliates/components/dashboard/DashboardLayout.tsx(83,88): error TS7026: JSX element implicitly has type 'any' because no interface 'JSX.IntrinsicElements' exists.
../247gbsaffiliates/components/dashboard/DashboardLayout.tsx(87,21): error TS7026: JSX element implicitly has type 'any' because no interface 'JSX.IntrinsicElements' exists.
../247gbsaffiliates/components/dashboard/DashboardLayout.tsx(88,17): error TS7026: JSX element implicitly has type 'any' because no interface 'JSX.IntrinsicElements' exists.
../247gbsaffiliates/components/dashboard/DashboardLayout.tsx(90,17): error TS7026: JSX element implicitly has type 'any' because no interface 'JSX.IntrinsicElements' exists.
../247gbsaffiliates/components/dashboard/DashboardLayout.tsx(91,21): error TS7026: JSX element implicitly has type 'any' because no interface 'JSX.IntrinsicElements' exists.
../247gbsaffiliates/components/dashboard/DashboardLayout.tsx(92,25): error TS7026: JSX element implicitly has type 'any' because no interface 'JSX.IntrinsicElements' exists.
../247gbsaffiliates/components/dashboard/DashboardLayout.tsx(94,25): error TS7026: JSX element implicitly has type 'any' because no interface 'JSX.IntrinsicElements' exists.
../247gbsaffiliates/components/dashboard/DashboardLayout.tsx(95,25): error TS7026: JSX element implicitly has type 'any' because no interface 'JSX.IntrinsicElements' exists.
../247gbsaffiliates/components/dashboard/DashboardLayout.tsx(96,29): error TS7026: JSX element implicitly has type 'any' because no interface 'JSX.IntrinsicElements' exists.
../247gbsaffiliates/components/dashboard/DashboardLayout.tsx(96,112): error TS7026: JSX element implicitly has type 'any' because no interface 'JSX.IntrinsicElements' exists.
../247gbsaffiliates/components/dashboard/DashboardLayout.tsx(97,29): error TS7026: JSX element implicitly has type 'any' because no interface 'JSX.IntrinsicElements' exists.
../247gbsaffiliates/components/dashboard/DashboardLayout.tsx(97,131): error TS7026: JSX element implicitly has type 'any' because no interface 'JSX.IntrinsicElements' exists.
../247gbsaffiliates/components/dashboard/DashboardLayout.tsx(98,25): error TS7026: JSX element implicitly has type 'any' because no interface 'JSX.IntrinsicElements' exists.
../247gbsaffiliates/components/dashboard/DashboardLayout.tsx(99,21): error TS7026: JSX element implicitly has type 'any' because no interface 'JSX.IntrinsicElements' exists.
../247gbsaffiliates/components/dashboard/DashboardLayout.tsx(100,21): error TS7026: JSX element implicitly has type 'any' because no interface 'JSX.IntrinsicElements' exists.
../247gbsaffiliates/components/dashboard/DashboardLayout.tsx(104,25): error TS7026: JSX element implicitly has type 'any' because no interface 'JSX.IntrinsicElements' exists.
../247gbsaffiliates/components/dashboard/DashboardLayout.tsx(104,75): error TS7026: JSX element implicitly has type 'any' because no interface 'JSX.IntrinsicElements' exists.
../247gbsaffiliates/components/dashboard/DashboardLayout.tsx(106,21): error TS7026: JSX element implicitly has type 'any' because no interface 'JSX.IntrinsicElements' exists.
../247gbsaffiliates/components/dashboard/DashboardLayout.tsx(107,17): error TS7026: JSX element implicitly has type 'any' because no interface 'JSX.IntrinsicElements' exists.
../247gbsaffiliates/components/dashboard/DashboardLayout.tsx(108,13): error TS7026: JSX element implicitly has type 'any' because no interface 'JSX.IntrinsicElements' exists.
../247gbsaffiliates/components/dashboard/DashboardLayout.tsx(111,13): error TS7026: JSX element implicitly has type 'any' because no interface 'JSX.IntrinsicElements' exists.
../247gbsaffiliates/components/dashboard/DashboardLayout.tsx(112,17): error TS7026: JSX element implicitly has type 'any' because no interface 'JSX.IntrinsicElements' exists.
../247gbsaffiliates/components/dashboard/DashboardLayout.tsx(113,21): error TS7026: JSX element implicitly has type 'any' because no interface 'JSX.IntrinsicElements' exists.
../247gbsaffiliates/components/dashboard/DashboardLayout.tsx(114,25): error TS7026: JSX element implicitly has type 'any' because no interface 'JSX.IntrinsicElements' exists.
../247gbsaffiliates/components/dashboard/DashboardLayout.tsx(114,108): error TS7026: JSX element implicitly has type 'any' because no interface 'JSX.IntrinsicElements' exists.
../247gbsaffiliates/components/dashboard/DashboardLayout.tsx(115,25): error TS7026: JSX element implicitly has type 'any' because no interface 'JSX.IntrinsicElements' exists.
../247gbsaffiliates/components/dashboard/DashboardLayout.tsx(115,152): error TS7026: JSX element implicitly has type 'any' because no interface 'JSX.IntrinsicElements' exists.
../247gbsaffiliates/components/dashboard/DashboardLayout.tsx(117,29): error TS7026: JSX element implicitly has type 'any' because no interface 'JSX.IntrinsicElements' exists.
../247gbsaffiliates/components/dashboard/DashboardLayout.tsx(118,33): error TS7026: JSX element implicitly has type 'any' because no interface 'JSX.IntrinsicElements' exists.
../247gbsaffiliates/components/dashboard/DashboardLayout.tsx(118,93): error TS7026: JSX element implicitly has type 'any' because no interface 'JSX.IntrinsicElements' exists.
../247gbsaffiliates/components/dashboard/DashboardLayout.tsx(120,29): error TS7026: JSX element implicitly has type 'any' because no interface 'JSX.IntrinsicElements' exists.
../247gbsaffiliates/components/dashboard/DashboardLayout.tsx(122,21): error TS7026: JSX element implicitly has type 'any' because no interface 'JSX.IntrinsicElements' exists.
../247gbsaffiliates/components/dashboard/DashboardLayout.tsx(123,21): error TS7026: JSX element implicitly has type 'any' because no interface 'JSX.IntrinsicElements' exists.
../247gbsaffiliates/components/dashboard/DashboardLayout.tsx(124,25): error TS7026: JSX element implicitly has type 'any' because no interface 'JSX.IntrinsicElements' exists.
../247gbsaffiliates/components/dashboard/DashboardLayout.tsx(125,29): error TS7026: JSX element implicitly has type 'any' because no interface 'JSX.IntrinsicElements' exists.
../247gbsaffiliates/components/dashboard/DashboardLayout.tsx(125,95): error TS7026: JSX element implicitly has type 'any' because no interface 'JSX.IntrinsicElements' exists.
../247gbsaffiliates/components/dashboard/DashboardLayout.tsx(126,29): error TS7026: JSX element implicitly has type 'any' because no interface 'JSX.IntrinsicElements' exists.
../247gbsaffiliates/components/dashboard/DashboardLayout.tsx(126,123): error TS7026: JSX element implicitly has type 'any' because no interface 'JSX.IntrinsicElements' exists.
../247gbsaffiliates/components/dashboard/DashboardLayout.tsx(127,25): error TS7026: JSX element implicitly has type 'any' because no interface 'JSX.IntrinsicElements' exists.
../247gbsaffiliates/components/dashboard/DashboardLayout.tsx(128,25): error TS7026: JSX element implicitly has type 'any' because no interface 'JSX.IntrinsicElements' exists.
../247gbsaffiliates/components/dashboard/DashboardLayout.tsx(128,64): error TS7026: JSX element implicitly has type 'any' because no interface 'JSX.IntrinsicElements' exists.
../247gbsaffiliates/components/dashboard/DashboardLayout.tsx(129,25): error TS7026: JSX element implicitly has type 'any' because no interface 'JSX.IntrinsicElements' exists.
../247gbsaffiliates/components/dashboard/DashboardLayout.tsx(130,29): error TS7026: JSX element implicitly has type 'any' because no interface 'JSX.IntrinsicElements' exists.
../247gbsaffiliates/components/dashboard/DashboardLayout.tsx(130,139): error TS7026: JSX element implicitly has type 'any' because no interface 'JSX.IntrinsicElements' exists.
../247gbsaffiliates/components/dashboard/DashboardLayout.tsx(131,29): error TS7026: JSX element implicitly has type 'any' because no interface 'JSX.IntrinsicElements' exists.
../247gbsaffiliates/components/dashboard/DashboardLayout.tsx(131,89): error TS7026: JSX element implicitly has type 'any' because no interface 'JSX.IntrinsicElements' exists.
../247gbsaffiliates/components/dashboard/DashboardLayout.tsx(132,25): error TS7026: JSX element implicitly has type 'any' because no interface 'JSX.IntrinsicElements' exists.
../247gbsaffiliates/components/dashboard/DashboardLayout.tsx(133,21): error TS7026: JSX element implicitly has type 'any' because no interface 'JSX.IntrinsicElements' exists.
../247gbsaffiliates/components/dashboard/DashboardLayout.tsx(134,17): error TS7026: JSX element implicitly has type 'any' because no interface 'JSX.IntrinsicElements' exists.
../247gbsaffiliates/components/dashboard/DashboardLayout.tsx(136,17): error TS7026: JSX element implicitly has type 'any' because no interface 'JSX.IntrinsicElements' exists.
../247gbsaffiliates/components/dashboard/DashboardLayout.tsx(138,17): error TS7026: JSX element implicitly has type 'any' because no interface 'JSX.IntrinsicElements' exists.
../247gbsaffiliates/components/dashboard/DashboardLayout.tsx(140,17): error TS7026: JSX element implicitly has type 'any' because no interface 'JSX.IntrinsicElements' exists.
../247gbsaffiliates/components/dashboard/DashboardLayout.tsx(141,21): error TS7026: JSX element implicitly has type 'any' because no interface 'JSX.IntrinsicElements' exists.
../247gbsaffiliates/components/dashboard/DashboardLayout.tsx(142,25): error TS7026: JSX element implicitly has type 'any' because no interface 'JSX.IntrinsicElements' exists.
../247gbsaffiliates/components/dashboard/DashboardLayout.tsx(142,164): error TS7026: JSX element implicitly has type 'any' because no interface 'JSX.IntrinsicElements' exists.
../247gbsaffiliates/components/dashboard/DashboardLayout.tsx(143,25): error TS7026: JSX element implicitly has type 'any' because no interface 'JSX.IntrinsicElements' exists.
../247gbsaffiliates/components/dashboard/DashboardLayout.tsx(147,25): error TS7026: JSX element implicitly has type 'any' because no interface 'JSX.IntrinsicElements' exists.
../247gbsaffiliates/components/dashboard/DashboardLayout.tsx(148,21): error TS7026: JSX element implicitly has type 'any' because no interface 'JSX.IntrinsicElements' exists.
../247gbsaffiliates/components/dashboard/DashboardLayout.tsx(149,17): error TS7026: JSX element implicitly has type 'any' because no interface 'JSX.IntrinsicElements' exists.
../247gbsaffiliates/components/dashboard/DashboardLayout.tsx(150,13): error TS7026: JSX element implicitly has type 'any' because no interface 'JSX.IntrinsicElements' exists.
../247gbsaffiliates/components/dashboard/DashboardLayout.tsx(151,9): error TS7026: JSX element implicitly has type 'any' because no interface 'JSX.IntrinsicElements' exists.
../247gbsaffiliates/components/dashboard/DashboardPageHeader.tsx(3,19): error TS2307: Cannot find module 'react' or its corresponding type declarations.
../247gbsaffiliates/components/dashboard/DashboardPageHeader.tsx(4,29): error TS2307: Cannot find module 'next/navigation' or its corresponding type declarations.
../247gbsaffiliates/components/dashboard/DashboardPageHeader.tsx(12,50): error TS7006: Parameter 'p' implicitly has an 'any' type.
../247gbsaffiliates/components/dashboard/DashboardPageHeader.tsx(19,34): error TS7006: Parameter 'part' implicitly has an 'any' type.
../247gbsaffiliates/components/dashboard/DashboardPageHeader.tsx(20,40): error TS7006: Parameter 'word' implicitly has an 'any' type.
../247gbsaffiliates/components/dashboard/DashboardPageHeader.tsx(25,9): error TS7026: JSX element implicitly has type 'any' because no interface 'JSX.IntrinsicElements' exists.
../247gbsaffiliates/components/dashboard/DashboardPageHeader.tsx(25,9): error TS2875: This JSX tag requires the module path 'react/jsx-runtime' to exist, but none could be found. Make sure you have types for the appropriate package installed.
../247gbsaffiliates/components/dashboard/DashboardPageHeader.tsx(26,13): error TS7026: JSX element implicitly has type 'any' because no interface 'JSX.IntrinsicElements' exists.
../247gbsaffiliates/components/dashboard/DashboardPageHeader.tsx(26,78): error TS7026: JSX element implicitly has type 'any' because no interface 'JSX.IntrinsicElements' exists.
../247gbsaffiliates/components/dashboard/DashboardPageHeader.tsx(27,13): error TS7026: JSX element implicitly has type 'any' because no interface 'JSX.IntrinsicElements' exists.
../247gbsaffiliates/components/dashboard/DashboardPageHeader.tsx(28,17): error TS7026: JSX element implicitly has type 'any' because no interface 'JSX.IntrinsicElements' exists.
../247gbsaffiliates/components/dashboard/DashboardPageHeader.tsx(29,21): error TS7026: JSX element implicitly has type 'any' because no interface 'JSX.IntrinsicElements' exists.
../247gbsaffiliates/components/dashboard/DashboardPageHeader.tsx(29,78): error TS7026: JSX element implicitly has type 'any' because no interface 'JSX.IntrinsicElements' exists.
../247gbsaffiliates/components/dashboard/DashboardPageHeader.tsx(30,21): error TS7026: JSX element implicitly has type 'any' because no interface 'JSX.IntrinsicElements' exists.
../247gbsaffiliates/components/dashboard/DashboardPageHeader.tsx(30,115): error TS7026: JSX element implicitly has type 'any' because no interface 'JSX.IntrinsicElements' exists.
../247gbsaffiliates/components/dashboard/DashboardPageHeader.tsx(31,17): error TS7026: JSX element implicitly has type 'any' because no interface 'JSX.IntrinsicElements' exists.
../247gbsaffiliates/components/dashboard/DashboardPageHeader.tsx(32,13): error TS7026: JSX element implicitly has type 'any' because no interface 'JSX.IntrinsicElements' exists.
../247gbsaffiliates/components/dashboard/DashboardPageHeader.tsx(33,9): error TS7026: JSX element implicitly has type 'any' because no interface 'JSX.IntrinsicElements' exists.
../247gbsaffiliates/components/dashboard/DashboardSidebar.tsx(3,19): error TS2307: Cannot find module 'react' or its corresponding type declarations.
../247gbsaffiliates/components/dashboard/DashboardSidebar.tsx(4,18): error TS2307: Cannot find module 'next/link' or its corresponding type declarations.
../247gbsaffiliates/components/dashboard/DashboardSidebar.tsx(5,29): error TS2307: Cannot find module 'next/navigation' or its corresponding type declarations.
../247gbsaffiliates/components/dashboard/DashboardSidebar.tsx(16,9): error TS7026: JSX element implicitly has type 'any' because no interface 'JSX.IntrinsicElements' exists.
../247gbsaffiliates/components/dashboard/DashboardSidebar.tsx(16,9): error TS2875: This JSX tag requires the module path 'react/jsx-runtime' to exist, but none could be found. Make sure you have types for the appropriate package installed.
../247gbsaffiliates/components/dashboard/DashboardSidebar.tsx(17,13): error TS7026: JSX element implicitly has type 'any' because no interface 'JSX.IntrinsicElements' exists.
../247gbsaffiliates/components/dashboard/DashboardSidebar.tsx(19,13): error TS7026: JSX element implicitly has type 'any' because no interface 'JSX.IntrinsicElements' exists.
../247gbsaffiliates/components/dashboard/DashboardSidebar.tsx(21,13): error TS7026: JSX element implicitly has type 'any' because no interface 'JSX.IntrinsicElements' exists.
../247gbsaffiliates/components/dashboard/DashboardSidebar.tsx(22,17): error TS7026: JSX element implicitly has type 'any' because no interface 'JSX.IntrinsicElements' exists.
../247gbsaffiliates/components/dashboard/DashboardSidebar.tsx(22,122): error TS7026: JSX element implicitly has type 'any' because no interface 'JSX.IntrinsicElements' exists.
../247gbsaffiliates/components/dashboard/DashboardSidebar.tsx(34,29): error TS7026: JSX element implicitly has type 'any' because no interface 'JSX.IntrinsicElements' exists.
../247gbsaffiliates/components/dashboard/DashboardSidebar.tsx(36,29): error TS7026: JSX element implicitly has type 'any' because no interface 'JSX.IntrinsicElements' exists.
../247gbsaffiliates/components/dashboard/DashboardSidebar.tsx(41,13): error TS7026: JSX element implicitly has type 'any' because no interface 'JSX.IntrinsicElements' exists.
../247gbsaffiliates/components/dashboard/DashboardSidebar.tsx(43,13): error TS7026: JSX element implicitly has type 'any' because no interface 'JSX.IntrinsicElements' exists.
../247gbsaffiliates/components/dashboard/DashboardSidebar.tsx(44,17): error TS7026: JSX element implicitly has type 'any' because no interface 'JSX.IntrinsicElements' exists.
../247gbsaffiliates/components/dashboard/DashboardSidebar.tsx(45,21): error TS7026: JSX element implicitly has type 'any' because no interface 'JSX.IntrinsicElements' exists.
../247gbsaffiliates/components/dashboard/DashboardSidebar.tsx(47,21): error TS7026: JSX element implicitly has type 'any' because no interface 'JSX.IntrinsicElements' exists.
../247gbsaffiliates/components/dashboard/DashboardSidebar.tsx(48,21): error TS7026: JSX element implicitly has type 'any' because no interface 'JSX.IntrinsicElements' exists.
../247gbsaffiliates/components/dashboard/DashboardSidebar.tsx(49,25): error TS7026: JSX element implicitly has type 'any' because no interface 'JSX.IntrinsicElements' exists.
../247gbsaffiliates/components/dashboard/DashboardSidebar.tsx(49,88): error TS7026: JSX element implicitly has type 'any' because no interface 'JSX.IntrinsicElements' exists.
../247gbsaffiliates/components/dashboard/DashboardSidebar.tsx(50,25): error TS7026: JSX element implicitly has type 'any' because no interface 'JSX.IntrinsicElements' exists.
../247gbsaffiliates/components/dashboard/DashboardSidebar.tsx(50,108): error TS7026: JSX element implicitly has type 'any' because no interface 'JSX.IntrinsicElements' exists.
../247gbsaffiliates/components/dashboard/DashboardSidebar.tsx(51,21): error TS7026: JSX element implicitly has type 'any' because no interface 'JSX.IntrinsicElements' exists.
../247gbsaffiliates/components/dashboard/DashboardSidebar.tsx(52,17): error TS7026: JSX element implicitly has type 'any' because no interface 'JSX.IntrinsicElements' exists.
../247gbsaffiliates/components/dashboard/DashboardSidebar.tsx(53,13): error TS7026: JSX element implicitly has type 'any' because no interface 'JSX.IntrinsicElements' exists.
../247gbsaffiliates/components/dashboard/DashboardSidebar.tsx(54,9): error TS7026: JSX element implicitly has type 'any' because no interface 'JSX.IntrinsicElements' exists.
../247gbsaffiliates/components/dashboard/UserMenu.tsx(3,52): error TS2307: Cannot find module 'react' or its corresponding type declarations.
../247gbsaffiliates/components/dashboard/UserMenu.tsx(5,27): error TS2307: Cannot find module 'next/navigation' or its corresponding type declarations.
../247gbsaffiliates/components/dashboard/UserMenu.tsx(13,53): error TS7031: Binding element 'name' implicitly has an 'any' type.
../247gbsaffiliates/components/dashboard/UserMenu.tsx(13,59): error TS7031: Binding element 'role' implicitly has an 'any' type.
../247gbsaffiliates/components/dashboard/UserMenu.tsx(13,65): error TS7031: Binding element 'initials' implicitly has an 'any' type.
../247gbsaffiliates/components/dashboard/UserMenu.tsx(36,9): error TS7026: JSX element implicitly has type 'any' because no interface 'JSX.IntrinsicElements' exists.
../247gbsaffiliates/components/dashboard/UserMenu.tsx(36,9): error TS2875: This JSX tag requires the module path 'react/jsx-runtime' to exist, but none could be found. Make sure you have types for the appropriate package installed.
../247gbsaffiliates/components/dashboard/UserMenu.tsx(39,17): error TS7026: JSX element implicitly has type 'any' because no interface 'JSX.IntrinsicElements' exists.
../247gbsaffiliates/components/dashboard/UserMenu.tsx(40,21): error TS7026: JSX element implicitly has type 'any' because no interface 'JSX.IntrinsicElements' exists.
../247gbsaffiliates/components/dashboard/UserMenu.tsx(41,25): error TS7026: JSX element implicitly has type 'any' because no interface 'JSX.IntrinsicElements' exists.
../247gbsaffiliates/components/dashboard/UserMenu.tsx(42,29): error TS7026: JSX element implicitly has type 'any' because no interface 'JSX.IntrinsicElements' exists.
../247gbsaffiliates/components/dashboard/UserMenu.tsx(42,87): error TS7026: JSX element implicitly has type 'any' because no interface 'JSX.IntrinsicElements' exists.
../247gbsaffiliates/components/dashboard/UserMenu.tsx(44,25): error TS7026: JSX element implicitly has type 'any' because no interface 'JSX.IntrinsicElements' exists.
../247gbsaffiliates/components/dashboard/UserMenu.tsx(45,25): error TS7026: JSX element implicitly has type 'any' because no interface 'JSX.IntrinsicElements' exists.
../247gbsaffiliates/components/dashboard/UserMenu.tsx(46,29): error TS7026: JSX element implicitly has type 'any' because no interface 'JSX.IntrinsicElements' exists.
../247gbsaffiliates/components/dashboard/UserMenu.tsx(46,89): error TS7026: JSX element implicitly has type 'any' because no interface 'JSX.IntrinsicElements' exists.
../247gbsaffiliates/components/dashboard/UserMenu.tsx(48,25): error TS7026: JSX element implicitly has type 'any' because no interface 'JSX.IntrinsicElements' exists.
../247gbsaffiliates/components/dashboard/UserMenu.tsx(49,25): error TS7026: JSX element implicitly has type 'any' because no interface 'JSX.IntrinsicElements' exists.
../247gbsaffiliates/components/dashboard/UserMenu.tsx(49,65): error TS7026: JSX element implicitly has type 'any' because no interface 'JSX.IntrinsicElements' exists.
../247gbsaffiliates/components/dashboard/UserMenu.tsx(50,25): error TS7026: JSX element implicitly has type 'any' because no interface 'JSX.IntrinsicElements' exists.
../247gbsaffiliates/components/dashboard/UserMenu.tsx(54,29): error TS7026: JSX element implicitly has type 'any' because no interface 'JSX.IntrinsicElements' exists.
../247gbsaffiliates/components/dashboard/UserMenu.tsx(54,87): error TS7026: JSX element implicitly has type 'any' because no interface 'JSX.IntrinsicElements' exists.
../247gbsaffiliates/components/dashboard/UserMenu.tsx(56,25): error TS7026: JSX element implicitly has type 'any' because no interface 'JSX.IntrinsicElements' exists.
../247gbsaffiliates/components/dashboard/UserMenu.tsx(57,21): error TS7026: JSX element implicitly has type 'any' because no interface 'JSX.IntrinsicElements' exists.
../247gbsaffiliates/components/dashboard/UserMenu.tsx(58,17): error TS7026: JSX element implicitly has type 'any' because no interface 'JSX.IntrinsicElements' exists.
../247gbsaffiliates/components/dashboard/UserMenu.tsx(62,13): error TS7026: JSX element implicitly has type 'any' because no interface 'JSX.IntrinsicElements' exists.
../247gbsaffiliates/components/dashboard/UserMenu.tsx(67,17): error TS7026: JSX element implicitly has type 'any' because no interface 'JSX.IntrinsicElements' exists.
../247gbsaffiliates/components/dashboard/UserMenu.tsx(69,17): error TS7026: JSX element implicitly has type 'any' because no interface 'JSX.IntrinsicElements' exists.
../247gbsaffiliates/components/dashboard/UserMenu.tsx(70,17): error TS7026: JSX element implicitly has type 'any' because no interface 'JSX.IntrinsicElements' exists.
../247gbsaffiliates/components/dashboard/UserMenu.tsx(71,21): error TS7026: JSX element implicitly has type 'any' because no interface 'JSX.IntrinsicElements' exists.
../247gbsaffiliates/components/dashboard/UserMenu.tsx(73,21): error TS7026: JSX element implicitly has type 'any' because no interface 'JSX.IntrinsicElements' exists.
../247gbsaffiliates/components/dashboard/UserMenu.tsx(74,21): error TS7026: JSX element implicitly has type 'any' because no interface 'JSX.IntrinsicElements' exists.
../247gbsaffiliates/components/dashboard/UserMenu.tsx(76,21): error TS7026: JSX element implicitly has type 'any' because no interface 'JSX.IntrinsicElements' exists.
../247gbsaffiliates/components/dashboard/UserMenu.tsx(77,17): error TS7026: JSX element implicitly has type 'any' because no interface 'JSX.IntrinsicElements' exists.
../247gbsaffiliates/components/dashboard/UserMenu.tsx(78,17): error TS7026: JSX element implicitly has type 'any' because no interface 'JSX.IntrinsicElements' exists.
../247gbsaffiliates/components/dashboard/UserMenu.tsx(80,17): error TS7026: JSX element implicitly has type 'any' because no interface 'JSX.IntrinsicElements' exists.
../247gbsaffiliates/components/dashboard/UserMenu.tsx(81,13): error TS7026: JSX element implicitly has type 'any' because no interface 'JSX.IntrinsicElements' exists.
../247gbsaffiliates/components/dashboard/UserMenu.tsx(82,9): error TS7026: JSX element implicitly has type 'any' because no interface 'JSX.IntrinsicElements' exists.
../247gbsaffiliates/components/FadeIn.tsx(3,43): error TS2307: Cannot find module 'react' or its corresponding type declarations.
../247gbsaffiliates/components/FadeIn.tsx(4,50): error TS2307: Cannot find module 'framer-motion' or its corresponding type declarations.
../247gbsaffiliates/components/FadeIn.tsx(10,39): error TS2503: Cannot find namespace 'React'.
../247gbsaffiliates/components/FadeIn.tsx(34,9): error TS2875: This JSX tag requires the module path 'react/jsx-runtime' to exist, but none could be found. Make sure you have types for the appropriate package installed.
../247gbsaffiliates/components/FadeIn.tsx(49,61): error TS2503: Cannot find namespace 'React'.
../247gbsaffiliates/components/InteractiveMap.tsx(3,67): error TS2307: Cannot find module 'react-leaflet' or its corresponding type declarations.
../247gbsaffiliates/components/InteractiveMap.tsx(4,15): error TS2307: Cannot find module 'leaflet' or its corresponding type declarations.
../247gbsaffiliates/components/InteractiveMap.tsx(6,37): error TS2307: Cannot find module 'react' or its corresponding type declarations.
../247gbsaffiliates/components/InteractiveMap.tsx(87,5): error TS7026: JSX element implicitly has type 'any' because no interface 'JSX.IntrinsicElements' exists.
../247gbsaffiliates/components/InteractiveMap.tsx(87,5): error TS2875: This JSX tag requires the module path 'react/jsx-runtime' to exist, but none could be found. Make sure you have types for the appropriate package installed.
../247gbsaffiliates/components/InteractiveMap.tsx(115,7): error TS7026: JSX element implicitly has type 'any' because no interface 'JSX.IntrinsicElements' exists.
../247gbsaffiliates/components/InteractiveMap.tsx(140,9): error TS7026: JSX element implicitly has type 'any' because no interface 'JSX.IntrinsicElements' exists.
../247gbsaffiliates/components/InteractiveMap.tsx(141,5): error TS7026: JSX element implicitly has type 'any' because no interface 'JSX.IntrinsicElements' exists.
../247gbsaffiliates/components/landing/ExtraSections.tsx(1,19): error TS2307: Cannot find module 'react' or its corresponding type declarations.
../247gbsaffiliates/components/landing/ExtraSections.tsx(5,9): error TS7026: JSX element implicitly has type 'any' because no interface 'JSX.IntrinsicElements' exists.
../247gbsaffiliates/components/landing/ExtraSections.tsx(5,9): error TS2875: This JSX tag requires the module path 'react/jsx-runtime' to exist, but none could be found. Make sure you have types for the appropriate package installed.
../247gbsaffiliates/components/landing/ExtraSections.tsx(7,13): error TS7026: JSX element implicitly has type 'any' because no interface 'JSX.IntrinsicElements' exists.
../247gbsaffiliates/components/landing/ExtraSections.tsx(8,17): error TS7026: JSX element implicitly has type 'any' because no interface 'JSX.IntrinsicElements' exists.
../247gbsaffiliates/components/landing/ExtraSections.tsx(9,21): error TS7026: JSX element implicitly has type 'any' because no interface 'JSX.IntrinsicElements' exists.
../247gbsaffiliates/components/landing/ExtraSections.tsx(9,133): error TS7026: JSX element implicitly has type 'any' because no interface 'JSX.IntrinsicElements' exists.
../247gbsaffiliates/components/landing/ExtraSections.tsx(10,21): error TS7026: JSX element implicitly has type 'any' because no interface 'JSX.IntrinsicElements' exists.
../247gbsaffiliates/components/landing/ExtraSections.tsx(10,208): error TS7026: JSX element implicitly has type 'any' because no interface 'JSX.IntrinsicElements' exists.
../247gbsaffiliates/components/landing/ExtraSections.tsx(11,17): error TS7026: JSX element implicitly has type 'any' because no interface 'JSX.IntrinsicElements' exists.
../247gbsaffiliates/components/landing/ExtraSections.tsx(12,17): error TS7026: JSX element implicitly has type 'any' because no interface 'JSX.IntrinsicElements' exists.
../247gbsaffiliates/components/landing/ExtraSections.tsx(13,21): error TS7026: JSX element implicitly has type 'any' because no interface 'JSX.IntrinsicElements' exists.
../247gbsaffiliates/components/landing/ExtraSections.tsx(14,25): error TS7026: JSX element implicitly has type 'any' because no interface 'JSX.IntrinsicElements' exists.
../247gbsaffiliates/components/landing/ExtraSections.tsx(15,29): error TS7026: JSX element implicitly has type 'any' because no interface 'JSX.IntrinsicElements' exists.
../247gbsaffiliates/components/landing/ExtraSections.tsx(15,95): error TS7026: JSX element implicitly has type 'any' because no interface 'JSX.IntrinsicElements' exists.
../247gbsaffiliates/components/landing/ExtraSections.tsx(16,25): error TS7026: JSX element implicitly has type 'any' because no interface 'JSX.IntrinsicElements' exists.
../247gbsaffiliates/components/landing/ExtraSections.tsx(17,25): error TS7026: JSX element implicitly has type 'any' because no interface 'JSX.IntrinsicElements' exists.
../247gbsaffiliates/components/landing/ExtraSections.tsx(18,29): error TS7026: JSX element implicitly has type 'any' because no interface 'JSX.IntrinsicElements' exists.
../247gbsaffiliates/components/landing/ExtraSections.tsx(18,97): error TS7026: JSX element implicitly has type 'any' because no interface 'JSX.IntrinsicElements' exists.
../247gbsaffiliates/components/landing/ExtraSections.tsx(19,29): error TS7026: JSX element implicitly has type 'any' because no interface 'JSX.IntrinsicElements' exists.
../247gbsaffiliates/components/landing/ExtraSections.tsx(19,184): error TS7026: JSX element implicitly has type 'any' because no interface 'JSX.IntrinsicElements' exists.
../247gbsaffiliates/components/landing/ExtraSections.tsx(20,25): error TS7026: JSX element implicitly has type 'any' because no interface 'JSX.IntrinsicElements' exists.
../247gbsaffiliates/components/landing/ExtraSections.tsx(21,21): error TS7026: JSX element implicitly has type 'any' because no interface 'JSX.IntrinsicElements' exists.
../247gbsaffiliates/components/landing/ExtraSections.tsx(22,21): error TS7026: JSX element implicitly has type 'any' because no interface 'JSX.IntrinsicElements' exists.
../247gbsaffiliates/components/landing/ExtraSections.tsx(23,25): error TS7026: JSX element implicitly has type 'any' because no interface 'JSX.IntrinsicElements' exists.
../247gbsaffiliates/components/landing/ExtraSections.tsx(24,29): error TS7026: JSX element implicitly has type 'any' because no interface 'JSX.IntrinsicElements' exists.
../247gbsaffiliates/components/landing/ExtraSections.tsx(24,90): error TS7026: JSX element implicitly has type 'any' because no interface 'JSX.IntrinsicElements' exists.
../247gbsaffiliates/components/landing/ExtraSections.tsx(25,25): error TS7026: JSX element implicitly has type 'any' because no interface 'JSX.IntrinsicElements' exists.
../247gbsaffiliates/components/landing/ExtraSections.tsx(26,25): error TS7026: JSX element implicitly has type 'any' because no interface 'JSX.IntrinsicElements' exists.
../247gbsaffiliates/components/landing/ExtraSections.tsx(27,29): error TS7026: JSX element implicitly has type 'any' because no interface 'JSX.IntrinsicElements' exists.
../247gbsaffiliates/components/landing/ExtraSections.tsx(27,98): error TS7026: JSX element implicitly has type 'any' because no interface 'JSX.IntrinsicElements' exists.
../247gbsaffiliates/components/landing/ExtraSections.tsx(28,29): error TS7026: JSX element implicitly has type 'any' because no interface 'JSX.IntrinsicElements' exists.
../247gbsaffiliates/components/landing/ExtraSections.tsx(28,183): error TS7026: JSX element implicitly has type 'any' because no interface 'JSX.IntrinsicElements' exists.
../247gbsaffiliates/components/landing/ExtraSections.tsx(29,25): error TS7026: JSX element implicitly has type 'any' because no interface 'JSX.IntrinsicElements' exists.
../247gbsaffiliates/components/landing/ExtraSections.tsx(30,21): error TS7026: JSX element implicitly has type 'any' because no interface 'JSX.IntrinsicElements' exists.
../247gbsaffiliates/components/landing/ExtraSections.tsx(31,21): error TS7026: JSX element implicitly has type 'any' because no interface 'JSX.IntrinsicElements' exists.
../247gbsaffiliates/components/landing/ExtraSections.tsx(32,25): error TS7026: JSX element implicitly has type 'any' because no interface 'JSX.IntrinsicElements' exists.
../247gbsaffiliates/components/landing/ExtraSections.tsx(33,29): error TS7026: JSX element implicitly has type 'any' because no interface 'JSX.IntrinsicElements' exists.
../247gbsaffiliates/components/landing/ExtraSections.tsx(33,99): error TS7026: JSX element implicitly has type 'any' because no interface 'JSX.IntrinsicElements' exists.
../247gbsaffiliates/components/landing/ExtraSections.tsx(34,25): error TS7026: JSX element implicitly has type 'any' because no interface 'JSX.IntrinsicElements' exists.
../247gbsaffiliates/components/landing/ExtraSections.tsx(35,25): error TS7026: JSX element implicitly has type 'any' because no interface 'JSX.IntrinsicElements' exists.
../247gbsaffiliates/components/landing/ExtraSections.tsx(36,29): error TS7026: JSX element implicitly has type 'any' because no interface 'JSX.IntrinsicElements' exists.
../247gbsaffiliates/components/landing/ExtraSections.tsx(36,102): error TS7026: JSX element implicitly has type 'any' because no interface 'JSX.IntrinsicElements' exists.
../247gbsaffiliates/components/landing/ExtraSections.tsx(37,29): error TS7026: JSX element implicitly has type 'any' because no interface 'JSX.IntrinsicElements' exists.
../247gbsaffiliates/components/landing/ExtraSections.tsx(37,185): error TS7026: JSX element implicitly has type 'any' because no interface 'JSX.IntrinsicElements' exists.
../247gbsaffiliates/components/landing/ExtraSections.tsx(38,25): error TS7026: JSX element implicitly has type 'any' because no interface 'JSX.IntrinsicElements' exists.
../247gbsaffiliates/components/landing/ExtraSections.tsx(39,21): error TS7026: JSX element implicitly has type 'any' because no interface 'JSX.IntrinsicElements' exists.
../247gbsaffiliates/components/landing/ExtraSections.tsx(40,17): error TS7026: JSX element implicitly has type 'any' because no interface 'JSX.IntrinsicElements' exists.
../247gbsaffiliates/components/landing/ExtraSections.tsx(41,13): error TS7026: JSX element implicitly has type 'any' because no interface 'JSX.IntrinsicElements' exists.
../247gbsaffiliates/components/landing/ExtraSections.tsx(44,13): error TS7026: JSX element implicitly has type 'any' because no interface 'JSX.IntrinsicElements' exists.
../247gbsaffiliates/components/landing/ExtraSections.tsx(45,17): error TS7026: JSX element implicitly has type 'any' because no interface 'JSX.IntrinsicElements' exists.
../247gbsaffiliates/components/landing/ExtraSections.tsx(46,21): error TS7026: JSX element implicitly has type 'any' because no interface 'JSX.IntrinsicElements' exists.
../247gbsaffiliates/components/landing/ExtraSections.tsx(46,121): error TS7026: JSX element implicitly has type 'any' because no interface 'JSX.IntrinsicElements' exists.
../247gbsaffiliates/components/landing/ExtraSections.tsx(47,21): error TS7026: JSX element implicitly has type 'any' because no interface 'JSX.IntrinsicElements' exists.
../247gbsaffiliates/components/landing/ExtraSections.tsx(47,134): error TS7026: JSX element implicitly has type 'any' because no interface 'JSX.IntrinsicElements' exists.
../247gbsaffiliates/components/landing/ExtraSections.tsx(48,21): error TS7026: JSX element implicitly has type 'any' because no interface 'JSX.IntrinsicElements' exists.
../247gbsaffiliates/components/landing/ExtraSections.tsx(50,21): error TS7026: JSX element implicitly has type 'any' because no interface 'JSX.IntrinsicElements' exists.
../247gbsaffiliates/components/landing/ExtraSections.tsx(52,21): error TS7026: JSX element implicitly has type 'any' because no interface 'JSX.IntrinsicElements' exists.
../247gbsaffiliates/components/landing/ExtraSections.tsx(53,25): error TS7026: JSX element implicitly has type 'any' because no interface 'JSX.IntrinsicElements' exists.
../247gbsaffiliates/components/landing/ExtraSections.tsx(58,25): error TS7026: JSX element implicitly has type 'any' because no interface 'JSX.IntrinsicElements' exists.
../247gbsaffiliates/components/landing/ExtraSections.tsx(60,25): error TS7026: JSX element implicitly has type 'any' because no interface 'JSX.IntrinsicElements' exists.
../247gbsaffiliates/components/landing/ExtraSections.tsx(61,21): error TS7026: JSX element implicitly has type 'any' because no interface 'JSX.IntrinsicElements' exists.
../247gbsaffiliates/components/landing/ExtraSections.tsx(62,21): error TS7026: JSX element implicitly has type 'any' because no interface 'JSX.IntrinsicElements' exists.
../247gbsaffiliates/components/landing/ExtraSections.tsx(62,146): error TS7026: JSX element implicitly has type 'any' because no interface 'JSX.IntrinsicElements' exists.
../247gbsaffiliates/components/landing/ExtraSections.tsx(63,17): error TS7026: JSX element implicitly has type 'any' because no interface 'JSX.IntrinsicElements' exists.
../247gbsaffiliates/components/landing/ExtraSections.tsx(64,13): error TS7026: JSX element implicitly has type 'any' because no interface 'JSX.IntrinsicElements' exists.
../247gbsaffiliates/components/landing/ExtraSections.tsx(67,13): error TS7026: JSX element implicitly has type 'any' because no interface 'JSX.IntrinsicElements' exists.
../247gbsaffiliates/components/landing/ExtraSections.tsx(68,17): error TS7026: JSX element implicitly has type 'any' because no interface 'JSX.IntrinsicElements' exists.
../247gbsaffiliates/components/landing/ExtraSections.tsx(69,21): error TS7026: JSX element implicitly has type 'any' because no interface 'JSX.IntrinsicElements' exists.
../247gbsaffiliates/components/landing/ExtraSections.tsx(70,25): error TS7026: JSX element implicitly has type 'any' because no interface 'JSX.IntrinsicElements' exists.
../247gbsaffiliates/components/landing/ExtraSections.tsx(70,109): error TS7026: JSX element implicitly has type 'any' because no interface 'JSX.IntrinsicElements' exists.
../247gbsaffiliates/components/landing/ExtraSections.tsx(71,25): error TS7026: JSX element implicitly has type 'any' because no interface 'JSX.IntrinsicElements' exists.
../247gbsaffiliates/components/landing/ExtraSections.tsx(71,125): error TS7026: JSX element implicitly has type 'any' because no interface 'JSX.IntrinsicElements' exists.
../247gbsaffiliates/components/landing/ExtraSections.tsx(72,21): error TS7026: JSX element implicitly has type 'any' because no interface 'JSX.IntrinsicElements' exists.
../247gbsaffiliates/components/landing/ExtraSections.tsx(73,21): error TS7026: JSX element implicitly has type 'any' because no interface 'JSX.IntrinsicElements' exists.
../247gbsaffiliates/components/landing/ExtraSections.tsx(74,43): error TS7026: JSX element implicitly has type 'any' because no interface 'JSX.IntrinsicElements' exists.
../247gbsaffiliates/components/landing/ExtraSections.tsx(74,100): error TS7026: JSX element implicitly has type 'any' because no interface 'JSX.IntrinsicElements' exists.
../247gbsaffiliates/components/landing/ExtraSections.tsx(75,21): error TS7026: JSX element implicitly has type 'any' because no interface 'JSX.IntrinsicElements' exists.
../247gbsaffiliates/components/landing/ExtraSections.tsx(76,17): error TS7026: JSX element implicitly has type 'any' because no interface 'JSX.IntrinsicElements' exists.
../247gbsaffiliates/components/landing/ExtraSections.tsx(77,17): error TS7026: JSX element implicitly has type 'any' because no interface 'JSX.IntrinsicElements' exists.
../247gbsaffiliates/components/landing/ExtraSections.tsx(78,21): error TS7026: JSX element implicitly has type 'any' because no interface 'JSX.IntrinsicElements' exists.
../247gbsaffiliates/components/landing/ExtraSections.tsx(79,25): error TS7026: JSX element implicitly has type 'any' because no interface 'JSX.IntrinsicElements' exists.
../247gbsaffiliates/components/landing/ExtraSections.tsx(80,29): error TS7026: JSX element implicitly has type 'any' because no interface 'JSX.IntrinsicElements' exists.
../247gbsaffiliates/components/landing/ExtraSections.tsx(81,25): error TS7026: JSX element implicitly has type 'any' because no interface 'JSX.IntrinsicElements' exists.
../247gbsaffiliates/components/landing/ExtraSections.tsx(82,25): error TS7026: JSX element implicitly has type 'any' because no interface 'JSX.IntrinsicElements' exists.
../247gbsaffiliates/components/landing/ExtraSections.tsx(82,155): error TS7026: JSX element implicitly has type 'any' because no interface 'JSX.IntrinsicElements' exists.
../247gbsaffiliates/components/landing/ExtraSections.tsx(83,25): error TS7026: JSX element implicitly has type 'any' because no interface 'JSX.IntrinsicElements' exists.
../247gbsaffiliates/components/landing/ExtraSections.tsx(83,207): error TS7026: JSX element implicitly has type 'any' because no interface 'JSX.IntrinsicElements' exists.
../247gbsaffiliates/components/landing/ExtraSections.tsx(84,25): error TS7026: JSX element implicitly has type 'any' because no interface 'JSX.IntrinsicElements' exists.
../247gbsaffiliates/components/landing/ExtraSections.tsx(84,132): error TS7026: JSX element implicitly has type 'any' because no interface 'JSX.IntrinsicElements' exists.
../247gbsaffiliates/components/landing/ExtraSections.tsx(85,21): error TS7026: JSX element implicitly has type 'any' because no interface 'JSX.IntrinsicElements' exists.
../247gbsaffiliates/components/landing/ExtraSections.tsx(86,21): error TS7026: JSX element implicitly has type 'any' because no interface 'JSX.IntrinsicElements' exists.
../247gbsaffiliates/components/landing/ExtraSections.tsx(87,25): error TS7026: JSX element implicitly has type 'any' because no interface 'JSX.IntrinsicElements' exists.
../247gbsaffiliates/components/landing/ExtraSections.tsx(88,29): error TS7026: JSX element implicitly has type 'any' because no interface 'JSX.IntrinsicElements' exists.
../247gbsaffiliates/components/landing/ExtraSections.tsx(89,25): error TS7026: JSX element implicitly has type 'any' because no interface 'JSX.IntrinsicElements' exists.
../247gbsaffiliates/components/landing/ExtraSections.tsx(90,25): error TS7026: JSX element implicitly has type 'any' because no interface 'JSX.IntrinsicElements' exists.
../247gbsaffiliates/components/landing/ExtraSections.tsx(90,159): error TS7026: JSX element implicitly has type 'any' because no interface 'JSX.IntrinsicElements' exists.
../247gbsaffiliates/components/landing/ExtraSections.tsx(91,25): error TS7026: JSX element implicitly has type 'any' because no interface 'JSX.IntrinsicElements' exists.
../247gbsaffiliates/components/landing/ExtraSections.tsx(91,205): error TS7026: JSX element implicitly has type 'any' because no interface 'JSX.IntrinsicElements' exists.
../247gbsaffiliates/components/landing/ExtraSections.tsx(92,25): error TS7026: JSX element implicitly has type 'any' because no interface 'JSX.IntrinsicElements' exists.
../247gbsaffiliates/components/landing/ExtraSections.tsx(92,132): error TS7026: JSX element implicitly has type 'any' because no interface 'JSX.IntrinsicElements' exists.
../247gbsaffiliates/components/landing/ExtraSections.tsx(93,21): error TS7026: JSX element implicitly has type 'any' because no interface 'JSX.IntrinsicElements' exists.
../247gbsaffiliates/components/landing/ExtraSections.tsx(94,21): error TS7026: JSX element implicitly has type 'any' because no interface 'JSX.IntrinsicElements' exists.
../247gbsaffiliates/components/landing/ExtraSections.tsx(95,25): error TS7026: JSX element implicitly has type 'any' because no interface 'JSX.IntrinsicElements' exists.
../247gbsaffiliates/components/landing/ExtraSections.tsx(96,29): error TS7026: JSX element implicitly has type 'any' because no interface 'JSX.IntrinsicElements' exists.
../247gbsaffiliates/components/landing/ExtraSections.tsx(97,25): error TS7026: JSX element implicitly has type 'any' because no interface 'JSX.IntrinsicElements' exists.
../247gbsaffiliates/components/landing/ExtraSections.tsx(98,25): error TS7026: JSX element implicitly has type 'any' because no interface 'JSX.IntrinsicElements' exists.
../247gbsaffiliates/components/landing/ExtraSections.tsx(98,149): error TS7026: JSX element implicitly has type 'any' because no interface 'JSX.IntrinsicElements' exists.
../247gbsaffiliates/components/landing/ExtraSections.tsx(99,25): error TS7026: JSX element implicitly has type 'any' because no interface 'JSX.IntrinsicElements' exists.
../247gbsaffiliates/components/landing/ExtraSections.tsx(99,207): error TS7026: JSX element implicitly has type 'any' because no interface 'JSX.IntrinsicElements' exists.
../247gbsaffiliates/components/landing/ExtraSections.tsx(100,25): error TS7026: JSX element implicitly has type 'any' because no interface 'JSX.IntrinsicElements' exists.
../247gbsaffiliates/components/landing/ExtraSections.tsx(100,132): error TS7026: JSX element implicitly has type 'any' because no interface 'JSX.IntrinsicElements' exists.
../247gbsaffiliates/components/landing/ExtraSections.tsx(101,21): error TS7026: JSX element implicitly has type 'any' because no interface 'JSX.IntrinsicElements' exists.
../247gbsaffiliates/components/landing/ExtraSections.tsx(102,17): error TS7026: JSX element implicitly has type 'any' because no interface 'JSX.IntrinsicElements' exists.
../247gbsaffiliates/components/landing/ExtraSections.tsx(103,13): error TS7026: JSX element implicitly has type 'any' because no interface 'JSX.IntrinsicElements' exists.
../247gbsaffiliates/components/landing/ExtraSections.tsx(106,13): error TS7026: JSX element implicitly has type 'any' because no interface 'JSX.IntrinsicElements' exists.
../247gbsaffiliates/components/landing/ExtraSections.tsx(107,17): error TS7026: JSX element implicitly has type 'any' because no interface 'JSX.IntrinsicElements' exists.
../247gbsaffiliates/components/landing/ExtraSections.tsx(108,21): error TS7026: JSX element implicitly has type 'any' because no interface 'JSX.IntrinsicElements' exists.
../247gbsaffiliates/components/landing/ExtraSections.tsx(108,111): error TS7026: JSX element implicitly has type 'any' because no interface 'JSX.IntrinsicElements' exists.
../247gbsaffiliates/components/landing/ExtraSections.tsx(109,21): error TS7026: JSX element implicitly has type 'any' because no interface 'JSX.IntrinsicElements' exists.
../247gbsaffiliates/components/landing/ExtraSections.tsx(109,113): error TS7026: JSX element implicitly has type 'any' because no interface 'JSX.IntrinsicElements' exists.
../247gbsaffiliates/components/landing/ExtraSections.tsx(110,21): error TS7026: JSX element implicitly has type 'any' because no interface 'JSX.IntrinsicElements' exists.
../247gbsaffiliates/components/landing/ExtraSections.tsx(111,25): error TS7026: JSX element implicitly has type 'any' because no interface 'JSX.IntrinsicElements' exists.
../247gbsaffiliates/components/landing/ExtraSections.tsx(111,168): error TS7026: JSX element implicitly has type 'any' because no interface 'JSX.IntrinsicElements' exists.
../247gbsaffiliates/components/landing/ExtraSections.tsx(112,25): error TS7026: JSX element implicitly has type 'any' because no interface 'JSX.IntrinsicElements' exists.
../247gbsaffiliates/components/landing/ExtraSections.tsx(112,135): error TS7026: JSX element implicitly has type 'any' because no interface 'JSX.IntrinsicElements' exists.
../247gbsaffiliates/components/landing/ExtraSections.tsx(113,25): error TS7026: JSX element implicitly has type 'any' because no interface 'JSX.IntrinsicElements' exists.
../247gbsaffiliates/components/landing/ExtraSections.tsx(113,244): error TS7026: JSX element implicitly has type 'any' because no interface 'JSX.IntrinsicElements' exists.
../247gbsaffiliates/components/landing/ExtraSections.tsx(114,25): error TS7026: JSX element implicitly has type 'any' because no interface 'JSX.IntrinsicElements' exists.
../247gbsaffiliates/components/landing/ExtraSections.tsx(115,29): error TS7026: JSX element implicitly has type 'any' because no interface 'JSX.IntrinsicElements' exists.
../247gbsaffiliates/components/landing/ExtraSections.tsx(116,33): error TS7026: JSX element implicitly has type 'any' because no interface 'JSX.IntrinsicElements' exists.
../247gbsaffiliates/components/landing/ExtraSections.tsx(117,37): error TS7026: JSX element implicitly has type 'any' because no interface 'JSX.IntrinsicElements' exists.
../247gbsaffiliates/components/landing/ExtraSections.tsx(117,110): error TS7026: JSX element implicitly has type 'any' because no interface 'JSX.IntrinsicElements' exists.
../247gbsaffiliates/components/landing/ExtraSections.tsx(118,33): error TS7026: JSX element implicitly has type 'any' because no interface 'JSX.IntrinsicElements' exists.
../247gbsaffiliates/components/landing/ExtraSections.tsx(119,33): error TS7026: JSX element implicitly has type 'any' because no interface 'JSX.IntrinsicElements' exists.
../247gbsaffiliates/components/landing/ExtraSections.tsx(119,88): error TS7026: JSX element implicitly has type 'any' because no interface 'JSX.IntrinsicElements' exists.
../247gbsaffiliates/components/landing/ExtraSections.tsx(120,29): error TS7026: JSX element implicitly has type 'any' because no interface 'JSX.IntrinsicElements' exists.
../247gbsaffiliates/components/landing/ExtraSections.tsx(121,29): error TS7026: JSX element implicitly has type 'any' because no interface 'JSX.IntrinsicElements' exists.
../247gbsaffiliates/components/landing/ExtraSections.tsx(122,33): error TS7026: JSX element implicitly has type 'any' because no interface 'JSX.IntrinsicElements' exists.
../247gbsaffiliates/components/landing/ExtraSections.tsx(123,37): error TS7026: JSX element implicitly has type 'any' because no interface 'JSX.IntrinsicElements' exists.
../247gbsaffiliates/components/landing/ExtraSections.tsx(123,107): error TS7026: JSX element implicitly has type 'any' because no interface 'JSX.IntrinsicElements' exists.
../247gbsaffiliates/components/landing/ExtraSections.tsx(124,33): error TS7026: JSX element implicitly has type 'any' because no interface 'JSX.IntrinsicElements' exists.
../247gbsaffiliates/components/landing/ExtraSections.tsx(125,33): error TS7026: JSX element implicitly has type 'any' because no interface 'JSX.IntrinsicElements' exists.
../247gbsaffiliates/components/landing/ExtraSections.tsx(125,81): error TS7026: JSX element implicitly has type 'any' because no interface 'JSX.IntrinsicElements' exists.
../247gbsaffiliates/components/landing/ExtraSections.tsx(126,29): error TS7026: JSX element implicitly has type 'any' because no interface 'JSX.IntrinsicElements' exists.
../247gbsaffiliates/components/landing/ExtraSections.tsx(127,29): error TS7026: JSX element implicitly has type 'any' because no interface 'JSX.IntrinsicElements' exists.
../247gbsaffiliates/components/landing/ExtraSections.tsx(128,33): error TS7026: JSX element implicitly has type 'any' because no interface 'JSX.IntrinsicElements' exists.
../247gbsaffiliates/components/landing/ExtraSections.tsx(129,37): error TS7026: JSX element implicitly has type 'any' because no interface 'JSX.IntrinsicElements' exists.
../247gbsaffiliates/components/landing/ExtraSections.tsx(129,108): error TS7026: JSX element implicitly has type 'any' because no interface 'JSX.IntrinsicElements' exists.
../247gbsaffiliates/components/landing/ExtraSections.tsx(130,33): error TS7026: JSX element implicitly has type 'any' because no interface 'JSX.IntrinsicElements' exists.
../247gbsaffiliates/components/landing/ExtraSections.tsx(131,33): error TS7026: JSX element implicitly has type 'any' because no interface 'JSX.IntrinsicElements' exists.
../247gbsaffiliates/components/landing/ExtraSections.tsx(131,85): error TS7026: JSX element implicitly has type 'any' because no interface 'JSX.IntrinsicElements' exists.
../247gbsaffiliates/components/landing/ExtraSections.tsx(132,29): error TS7026: JSX element implicitly has type 'any' because no interface 'JSX.IntrinsicElements' exists.
../247gbsaffiliates/components/landing/ExtraSections.tsx(133,29): error TS7026: JSX element implicitly has type 'any' because no interface 'JSX.IntrinsicElements' exists.
../247gbsaffiliates/components/landing/ExtraSections.tsx(134,33): error TS7026: JSX element implicitly has type 'any' because no interface 'JSX.IntrinsicElements' exists.
../247gbsaffiliates/components/landing/ExtraSections.tsx(135,37): error TS7026: JSX element implicitly has type 'any' because no interface 'JSX.IntrinsicElements' exists.
../247gbsaffiliates/components/landing/ExtraSections.tsx(135,104): error TS7026: JSX element implicitly has type 'any' because no interface 'JSX.IntrinsicElements' exists.
../247gbsaffiliates/components/landing/ExtraSections.tsx(136,33): error TS7026: JSX element implicitly has type 'any' because no interface 'JSX.IntrinsicElements' exists.
../247gbsaffiliates/components/landing/ExtraSections.tsx(137,33): error TS7026: JSX element implicitly has type 'any' because no interface 'JSX.IntrinsicElements' exists.
../247gbsaffiliates/components/landing/ExtraSections.tsx(137,88): error TS7026: JSX element implicitly has type 'any' because no interface 'JSX.IntrinsicElements' exists.
../247gbsaffiliates/components/landing/ExtraSections.tsx(138,29): error TS7026: JSX element implicitly has type 'any' because no interface 'JSX.IntrinsicElements' exists.
../247gbsaffiliates/components/landing/ExtraSections.tsx(139,25): error TS7026: JSX element implicitly has type 'any' because no interface 'JSX.IntrinsicElements' exists.
../247gbsaffiliates/components/landing/ExtraSections.tsx(140,25): error TS7026: JSX element implicitly has type 'any' because no interface 'JSX.IntrinsicElements' exists.
../247gbsaffiliates/components/landing/ExtraSections.tsx(141,29): error TS7026: JSX element implicitly has type 'any' because no interface 'JSX.IntrinsicElements' exists.
../247gbsaffiliates/components/landing/ExtraSections.tsx(141,185): error TS7026: JSX element implicitly has type 'any' because no interface 'JSX.IntrinsicElements' exists.
../247gbsaffiliates/components/landing/ExtraSections.tsx(142,29): error TS7026: JSX element implicitly has type 'any' because no interface 'JSX.IntrinsicElements' exists.
../247gbsaffiliates/components/landing/ExtraSections.tsx(142,182): error TS7026: JSX element implicitly has type 'any' because no interface 'JSX.IntrinsicElements' exists.
../247gbsaffiliates/components/landing/ExtraSections.tsx(143,25): error TS7026: JSX element implicitly has type 'any' because no interface 'JSX.IntrinsicElements' exists.
../247gbsaffiliates/components/landing/ExtraSections.tsx(144,21): error TS7026: JSX element implicitly has type 'any' because no interface 'JSX.IntrinsicElements' exists.
../247gbsaffiliates/components/landing/ExtraSections.tsx(145,21): error TS7026: JSX element implicitly has type 'any' because no interface 'JSX.IntrinsicElements' exists.
../247gbsaffiliates/components/landing/ExtraSections.tsx(146,25): error TS7026: JSX element implicitly has type 'any' because no interface 'JSX.IntrinsicElements' exists.
../247gbsaffiliates/components/landing/ExtraSections.tsx(147,29): error TS7026: JSX element implicitly has type 'any' because no interface 'JSX.IntrinsicElements' exists.
../247gbsaffiliates/components/landing/ExtraSections.tsx(147,97): error TS7026: JSX element implicitly has type 'any' because no interface 'JSX.IntrinsicElements' exists.
../247gbsaffiliates/components/landing/ExtraSections.tsx(148,29): error TS7026: JSX element implicitly has type 'any' because no interface 'JSX.IntrinsicElements' exists.
../247gbsaffiliates/components/landing/ExtraSections.tsx(149,33): error TS7026: JSX element implicitly has type 'any' because no interface 'JSX.IntrinsicElements' exists.
../247gbsaffiliates/components/landing/ExtraSections.tsx(149,169): error TS7026: JSX element implicitly has type 'any' because no interface 'JSX.IntrinsicElements' exists.
../247gbsaffiliates/components/landing/ExtraSections.tsx(150,33): error TS7026: JSX element implicitly has type 'any' because no interface 'JSX.IntrinsicElements' exists.
../247gbsaffiliates/components/landing/ExtraSections.tsx(150,169): error TS7026: JSX element implicitly has type 'any' because no interface 'JSX.IntrinsicElements' exists.
../247gbsaffiliates/components/landing/ExtraSections.tsx(151,33): error TS7026: JSX element implicitly has type 'any' because no interface 'JSX.IntrinsicElements' exists.
../247gbsaffiliates/components/landing/ExtraSections.tsx(151,169): error TS7026: JSX element implicitly has type 'any' because no interface 'JSX.IntrinsicElements' exists.
../247gbsaffiliates/components/landing/ExtraSections.tsx(152,33): error TS7026: JSX element implicitly has type 'any' because no interface 'JSX.IntrinsicElements' exists.
../247gbsaffiliates/components/landing/ExtraSections.tsx(152,168): error TS7026: JSX element implicitly has type 'any' because no interface 'JSX.IntrinsicElements' exists.
../247gbsaffiliates/components/landing/ExtraSections.tsx(153,29): error TS7026: JSX element implicitly has type 'any' because no interface 'JSX.IntrinsicElements' exists.
../247gbsaffiliates/components/landing/ExtraSections.tsx(154,29): error TS7026: JSX element implicitly has type 'any' because no interface 'JSX.IntrinsicElements' exists.
../247gbsaffiliates/components/landing/ExtraSections.tsx(155,33): error TS7026: JSX element implicitly has type 'any' because no interface 'JSX.IntrinsicElements' exists.
../247gbsaffiliates/components/landing/ExtraSections.tsx(155,244): error TS7026: JSX element implicitly has type 'any' because no interface 'JSX.IntrinsicElements' exists.
../247gbsaffiliates/components/landing/ExtraSections.tsx(156,33): error TS7026: JSX element implicitly has type 'any' because no interface 'JSX.IntrinsicElements' exists.
../247gbsaffiliates/components/landing/ExtraSections.tsx(157,37): error TS7026: JSX element implicitly has type 'any' because no interface 'JSX.IntrinsicElements' exists.
../247gbsaffiliates/components/landing/ExtraSections.tsx(157,131): error TS7026: JSX element implicitly has type 'any' because no interface 'JSX.IntrinsicElements' exists.
../247gbsaffiliates/components/landing/ExtraSections.tsx(158,37): error TS7026: JSX element implicitly has type 'any' because no interface 'JSX.IntrinsicElements' exists.
../247gbsaffiliates/components/landing/ExtraSections.tsx(159,41): error TS7026: JSX element implicitly has type 'any' because no interface 'JSX.IntrinsicElements' exists.
../247gbsaffiliates/components/landing/ExtraSections.tsx(159,87): error TS7026: JSX element implicitly has type 'any' because no interface 'JSX.IntrinsicElements' exists.
../247gbsaffiliates/components/landing/ExtraSections.tsx(160,41): error TS7026: JSX element implicitly has type 'any' because no interface 'JSX.IntrinsicElements' exists.
../247gbsaffiliates/components/landing/ExtraSections.tsx(160,145): error TS7026: JSX element implicitly has type 'any' because no interface 'JSX.IntrinsicElements' exists.
../247gbsaffiliates/components/landing/ExtraSections.tsx(161,37): error TS7026: JSX element implicitly has type 'any' because no interface 'JSX.IntrinsicElements' exists.
../247gbsaffiliates/components/landing/ExtraSections.tsx(162,33): error TS7026: JSX element implicitly has type 'any' because no interface 'JSX.IntrinsicElements' exists.
../247gbsaffiliates/components/landing/ExtraSections.tsx(163,29): error TS7026: JSX element implicitly has type 'any' because no interface 'JSX.IntrinsicElements' exists.
../247gbsaffiliates/components/landing/ExtraSections.tsx(164,25): error TS7026: JSX element implicitly has type 'any' because no interface 'JSX.IntrinsicElements' exists.
../247gbsaffiliates/components/landing/ExtraSections.tsx(165,21): error TS7026: JSX element implicitly has type 'any' because no interface 'JSX.IntrinsicElements' exists.
../247gbsaffiliates/components/landing/ExtraSections.tsx(166,17): error TS7026: JSX element implicitly has type 'any' because no interface 'JSX.IntrinsicElements' exists.
../247gbsaffiliates/components/landing/ExtraSections.tsx(167,13): error TS7026: JSX element implicitly has type 'any' because no interface 'JSX.IntrinsicElements' exists.
../247gbsaffiliates/components/landing/ExtraSections.tsx(168,9): error TS7026: JSX element implicitly has type 'any' because no interface 'JSX.IntrinsicElements' exists.
../247gbsaffiliates/components/landing/FAQ.tsx(3,26): error TS2307: Cannot find module 'react' or its corresponding type declarations.
../247gbsaffiliates/components/landing/FAQ.tsx(4,41): error TS2307: Cannot find module 'framer-motion' or its corresponding type declarations.
../247gbsaffiliates/components/landing/FAQ.tsx(5,31): error TS2307: Cannot find module 'react-icons/fa' or its corresponding type declarations.
../247gbsaffiliates/components/landing/FAQ.tsx(35,9): error TS7026: JSX element implicitly has type 'any' because no interface 'JSX.IntrinsicElements' exists.
../247gbsaffiliates/components/landing/FAQ.tsx(35,9): error TS2875: This JSX tag requires the module path 'react/jsx-runtime' to exist, but none could be found. Make sure you have types for the appropriate package installed.
../247gbsaffiliates/components/landing/FAQ.tsx(36,13): error TS7026: JSX element implicitly has type 'any' because no interface 'JSX.IntrinsicElements' exists.
../247gbsaffiliates/components/landing/FAQ.tsx(38,21): error TS7026: JSX element implicitly has type 'any' because no interface 'JSX.IntrinsicElements' exists.
../247gbsaffiliates/components/landing/FAQ.tsx(38,114): error TS7026: JSX element implicitly has type 'any' because no interface 'JSX.IntrinsicElements' exists.
../247gbsaffiliates/components/landing/FAQ.tsx(41,17): error TS7026: JSX element implicitly has type 'any' because no interface 'JSX.IntrinsicElements' exists.
../247gbsaffiliates/components/landing/FAQ.tsx(44,29): error TS7026: JSX element implicitly has type 'any' because no interface 'JSX.IntrinsicElements' exists.
../247gbsaffiliates/components/landing/FAQ.tsx(48,33): error TS7026: JSX element implicitly has type 'any' because no interface 'JSX.IntrinsicElements' exists.
../247gbsaffiliates/components/landing/FAQ.tsx(49,37): error TS7026: JSX element implicitly has type 'any' because no interface 'JSX.IntrinsicElements' exists.
../247gbsaffiliates/components/landing/FAQ.tsx(49,103): error TS7026: JSX element implicitly has type 'any' because no interface 'JSX.IntrinsicElements' exists.
../247gbsaffiliates/components/landing/FAQ.tsx(56,33): error TS7026: JSX element implicitly has type 'any' because no interface 'JSX.IntrinsicElements' exists.
../247gbsaffiliates/components/landing/FAQ.tsx(65,45): error TS7026: JSX element implicitly has type 'any' because no interface 'JSX.IntrinsicElements' exists.
../247gbsaffiliates/components/landing/FAQ.tsx(67,45): error TS7026: JSX element implicitly has type 'any' because no interface 'JSX.IntrinsicElements' exists.
../247gbsaffiliates/components/landing/FAQ.tsx(71,29): error TS7026: JSX element implicitly has type 'any' because no interface 'JSX.IntrinsicElements' exists.
../247gbsaffiliates/components/landing/FAQ.tsx(74,17): error TS7026: JSX element implicitly has type 'any' because no interface 'JSX.IntrinsicElements' exists.
../247gbsaffiliates/components/landing/FAQ.tsx(75,13): error TS7026: JSX element implicitly has type 'any' because no interface 'JSX.IntrinsicElements' exists.
../247gbsaffiliates/components/landing/FAQ.tsx(76,9): error TS7026: JSX element implicitly has type 'any' because no interface 'JSX.IntrinsicElements' exists.
../247gbsaffiliates/components/landing/Features.tsx(1,63): error TS2307: Cannot find module 'react-icons/fa' or its corresponding type declarations.
../247gbsaffiliates/components/landing/Features.tsx(5,15): error TS2875: This JSX tag requires the module path 'react/jsx-runtime' to exist, but none could be found. Make sure you have types for the appropriate package installed.
../247gbsaffiliates/components/landing/Features.tsx(28,9): error TS7026: JSX element implicitly has type 'any' because no interface 'JSX.IntrinsicElements' exists.
../247gbsaffiliates/components/landing/Features.tsx(29,13): error TS7026: JSX element implicitly has type 'any' because no interface 'JSX.IntrinsicElements' exists.
../247gbsaffiliates/components/landing/Features.tsx(30,17): error TS7026: JSX element implicitly has type 'any' because no interface 'JSX.IntrinsicElements' exists.
../247gbsaffiliates/components/landing/Features.tsx(31,21): error TS7026: JSX element implicitly has type 'any' because no interface 'JSX.IntrinsicElements' exists.
../247gbsaffiliates/components/landing/Features.tsx(31,107): error TS7026: JSX element implicitly has type 'any' because no interface 'JSX.IntrinsicElements' exists.
../247gbsaffiliates/components/landing/Features.tsx(32,21): error TS7026: JSX element implicitly has type 'any' because no interface 'JSX.IntrinsicElements' exists.
../247gbsaffiliates/components/landing/Features.tsx(34,21): error TS7026: JSX element implicitly has type 'any' because no interface 'JSX.IntrinsicElements' exists.
../247gbsaffiliates/components/landing/Features.tsx(35,17): error TS7026: JSX element implicitly has type 'any' because no interface 'JSX.IntrinsicElements' exists.
../247gbsaffiliates/components/landing/Features.tsx(37,17): error TS7026: JSX element implicitly has type 'any' because no interface 'JSX.IntrinsicElements' exists.
../247gbsaffiliates/components/landing/Features.tsx(39,25): error TS7026: JSX element implicitly has type 'any' because no interface 'JSX.IntrinsicElements' exists.
../247gbsaffiliates/components/landing/Features.tsx(40,29): error TS7026: JSX element implicitly has type 'any' because no interface 'JSX.IntrinsicElements' exists.
../247gbsaffiliates/components/landing/Features.tsx(42,29): error TS7026: JSX element implicitly has type 'any' because no interface 'JSX.IntrinsicElements' exists.
../247gbsaffiliates/components/landing/Features.tsx(43,29): error TS7026: JSX element implicitly has type 'any' because no interface 'JSX.IntrinsicElements' exists.
../247gbsaffiliates/components/landing/Features.tsx(43,101): error TS7026: JSX element implicitly has type 'any' because no interface 'JSX.IntrinsicElements' exists.
../247gbsaffiliates/components/landing/Features.tsx(44,29): error TS7026: JSX element implicitly has type 'any' because no interface 'JSX.IntrinsicElements' exists.
../247gbsaffiliates/components/landing/Features.tsx(44,79): error TS7026: JSX element implicitly has type 'any' because no interface 'JSX.IntrinsicElements' exists.
../247gbsaffiliates/components/landing/Features.tsx(45,25): error TS7026: JSX element implicitly has type 'any' because no interface 'JSX.IntrinsicElements' exists.
../247gbsaffiliates/components/landing/Features.tsx(47,17): error TS7026: JSX element implicitly has type 'any' because no interface 'JSX.IntrinsicElements' exists.
../247gbsaffiliates/components/landing/Features.tsx(48,13): error TS7026: JSX element implicitly has type 'any' because no interface 'JSX.IntrinsicElements' exists.
../247gbsaffiliates/components/landing/Features.tsx(49,9): error TS7026: JSX element implicitly has type 'any' because no interface 'JSX.IntrinsicElements' exists.
../247gbsaffiliates/components/landing/Footer.tsx(1,18): error TS2307: Cannot find module 'next/link' or its corresponding type declarations.
../247gbsaffiliates/components/landing/Footer.tsx(5,9): error TS7026: JSX element implicitly has type 'any' because no interface 'JSX.IntrinsicElements' exists.
../247gbsaffiliates/components/landing/Footer.tsx(5,9): error TS2875: This JSX tag requires the module path 'react/jsx-runtime' to exist, but none could be found. Make sure you have types for the appropriate package installed.
../247gbsaffiliates/components/landing/Footer.tsx(6,13): error TS7026: JSX element implicitly has type 'any' because no interface 'JSX.IntrinsicElements' exists.
../247gbsaffiliates/components/landing/Footer.tsx(7,17): error TS7026: JSX element implicitly has type 'any' because no interface 'JSX.IntrinsicElements' exists.
../247gbsaffiliates/components/landing/Footer.tsx(8,21): error TS7026: JSX element implicitly has type 'any' because no interface 'JSX.IntrinsicElements' exists.
../247gbsaffiliates/components/landing/Footer.tsx(9,25): error TS7026: JSX element implicitly has type 'any' because no interface 'JSX.IntrinsicElements' exists.
../247gbsaffiliates/components/landing/Footer.tsx(14,29): error TS7026: JSX element implicitly has type 'any' because no interface 'JSX.IntrinsicElements' exists.
../247gbsaffiliates/components/landing/Footer.tsx(18,30): error TS7026: JSX element implicitly has type 'any' because no interface 'JSX.IntrinsicElements' exists.
../247gbsaffiliates/components/landing/Footer.tsx(19,25): error TS7026: JSX element implicitly has type 'any' because no interface 'JSX.IntrinsicElements' exists.
../247gbsaffiliates/components/landing/Footer.tsx(20,21): error TS7026: JSX element implicitly has type 'any' because no interface 'JSX.IntrinsicElements' exists.
../247gbsaffiliates/components/landing/Footer.tsx(21,21): error TS7026: JSX element implicitly has type 'any' because no interface 'JSX.IntrinsicElements' exists.
../247gbsaffiliates/components/landing/Footer.tsx(21,78): error TS7026: JSX element implicitly has type 'any' because no interface 'JSX.IntrinsicElements' exists.
../247gbsaffiliates/components/landing/Footer.tsx(22,17): error TS7026: JSX element implicitly has type 'any' because no interface 'JSX.IntrinsicElements' exists.
../247gbsaffiliates/components/landing/Footer.tsx(23,17): error TS7026: JSX element implicitly has type 'any' because no interface 'JSX.IntrinsicElements' exists.
../247gbsaffiliates/components/landing/Footer.tsx(33,17): error TS7026: JSX element implicitly has type 'any' because no interface 'JSX.IntrinsicElements' exists.
../247gbsaffiliates/components/landing/Footer.tsx(34,17): error TS7026: JSX element implicitly has type 'any' because no interface 'JSX.IntrinsicElements' exists.
../247gbsaffiliates/components/landing/Footer.tsx(36,17): error TS7026: JSX element implicitly has type 'any' because no interface 'JSX.IntrinsicElements' exists.
../247gbsaffiliates/components/landing/Footer.tsx(37,13): error TS7026: JSX element implicitly has type 'any' because no interface 'JSX.IntrinsicElements' exists.
../247gbsaffiliates/components/landing/Footer.tsx(38,9): error TS7026: JSX element implicitly has type 'any' because no interface 'JSX.IntrinsicElements' exists.
../247gbsaffiliates/components/landing/Header.tsx(3,18): error TS2307: Cannot find module 'next/link' or its corresponding type declarations.
../247gbsaffiliates/components/landing/Header.tsx(4,37): error TS2307: Cannot find module 'react' or its corresponding type declarations.
../247gbsaffiliates/components/landing/Header.tsx(5,29): error TS2307: Cannot find module 'next/navigation' or its corresponding type declarations.
../247gbsaffiliates/components/landing/Header.tsx(45,9): error TS2875: This JSX tag requires the module path 'react/jsx-runtime' to exist, but none could be found. Make sure you have types for the appropriate package installed.
../247gbsaffiliates/components/landing/Header.tsx(46,13): error TS7026: JSX element implicitly has type 'any' because no interface 'JSX.IntrinsicElements' exists.
../247gbsaffiliates/components/landing/Header.tsx(52,17): error TS7026: JSX element implicitly has type 'any' because no interface 'JSX.IntrinsicElements' exists.
../247gbsaffiliates/components/landing/Header.tsx(54,25): error TS7026: JSX element implicitly has type 'any' because no interface 'JSX.IntrinsicElements' exists.
../247gbsaffiliates/components/landing/Header.tsx(55,29): error TS7026: JSX element implicitly has type 'any' because no interface 'JSX.IntrinsicElements' exists.
../247gbsaffiliates/components/landing/Header.tsx(60,33): error TS7026: JSX element implicitly has type 'any' because no interface 'JSX.IntrinsicElements' exists.
../247gbsaffiliates/components/landing/Header.tsx(64,34): error TS7026: JSX element implicitly has type 'any' because no interface 'JSX.IntrinsicElements' exists.
../247gbsaffiliates/components/landing/Header.tsx(65,29): error TS7026: JSX element implicitly has type 'any' because no interface 'JSX.IntrinsicElements' exists.
../247gbsaffiliates/components/landing/Header.tsx(66,25): error TS7026: JSX element implicitly has type 'any' because no interface 'JSX.IntrinsicElements' exists.
../247gbsaffiliates/components/landing/Header.tsx(67,25): error TS7026: JSX element implicitly has type 'any' because no interface 'JSX.IntrinsicElements' exists.
../247gbsaffiliates/components/landing/Header.tsx(69,25): error TS7026: JSX element implicitly has type 'any' because no interface 'JSX.IntrinsicElements' exists.
../247gbsaffiliates/components/landing/Header.tsx(73,21): error TS7026: JSX element implicitly has type 'any' because no interface 'JSX.IntrinsicElements' exists.
../247gbsaffiliates/components/landing/Header.tsx(83,21): error TS7026: JSX element implicitly has type 'any' because no interface 'JSX.IntrinsicElements' exists.
../247gbsaffiliates/components/landing/Header.tsx(86,21): error TS7026: JSX element implicitly has type 'any' because no interface 'JSX.IntrinsicElements' exists.
../247gbsaffiliates/components/landing/Header.tsx(99,21): error TS7026: JSX element implicitly has type 'any' because no interface 'JSX.IntrinsicElements' exists.
../247gbsaffiliates/components/landing/Header.tsx(102,21): error TS7026: JSX element implicitly has type 'any' because no interface 'JSX.IntrinsicElements' exists.
../247gbsaffiliates/components/landing/Header.tsx(106,25): error TS7026: JSX element implicitly has type 'any' because no interface 'JSX.IntrinsicElements' exists.
../247gbsaffiliates/components/landing/Header.tsx(108,25): error TS7026: JSX element implicitly has type 'any' because no interface 'JSX.IntrinsicElements' exists.
../247gbsaffiliates/components/landing/Header.tsx(109,21): error TS7026: JSX element implicitly has type 'any' because no interface 'JSX.IntrinsicElements' exists.
../247gbsaffiliates/components/landing/Header.tsx(110,17): error TS7026: JSX element implicitly has type 'any' because no interface 'JSX.IntrinsicElements' exists.
../247gbsaffiliates/components/landing/Header.tsx(111,13): error TS7026: JSX element implicitly has type 'any' because no interface 'JSX.IntrinsicElements' exists.
../247gbsaffiliates/components/landing/Header.tsx(114,13): error TS7026: JSX element implicitly has type 'any' because no interface 'JSX.IntrinsicElements' exists.
../247gbsaffiliates/components/landing/Header.tsx(121,13): error TS7026: JSX element implicitly has type 'any' because no interface 'JSX.IntrinsicElements' exists.
../247gbsaffiliates/components/landing/Header.tsx(125,17): error TS7026: JSX element implicitly has type 'any' because no interface 'JSX.IntrinsicElements' exists.
../247gbsaffiliates/components/landing/Header.tsx(127,17): error TS7026: JSX element implicitly has type 'any' because no interface 'JSX.IntrinsicElements' exists.
../247gbsaffiliates/components/landing/Header.tsx(129,17): error TS7026: JSX element implicitly has type 'any' because no interface 'JSX.IntrinsicElements' exists.
../247gbsaffiliates/components/landing/Header.tsx(130,21): error TS7026: JSX element implicitly has type 'any' because no interface 'JSX.IntrinsicElements' exists.
../247gbsaffiliates/components/landing/Header.tsx(140,21): error TS7026: JSX element implicitly has type 'any' because no interface 'JSX.IntrinsicElements' exists.
../247gbsaffiliates/components/landing/Header.tsx(142,21): error TS7026: JSX element implicitly has type 'any' because no interface 'JSX.IntrinsicElements' exists.
../247gbsaffiliates/components/landing/Header.tsx(155,21): error TS7026: JSX element implicitly has type 'any' because no interface 'JSX.IntrinsicElements' exists.
../247gbsaffiliates/components/landing/Header.tsx(156,17): error TS7026: JSX element implicitly has type 'any' because no interface 'JSX.IntrinsicElements' exists.
../247gbsaffiliates/components/landing/Header.tsx(158,17): error TS7026: JSX element implicitly has type 'any' because no interface 'JSX.IntrinsicElements' exists.
../247gbsaffiliates/components/landing/Header.tsx(159,21): error TS7026: JSX element implicitly has type 'any' because no interface 'JSX.IntrinsicElements' exists.
../247gbsaffiliates/components/landing/Header.tsx(161,21): error TS7026: JSX element implicitly has type 'any' because no interface 'JSX.IntrinsicElements' exists.
../247gbsaffiliates/components/landing/Header.tsx(162,17): error TS7026: JSX element implicitly has type 'any' because no interface 'JSX.IntrinsicElements' exists.
../247gbsaffiliates/components/landing/Header.tsx(163,13): error TS7026: JSX element implicitly has type 'any' because no interface 'JSX.IntrinsicElements' exists.
../247gbsaffiliates/components/landing/Hero.tsx(1,18): error TS2307: Cannot find module 'next/link' or its corresponding type declarations.
../247gbsaffiliates/components/landing/Hero.tsx(23,9): error TS7026: JSX element implicitly has type 'any' because no interface 'JSX.IntrinsicElements' exists.
../247gbsaffiliates/components/landing/Hero.tsx(23,9): error TS2875: This JSX tag requires the module path 'react/jsx-runtime' to exist, but none could be found. Make sure you have types for the appropriate package installed.
../247gbsaffiliates/components/landing/Hero.tsx(24,13): error TS7026: JSX element implicitly has type 'any' because no interface 'JSX.IntrinsicElements' exists.
../247gbsaffiliates/components/landing/Hero.tsx(25,17): error TS7026: JSX element implicitly has type 'any' because no interface 'JSX.IntrinsicElements' exists.
../247gbsaffiliates/components/landing/Hero.tsx(26,21): error TS7026: JSX element implicitly has type 'any' because no interface 'JSX.IntrinsicElements' exists.
../247gbsaffiliates/components/landing/Hero.tsx(27,25): error TS7026: JSX element implicitly has type 'any' because no interface 'JSX.IntrinsicElements' exists.
../247gbsaffiliates/components/landing/Hero.tsx(28,29): error TS7026: JSX element implicitly has type 'any' because no interface 'JSX.IntrinsicElements' exists.
../247gbsaffiliates/components/landing/Hero.tsx(29,33): error TS7026: JSX element implicitly has type 'any' because no interface 'JSX.IntrinsicElements' exists.
../247gbsaffiliates/components/landing/Hero.tsx(29,134): error TS7026: JSX element implicitly has type 'any' because no interface 'JSX.IntrinsicElements' exists.
../247gbsaffiliates/components/landing/Hero.tsx(30,33): error TS7026: JSX element implicitly has type 'any' because no interface 'JSX.IntrinsicElements' exists.
../247gbsaffiliates/components/landing/Hero.tsx(30,104): error TS7026: JSX element implicitly has type 'any' because no interface 'JSX.IntrinsicElements' exists.
../247gbsaffiliates/components/landing/Hero.tsx(31,29): error TS7026: JSX element implicitly has type 'any' because no interface 'JSX.IntrinsicElements' exists.
../247gbsaffiliates/components/landing/Hero.tsx(33,25): error TS7026: JSX element implicitly has type 'any' because no interface 'JSX.IntrinsicElements' exists.
../247gbsaffiliates/components/landing/Hero.tsx(34,25): error TS7026: JSX element implicitly has type 'any' because no interface 'JSX.IntrinsicElements' exists.
../247gbsaffiliates/components/landing/Hero.tsx(35,37): error TS7026: JSX element implicitly has type 'any' because no interface 'JSX.IntrinsicElements' exists.
../247gbsaffiliates/components/landing/Hero.tsx(36,29): error TS7026: JSX element implicitly has type 'any' because no interface 'JSX.IntrinsicElements' exists.
../247gbsaffiliates/components/landing/Hero.tsx(36,76): error TS7026: JSX element implicitly has type 'any' because no interface 'JSX.IntrinsicElements' exists.
../247gbsaffiliates/components/landing/Hero.tsx(37,25): error TS7026: JSX element implicitly has type 'any' because no interface 'JSX.IntrinsicElements' exists.
../247gbsaffiliates/components/landing/Hero.tsx(38,25): error TS7026: JSX element implicitly has type 'any' because no interface 'JSX.IntrinsicElements' exists.
../247gbsaffiliates/components/landing/Hero.tsx(40,25): error TS7026: JSX element implicitly has type 'any' because no interface 'JSX.IntrinsicElements' exists.
../247gbsaffiliates/components/landing/Hero.tsx(41,25): error TS7026: JSX element implicitly has type 'any' because no interface 'JSX.IntrinsicElements' exists.
../247gbsaffiliates/components/landing/Hero.tsx(48,29): error TS7026: JSX element implicitly has type 'any' because no interface 'JSX.IntrinsicElements' exists.
../247gbsaffiliates/components/landing/Hero.tsx(49,33): error TS7026: JSX element implicitly has type 'any' because no interface 'JSX.IntrinsicElements' exists.
../247gbsaffiliates/components/landing/Hero.tsx(49,88): error TS7026: JSX element implicitly has type 'any' because no interface 'JSX.IntrinsicElements' exists.
../247gbsaffiliates/components/landing/Hero.tsx(51,29): error TS7026: JSX element implicitly has type 'any' because no interface 'JSX.IntrinsicElements' exists.
../247gbsaffiliates/components/landing/Hero.tsx(52,25): error TS7026: JSX element implicitly has type 'any' because no interface 'JSX.IntrinsicElements' exists.
../247gbsaffiliates/components/landing/Hero.tsx(53,21): error TS7026: JSX element implicitly has type 'any' because no interface 'JSX.IntrinsicElements' exists.
../247gbsaffiliates/components/landing/Hero.tsx(54,21): error TS7026: JSX element implicitly has type 'any' because no interface 'JSX.IntrinsicElements' exists.
../247gbsaffiliates/components/landing/Hero.tsx(56,25): error TS7026: JSX element implicitly has type 'any' because no interface 'JSX.IntrinsicElements' exists.
../247gbsaffiliates/components/landing/Hero.tsx(57,29): error TS7026: JSX element implicitly has type 'any' because no interface 'JSX.IntrinsicElements' exists.
../247gbsaffiliates/components/landing/Hero.tsx(57,113): error TS7026: JSX element implicitly has type 'any' because no interface 'JSX.IntrinsicElements' exists.
../247gbsaffiliates/components/landing/Hero.tsx(58,29): error TS7026: JSX element implicitly has type 'any' because no interface 'JSX.IntrinsicElements' exists.
../247gbsaffiliates/components/landing/Hero.tsx(63,25): error TS7026: JSX element implicitly has type 'any' because no interface 'JSX.IntrinsicElements' exists.
../247gbsaffiliates/components/landing/Hero.tsx(64,21): error TS7026: JSX element implicitly has type 'any' because no interface 'JSX.IntrinsicElements' exists.
../247gbsaffiliates/components/landing/Hero.tsx(65,17): error TS7026: JSX element implicitly has type 'any' because no interface 'JSX.IntrinsicElements' exists.
../247gbsaffiliates/components/landing/Hero.tsx(66,13): error TS7026: JSX element implicitly has type 'any' because no interface 'JSX.IntrinsicElements' exists.
../247gbsaffiliates/components/landing/Hero.tsx(67,9): error TS7026: JSX element implicitly has type 'any' because no interface 'JSX.IntrinsicElements' exists.
../247gbsaffiliates/components/landing/HeroCarousel.tsx(3,37): error TS2307: Cannot find module 'react' or its corresponding type declarations.
../247gbsaffiliates/components/landing/HeroCarousel.tsx(4,18): error TS2307: Cannot find module 'next/link' or its corresponding type declarations.
../247gbsaffiliates/components/landing/HeroCarousel.tsx(5,41): error TS2307: Cannot find module 'framer-motion' or its corresponding type declarations.
../247gbsaffiliates/components/landing/HeroCarousel.tsx(39,25): error TS7006: Parameter 'prev' implicitly has an 'any' type.
../247gbsaffiliates/components/landing/HeroCarousel.tsx(45,9): error TS7026: JSX element implicitly has type 'any' because no interface 'JSX.IntrinsicElements' exists.
../247gbsaffiliates/components/landing/HeroCarousel.tsx(45,9): error TS2875: This JSX tag requires the module path 'react/jsx-runtime' to exist, but none could be found. Make sure you have types for the appropriate package installed.
../247gbsaffiliates/components/landing/HeroCarousel.tsx(56,21): error TS7026: JSX element implicitly has type 'any' because no interface 'JSX.IntrinsicElements' exists.
../247gbsaffiliates/components/landing/HeroCarousel.tsx(60,21): error TS7026: JSX element implicitly has type 'any' because no interface 'JSX.IntrinsicElements' exists.
../247gbsaffiliates/components/landing/HeroCarousel.tsx(63,21): error TS7026: JSX element implicitly has type 'any' because no interface 'JSX.IntrinsicElements' exists.
../247gbsaffiliates/components/landing/HeroCarousel.tsx(101,33): error TS7026: JSX element implicitly has type 'any' because no interface 'JSX.IntrinsicElements' exists.
../247gbsaffiliates/components/landing/HeroCarousel.tsx(101,95): error TS7026: JSX element implicitly has type 'any' because no interface 'JSX.IntrinsicElements' exists.
../247gbsaffiliates/components/landing/HeroCarousel.tsx(104,21): error TS7026: JSX element implicitly has type 'any' because no interface 'JSX.IntrinsicElements' exists.
../247gbsaffiliates/components/landing/HeroCarousel.tsx(109,13): error TS7026: JSX element implicitly has type 'any' because no interface 'JSX.IntrinsicElements' exists.
../247gbsaffiliates/components/landing/HeroCarousel.tsx(111,21): error TS7026: JSX element implicitly has type 'any' because no interface 'JSX.IntrinsicElements' exists.
../247gbsaffiliates/components/landing/HeroCarousel.tsx(118,13): error TS7026: JSX element implicitly has type 'any' because no interface 'JSX.IntrinsicElements' exists.
../247gbsaffiliates/components/landing/HeroCarousel.tsx(121,13): error TS7026: JSX element implicitly has type 'any' because no interface 'JSX.IntrinsicElements' exists.
../247gbsaffiliates/components/landing/HeroCarousel.tsx(122,44): error TS7006: Parameter 'prev' implicitly has an 'any' type.
../247gbsaffiliates/components/landing/HeroCarousel.tsx(125,17): error TS7026: JSX element implicitly has type 'any' because no interface 'JSX.IntrinsicElements' exists.
../247gbsaffiliates/components/landing/HeroCarousel.tsx(125,73): error TS7026: JSX element implicitly has type 'any' because no interface 'JSX.IntrinsicElements' exists.
../247gbsaffiliates/components/landing/HeroCarousel.tsx(126,13): error TS7026: JSX element implicitly has type 'any' because no interface 'JSX.IntrinsicElements' exists.
../247gbsaffiliates/components/landing/HeroCarousel.tsx(127,13): error TS7026: JSX element implicitly has type 'any' because no interface 'JSX.IntrinsicElements' exists.
../247gbsaffiliates/components/landing/HeroCarousel.tsx(128,44): error TS7006: Parameter 'prev' implicitly has an 'any' type.
../247gbsaffiliates/components/landing/HeroCarousel.tsx(131,17): error TS7026: JSX element implicitly has type 'any' because no interface 'JSX.IntrinsicElements' exists.
../247gbsaffiliates/components/landing/HeroCarousel.tsx(131,74): error TS7026: JSX element implicitly has type 'any' because no interface 'JSX.IntrinsicElements' exists.
../247gbsaffiliates/components/landing/HeroCarousel.tsx(132,13): error TS7026: JSX element implicitly has type 'any' because no interface 'JSX.IntrinsicElements' exists.
../247gbsaffiliates/components/landing/HeroCarousel.tsx(133,9): error TS7026: JSX element implicitly has type 'any' because no interface 'JSX.IntrinsicElements' exists.
../247gbsaffiliates/components/landing/HowItWorks.tsx(3,24): error TS2307: Cannot find module 'framer-motion' or its corresponding type declarations.
../247gbsaffiliates/components/landing/HowItWorks.tsx(4,63): error TS2307: Cannot find module 'react-icons/fa' or its corresponding type declarations.
../247gbsaffiliates/components/landing/HowItWorks.tsx(40,9): error TS7026: JSX element implicitly has type 'any' because no interface 'JSX.IntrinsicElements' exists.
../247gbsaffiliates/components/landing/HowItWorks.tsx(40,9): error TS2875: This JSX tag requires the module path 'react/jsx-runtime' to exist, but none could be found. Make sure you have types for the appropriate package installed.
../247gbsaffiliates/components/landing/HowItWorks.tsx(41,13): error TS7026: JSX element implicitly has type 'any' because no interface 'JSX.IntrinsicElements' exists.
../247gbsaffiliates/components/landing/HowItWorks.tsx(43,21): error TS7026: JSX element implicitly has type 'any' because no interface 'JSX.IntrinsicElements' exists.
../247gbsaffiliates/components/landing/HowItWorks.tsx(44,25): error TS7026: JSX element implicitly has type 'any' because no interface 'JSX.IntrinsicElements' exists.
../247gbsaffiliates/components/landing/HowItWorks.tsx(46,25): error TS7026: JSX element implicitly has type 'any' because no interface 'JSX.IntrinsicElements' exists.
../247gbsaffiliates/components/landing/HowItWorks.tsx(47,25): error TS7026: JSX element implicitly has type 'any' because no interface 'JSX.IntrinsicElements' exists.
../247gbsaffiliates/components/landing/HowItWorks.tsx(49,25): error TS7026: JSX element implicitly has type 'any' because no interface 'JSX.IntrinsicElements' exists.
../247gbsaffiliates/components/landing/HowItWorks.tsx(50,21): error TS7026: JSX element implicitly has type 'any' because no interface 'JSX.IntrinsicElements' exists.
../247gbsaffiliates/components/landing/HowItWorks.tsx(53,17): error TS7026: JSX element implicitly has type 'any' because no interface 'JSX.IntrinsicElements' exists.
../247gbsaffiliates/components/landing/HowItWorks.tsx(62,37): error TS7026: JSX element implicitly has type 'any' because no interface 'JSX.IntrinsicElements' exists.
../247gbsaffiliates/components/landing/HowItWorks.tsx(65,33): error TS7026: JSX element implicitly has type 'any' because no interface 'JSX.IntrinsicElements' exists.
../247gbsaffiliates/components/landing/HowItWorks.tsx(67,37): error TS7026: JSX element implicitly has type 'any' because no interface 'JSX.IntrinsicElements' exists.
../247gbsaffiliates/components/landing/HowItWorks.tsx(69,37): error TS7026: JSX element implicitly has type 'any' because no interface 'JSX.IntrinsicElements' exists.
../247gbsaffiliates/components/landing/HowItWorks.tsx(72,37): error TS7026: JSX element implicitly has type 'any' because no interface 'JSX.IntrinsicElements' exists.
../247gbsaffiliates/components/landing/HowItWorks.tsx(74,37): error TS7026: JSX element implicitly has type 'any' because no interface 'JSX.IntrinsicElements' exists.
../247gbsaffiliates/components/landing/HowItWorks.tsx(77,37): error TS7026: JSX element implicitly has type 'any' because no interface 'JSX.IntrinsicElements' exists.
../247gbsaffiliates/components/landing/HowItWorks.tsx(79,37): error TS7026: JSX element implicitly has type 'any' because no interface 'JSX.IntrinsicElements' exists.
../247gbsaffiliates/components/landing/HowItWorks.tsx(80,37): error TS7026: JSX element implicitly has type 'any' because no interface 'JSX.IntrinsicElements' exists.
../247gbsaffiliates/components/landing/HowItWorks.tsx(82,37): error TS7026: JSX element implicitly has type 'any' because no interface 'JSX.IntrinsicElements' exists.
../247gbsaffiliates/components/landing/HowItWorks.tsx(83,33): error TS7026: JSX element implicitly has type 'any' because no interface 'JSX.IntrinsicElements' exists.
../247gbsaffiliates/components/landing/HowItWorks.tsx(87,17): error TS7026: JSX element implicitly has type 'any' because no interface 'JSX.IntrinsicElements' exists.
../247gbsaffiliates/components/landing/HowItWorks.tsx(90,21): error TS7026: JSX element implicitly has type 'any' because no interface 'JSX.IntrinsicElements' exists.
../247gbsaffiliates/components/landing/HowItWorks.tsx(91,25): error TS7026: JSX element implicitly has type 'any' because no interface 'JSX.IntrinsicElements' exists.
../247gbsaffiliates/components/landing/HowItWorks.tsx(93,25): error TS7026: JSX element implicitly has type 'any' because no interface 'JSX.IntrinsicElements' exists.
../247gbsaffiliates/components/landing/HowItWorks.tsx(94,21): error TS7026: JSX element implicitly has type 'any' because no interface 'JSX.IntrinsicElements' exists.
../247gbsaffiliates/components/landing/HowItWorks.tsx(96,13): error TS7026: JSX element implicitly has type 'any' because no interface 'JSX.IntrinsicElements' exists.
../247gbsaffiliates/components/landing/HowItWorks.tsx(97,9): error TS7026: JSX element implicitly has type 'any' because no interface 'JSX.IntrinsicElements' exists.
../247gbsaffiliates/components/landing/Testimonials.tsx(3,37): error TS2307: Cannot find module 'react' or its corresponding type declarations.
../247gbsaffiliates/components/landing/Testimonials.tsx(4,41): error TS2307: Cannot find module 'framer-motion' or its corresponding type declarations.
../247gbsaffiliates/components/landing/Testimonials.tsx(5,55): error TS2307: Cannot find module 'react-icons/fa' or its corresponding type declarations.
../247gbsaffiliates/components/landing/Testimonials.tsx(36,26): error TS7006: Parameter 'prev' implicitly has an 'any' type.
../247gbsaffiliates/components/landing/Testimonials.tsx(40,26): error TS7006: Parameter 'prev' implicitly has an 'any' type.
../247gbsaffiliates/components/landing/Testimonials.tsx(51,9): error TS7026: JSX element implicitly has type 'any' because no interface 'JSX.IntrinsicElements' exists.
../247gbsaffiliates/components/landing/Testimonials.tsx(51,9): error TS2875: This JSX tag requires the module path 'react/jsx-runtime' to exist, but none could be found. Make sure you have types for the appropriate package installed.
../247gbsaffiliates/components/landing/Testimonials.tsx(52,13): error TS7026: JSX element implicitly has type 'any' because no interface 'JSX.IntrinsicElements' exists.
../247gbsaffiliates/components/landing/Testimonials.tsx(54,21): error TS7026: JSX element implicitly has type 'any' because no interface 'JSX.IntrinsicElements' exists.
../247gbsaffiliates/components/landing/Testimonials.tsx(56,21): error TS7026: JSX element implicitly has type 'any' because no interface 'JSX.IntrinsicElements' exists.
../247gbsaffiliates/components/landing/Testimonials.tsx(61,21): error TS7026: JSX element implicitly has type 'any' because no interface 'JSX.IntrinsicElements' exists.
../247gbsaffiliates/components/landing/Testimonials.tsx(63,25): error TS7026: JSX element implicitly has type 'any' because no interface 'JSX.IntrinsicElements' exists.
../247gbsaffiliates/components/landing/Testimonials.tsx(69,25): error TS7026: JSX element implicitly has type 'any' because no interface 'JSX.IntrinsicElements' exists.
../247gbsaffiliates/components/landing/Testimonials.tsx(70,25): error TS7026: JSX element implicitly has type 'any' because no interface 'JSX.IntrinsicElements' exists.
../247gbsaffiliates/components/landing/Testimonials.tsx(76,25): error TS7026: JSX element implicitly has type 'any' because no interface 'JSX.IntrinsicElements' exists.
../247gbsaffiliates/components/landing/Testimonials.tsx(79,25): error TS7026: JSX element implicitly has type 'any' because no interface 'JSX.IntrinsicElements' exists.
../247gbsaffiliates/components/landing/Testimonials.tsx(92,25): error TS7026: JSX element implicitly has type 'any' because no interface 'JSX.IntrinsicElements' exists.
../247gbsaffiliates/components/landing/Testimonials.tsx(95,25): error TS7026: JSX element implicitly has type 'any' because no interface 'JSX.IntrinsicElements' exists.
../247gbsaffiliates/components/landing/Testimonials.tsx(96,29): error TS7026: JSX element implicitly has type 'any' because no interface 'JSX.IntrinsicElements' exists.
../247gbsaffiliates/components/landing/Testimonials.tsx(104,29): error TS7026: JSX element implicitly has type 'any' because no interface 'JSX.IntrinsicElements' exists.
../247gbsaffiliates/components/landing/Testimonials.tsx(105,29): error TS7026: JSX element implicitly has type 'any' because no interface 'JSX.IntrinsicElements' exists.
../247gbsaffiliates/components/landing/Testimonials.tsx(118,29): error TS7026: JSX element implicitly has type 'any' because no interface 'JSX.IntrinsicElements' exists.
../247gbsaffiliates/components/landing/Testimonials.tsx(119,29): error TS7026: JSX element implicitly has type 'any' because no interface 'JSX.IntrinsicElements' exists.
../247gbsaffiliates/components/landing/Testimonials.tsx(127,41): error TS7026: JSX element implicitly has type 'any' because no interface 'JSX.IntrinsicElements' exists.
../247gbsaffiliates/components/landing/Testimonials.tsx(127,95): error TS7026: JSX element implicitly has type 'any' because no interface 'JSX.IntrinsicElements' exists.
../247gbsaffiliates/components/landing/Testimonials.tsx(128,41): error TS7026: JSX element implicitly has type 'any' because no interface 'JSX.IntrinsicElements' exists.
../247gbsaffiliates/components/landing/Testimonials.tsx(128,92): error TS7026: JSX element implicitly has type 'any' because no interface 'JSX.IntrinsicElements' exists.
../247gbsaffiliates/components/landing/Testimonials.tsx(131,29): error TS7026: JSX element implicitly has type 'any' because no interface 'JSX.IntrinsicElements' exists.
../247gbsaffiliates/components/landing/Testimonials.tsx(132,25): error TS7026: JSX element implicitly has type 'any' because no interface 'JSX.IntrinsicElements' exists.
../247gbsaffiliates/components/landing/Testimonials.tsx(133,21): error TS7026: JSX element implicitly has type 'any' because no interface 'JSX.IntrinsicElements' exists.
../247gbsaffiliates/components/landing/Testimonials.tsx(137,17): error TS7026: JSX element implicitly has type 'any' because no interface 'JSX.IntrinsicElements' exists.
../247gbsaffiliates/components/landing/Testimonials.tsx(139,25): error TS7026: JSX element implicitly has type 'any' because no interface 'JSX.IntrinsicElements' exists.
../247gbsaffiliates/components/landing/Testimonials.tsx(149,17): error TS7026: JSX element implicitly has type 'any' because no interface 'JSX.IntrinsicElements' exists.
../247gbsaffiliates/components/landing/Testimonials.tsx(153,21): error TS7026: JSX element implicitly has type 'any' because no interface 'JSX.IntrinsicElements' exists.
../247gbsaffiliates/components/landing/Testimonials.tsx(154,25): error TS7026: JSX element implicitly has type 'any' because no interface 'JSX.IntrinsicElements' exists.
../247gbsaffiliates/components/landing/Testimonials.tsx(156,25): error TS7026: JSX element implicitly has type 'any' because no interface 'JSX.IntrinsicElements' exists.
../247gbsaffiliates/components/landing/Testimonials.tsx(157,25): error TS7026: JSX element implicitly has type 'any' because no interface 'JSX.IntrinsicElements' exists.
../247gbsaffiliates/components/landing/Testimonials.tsx(158,29): error TS7026: JSX element implicitly has type 'any' because no interface 'JSX.IntrinsicElements' exists.
../247gbsaffiliates/components/landing/Testimonials.tsx(158,88): error TS7026: JSX element implicitly has type 'any' because no interface 'JSX.IntrinsicElements' exists.
../247gbsaffiliates/components/landing/Testimonials.tsx(159,29): error TS7026: JSX element implicitly has type 'any' because no interface 'JSX.IntrinsicElements' exists.
../247gbsaffiliates/components/landing/Testimonials.tsx(159,88): error TS7026: JSX element implicitly has type 'any' because no interface 'JSX.IntrinsicElements' exists.
../247gbsaffiliates/components/landing/Testimonials.tsx(160,29): error TS7026: JSX element implicitly has type 'any' because no interface 'JSX.IntrinsicElements' exists.
../247gbsaffiliates/components/landing/Testimonials.tsx(160,89): error TS7026: JSX element implicitly has type 'any' because no interface 'JSX.IntrinsicElements' exists.
../247gbsaffiliates/components/landing/Testimonials.tsx(161,29): error TS7026: JSX element implicitly has type 'any' because no interface 'JSX.IntrinsicElements' exists.
../247gbsaffiliates/components/landing/Testimonials.tsx(161,87): error TS7026: JSX element implicitly has type 'any' because no interface 'JSX.IntrinsicElements' exists.
../247gbsaffiliates/components/landing/Testimonials.tsx(162,25): error TS7026: JSX element implicitly has type 'any' because no interface 'JSX.IntrinsicElements' exists.
../247gbsaffiliates/components/landing/Testimonials.tsx(163,21): error TS7026: JSX element implicitly has type 'any' because no interface 'JSX.IntrinsicElements' exists.
../247gbsaffiliates/components/landing/Testimonials.tsx(165,13): error TS7026: JSX element implicitly has type 'any' because no interface 'JSX.IntrinsicElements' exists.
../247gbsaffiliates/components/landing/Testimonials.tsx(166,9): error TS7026: JSX element implicitly has type 'any' because no interface 'JSX.IntrinsicElements' exists.
../247gbsaffiliates/components/landing/TrustBadges.tsx(3,37): error TS2307: Cannot find module 'react' or its corresponding type declarations.
../247gbsaffiliates/components/landing/TrustBadges.tsx(4,24): error TS2307: Cannot find module 'framer-motion' or its corresponding type declarations.
../247gbsaffiliates/components/landing/TrustBadges.tsx(5,61): error TS2307: Cannot find module 'react-icons/fa' or its corresponding type declarations.
../247gbsaffiliates/components/landing/TrustBadges.tsx(67,9): error TS7026: JSX element implicitly has type 'any' because no interface 'JSX.IntrinsicElements' exists.
../247gbsaffiliates/components/landing/TrustBadges.tsx(67,9): error TS2875: This JSX tag requires the module path 'react/jsx-runtime' to exist, but none could be found. Make sure you have types for the appropriate package installed.
../247gbsaffiliates/components/landing/TrustBadges.tsx(69,9): error TS7026: JSX element implicitly has type 'any' because no interface 'JSX.IntrinsicElements' exists.
../247gbsaffiliates/components/landing/TrustBadges.tsx(75,9): error TS7026: JSX element implicitly has type 'any' because no interface 'JSX.IntrinsicElements' exists.
../247gbsaffiliates/components/landing/TrustBadges.tsx(76,13): error TS7026: JSX element implicitly has type 'any' because no interface 'JSX.IntrinsicElements' exists.
../247gbsaffiliates/components/landing/TrustBadges.tsx(78,21): error TS7026: JSX element implicitly has type 'any' because no interface 'JSX.IntrinsicElements' exists.
../247gbsaffiliates/components/landing/TrustBadges.tsx(79,25): error TS7026: JSX element implicitly has type 'any' because no interface 'JSX.IntrinsicElements' exists.
../247gbsaffiliates/components/landing/TrustBadges.tsx(81,25): error TS7026: JSX element implicitly has type 'any' because no interface 'JSX.IntrinsicElements' exists.
../247gbsaffiliates/components/landing/TrustBadges.tsx(82,25): error TS7026: JSX element implicitly has type 'any' because no interface 'JSX.IntrinsicElements' exists.
../247gbsaffiliates/components/landing/TrustBadges.tsx(84,25): error TS7026: JSX element implicitly has type 'any' because no interface 'JSX.IntrinsicElements' exists.
../247gbsaffiliates/components/landing/TrustBadges.tsx(85,21): error TS7026: JSX element implicitly has type 'any' because no interface 'JSX.IntrinsicElements' exists.
../247gbsaffiliates/components/landing/TrustBadges.tsx(88,17): error TS7026: JSX element implicitly has type 'any' because no interface 'JSX.IntrinsicElements' exists.
../247gbsaffiliates/components/landing/TrustBadges.tsx(95,33): error TS7026: JSX element implicitly has type 'any' because no interface 'JSX.IntrinsicElements' exists.
../247gbsaffiliates/components/landing/TrustBadges.tsx(97,33): error TS7026: JSX element implicitly has type 'any' because no interface 'JSX.IntrinsicElements' exists.
../247gbsaffiliates/components/landing/TrustBadges.tsx(98,33): error TS7026: JSX element implicitly has type 'any' because no interface 'JSX.IntrinsicElements' exists.
../247gbsaffiliates/components/landing/TrustBadges.tsx(101,33): error TS7026: JSX element implicitly has type 'any' because no interface 'JSX.IntrinsicElements' exists.
../247gbsaffiliates/components/landing/TrustBadges.tsx(102,33): error TS7026: JSX element implicitly has type 'any' because no interface 'JSX.IntrinsicElements' exists.
../247gbsaffiliates/components/landing/TrustBadges.tsx(104,33): error TS7026: JSX element implicitly has type 'any' because no interface 'JSX.IntrinsicElements' exists.
../247gbsaffiliates/components/landing/TrustBadges.tsx(108,17): error TS7026: JSX element implicitly has type 'any' because no interface 'JSX.IntrinsicElements' exists.
../247gbsaffiliates/components/landing/TrustBadges.tsx(111,21): error TS7026: JSX element implicitly has type 'any' because no interface 'JSX.IntrinsicElements' exists.
../247gbsaffiliates/components/landing/TrustBadges.tsx(112,25): error TS7026: JSX element implicitly has type 'any' because no interface 'JSX.IntrinsicElements' exists.
../247gbsaffiliates/components/landing/TrustBadges.tsx(113,29): error TS7026: JSX element implicitly has type 'any' because no interface 'JSX.IntrinsicElements' exists.
../247gbsaffiliates/components/landing/TrustBadges.tsx(115,33): error TS7026: JSX element implicitly has type 'any' because no interface 'JSX.IntrinsicElements' exists.
../247gbsaffiliates/components/landing/TrustBadges.tsx(115,58): error TS7026: JSX element implicitly has type 'any' because no interface 'JSX.IntrinsicElements' exists.
../247gbsaffiliates/components/landing/TrustBadges.tsx(116,29): error TS7026: JSX element implicitly has type 'any' because no interface 'JSX.IntrinsicElements' exists.
../247gbsaffiliates/components/landing/TrustBadges.tsx(117,29): error TS7026: JSX element implicitly has type 'any' because no interface 'JSX.IntrinsicElements' exists.
../247gbsaffiliates/components/landing/TrustBadges.tsx(119,33): error TS7026: JSX element implicitly has type 'any' because no interface 'JSX.IntrinsicElements' exists.
../247gbsaffiliates/components/landing/TrustBadges.tsx(119,60): error TS7026: JSX element implicitly has type 'any' because no interface 'JSX.IntrinsicElements' exists.
../247gbsaffiliates/components/landing/TrustBadges.tsx(120,29): error TS7026: JSX element implicitly has type 'any' because no interface 'JSX.IntrinsicElements' exists.
../247gbsaffiliates/components/landing/TrustBadges.tsx(121,29): error TS7026: JSX element implicitly has type 'any' because no interface 'JSX.IntrinsicElements' exists.
../247gbsaffiliates/components/landing/TrustBadges.tsx(123,33): error TS7026: JSX element implicitly has type 'any' because no interface 'JSX.IntrinsicElements' exists.
../247gbsaffiliates/components/landing/TrustBadges.tsx(123,54): error TS7026: JSX element implicitly has type 'any' because no interface 'JSX.IntrinsicElements' exists.
../247gbsaffiliates/components/landing/TrustBadges.tsx(124,29): error TS7026: JSX element implicitly has type 'any' because no interface 'JSX.IntrinsicElements' exists.
../247gbsaffiliates/components/landing/TrustBadges.tsx(125,29): error TS7026: JSX element implicitly has type 'any' because no interface 'JSX.IntrinsicElements' exists.
../247gbsaffiliates/components/landing/TrustBadges.tsx(127,33): error TS7026: JSX element implicitly has type 'any' because no interface 'JSX.IntrinsicElements' exists.
../247gbsaffiliates/components/landing/TrustBadges.tsx(127,51): error TS7026: JSX element implicitly has type 'any' because no interface 'JSX.IntrinsicElements' exists.
../247gbsaffiliates/components/landing/TrustBadges.tsx(128,29): error TS7026: JSX element implicitly has type 'any' because no interface 'JSX.IntrinsicElements' exists.
../247gbsaffiliates/components/landing/TrustBadges.tsx(129,25): error TS7026: JSX element implicitly has type 'any' because no interface 'JSX.IntrinsicElements' exists.
../247gbsaffiliates/components/landing/TrustBadges.tsx(130,21): error TS7026: JSX element implicitly has type 'any' because no interface 'JSX.IntrinsicElements' exists.
../247gbsaffiliates/components/landing/TrustBadges.tsx(132,13): error TS7026: JSX element implicitly has type 'any' because no interface 'JSX.IntrinsicElements' exists.
../247gbsaffiliates/components/landing/TrustBadges.tsx(133,9): error TS7026: JSX element implicitly has type 'any' because no interface 'JSX.IntrinsicElements' exists.
../247gbsaffiliates/components/learning/CountdownTimer.tsx(3,44): error TS2307: Cannot find module 'react' or its corresponding type declarations.
../247gbsaffiliates/components/learning/CountdownTimer.tsx(10,65): error TS7031: Binding element 'targetTimestamp' implicitly has an 'any' type.
../247gbsaffiliates/components/learning/CountdownTimer.tsx(10,82): error TS7031: Binding element 'onComplete' implicitly has an 'any' type.
../247gbsaffiliates/components/learning/CountdownTimer.tsx(44,9): error TS7026: JSX element implicitly has type 'any' because no interface 'JSX.IntrinsicElements' exists.
../247gbsaffiliates/components/learning/CountdownTimer.tsx(44,9): error TS2875: This JSX tag requires the module path 'react/jsx-runtime' to exist, but none could be found. Make sure you have types for the appropriate package installed.
../247gbsaffiliates/components/learning/CountdownTimer.tsx(45,13): error TS7026: JSX element implicitly has type 'any' because no interface 'JSX.IntrinsicElements' exists.
../247gbsaffiliates/components/learning/CountdownTimer.tsx(47,17): error TS7026: JSX element implicitly has type 'any' because no interface 'JSX.IntrinsicElements' exists.
../247gbsaffiliates/components/learning/CountdownTimer.tsx(48,21): error TS7026: JSX element implicitly has type 'any' because no interface 'JSX.IntrinsicElements' exists.
../247gbsaffiliates/components/learning/CountdownTimer.tsx(49,25): error TS7026: JSX element implicitly has type 'any' because no interface 'JSX.IntrinsicElements' exists.
../247gbsaffiliates/components/learning/CountdownTimer.tsx(58,25): error TS7026: JSX element implicitly has type 'any' because no interface 'JSX.IntrinsicElements' exists.
../247gbsaffiliates/components/learning/CountdownTimer.tsx(70,21): error TS7026: JSX element implicitly has type 'any' because no interface 'JSX.IntrinsicElements' exists.
../247gbsaffiliates/components/learning/CountdownTimer.tsx(71,21): error TS7026: JSX element implicitly has type 'any' because no interface 'JSX.IntrinsicElements' exists.
../247gbsaffiliates/components/learning/CountdownTimer.tsx(72,25): error TS7026: JSX element implicitly has type 'any' because no interface 'JSX.IntrinsicElements' exists.
../247gbsaffiliates/components/learning/CountdownTimer.tsx(73,29): error TS7026: JSX element implicitly has type 'any' because no interface 'JSX.IntrinsicElements' exists.
../247gbsaffiliates/components/learning/CountdownTimer.tsx(75,29): error TS7026: JSX element implicitly has type 'any' because no interface 'JSX.IntrinsicElements' exists.
../247gbsaffiliates/components/learning/CountdownTimer.tsx(76,29): error TS7026: JSX element implicitly has type 'any' because no interface 'JSX.IntrinsicElements' exists.
../247gbsaffiliates/components/learning/CountdownTimer.tsx(78,29): error TS7026: JSX element implicitly has type 'any' because no interface 'JSX.IntrinsicElements' exists.
../247gbsaffiliates/components/learning/CountdownTimer.tsx(79,25): error TS7026: JSX element implicitly has type 'any' because no interface 'JSX.IntrinsicElements' exists.
../247gbsaffiliates/components/learning/CountdownTimer.tsx(80,21): error TS7026: JSX element implicitly has type 'any' because no interface 'JSX.IntrinsicElements' exists.
../247gbsaffiliates/components/learning/CountdownTimer.tsx(81,17): error TS7026: JSX element implicitly has type 'any' because no interface 'JSX.IntrinsicElements' exists.
../247gbsaffiliates/components/learning/CountdownTimer.tsx(84,17): error TS7026: JSX element implicitly has type 'any' because no interface 'JSX.IntrinsicElements' exists.
../247gbsaffiliates/components/learning/CountdownTimer.tsx(85,21): error TS7026: JSX element implicitly has type 'any' because no interface 'JSX.IntrinsicElements' exists.
../247gbsaffiliates/components/learning/CountdownTimer.tsx(87,21): error TS7026: JSX element implicitly has type 'any' because no interface 'JSX.IntrinsicElements' exists.
../247gbsaffiliates/components/learning/CountdownTimer.tsx(88,21): error TS7026: JSX element implicitly has type 'any' because no interface 'JSX.IntrinsicElements' exists.
../247gbsaffiliates/components/learning/CountdownTimer.tsx(90,21): error TS7026: JSX element implicitly has type 'any' because no interface 'JSX.IntrinsicElements' exists.
../247gbsaffiliates/components/learning/CountdownTimer.tsx(91,21): error TS7026: JSX element implicitly has type 'any' because no interface 'JSX.IntrinsicElements' exists.
../247gbsaffiliates/components/learning/CountdownTimer.tsx(92,25): error TS7026: JSX element implicitly has type 'any' because no interface 'JSX.IntrinsicElements' exists.
../247gbsaffiliates/components/learning/CountdownTimer.tsx(93,29): error TS7026: JSX element implicitly has type 'any' because no interface 'JSX.IntrinsicElements' exists.
../247gbsaffiliates/components/learning/CountdownTimer.tsx(93,98): error TS7026: JSX element implicitly has type 'any' because no interface 'JSX.IntrinsicElements' exists.
../247gbsaffiliates/components/learning/CountdownTimer.tsx(94,29): error TS7026: JSX element implicitly has type 'any' because no interface 'JSX.IntrinsicElements' exists.
../247gbsaffiliates/components/learning/CountdownTimer.tsx(94,113): error TS7026: JSX element implicitly has type 'any' because no interface 'JSX.IntrinsicElements' exists.
../247gbsaffiliates/components/learning/CountdownTimer.tsx(95,25): error TS7026: JSX element implicitly has type 'any' because no interface 'JSX.IntrinsicElements' exists.
../247gbsaffiliates/components/learning/CountdownTimer.tsx(96,25): error TS7026: JSX element implicitly has type 'any' because no interface 'JSX.IntrinsicElements' exists.
../247gbsaffiliates/components/learning/CountdownTimer.tsx(96,67): error TS7026: JSX element implicitly has type 'any' because no interface 'JSX.IntrinsicElements' exists.
../247gbsaffiliates/components/learning/CountdownTimer.tsx(97,25): error TS7026: JSX element implicitly has type 'any' because no interface 'JSX.IntrinsicElements' exists.
../247gbsaffiliates/components/learning/CountdownTimer.tsx(98,29): error TS7026: JSX element implicitly has type 'any' because no interface 'JSX.IntrinsicElements' exists.
../247gbsaffiliates/components/learning/CountdownTimer.tsx(98,100): error TS7026: JSX element implicitly has type 'any' because no interface 'JSX.IntrinsicElements' exists.
../247gbsaffiliates/components/learning/CountdownTimer.tsx(99,29): error TS7026: JSX element implicitly has type 'any' because no interface 'JSX.IntrinsicElements' exists.
../247gbsaffiliates/components/learning/CountdownTimer.tsx(99,115): error TS7026: JSX element implicitly has type 'any' because no interface 'JSX.IntrinsicElements' exists.
../247gbsaffiliates/components/learning/CountdownTimer.tsx(100,25): error TS7026: JSX element implicitly has type 'any' because no interface 'JSX.IntrinsicElements' exists.
../247gbsaffiliates/components/learning/CountdownTimer.tsx(101,25): error TS7026: JSX element implicitly has type 'any' because no interface 'JSX.IntrinsicElements' exists.
../247gbsaffiliates/components/learning/CountdownTimer.tsx(101,67): error TS7026: JSX element implicitly has type 'any' because no interface 'JSX.IntrinsicElements' exists.
../247gbsaffiliates/components/learning/CountdownTimer.tsx(102,25): error TS7026: JSX element implicitly has type 'any' because no interface 'JSX.IntrinsicElements' exists.
../247gbsaffiliates/components/learning/CountdownTimer.tsx(103,29): error TS7026: JSX element implicitly has type 'any' because no interface 'JSX.IntrinsicElements' exists.
../247gbsaffiliates/components/learning/CountdownTimer.tsx(103,100): error TS7026: JSX element implicitly has type 'any' because no interface 'JSX.IntrinsicElements' exists.
../247gbsaffiliates/components/learning/CountdownTimer.tsx(104,29): error TS7026: JSX element implicitly has type 'any' because no interface 'JSX.IntrinsicElements' exists.
../247gbsaffiliates/components/learning/CountdownTimer.tsx(104,115): error TS7026: JSX element implicitly has type 'any' because no interface 'JSX.IntrinsicElements' exists.
../247gbsaffiliates/components/learning/CountdownTimer.tsx(105,25): error TS7026: JSX element implicitly has type 'any' because no interface 'JSX.IntrinsicElements' exists.
../247gbsaffiliates/components/learning/CountdownTimer.tsx(106,21): error TS7026: JSX element implicitly has type 'any' because no interface 'JSX.IntrinsicElements' exists.
../247gbsaffiliates/components/learning/CountdownTimer.tsx(107,17): error TS7026: JSX element implicitly has type 'any' because no interface 'JSX.IntrinsicElements' exists.
../247gbsaffiliates/components/learning/CountdownTimer.tsx(108,13): error TS7026: JSX element implicitly has type 'any' because no interface 'JSX.IntrinsicElements' exists.
../247gbsaffiliates/components/learning/CountdownTimer.tsx(109,9): error TS7026: JSX element implicitly has type 'any' because no interface 'JSX.IntrinsicElements' exists.
../247gbsaffiliates/components/learning/LearningCard.tsx(3,19): error TS2307: Cannot find module 'react' or its corresponding type declarations.
../247gbsaffiliates/components/learning/LearningCard.tsx(12,61): error TS7031: Binding element 'resource' implicitly has an 'any' type.
../247gbsaffiliates/components/learning/LearningCard.tsx(12,71): error TS7031: Binding element 'isCompleted' implicitly has an 'any' type.
../247gbsaffiliates/components/learning/LearningCard.tsx(12,84): error TS7031: Binding element 'onToggleComplete' implicitly has an 'any' type.
../247gbsaffiliates/components/learning/LearningCard.tsx(27,9): error TS7026: JSX element implicitly has type 'any' because no interface 'JSX.IntrinsicElements' exists.
../247gbsaffiliates/components/learning/LearningCard.tsx(27,9): error TS2875: This JSX tag requires the module path 'react/jsx-runtime' to exist, but none could be found. Make sure you have types for the appropriate package installed.
../247gbsaffiliates/components/learning/LearningCard.tsx(29,13): error TS7026: JSX element implicitly has type 'any' because no interface 'JSX.IntrinsicElements' exists.
../247gbsaffiliates/components/learning/LearningCard.tsx(31,17): error TS7026: JSX element implicitly has type 'any' because no interface 'JSX.IntrinsicElements' exists.
../247gbsaffiliates/components/learning/LearningCard.tsx(32,21): error TS7026: JSX element implicitly has type 'any' because no interface 'JSX.IntrinsicElements' exists.
../247gbsaffiliates/components/learning/LearningCard.tsx(33,25): error TS7026: JSX element implicitly has type 'any' because no interface 'JSX.IntrinsicElements' exists.
../247gbsaffiliates/components/learning/LearningCard.tsx(34,29): error TS7026: JSX element implicitly has type 'any' because no interface 'JSX.IntrinsicElements' exists.
../247gbsaffiliates/components/learning/LearningCard.tsx(34,126): error TS7053: Element implicitly has an 'any' type because expression of type 'any' can't be used to index type '{ scenario: string; knowledge: string; skills: string; general: string; }'.
../247gbsaffiliates/components/learning/LearningCard.tsx(36,29): error TS7026: JSX element implicitly has type 'any' because no interface 'JSX.IntrinsicElements' exists.
../247gbsaffiliates/components/learning/LearningCard.tsx(37,29): error TS7026: JSX element implicitly has type 'any' because no interface 'JSX.IntrinsicElements' exists.
../247gbsaffiliates/components/learning/LearningCard.tsx(37,78): error TS7053: Element implicitly has an 'any' type because expression of type 'any' can't be used to index type '{ beginner: string; intermediate: string; advanced: string; }'.
../247gbsaffiliates/components/learning/LearningCard.tsx(39,29): error TS7026: JSX element implicitly has type 'any' because no interface 'JSX.IntrinsicElements' exists.
../247gbsaffiliates/components/learning/LearningCard.tsx(40,25): error TS7026: JSX element implicitly has type 'any' because no interface 'JSX.IntrinsicElements' exists.
../247gbsaffiliates/components/learning/LearningCard.tsx(41,25): error TS7026: JSX element implicitly has type 'any' because no interface 'JSX.IntrinsicElements' exists.
../247gbsaffiliates/components/learning/LearningCard.tsx(43,25): error TS7026: JSX element implicitly has type 'any' because no interface 'JSX.IntrinsicElements' exists.
../247gbsaffiliates/components/learning/LearningCard.tsx(44,21): error TS7026: JSX element implicitly has type 'any' because no interface 'JSX.IntrinsicElements' exists.
../247gbsaffiliates/components/learning/LearningCard.tsx(47,21): error TS7026: JSX element implicitly has type 'any' because no interface 'JSX.IntrinsicElements' exists.
../247gbsaffiliates/components/learning/LearningCard.tsx(55,29): error TS7026: JSX element implicitly has type 'any' because no interface 'JSX.IntrinsicElements' exists.
../247gbsaffiliates/components/learning/LearningCard.tsx(55,97): error TS7026: JSX element implicitly has type 'any' because no interface 'JSX.IntrinsicElements' exists.
../247gbsaffiliates/components/learning/LearningCard.tsx(57,21): error TS7026: JSX element implicitly has type 'any' because no interface 'JSX.IntrinsicElements' exists.
../247gbsaffiliates/components/learning/LearningCard.tsx(58,17): error TS7026: JSX element implicitly has type 'any' because no interface 'JSX.IntrinsicElements' exists.
../247gbsaffiliates/components/learning/LearningCard.tsx(61,17): error TS7026: JSX element implicitly has type 'any' because no interface 'JSX.IntrinsicElements' exists.
../247gbsaffiliates/components/learning/LearningCard.tsx(63,17): error TS7026: JSX element implicitly has type 'any' because no interface 'JSX.IntrinsicElements' exists.
../247gbsaffiliates/components/learning/LearningCard.tsx(66,17): error TS7026: JSX element implicitly has type 'any' because no interface 'JSX.IntrinsicElements' exists.
../247gbsaffiliates/components/learning/LearningCard.tsx(67,21): error TS7026: JSX element implicitly has type 'any' because no interface 'JSX.IntrinsicElements' exists.
../247gbsaffiliates/components/learning/LearningCard.tsx(68,25): error TS7026: JSX element implicitly has type 'any' because no interface 'JSX.IntrinsicElements' exists.
../247gbsaffiliates/components/learning/LearningCard.tsx(69,29): error TS7026: JSX element implicitly has type 'any' because no interface 'JSX.IntrinsicElements' exists.
../247gbsaffiliates/components/learning/LearningCard.tsx(69,91): error TS7026: JSX element implicitly has type 'any' because no interface 'JSX.IntrinsicElements' exists.
../247gbsaffiliates/components/learning/LearningCard.tsx(70,29): error TS7026: JSX element implicitly has type 'any' because no interface 'JSX.IntrinsicElements' exists.
../247gbsaffiliates/components/learning/LearningCard.tsx(70,80): error TS7026: JSX element implicitly has type 'any' because no interface 'JSX.IntrinsicElements' exists.
../247gbsaffiliates/components/learning/LearningCard.tsx(71,25): error TS7026: JSX element implicitly has type 'any' because no interface 'JSX.IntrinsicElements' exists.
../247gbsaffiliates/components/learning/LearningCard.tsx(72,21): error TS7026: JSX element implicitly has type 'any' because no interface 'JSX.IntrinsicElements' exists.
../247gbsaffiliates/components/learning/LearningCard.tsx(74,21): error TS7026: JSX element implicitly has type 'any' because no interface 'JSX.IntrinsicElements' exists.
../247gbsaffiliates/components/learning/LearningCard.tsx(81,25): error TS7026: JSX element implicitly has type 'any' because no interface 'JSX.IntrinsicElements' exists.
../247gbsaffiliates/components/learning/LearningCard.tsx(81,90): error TS7026: JSX element implicitly has type 'any' because no interface 'JSX.IntrinsicElements' exists.
../247gbsaffiliates/components/learning/LearningCard.tsx(82,21): error TS7026: JSX element implicitly has type 'any' because no interface 'JSX.IntrinsicElements' exists.
../247gbsaffiliates/components/learning/LearningCard.tsx(83,17): error TS7026: JSX element implicitly has type 'any' because no interface 'JSX.IntrinsicElements' exists.
../247gbsaffiliates/components/learning/LearningCard.tsx(84,13): error TS7026: JSX element implicitly has type 'any' because no interface 'JSX.IntrinsicElements' exists.
../247gbsaffiliates/components/learning/LearningCard.tsx(88,17): error TS7026: JSX element implicitly has type 'any' because no interface 'JSX.IntrinsicElements' exists.
../247gbsaffiliates/components/learning/LearningCard.tsx(89,21): error TS7026: JSX element implicitly has type 'any' because no interface 'JSX.IntrinsicElements' exists.
../247gbsaffiliates/components/learning/LearningCard.tsx(90,25): error TS7026: JSX element implicitly has type 'any' because no interface 'JSX.IntrinsicElements' exists.
../247gbsaffiliates/components/learning/LearningCard.tsx(90,89): error TS7026: JSX element implicitly has type 'any' because no interface 'JSX.IntrinsicElements' exists.
../247gbsaffiliates/components/learning/LearningCard.tsx(91,25): error TS7026: JSX element implicitly has type 'any' because no interface 'JSX.IntrinsicElements' exists.
../247gbsaffiliates/components/learning/LearningCard.tsx(91,95): error TS7026: JSX element implicitly has type 'any' because no interface 'JSX.IntrinsicElements' exists.
../247gbsaffiliates/components/learning/LearningCard.tsx(92,21): error TS7026: JSX element implicitly has type 'any' because no interface 'JSX.IntrinsicElements' exists.
../247gbsaffiliates/components/learning/LearningCard.tsx(93,17): error TS7026: JSX element implicitly has type 'any' because no interface 'JSX.IntrinsicElements' exists.
../247gbsaffiliates/components/learning/LearningCard.tsx(95,9): error TS7026: JSX element implicitly has type 'any' because no interface 'JSX.IntrinsicElements' exists.
../247gbsaffiliates/components/learning/ProgressTracker.tsx(3,19): error TS2307: Cannot find module 'react' or its corresponding type declarations.
../247gbsaffiliates/components/learning/ProgressTracker.tsx(10,67): error TS7031: Binding element 'completed' implicitly has an 'any' type.
../247gbsaffiliates/components/learning/ProgressTracker.tsx(10,78): error TS7031: Binding element 'total' implicitly has an 'any' type.
../247gbsaffiliates/components/learning/ProgressTracker.tsx(23,9): error TS7026: JSX element implicitly has type 'any' because no interface 'JSX.IntrinsicElements' exists.
../247gbsaffiliates/components/learning/ProgressTracker.tsx(23,9): error TS2875: This JSX tag requires the module path 'react/jsx-runtime' to exist, but none could be found. Make sure you have types for the appropriate package installed.
../247gbsaffiliates/components/learning/ProgressTracker.tsx(24,13): error TS7026: JSX element implicitly has type 'any' because no interface 'JSX.IntrinsicElements' exists.
../247gbsaffiliates/components/learning/ProgressTracker.tsx(26,17): error TS7026: JSX element implicitly has type 'any' because no interface 'JSX.IntrinsicElements' exists.
../247gbsaffiliates/components/learning/ProgressTracker.tsx(27,21): error TS7026: JSX element implicitly has type 'any' because no interface 'JSX.IntrinsicElements' exists.
../247gbsaffiliates/components/learning/ProgressTracker.tsx(28,25): error TS7026: JSX element implicitly has type 'any' because no interface 'JSX.IntrinsicElements' exists.
../247gbsaffiliates/components/learning/ProgressTracker.tsx(37,25): error TS7026: JSX element implicitly has type 'any' because no interface 'JSX.IntrinsicElements' exists.
../247gbsaffiliates/components/learning/ProgressTracker.tsx(49,21): error TS7026: JSX element implicitly has type 'any' because no interface 'JSX.IntrinsicElements' exists.
../247gbsaffiliates/components/learning/ProgressTracker.tsx(50,21): error TS7026: JSX element implicitly has type 'any' because no interface 'JSX.IntrinsicElements' exists.
../247gbsaffiliates/components/learning/ProgressTracker.tsx(51,25): error TS7026: JSX element implicitly has type 'any' because no interface 'JSX.IntrinsicElements' exists.
../247gbsaffiliates/components/learning/ProgressTracker.tsx(52,29): error TS7026: JSX element implicitly has type 'any' because no interface 'JSX.IntrinsicElements' exists.
../247gbsaffiliates/components/learning/ProgressTracker.tsx(54,29): error TS7026: JSX element implicitly has type 'any' because no interface 'JSX.IntrinsicElements' exists.
../247gbsaffiliates/components/learning/ProgressTracker.tsx(55,29): error TS7026: JSX element implicitly has type 'any' because no interface 'JSX.IntrinsicElements' exists.
../247gbsaffiliates/components/learning/ProgressTracker.tsx(57,29): error TS7026: JSX element implicitly has type 'any' because no interface 'JSX.IntrinsicElements' exists.
../247gbsaffiliates/components/learning/ProgressTracker.tsx(58,25): error TS7026: JSX element implicitly has type 'any' because no interface 'JSX.IntrinsicElements' exists.
../247gbsaffiliates/components/learning/ProgressTracker.tsx(59,21): error TS7026: JSX element implicitly has type 'any' because no interface 'JSX.IntrinsicElements' exists.
../247gbsaffiliates/components/learning/ProgressTracker.tsx(60,17): error TS7026: JSX element implicitly has type 'any' because no interface 'JSX.IntrinsicElements' exists.
../247gbsaffiliates/components/learning/ProgressTracker.tsx(63,17): error TS7026: JSX element implicitly has type 'any' because no interface 'JSX.IntrinsicElements' exists.
../247gbsaffiliates/components/learning/ProgressTracker.tsx(64,21): error TS7026: JSX element implicitly has type 'any' because no interface 'JSX.IntrinsicElements' exists.
../247gbsaffiliates/components/learning/ProgressTracker.tsx(66,21): error TS7026: JSX element implicitly has type 'any' because no interface 'JSX.IntrinsicElements' exists.
../247gbsaffiliates/components/learning/ProgressTracker.tsx(67,21): error TS7026: JSX element implicitly has type 'any' because no interface 'JSX.IntrinsicElements' exists.
../247gbsaffiliates/components/learning/ProgressTracker.tsx(69,21): error TS7026: JSX element implicitly has type 'any' because no interface 'JSX.IntrinsicElements' exists.
../247gbsaffiliates/components/learning/ProgressTracker.tsx(70,21): error TS7026: JSX element implicitly has type 'any' because no interface 'JSX.IntrinsicElements' exists.
../247gbsaffiliates/components/learning/ProgressTracker.tsx(71,25): error TS7026: JSX element implicitly has type 'any' because no interface 'JSX.IntrinsicElements' exists.
../247gbsaffiliates/components/learning/ProgressTracker.tsx(72,29): error TS7026: JSX element implicitly has type 'any' because no interface 'JSX.IntrinsicElements' exists.
../247gbsaffiliates/components/learning/ProgressTracker.tsx(76,25): error TS7026: JSX element implicitly has type 'any' because no interface 'JSX.IntrinsicElements' exists.
../247gbsaffiliates/components/learning/ProgressTracker.tsx(77,25): error TS7026: JSX element implicitly has type 'any' because no interface 'JSX.IntrinsicElements' exists.
../247gbsaffiliates/components/learning/ProgressTracker.tsx(79,25): error TS7026: JSX element implicitly has type 'any' because no interface 'JSX.IntrinsicElements' exists.
../247gbsaffiliates/components/learning/ProgressTracker.tsx(80,21): error TS7026: JSX element implicitly has type 'any' because no interface 'JSX.IntrinsicElements' exists.
../247gbsaffiliates/components/learning/ProgressTracker.tsx(81,17): error TS7026: JSX element implicitly has type 'any' because no interface 'JSX.IntrinsicElements' exists.
../247gbsaffiliates/components/learning/ProgressTracker.tsx(82,13): error TS7026: JSX element implicitly has type 'any' because no interface 'JSX.IntrinsicElements' exists.
../247gbsaffiliates/components/learning/ProgressTracker.tsx(83,9): error TS7026: JSX element implicitly has type 'any' because no interface 'JSX.IntrinsicElements' exists.
../247gbsaffiliates/components/Loader.tsx(3,24): error TS2307: Cannot find module 'framer-motion' or its corresponding type declarations.
../247gbsaffiliates/components/Loader.tsx(17,9): error TS7026: JSX element implicitly has type 'any' because no interface 'JSX.IntrinsicElements' exists.
../247gbsaffiliates/components/Loader.tsx(17,9): error TS2875: This JSX tag requires the module path 'react/jsx-runtime' to exist, but none could be found. Make sure you have types for the appropriate package installed.
../247gbsaffiliates/components/Loader.tsx(19,13): error TS7026: JSX element implicitly has type 'any' because no interface 'JSX.IntrinsicElements' exists.
../247gbsaffiliates/components/Loader.tsx(19,138): error TS7026: JSX element implicitly has type 'any' because no interface 'JSX.IntrinsicElements' exists.
../247gbsaffiliates/components/Loader.tsx(20,13): error TS7026: JSX element implicitly has type 'any' because no interface 'JSX.IntrinsicElements' exists.
../247gbsaffiliates/components/Loader.tsx(20,77): error TS7026: JSX element implicitly has type 'any' because no interface 'JSX.IntrinsicElements' exists.
../247gbsaffiliates/components/Loader.tsx(22,13): error TS7026: JSX element implicitly has type 'any' because no interface 'JSX.IntrinsicElements' exists.
../247gbsaffiliates/components/Loader.tsx(23,17): error TS7026: JSX element implicitly has type 'any' because no interface 'JSX.IntrinsicElements' exists.
../247gbsaffiliates/components/Loader.tsx(26,21): error TS7026: JSX element implicitly has type 'any' because no interface 'JSX.IntrinsicElements' exists.
../247gbsaffiliates/components/Loader.tsx(27,25): error TS7026: JSX element implicitly has type 'any' because no interface 'JSX.IntrinsicElements' exists.
../247gbsaffiliates/components/Loader.tsx(34,33): error TS7026: JSX element implicitly has type 'any' because no interface 'JSX.IntrinsicElements' exists.
../247gbsaffiliates/components/Loader.tsx(35,37): error TS7026: JSX element implicitly has type 'any' because no interface 'JSX.IntrinsicElements' exists.
../247gbsaffiliates/components/Loader.tsx(35,121): error TS7026: JSX element implicitly has type 'any' because no interface 'JSX.IntrinsicElements' exists.
../247gbsaffiliates/components/Loader.tsx(36,33): error TS7026: JSX element implicitly has type 'any' because no interface 'JSX.IntrinsicElements' exists.
../247gbsaffiliates/components/Loader.tsx(45,33): error TS7026: JSX element implicitly has type 'any' because no interface 'JSX.IntrinsicElements' exists.
../247gbsaffiliates/components/Loader.tsx(45,91): error TS7026: JSX element implicitly has type 'any' because no interface 'JSX.IntrinsicElements' exists.
../247gbsaffiliates/components/Loader.tsx(53,33): error TS7026: JSX element implicitly has type 'any' because no interface 'JSX.IntrinsicElements' exists.
../247gbsaffiliates/components/Loader.tsx(53,94): error TS7026: JSX element implicitly has type 'any' because no interface 'JSX.IntrinsicElements' exists.
../247gbsaffiliates/components/Loader.tsx(55,25): error TS7026: JSX element implicitly has type 'any' because no interface 'JSX.IntrinsicElements' exists.
../247gbsaffiliates/components/Loader.tsx(57,25): error TS7026: JSX element implicitly has type 'any' because no interface 'JSX.IntrinsicElements' exists.
../247gbsaffiliates/components/Loader.tsx(58,29): error TS7026: JSX element implicitly has type 'any' because no interface 'JSX.IntrinsicElements' exists.
../247gbsaffiliates/components/Loader.tsx(59,33): error TS7026: JSX element implicitly has type 'any' because no interface 'JSX.IntrinsicElements' exists.
../247gbsaffiliates/components/Loader.tsx(60,37): error TS7026: JSX element implicitly has type 'any' because no interface 'JSX.IntrinsicElements' exists.
../247gbsaffiliates/components/Loader.tsx(60,234): error TS7026: JSX element implicitly has type 'any' because no interface 'JSX.IntrinsicElements' exists.
../247gbsaffiliates/components/Loader.tsx(61,33): error TS7026: JSX element implicitly has type 'any' because no interface 'JSX.IntrinsicElements' exists.
../247gbsaffiliates/components/Loader.tsx(62,29): error TS7026: JSX element implicitly has type 'any' because no interface 'JSX.IntrinsicElements' exists.
../247gbsaffiliates/components/Loader.tsx(63,29): error TS7026: JSX element implicitly has type 'any' because no interface 'JSX.IntrinsicElements' exists.
../247gbsaffiliates/components/Loader.tsx(63,117): error TS7026: JSX element implicitly has type 'any' because no interface 'JSX.IntrinsicElements' exists.
../247gbsaffiliates/components/Loader.tsx(64,25): error TS7026: JSX element implicitly has type 'any' because no interface 'JSX.IntrinsicElements' exists.
../247gbsaffiliates/components/Loader.tsx(65,21): error TS7026: JSX element implicitly has type 'any' because no interface 'JSX.IntrinsicElements' exists.
../247gbsaffiliates/components/Loader.tsx(68,21): error TS7026: JSX element implicitly has type 'any' because no interface 'JSX.IntrinsicElements' exists.
../247gbsaffiliates/components/Loader.tsx(69,25): error TS7026: JSX element implicitly has type 'any' because no interface 'JSX.IntrinsicElements' exists.
../247gbsaffiliates/components/Loader.tsx(77,29): error TS7026: JSX element implicitly has type 'any' because no interface 'JSX.IntrinsicElements' exists.
../247gbsaffiliates/components/Loader.tsx(79,29): error TS7026: JSX element implicitly has type 'any' because no interface 'JSX.IntrinsicElements' exists.
../247gbsaffiliates/components/Loader.tsx(80,25): error TS7026: JSX element implicitly has type 'any' because no interface 'JSX.IntrinsicElements' exists.
../247gbsaffiliates/components/Loader.tsx(83,25): error TS7026: JSX element implicitly has type 'any' because no interface 'JSX.IntrinsicElements' exists.
../247gbsaffiliates/components/Loader.tsx(84,29): error TS7026: JSX element implicitly has type 'any' because no interface 'JSX.IntrinsicElements' exists.
../247gbsaffiliates/components/Loader.tsx(85,33): error TS7026: JSX element implicitly has type 'any' because no interface 'JSX.IntrinsicElements' exists.
../247gbsaffiliates/components/Loader.tsx(85,129): error TS7026: JSX element implicitly has type 'any' because no interface 'JSX.IntrinsicElements' exists.
../247gbsaffiliates/components/Loader.tsx(86,33): error TS7026: JSX element implicitly has type 'any' because no interface 'JSX.IntrinsicElements' exists.
../247gbsaffiliates/components/Loader.tsx(86,106): error TS7026: JSX element implicitly has type 'any' because no interface 'JSX.IntrinsicElements' exists.
../247gbsaffiliates/components/Loader.tsx(87,29): error TS7026: JSX element implicitly has type 'any' because no interface 'JSX.IntrinsicElements' exists.
../247gbsaffiliates/components/Loader.tsx(88,29): error TS7026: JSX element implicitly has type 'any' because no interface 'JSX.IntrinsicElements' exists.
../247gbsaffiliates/components/Loader.tsx(95,29): error TS7026: JSX element implicitly has type 'any' because no interface 'JSX.IntrinsicElements' exists.
../247gbsaffiliates/components/Loader.tsx(96,25): error TS7026: JSX element implicitly has type 'any' because no interface 'JSX.IntrinsicElements' exists.
../247gbsaffiliates/components/Loader.tsx(97,21): error TS7026: JSX element implicitly has type 'any' because no interface 'JSX.IntrinsicElements' exists.
../247gbsaffiliates/components/Loader.tsx(100,21): error TS7026: JSX element implicitly has type 'any' because no interface 'JSX.IntrinsicElements' exists.
../247gbsaffiliates/components/Loader.tsx(101,25): error TS7026: JSX element implicitly has type 'any' because no interface 'JSX.IntrinsicElements' exists.
../247gbsaffiliates/components/Loader.tsx(102,29): error TS7026: JSX element implicitly has type 'any' because no interface 'JSX.IntrinsicElements' exists.
../247gbsaffiliates/components/Loader.tsx(102,107): error TS7026: JSX element implicitly has type 'any' because no interface 'JSX.IntrinsicElements' exists.
../247gbsaffiliates/components/Loader.tsx(103,29): error TS7026: JSX element implicitly has type 'any' because no interface 'JSX.IntrinsicElements' exists.
../247gbsaffiliates/components/Loader.tsx(103,116): error TS7026: JSX element implicitly has type 'any' because no interface 'JSX.IntrinsicElements' exists.
../247gbsaffiliates/components/Loader.tsx(104,25): error TS7026: JSX element implicitly has type 'any' because no interface 'JSX.IntrinsicElements' exists.
../247gbsaffiliates/components/Loader.tsx(105,25): error TS7026: JSX element implicitly has type 'any' because no interface 'JSX.IntrinsicElements' exists.
../247gbsaffiliates/components/Loader.tsx(106,29): error TS7026: JSX element implicitly has type 'any' because no interface 'JSX.IntrinsicElements' exists.
../247gbsaffiliates/components/Loader.tsx(106,103): error TS7026: JSX element implicitly has type 'any' because no interface 'JSX.IntrinsicElements' exists.
../247gbsaffiliates/components/Loader.tsx(107,29): error TS7026: JSX element implicitly has type 'any' because no interface 'JSX.IntrinsicElements' exists.
../247gbsaffiliates/components/Loader.tsx(107,116): error TS7026: JSX element implicitly has type 'any' because no interface 'JSX.IntrinsicElements' exists.
../247gbsaffiliates/components/Loader.tsx(108,25): error TS7026: JSX element implicitly has type 'any' because no interface 'JSX.IntrinsicElements' exists.
../247gbsaffiliates/components/Loader.tsx(109,25): error TS7026: JSX element implicitly has type 'any' because no interface 'JSX.IntrinsicElements' exists.
../247gbsaffiliates/components/Loader.tsx(110,29): error TS7026: JSX element implicitly has type 'any' because no interface 'JSX.IntrinsicElements' exists.
../247gbsaffiliates/components/Loader.tsx(110,100): error TS7026: JSX element implicitly has type 'any' because no interface 'JSX.IntrinsicElements' exists.
../247gbsaffiliates/components/Loader.tsx(111,29): error TS7026: JSX element implicitly has type 'any' because no interface 'JSX.IntrinsicElements' exists.
../247gbsaffiliates/components/Loader.tsx(111,116): error TS7026: JSX element implicitly has type 'any' because no interface 'JSX.IntrinsicElements' exists.
../247gbsaffiliates/components/Loader.tsx(112,25): error TS7026: JSX element implicitly has type 'any' because no interface 'JSX.IntrinsicElements' exists.
../247gbsaffiliates/components/Loader.tsx(113,21): error TS7026: JSX element implicitly has type 'any' because no interface 'JSX.IntrinsicElements' exists.
../247gbsaffiliates/components/Loader.tsx(114,17): error TS7026: JSX element implicitly has type 'any' because no interface 'JSX.IntrinsicElements' exists.
../247gbsaffiliates/components/Loader.tsx(115,13): error TS7026: JSX element implicitly has type 'any' because no interface 'JSX.IntrinsicElements' exists.
../247gbsaffiliates/components/Loader.tsx(118,13): error TS7026: JSX element implicitly has type 'any' because no interface 'JSX.IntrinsicElements' exists.
../247gbsaffiliates/components/Loader.tsx(119,17): error TS7026: JSX element implicitly has type 'any' because no interface 'JSX.IntrinsicElements' exists.
../247gbsaffiliates/components/Loader.tsx(119,117): error TS7026: JSX element implicitly has type 'any' because no interface 'JSX.IntrinsicElements' exists.
../247gbsaffiliates/components/Loader.tsx(120,17): error TS7026: JSX element implicitly has type 'any' because no interface 'JSX.IntrinsicElements' exists.
../247gbsaffiliates/components/Loader.tsx(121,21): error TS7026: JSX element implicitly has type 'any' because no interface 'JSX.IntrinsicElements' exists.
../247gbsaffiliates/components/Loader.tsx(121,72): error TS7026: JSX element implicitly has type 'any' because no interface 'JSX.IntrinsicElements' exists.
../247gbsaffiliates/components/Loader.tsx(122,21): error TS7026: JSX element implicitly has type 'any' because no interface 'JSX.IntrinsicElements' exists.
../247gbsaffiliates/components/Loader.tsx(122,83): error TS7026: JSX element implicitly has type 'any' because no interface 'JSX.IntrinsicElements' exists.
../247gbsaffiliates/components/Loader.tsx(123,21): error TS7026: JSX element implicitly has type 'any' because no interface 'JSX.IntrinsicElements' exists.
../247gbsaffiliates/components/Loader.tsx(123,72): error TS7026: JSX element implicitly has type 'any' because no interface 'JSX.IntrinsicElements' exists.
../247gbsaffiliates/components/Loader.tsx(124,17): error TS7026: JSX element implicitly has type 'any' because no interface 'JSX.IntrinsicElements' exists.
../247gbsaffiliates/components/Loader.tsx(125,13): error TS7026: JSX element implicitly has type 'any' because no interface 'JSX.IntrinsicElements' exists.
../247gbsaffiliates/components/Loader.tsx(126,9): error TS7026: JSX element implicitly has type 'any' because no interface 'JSX.IntrinsicElements' exists.
../247gbsaffiliates/components/Navigation.tsx(3,44): error TS2307: Cannot find module 'react' or its corresponding type declarations.
../247gbsaffiliates/components/Navigation.tsx(4,18): error TS2307: Cannot find module 'next/link' or its corresponding type declarations.
../247gbsaffiliates/components/Navigation.tsx(20,9): error TS7026: JSX element implicitly has type 'any' because no interface 'JSX.IntrinsicElements' exists.
../247gbsaffiliates/components/Navigation.tsx(20,9): error TS2875: This JSX tag requires the module path 'react/jsx-runtime' to exist, but none could be found. Make sure you have types for the appropriate package installed.
../247gbsaffiliates/components/Navigation.tsx(21,13): error TS7026: JSX element implicitly has type 'any' because no interface 'JSX.IntrinsicElements' exists.
../247gbsaffiliates/components/Navigation.tsx(22,17): error TS7026: JSX element implicitly has type 'any' because no interface 'JSX.IntrinsicElements' exists.
../247gbsaffiliates/components/Navigation.tsx(25,25): error TS7026: JSX element implicitly has type 'any' because no interface 'JSX.IntrinsicElements' exists.
../247gbsaffiliates/components/Navigation.tsx(26,29): error TS7026: JSX element implicitly has type 'any' because no interface 'JSX.IntrinsicElements' exists.
../247gbsaffiliates/components/Navigation.tsx(26,85): error TS7026: JSX element implicitly has type 'any' because no interface 'JSX.IntrinsicElements' exists.
../247gbsaffiliates/components/Navigation.tsx(27,25): error TS7026: JSX element implicitly has type 'any' because no interface 'JSX.IntrinsicElements' exists.
../247gbsaffiliates/components/Navigation.tsx(28,25): error TS7026: JSX element implicitly has type 'any' because no interface 'JSX.IntrinsicElements' exists.
../247gbsaffiliates/components/Navigation.tsx(28,98): error TS7026: JSX element implicitly has type 'any' because no interface 'JSX.IntrinsicElements' exists.
../247gbsaffiliates/components/Navigation.tsx(32,21): error TS7026: JSX element implicitly has type 'any' because no interface 'JSX.IntrinsicElements' exists.
../247gbsaffiliates/components/Navigation.tsx(37,21): error TS7026: JSX element implicitly has type 'any' because no interface 'JSX.IntrinsicElements' exists.
../247gbsaffiliates/components/Navigation.tsx(40,21): error TS7026: JSX element implicitly has type 'any' because no interface 'JSX.IntrinsicElements' exists.
../247gbsaffiliates/components/Navigation.tsx(52,33): error TS7026: JSX element implicitly has type 'any' because no interface 'JSX.IntrinsicElements' exists.
../247gbsaffiliates/components/Navigation.tsx(56,33): error TS7026: JSX element implicitly has type 'any' because no interface 'JSX.IntrinsicElements' exists.
../247gbsaffiliates/components/Navigation.tsx(57,33): error TS7026: JSX element implicitly has type 'any' because no interface 'JSX.IntrinsicElements' exists.
../247gbsaffiliates/components/Navigation.tsx(57,109): error TS7026: JSX element implicitly has type 'any' because no interface 'JSX.IntrinsicElements' exists.
../247gbsaffiliates/components/Navigation.tsx(69,25): error TS7026: JSX element implicitly has type 'any' because no interface 'JSX.IntrinsicElements' exists.
../247gbsaffiliates/components/Navigation.tsx(70,29): error TS7026: JSX element implicitly has type 'any' because no interface 'JSX.IntrinsicElements' exists.
../247gbsaffiliates/components/Navigation.tsx(71,33): error TS7026: JSX element implicitly has type 'any' because no interface 'JSX.IntrinsicElements' exists.
../247gbsaffiliates/components/Navigation.tsx(71,85): error TS7026: JSX element implicitly has type 'any' because no interface 'JSX.IntrinsicElements' exists.
../247gbsaffiliates/components/Navigation.tsx(72,29): error TS7026: JSX element implicitly has type 'any' because no interface 'JSX.IntrinsicElements' exists.
../247gbsaffiliates/components/Navigation.tsx(73,25): error TS7026: JSX element implicitly has type 'any' because no interface 'JSX.IntrinsicElements' exists.
../247gbsaffiliates/components/Navigation.tsx(74,21): error TS7026: JSX element implicitly has type 'any' because no interface 'JSX.IntrinsicElements' exists.
../247gbsaffiliates/components/Navigation.tsx(75,17): error TS7026: JSX element implicitly has type 'any' because no interface 'JSX.IntrinsicElements' exists.
../247gbsaffiliates/components/Navigation.tsx(76,13): error TS7026: JSX element implicitly has type 'any' because no interface 'JSX.IntrinsicElements' exists.
../247gbsaffiliates/components/Navigation.tsx(77,9): error TS7026: JSX element implicitly has type 'any' because no interface 'JSX.IntrinsicElements' exists.
../247gbsaffiliates/components/onboarding/AssessmentModal.tsx(3,19): error TS2307: Cannot find module 'react' or its corresponding type declarations.
../247gbsaffiliates/components/onboarding/AssessmentModal.tsx(4,18): error TS2307: Cannot find module 'next/link' or its corresponding type declarations.
../247gbsaffiliates/components/onboarding/AssessmentModal.tsx(14,67): error TS7031: Binding element 'isOpen' implicitly has an 'any' type.
../247gbsaffiliates/components/onboarding/AssessmentModal.tsx(14,75): error TS7031: Binding element 'type' implicitly has an 'any' type.
../247gbsaffiliates/components/onboarding/AssessmentModal.tsx(14,81): error TS7031: Binding element 'score' implicitly has an 'any' type.
../247gbsaffiliates/components/onboarding/AssessmentModal.tsx(14,88): error TS7031: Binding element 'role' implicitly has an 'any' type.
../247gbsaffiliates/components/onboarding/AssessmentModal.tsx(14,94): error TS7031: Binding element 'onClose' implicitly has an 'any' type.
../247gbsaffiliates/components/onboarding/AssessmentModal.tsx(20,9): error TS7026: JSX element implicitly has type 'any' because no interface 'JSX.IntrinsicElements' exists.
../247gbsaffiliates/components/onboarding/AssessmentModal.tsx(20,9): error TS2875: This JSX tag requires the module path 'react/jsx-runtime' to exist, but none could be found. Make sure you have types for the appropriate package installed.
../247gbsaffiliates/components/onboarding/AssessmentModal.tsx(21,13): error TS7026: JSX element implicitly has type 'any' because no interface 'JSX.IntrinsicElements' exists.
../247gbsaffiliates/components/onboarding/AssessmentModal.tsx(22,17): error TS7026: JSX element implicitly has type 'any' because no interface 'JSX.IntrinsicElements' exists.
../247gbsaffiliates/components/onboarding/AssessmentModal.tsx(23,21): error TS7026: JSX element implicitly has type 'any' because no interface 'JSX.IntrinsicElements' exists.
../247gbsaffiliates/components/onboarding/AssessmentModal.tsx(24,25): error TS7026: JSX element implicitly has type 'any' because no interface 'JSX.IntrinsicElements' exists.
../247gbsaffiliates/components/onboarding/AssessmentModal.tsx(26,25): error TS7026: JSX element implicitly has type 'any' because no interface 'JSX.IntrinsicElements' exists.
../247gbsaffiliates/components/onboarding/AssessmentModal.tsx(27,21): error TS7026: JSX element implicitly has type 'any' because no interface 'JSX.IntrinsicElements' exists.
../247gbsaffiliates/components/onboarding/AssessmentModal.tsx(28,21): error TS7026: JSX element implicitly has type 'any' because no interface 'JSX.IntrinsicElements' exists.
../247gbsaffiliates/components/onboarding/AssessmentModal.tsx(30,21): error TS7026: JSX element implicitly has type 'any' because no interface 'JSX.IntrinsicElements' exists.
../247gbsaffiliates/components/onboarding/AssessmentModal.tsx(31,21): error TS7026: JSX element implicitly has type 'any' because no interface 'JSX.IntrinsicElements' exists.
../247gbsaffiliates/components/onboarding/AssessmentModal.tsx(36,21): error TS7026: JSX element implicitly has type 'any' because no interface 'JSX.IntrinsicElements' exists.
../247gbsaffiliates/components/onboarding/AssessmentModal.tsx(37,17): error TS7026: JSX element implicitly has type 'any' because no interface 'JSX.IntrinsicElements' exists.
../247gbsaffiliates/components/onboarding/AssessmentModal.tsx(39,17): error TS7026: JSX element implicitly has type 'any' because no interface 'JSX.IntrinsicElements' exists.
../247gbsaffiliates/components/onboarding/AssessmentModal.tsx(56,21): error TS7026: JSX element implicitly has type 'any' because no interface 'JSX.IntrinsicElements' exists.
../247gbsaffiliates/components/onboarding/AssessmentModal.tsx(61,21): error TS7026: JSX element implicitly has type 'any' because no interface 'JSX.IntrinsicElements' exists.
../247gbsaffiliates/components/onboarding/AssessmentModal.tsx(62,17): error TS7026: JSX element implicitly has type 'any' because no interface 'JSX.IntrinsicElements' exists.
../247gbsaffiliates/components/onboarding/AssessmentModal.tsx(63,13): error TS7026: JSX element implicitly has type 'any' because no interface 'JSX.IntrinsicElements' exists.
../247gbsaffiliates/components/onboarding/AssessmentModal.tsx(64,9): error TS7026: JSX element implicitly has type 'any' because no interface 'JSX.IntrinsicElements' exists.
../247gbsaffiliates/components/onboarding/BasicInfoStep.tsx(3,19): error TS2307: Cannot find module 'react' or its corresponding type declarations.
../247gbsaffiliates/components/onboarding/BasicInfoStep.tsx(16,9): error TS7026: JSX element implicitly has type 'any' because no interface 'JSX.IntrinsicElements' exists.
../247gbsaffiliates/components/onboarding/BasicInfoStep.tsx(16,9): error TS2875: This JSX tag requires the module path 'react/jsx-runtime' to exist, but none could be found. Make sure you have types for the appropriate package installed.
../247gbsaffiliates/components/onboarding/BasicInfoStep.tsx(17,13): error TS7026: JSX element implicitly has type 'any' because no interface 'JSX.IntrinsicElements' exists.
../247gbsaffiliates/components/onboarding/BasicInfoStep.tsx(18,17): error TS7026: JSX element implicitly has type 'any' because no interface 'JSX.IntrinsicElements' exists.
../247gbsaffiliates/components/onboarding/BasicInfoStep.tsx(18,102): error TS7026: JSX element implicitly has type 'any' because no interface 'JSX.IntrinsicElements' exists.
../247gbsaffiliates/components/onboarding/BasicInfoStep.tsx(19,17): error TS7026: JSX element implicitly has type 'any' because no interface 'JSX.IntrinsicElements' exists.
../247gbsaffiliates/components/onboarding/BasicInfoStep.tsx(19,127): error TS7026: JSX element implicitly has type 'any' because no interface 'JSX.IntrinsicElements' exists.
../247gbsaffiliates/components/onboarding/BasicInfoStep.tsx(20,13): error TS7026: JSX element implicitly has type 'any' because no interface 'JSX.IntrinsicElements' exists.
../247gbsaffiliates/components/onboarding/BasicInfoStep.tsx(22,13): error TS7026: JSX element implicitly has type 'any' because no interface 'JSX.IntrinsicElements' exists.
../247gbsaffiliates/components/onboarding/BasicInfoStep.tsx(23,17): error TS7026: JSX element implicitly has type 'any' because no interface 'JSX.IntrinsicElements' exists.
../247gbsaffiliates/components/onboarding/BasicInfoStep.tsx(26,25): error TS2322: Type '{ label: string; type: string; placeholder: string; value: any; onChange: (e: any) => any; required: true; }' is not assignable to type 'AuthInputProps'.
  Property 'type' does not exist on type 'AuthInputProps'.
../247gbsaffiliates/components/onboarding/BasicInfoStep.tsx(29,36): error TS7006: Parameter 'e' implicitly has an 'any' type.
../247gbsaffiliates/components/onboarding/BasicInfoStep.tsx(34,25): error TS2322: Type '{ label: string; type: string; placeholder: string; value: any; onChange: (e: any) => any; required: true; }' is not assignable to type 'AuthInputProps'.
  Property 'type' does not exist on type 'AuthInputProps'.
../247gbsaffiliates/components/onboarding/BasicInfoStep.tsx(37,36): error TS7006: Parameter 'e' implicitly has an 'any' type.
../247gbsaffiliates/components/onboarding/BasicInfoStep.tsx(40,17): error TS7026: JSX element implicitly has type 'any' because no interface 'JSX.IntrinsicElements' exists.
../247gbsaffiliates/components/onboarding/BasicInfoStep.tsx(44,21): error TS2322: Type '{ label: string; type: string; placeholder: string; value: any; onChange: (e: any) => any; required: true; }' is not assignable to type 'AuthInputProps'.
  Property 'type' does not exist on type 'AuthInputProps'.
../247gbsaffiliates/components/onboarding/BasicInfoStep.tsx(47,32): error TS7006: Parameter 'e' implicitly has an 'any' type.
../247gbsaffiliates/components/onboarding/BasicInfoStep.tsx(51,17): error TS7026: JSX element implicitly has type 'any' because no interface 'JSX.IntrinsicElements' exists.
../247gbsaffiliates/components/onboarding/BasicInfoStep.tsx(52,21): error TS7026: JSX element implicitly has type 'any' because no interface 'JSX.IntrinsicElements' exists.
../247gbsaffiliates/components/onboarding/BasicInfoStep.tsx(52,138): error TS7026: JSX element implicitly has type 'any' because no interface 'JSX.IntrinsicElements' exists.
../247gbsaffiliates/components/onboarding/BasicInfoStep.tsx(53,21): error TS7026: JSX element implicitly has type 'any' because no interface 'JSX.IntrinsicElements' exists.
../247gbsaffiliates/components/onboarding/BasicInfoStep.tsx(57,36): error TS7006: Parameter 'e' implicitly has an 'any' type.
../247gbsaffiliates/components/onboarding/BasicInfoStep.tsx(60,17): error TS7026: JSX element implicitly has type 'any' because no interface 'JSX.IntrinsicElements' exists.
../247gbsaffiliates/components/onboarding/BasicInfoStep.tsx(62,17): error TS7026: JSX element implicitly has type 'any' because no interface 'JSX.IntrinsicElements' exists.
../247gbsaffiliates/components/onboarding/BasicInfoStep.tsx(67,17): error TS7026: JSX element implicitly has type 'any' because no interface 'JSX.IntrinsicElements' exists.
../247gbsaffiliates/components/onboarding/BasicInfoStep.tsx(68,13): error TS7026: JSX element implicitly has type 'any' because no interface 'JSX.IntrinsicElements' exists.
../247gbsaffiliates/components/onboarding/BasicInfoStep.tsx(69,9): error TS7026: JSX element implicitly has type 'any' because no interface 'JSX.IntrinsicElements' exists.
../247gbsaffiliates/components/onboarding/CertificationModal.tsx(3,19): error TS2307: Cannot find module 'react' or its corresponding type declarations.
../247gbsaffiliates/components/onboarding/CertificationModal.tsx(5,27): error TS2307: Cannot find module 'next/navigation' or its corresponding type declarations.
../247gbsaffiliates/components/onboarding/CertificationModal.tsx(12,73): error TS7031: Binding element 'isOpen' implicitly has an 'any' type.
../247gbsaffiliates/components/onboarding/CertificationModal.tsx(12,81): error TS7031: Binding element 'onClose' implicitly has an 'any' type.
../247gbsaffiliates/components/onboarding/CertificationModal.tsx(34,9): error TS7026: JSX element implicitly has type 'any' because no interface 'JSX.IntrinsicElements' exists.
../247gbsaffiliates/components/onboarding/CertificationModal.tsx(34,9): error TS2875: This JSX tag requires the module path 'react/jsx-runtime' to exist, but none could be found. Make sure you have types for the appropriate package installed.
../247gbsaffiliates/components/onboarding/CertificationModal.tsx(35,13): error TS7026: JSX element implicitly has type 'any' because no interface 'JSX.IntrinsicElements' exists.
../247gbsaffiliates/components/onboarding/CertificationModal.tsx(40,13): error TS7026: JSX element implicitly has type 'any' because no interface 'JSX.IntrinsicElements' exists.
../247gbsaffiliates/components/onboarding/CertificationModal.tsx(42,17): error TS7026: JSX element implicitly has type 'any' because no interface 'JSX.IntrinsicElements' exists.
../247gbsaffiliates/components/onboarding/CertificationModal.tsx(43,21): error TS7026: JSX element implicitly has type 'any' because no interface 'JSX.IntrinsicElements' exists.
../247gbsaffiliates/components/onboarding/CertificationModal.tsx(43,124): error TS7026: JSX element implicitly has type 'any' because no interface 'JSX.IntrinsicElements' exists.
../247gbsaffiliates/components/onboarding/CertificationModal.tsx(44,21): error TS7026: JSX element implicitly has type 'any' because no interface 'JSX.IntrinsicElements' exists.
../247gbsaffiliates/components/onboarding/CertificationModal.tsx(44,112): error TS7026: JSX element implicitly has type 'any' because no interface 'JSX.IntrinsicElements' exists.
../247gbsaffiliates/components/onboarding/CertificationModal.tsx(45,21): error TS7026: JSX element implicitly has type 'any' because no interface 'JSX.IntrinsicElements' exists.
../247gbsaffiliates/components/onboarding/CertificationModal.tsx(45,110): error TS7026: JSX element implicitly has type 'any' because no interface 'JSX.IntrinsicElements' exists.
../247gbsaffiliates/components/onboarding/CertificationModal.tsx(46,21): error TS7026: JSX element implicitly has type 'any' because no interface 'JSX.IntrinsicElements' exists.
../247gbsaffiliates/components/onboarding/CertificationModal.tsx(46,98): error TS7026: JSX element implicitly has type 'any' because no interface 'JSX.IntrinsicElements' exists.
../247gbsaffiliates/components/onboarding/CertificationModal.tsx(47,21): error TS7026: JSX element implicitly has type 'any' because no interface 'JSX.IntrinsicElements' exists.
../247gbsaffiliates/components/onboarding/CertificationModal.tsx(47,149): error TS7026: JSX element implicitly has type 'any' because no interface 'JSX.IntrinsicElements' exists.
../247gbsaffiliates/components/onboarding/CertificationModal.tsx(48,21): error TS7026: JSX element implicitly has type 'any' because no interface 'JSX.IntrinsicElements' exists.
../247gbsaffiliates/components/onboarding/CertificationModal.tsx(48,116): error TS7026: JSX element implicitly has type 'any' because no interface 'JSX.IntrinsicElements' exists.
../247gbsaffiliates/components/onboarding/CertificationModal.tsx(49,21): error TS7026: JSX element implicitly has type 'any' because no interface 'JSX.IntrinsicElements' exists.
../247gbsaffiliates/components/onboarding/CertificationModal.tsx(49,99): error TS7026: JSX element implicitly has type 'any' because no interface 'JSX.IntrinsicElements' exists.
../247gbsaffiliates/components/onboarding/CertificationModal.tsx(50,21): error TS7026: JSX element implicitly has type 'any' because no interface 'JSX.IntrinsicElements' exists.
../247gbsaffiliates/components/onboarding/CertificationModal.tsx(50,113): error TS7026: JSX element implicitly has type 'any' because no interface 'JSX.IntrinsicElements' exists.
../247gbsaffiliates/components/onboarding/CertificationModal.tsx(51,21): error TS7026: JSX element implicitly has type 'any' because no interface 'JSX.IntrinsicElements' exists.
../247gbsaffiliates/components/onboarding/CertificationModal.tsx(51,97): error TS7026: JSX element implicitly has type 'any' because no interface 'JSX.IntrinsicElements' exists.
../247gbsaffiliates/components/onboarding/CertificationModal.tsx(52,21): error TS7026: JSX element implicitly has type 'any' because no interface 'JSX.IntrinsicElements' exists.
../247gbsaffiliates/components/onboarding/CertificationModal.tsx(52,152): error TS7026: JSX element implicitly has type 'any' because no interface 'JSX.IntrinsicElements' exists.
../247gbsaffiliates/components/onboarding/CertificationModal.tsx(53,17): error TS7026: JSX element implicitly has type 'any' because no interface 'JSX.IntrinsicElements' exists.
../247gbsaffiliates/components/onboarding/CertificationModal.tsx(55,17): error TS7026: JSX element implicitly has type 'any' because no interface 'JSX.IntrinsicElements' exists.
../247gbsaffiliates/components/onboarding/CertificationModal.tsx(56,21): error TS7026: JSX element implicitly has type 'any' because no interface 'JSX.IntrinsicElements' exists.
../247gbsaffiliates/components/onboarding/CertificationModal.tsx(57,25): error TS7026: JSX element implicitly has type 'any' because no interface 'JSX.IntrinsicElements' exists.
../247gbsaffiliates/components/onboarding/CertificationModal.tsx(57,117): error TS7026: JSX element implicitly has type 'any' because no interface 'JSX.IntrinsicElements' exists.
../247gbsaffiliates/components/onboarding/CertificationModal.tsx(58,25): error TS7026: JSX element implicitly has type 'any' because no interface 'JSX.IntrinsicElements' exists.
../247gbsaffiliates/components/onboarding/CertificationModal.tsx(58,115): error TS7026: JSX element implicitly has type 'any' because no interface 'JSX.IntrinsicElements' exists.
../247gbsaffiliates/components/onboarding/CertificationModal.tsx(59,21): error TS7026: JSX element implicitly has type 'any' because no interface 'JSX.IntrinsicElements' exists.
../247gbsaffiliates/components/onboarding/CertificationModal.tsx(60,21): error TS7026: JSX element implicitly has type 'any' because no interface 'JSX.IntrinsicElements' exists.
../247gbsaffiliates/components/onboarding/CertificationModal.tsx(60,107): error TS7026: JSX element implicitly has type 'any' because no interface 'JSX.IntrinsicElements' exists.
../247gbsaffiliates/components/onboarding/CertificationModal.tsx(61,17): error TS7026: JSX element implicitly has type 'any' because no interface 'JSX.IntrinsicElements' exists.
../247gbsaffiliates/components/onboarding/CertificationModal.tsx(63,17): error TS7026: JSX element implicitly has type 'any' because no interface 'JSX.IntrinsicElements' exists.
../247gbsaffiliates/components/onboarding/CertificationModal.tsx(65,17): error TS7026: JSX element implicitly has type 'any' because no interface 'JSX.IntrinsicElements' exists.
../247gbsaffiliates/components/onboarding/CertificationModal.tsx(67,17): error TS7026: JSX element implicitly has type 'any' because no interface 'JSX.IntrinsicElements' exists.
../247gbsaffiliates/components/onboarding/CertificationModal.tsx(68,21): error TS7026: JSX element implicitly has type 'any' because no interface 'JSX.IntrinsicElements' exists.
../247gbsaffiliates/components/onboarding/CertificationModal.tsx(69,25): error TS7026: JSX element implicitly has type 'any' because no interface 'JSX.IntrinsicElements' exists.
../247gbsaffiliates/components/onboarding/CertificationModal.tsx(69,110): error TS7026: JSX element implicitly has type 'any' because no interface 'JSX.IntrinsicElements' exists.
../247gbsaffiliates/components/onboarding/CertificationModal.tsx(70,25): error TS7026: JSX element implicitly has type 'any' because no interface 'JSX.IntrinsicElements' exists.
../247gbsaffiliates/components/onboarding/CertificationModal.tsx(71,29): error TS7026: JSX element implicitly has type 'any' because no interface 'JSX.IntrinsicElements' exists.
../247gbsaffiliates/components/onboarding/CertificationModal.tsx(71,191): error TS7026: JSX element implicitly has type 'any' because no interface 'JSX.IntrinsicElements' exists.
../247gbsaffiliates/components/onboarding/CertificationModal.tsx(72,29): error TS7026: JSX element implicitly has type 'any' because no interface 'JSX.IntrinsicElements' exists.
../247gbsaffiliates/components/onboarding/CertificationModal.tsx(80,30): error TS7026: JSX element implicitly has type 'any' because no interface 'JSX.IntrinsicElements' exists.
../247gbsaffiliates/components/onboarding/CertificationModal.tsx(81,25): error TS7026: JSX element implicitly has type 'any' because no interface 'JSX.IntrinsicElements' exists.
../247gbsaffiliates/components/onboarding/CertificationModal.tsx(82,25): error TS7026: JSX element implicitly has type 'any' because no interface 'JSX.IntrinsicElements' exists.
../247gbsaffiliates/components/onboarding/CertificationModal.tsx(83,29): error TS7026: JSX element implicitly has type 'any' because no interface 'JSX.IntrinsicElements' exists.
../247gbsaffiliates/components/onboarding/CertificationModal.tsx(83,103): error TS7026: JSX element implicitly has type 'any' because no interface 'JSX.IntrinsicElements' exists.
../247gbsaffiliates/components/onboarding/CertificationModal.tsx(84,29): error TS7026: JSX element implicitly has type 'any' because no interface 'JSX.IntrinsicElements' exists.
../247gbsaffiliates/components/onboarding/CertificationModal.tsx(84,121): error TS7026: JSX element implicitly has type 'any' because no interface 'JSX.IntrinsicElements' exists.
../247gbsaffiliates/components/onboarding/CertificationModal.tsx(85,25): error TS7026: JSX element implicitly has type 'any' because no interface 'JSX.IntrinsicElements' exists.
../247gbsaffiliates/components/onboarding/CertificationModal.tsx(86,21): error TS7026: JSX element implicitly has type 'any' because no interface 'JSX.IntrinsicElements' exists.
../247gbsaffiliates/components/onboarding/CertificationModal.tsx(87,17): error TS7026: JSX element implicitly has type 'any' because no interface 'JSX.IntrinsicElements' exists.
../247gbsaffiliates/components/onboarding/CertificationModal.tsx(89,17): error TS7026: JSX element implicitly has type 'any' because no interface 'JSX.IntrinsicElements' exists.
../247gbsaffiliates/components/onboarding/CertificationModal.tsx(90,73): error TS7026: JSX element implicitly has type 'any' because no interface 'JSX.IntrinsicElements' exists.
../247gbsaffiliates/components/onboarding/CertificationModal.tsx(90,180): error TS7026: JSX element implicitly has type 'any' because no interface 'JSX.IntrinsicElements' exists.
../247gbsaffiliates/components/onboarding/CertificationModal.tsx(91,17): error TS7026: JSX element implicitly has type 'any' because no interface 'JSX.IntrinsicElements' exists.
../247gbsaffiliates/components/onboarding/CertificationModal.tsx(93,17): error TS7026: JSX element implicitly has type 'any' because no interface 'JSX.IntrinsicElements' exists.
../247gbsaffiliates/components/onboarding/CertificationModal.tsx(98,21): error TS7026: JSX element implicitly has type 'any' because no interface 'JSX.IntrinsicElements' exists.
../247gbsaffiliates/components/onboarding/CertificationModal.tsx(98,86): error TS7026: JSX element implicitly has type 'any' because no interface 'JSX.IntrinsicElements' exists.
../247gbsaffiliates/components/onboarding/CertificationModal.tsx(99,17): error TS7026: JSX element implicitly has type 'any' because no interface 'JSX.IntrinsicElements' exists.
../247gbsaffiliates/components/onboarding/CertificationModal.tsx(100,13): error TS7026: JSX element implicitly has type 'any' because no interface 'JSX.IntrinsicElements' exists.
../247gbsaffiliates/components/onboarding/CertificationModal.tsx(101,9): error TS7026: JSX element implicitly has type 'any' because no interface 'JSX.IntrinsicElements' exists.
../247gbsaffiliates/components/onboarding/OnboardingLayout.tsx(3,19): error TS2307: Cannot find module 'react' or its corresponding type declarations.
../247gbsaffiliates/components/onboarding/OnboardingLayout.tsx(21,69): error TS7031: Binding element 'children' implicitly has an 'any' type.
../247gbsaffiliates/components/onboarding/OnboardingLayout.tsx(27,9): error TS7026: JSX element implicitly has type 'any' because no interface 'JSX.IntrinsicElements' exists.
../247gbsaffiliates/components/onboarding/OnboardingLayout.tsx(27,9): error TS2875: This JSX tag requires the module path 'react/jsx-runtime' to exist, but none could be found. Make sure you have types for the appropriate package installed.
../247gbsaffiliates/components/onboarding/OnboardingLayout.tsx(28,13): error TS7026: JSX element implicitly has type 'any' because no interface 'JSX.IntrinsicElements' exists.
../247gbsaffiliates/components/onboarding/OnboardingLayout.tsx(29,17): error TS7026: JSX element implicitly has type 'any' because no interface 'JSX.IntrinsicElements' exists.
../247gbsaffiliates/components/onboarding/OnboardingLayout.tsx(30,21): error TS7026: JSX element implicitly has type 'any' because no interface 'JSX.IntrinsicElements' exists.
../247gbsaffiliates/components/onboarding/OnboardingLayout.tsx(31,25): error TS7026: JSX element implicitly has type 'any' because no interface 'JSX.IntrinsicElements' exists.
../247gbsaffiliates/components/onboarding/OnboardingLayout.tsx(33,29): error TS7026: JSX element implicitly has type 'any' because no interface 'JSX.IntrinsicElements' exists.
../247gbsaffiliates/components/onboarding/OnboardingLayout.tsx(34,33): error TS7026: JSX element implicitly has type 'any' because no interface 'JSX.IntrinsicElements' exists.
../247gbsaffiliates/components/onboarding/OnboardingLayout.tsx(35,37): error TS7026: JSX element implicitly has type 'any' because no interface 'JSX.IntrinsicElements' exists.
../247gbsaffiliates/components/onboarding/OnboardingLayout.tsx(36,41): error TS7026: JSX element implicitly has type 'any' because no interface 'JSX.IntrinsicElements' exists.
../247gbsaffiliates/components/onboarding/OnboardingLayout.tsx(36,144): error TS7026: JSX element implicitly has type 'any' because no interface 'JSX.IntrinsicElements' exists.
../247gbsaffiliates/components/onboarding/OnboardingLayout.tsx(37,37): error TS7026: JSX element implicitly has type 'any' because no interface 'JSX.IntrinsicElements' exists.
../247gbsaffiliates/components/onboarding/OnboardingLayout.tsx(38,33): error TS7026: JSX element implicitly has type 'any' because no interface 'JSX.IntrinsicElements' exists.
../247gbsaffiliates/components/onboarding/OnboardingLayout.tsx(39,33): error TS7026: JSX element implicitly has type 'any' because no interface 'JSX.IntrinsicElements' exists.
../247gbsaffiliates/components/onboarding/OnboardingLayout.tsx(39,127): error TS7026: JSX element implicitly has type 'any' because no interface 'JSX.IntrinsicElements' exists.
../247gbsaffiliates/components/onboarding/OnboardingLayout.tsx(40,29): error TS7026: JSX element implicitly has type 'any' because no interface 'JSX.IntrinsicElements' exists.
../247gbsaffiliates/components/onboarding/OnboardingLayout.tsx(41,25): error TS7026: JSX element implicitly has type 'any' because no interface 'JSX.IntrinsicElements' exists.
../247gbsaffiliates/components/onboarding/OnboardingLayout.tsx(43,29): error TS7026: JSX element implicitly has type 'any' because no interface 'JSX.IntrinsicElements' exists.
../247gbsaffiliates/components/onboarding/OnboardingLayout.tsx(44,33): error TS7026: JSX element implicitly has type 'any' because no interface 'JSX.IntrinsicElements' exists.
../247gbsaffiliates/components/onboarding/OnboardingLayout.tsx(44,111): error TS7026: JSX element implicitly has type 'any' because no interface 'JSX.IntrinsicElements' exists.
../247gbsaffiliates/components/onboarding/OnboardingLayout.tsx(45,33): error TS7026: JSX element implicitly has type 'any' because no interface 'JSX.IntrinsicElements' exists.
../247gbsaffiliates/components/onboarding/OnboardingLayout.tsx(47,33): error TS7026: JSX element implicitly has type 'any' because no interface 'JSX.IntrinsicElements' exists.
../247gbsaffiliates/components/onboarding/OnboardingLayout.tsx(48,29): error TS7026: JSX element implicitly has type 'any' because no interface 'JSX.IntrinsicElements' exists.
../247gbsaffiliates/components/onboarding/OnboardingLayout.tsx(50,21): error TS7026: JSX element implicitly has type 'any' because no interface 'JSX.IntrinsicElements' exists.
../247gbsaffiliates/components/onboarding/OnboardingLayout.tsx(52,21): error TS7026: JSX element implicitly has type 'any' because no interface 'JSX.IntrinsicElements' exists.
../247gbsaffiliates/components/onboarding/OnboardingLayout.tsx(59,37): error TS7026: JSX element implicitly has type 'any' because no interface 'JSX.IntrinsicElements' exists.
../247gbsaffiliates/components/onboarding/OnboardingLayout.tsx(60,41): error TS7026: JSX element implicitly has type 'any' because no interface 'JSX.IntrinsicElements' exists.
../247gbsaffiliates/components/onboarding/OnboardingLayout.tsx(67,49): error TS7026: JSX element implicitly has type 'any' because no interface 'JSX.IntrinsicElements' exists.
../247gbsaffiliates/components/onboarding/OnboardingLayout.tsx(67,106): error TS7026: JSX element implicitly has type 'any' because no interface 'JSX.IntrinsicElements' exists.
../247gbsaffiliates/components/onboarding/OnboardingLayout.tsx(69,49): error TS7026: JSX element implicitly has type 'any' because no interface 'JSX.IntrinsicElements' exists.
../247gbsaffiliates/components/onboarding/OnboardingLayout.tsx(69,109): error TS7026: JSX element implicitly has type 'any' because no interface 'JSX.IntrinsicElements' exists.
../247gbsaffiliates/components/onboarding/OnboardingLayout.tsx(71,41): error TS7026: JSX element implicitly has type 'any' because no interface 'JSX.IntrinsicElements' exists.
../247gbsaffiliates/components/onboarding/OnboardingLayout.tsx(72,41): error TS7026: JSX element implicitly has type 'any' because no interface 'JSX.IntrinsicElements' exists.
../247gbsaffiliates/components/onboarding/OnboardingLayout.tsx(75,41): error TS7026: JSX element implicitly has type 'any' because no interface 'JSX.IntrinsicElements' exists.
../247gbsaffiliates/components/onboarding/OnboardingLayout.tsx(76,37): error TS7026: JSX element implicitly has type 'any' because no interface 'JSX.IntrinsicElements' exists.
../247gbsaffiliates/components/onboarding/OnboardingLayout.tsx(78,41): error TS7026: JSX element implicitly has type 'any' because no interface 'JSX.IntrinsicElements' exists.
../247gbsaffiliates/components/onboarding/OnboardingLayout.tsx(84,21): error TS7026: JSX element implicitly has type 'any' because no interface 'JSX.IntrinsicElements' exists.
../247gbsaffiliates/components/onboarding/OnboardingLayout.tsx(85,17): error TS7026: JSX element implicitly has type 'any' because no interface 'JSX.IntrinsicElements' exists.
../247gbsaffiliates/components/onboarding/OnboardingLayout.tsx(86,13): error TS7026: JSX element implicitly has type 'any' because no interface 'JSX.IntrinsicElements' exists.
../247gbsaffiliates/components/onboarding/OnboardingLayout.tsx(88,13): error TS7026: JSX element implicitly has type 'any' because no interface 'JSX.IntrinsicElements' exists.
../247gbsaffiliates/components/onboarding/OnboardingLayout.tsx(90,13): error TS7026: JSX element implicitly has type 'any' because no interface 'JSX.IntrinsicElements' exists.
../247gbsaffiliates/components/onboarding/OnboardingLayout.tsx(92,13): error TS7026: JSX element implicitly has type 'any' because no interface 'JSX.IntrinsicElements' exists.
../247gbsaffiliates/components/onboarding/OnboardingLayout.tsx(93,17): error TS7026: JSX element implicitly has type 'any' because no interface 'JSX.IntrinsicElements' exists.
../247gbsaffiliates/components/onboarding/OnboardingLayout.tsx(94,21): error TS7026: JSX element implicitly has type 'any' because no interface 'JSX.IntrinsicElements' exists.
../247gbsaffiliates/components/onboarding/OnboardingLayout.tsx(94,176): error TS7026: JSX element implicitly has type 'any' because no interface 'JSX.IntrinsicElements' exists.
../247gbsaffiliates/components/onboarding/OnboardingLayout.tsx(95,21): error TS7026: JSX element implicitly has type 'any' because no interface 'JSX.IntrinsicElements' exists.
../247gbsaffiliates/components/onboarding/OnboardingLayout.tsx(96,25): error TS7026: JSX element implicitly has type 'any' because no interface 'JSX.IntrinsicElements' exists.
../247gbsaffiliates/components/onboarding/OnboardingLayout.tsx(96,100): error TS7026: JSX element implicitly has type 'any' because no interface 'JSX.IntrinsicElements' exists.
../247gbsaffiliates/components/onboarding/OnboardingLayout.tsx(97,25): error TS7026: JSX element implicitly has type 'any' because no interface 'JSX.IntrinsicElements' exists.
../247gbsaffiliates/components/onboarding/OnboardingLayout.tsx(97,102): error TS7026: JSX element implicitly has type 'any' because no interface 'JSX.IntrinsicElements' exists.
../247gbsaffiliates/components/onboarding/OnboardingLayout.tsx(98,25): error TS7026: JSX element implicitly has type 'any' because no interface 'JSX.IntrinsicElements' exists.
../247gbsaffiliates/components/onboarding/OnboardingLayout.tsx(98,97): error TS7026: JSX element implicitly has type 'any' because no interface 'JSX.IntrinsicElements' exists.
../247gbsaffiliates/components/onboarding/OnboardingLayout.tsx(99,21): error TS7026: JSX element implicitly has type 'any' because no interface 'JSX.IntrinsicElements' exists.
../247gbsaffiliates/components/onboarding/OnboardingLayout.tsx(100,17): error TS7026: JSX element implicitly has type 'any' because no interface 'JSX.IntrinsicElements' exists.
../247gbsaffiliates/components/onboarding/OnboardingLayout.tsx(101,13): error TS7026: JSX element implicitly has type 'any' because no interface 'JSX.IntrinsicElements' exists.
../247gbsaffiliates/components/onboarding/OnboardingLayout.tsx(102,9): error TS7026: JSX element implicitly has type 'any' because no interface 'JSX.IntrinsicElements' exists.
../247gbsaffiliates/components/onboarding/OutcomeStep.tsx(3,19): error TS2307: Cannot find module 'react' or its corresponding type declarations.
../247gbsaffiliates/components/onboarding/OutcomeStep.tsx(5,18): error TS2307: Cannot find module 'next/link' or its corresponding type declarations.
../247gbsaffiliates/components/onboarding/OutcomeStep.tsx(6,27): error TS2307: Cannot find module 'next/navigation' or its corresponding type declarations.
../247gbsaffiliates/components/onboarding/OutcomeStep.tsx(29,9): error TS7026: JSX element implicitly has type 'any' because no interface 'JSX.IntrinsicElements' exists.
../247gbsaffiliates/components/onboarding/OutcomeStep.tsx(29,9): error TS2875: This JSX tag requires the module path 'react/jsx-runtime' to exist, but none could be found. Make sure you have types for the appropriate package installed.
../247gbsaffiliates/components/onboarding/OutcomeStep.tsx(44,13): error TS7026: JSX element implicitly has type 'any' because no interface 'JSX.IntrinsicElements' exists.
../247gbsaffiliates/components/onboarding/OutcomeStep.tsx(46,17): error TS7026: JSX element implicitly has type 'any' because no interface 'JSX.IntrinsicElements' exists.
../247gbsaffiliates/components/onboarding/OutcomeStep.tsx(47,21): error TS7026: JSX element implicitly has type 'any' because no interface 'JSX.IntrinsicElements' exists.
../247gbsaffiliates/components/onboarding/OutcomeStep.tsx(49,25): error TS7026: JSX element implicitly has type 'any' because no interface 'JSX.IntrinsicElements' exists.
../247gbsaffiliates/components/onboarding/OutcomeStep.tsx(50,29): error TS7026: JSX element implicitly has type 'any' because no interface 'JSX.IntrinsicElements' exists.
../247gbsaffiliates/components/onboarding/OutcomeStep.tsx(51,33): error TS7026: JSX element implicitly has type 'any' because no interface 'JSX.IntrinsicElements' exists.
../247gbsaffiliates/components/onboarding/OutcomeStep.tsx(51,197): error TS7026: JSX element implicitly has type 'any' because no interface 'JSX.IntrinsicElements' exists.
../247gbsaffiliates/components/onboarding/OutcomeStep.tsx(52,33): error TS7026: JSX element implicitly has type 'any' because no interface 'JSX.IntrinsicElements' exists.
../247gbsaffiliates/components/onboarding/OutcomeStep.tsx(58,34): error TS7026: JSX element implicitly has type 'any' because no interface 'JSX.IntrinsicElements' exists.
../247gbsaffiliates/components/onboarding/OutcomeStep.tsx(59,29): error TS7026: JSX element implicitly has type 'any' because no interface 'JSX.IntrinsicElements' exists.
../247gbsaffiliates/components/onboarding/OutcomeStep.tsx(60,29): error TS7026: JSX element implicitly has type 'any' because no interface 'JSX.IntrinsicElements' exists.
../247gbsaffiliates/components/onboarding/OutcomeStep.tsx(61,33): error TS7026: JSX element implicitly has type 'any' because no interface 'JSX.IntrinsicElements' exists.
../247gbsaffiliates/components/onboarding/OutcomeStep.tsx(61,180): error TS7026: JSX element implicitly has type 'any' because no interface 'JSX.IntrinsicElements' exists.
../247gbsaffiliates/components/onboarding/OutcomeStep.tsx(62,33): error TS7026: JSX element implicitly has type 'any' because no interface 'JSX.IntrinsicElements' exists.
../247gbsaffiliates/components/onboarding/OutcomeStep.tsx(62,181): error TS7026: JSX element implicitly has type 'any' because no interface 'JSX.IntrinsicElements' exists.
../247gbsaffiliates/components/onboarding/OutcomeStep.tsx(63,29): error TS7026: JSX element implicitly has type 'any' because no interface 'JSX.IntrinsicElements' exists.
../247gbsaffiliates/components/onboarding/OutcomeStep.tsx(64,25): error TS7026: JSX element implicitly has type 'any' because no interface 'JSX.IntrinsicElements' exists.
../247gbsaffiliates/components/onboarding/OutcomeStep.tsx(68,29): error TS7026: JSX element implicitly has type 'any' because no interface 'JSX.IntrinsicElements' exists.
../247gbsaffiliates/components/onboarding/OutcomeStep.tsx(69,33): error TS7026: JSX element implicitly has type 'any' because no interface 'JSX.IntrinsicElements' exists.
../247gbsaffiliates/components/onboarding/OutcomeStep.tsx(70,37): error TS7026: JSX element implicitly has type 'any' because no interface 'JSX.IntrinsicElements' exists.
../247gbsaffiliates/components/onboarding/OutcomeStep.tsx(71,41): error TS7026: JSX element implicitly has type 'any' because no interface 'JSX.IntrinsicElements' exists.
../247gbsaffiliates/components/onboarding/OutcomeStep.tsx(71,155): error TS7026: JSX element implicitly has type 'any' because no interface 'JSX.IntrinsicElements' exists.
../247gbsaffiliates/components/onboarding/OutcomeStep.tsx(72,41): error TS7026: JSX element implicitly has type 'any' because no interface 'JSX.IntrinsicElements' exists.
../247gbsaffiliates/components/onboarding/OutcomeStep.tsx(72,168): error TS7026: JSX element implicitly has type 'any' because no interface 'JSX.IntrinsicElements' exists.
../247gbsaffiliates/components/onboarding/OutcomeStep.tsx(73,41): error TS7026: JSX element implicitly has type 'any' because no interface 'JSX.IntrinsicElements' exists.
../247gbsaffiliates/components/onboarding/OutcomeStep.tsx(73,122): error TS7026: JSX element implicitly has type 'any' because no interface 'JSX.IntrinsicElements' exists.
../247gbsaffiliates/components/onboarding/OutcomeStep.tsx(74,37): error TS7026: JSX element implicitly has type 'any' because no interface 'JSX.IntrinsicElements' exists.
../247gbsaffiliates/components/onboarding/OutcomeStep.tsx(75,33): error TS7026: JSX element implicitly has type 'any' because no interface 'JSX.IntrinsicElements' exists.
../247gbsaffiliates/components/onboarding/OutcomeStep.tsx(76,33): error TS7026: JSX element implicitly has type 'any' because no interface 'JSX.IntrinsicElements' exists.
../247gbsaffiliates/components/onboarding/OutcomeStep.tsx(77,37): error TS7026: JSX element implicitly has type 'any' because no interface 'JSX.IntrinsicElements' exists.
../247gbsaffiliates/components/onboarding/OutcomeStep.tsx(79,37): error TS7026: JSX element implicitly has type 'any' because no interface 'JSX.IntrinsicElements' exists.
../247gbsaffiliates/components/onboarding/OutcomeStep.tsx(80,33): error TS7026: JSX element implicitly has type 'any' because no interface 'JSX.IntrinsicElements' exists.
../247gbsaffiliates/components/onboarding/OutcomeStep.tsx(81,29): error TS7026: JSX element implicitly has type 'any' because no interface 'JSX.IntrinsicElements' exists.
../247gbsaffiliates/components/onboarding/OutcomeStep.tsx(85,29): error TS7026: JSX element implicitly has type 'any' because no interface 'JSX.IntrinsicElements' exists.
../247gbsaffiliates/components/onboarding/OutcomeStep.tsx(86,33): error TS7026: JSX element implicitly has type 'any' because no interface 'JSX.IntrinsicElements' exists.
../247gbsaffiliates/components/onboarding/OutcomeStep.tsx(87,37): error TS7026: JSX element implicitly has type 'any' because no interface 'JSX.IntrinsicElements' exists.
../247gbsaffiliates/components/onboarding/OutcomeStep.tsx(88,41): error TS7026: JSX element implicitly has type 'any' because no interface 'JSX.IntrinsicElements' exists.
../247gbsaffiliates/components/onboarding/OutcomeStep.tsx(88,106): error TS7026: JSX element implicitly has type 'any' because no interface 'JSX.IntrinsicElements' exists.
../247gbsaffiliates/components/onboarding/OutcomeStep.tsx(89,41): error TS7026: JSX element implicitly has type 'any' because no interface 'JSX.IntrinsicElements' exists.
../247gbsaffiliates/components/onboarding/OutcomeStep.tsx(89,126): error TS7026: JSX element implicitly has type 'any' because no interface 'JSX.IntrinsicElements' exists.
../247gbsaffiliates/components/onboarding/OutcomeStep.tsx(90,37): error TS7026: JSX element implicitly has type 'any' because no interface 'JSX.IntrinsicElements' exists.
../247gbsaffiliates/components/onboarding/OutcomeStep.tsx(91,33): error TS7026: JSX element implicitly has type 'any' because no interface 'JSX.IntrinsicElements' exists.
../247gbsaffiliates/components/onboarding/OutcomeStep.tsx(92,33): error TS7026: JSX element implicitly has type 'any' because no interface 'JSX.IntrinsicElements' exists.
../247gbsaffiliates/components/onboarding/OutcomeStep.tsx(93,37): error TS7026: JSX element implicitly has type 'any' because no interface 'JSX.IntrinsicElements' exists.
../247gbsaffiliates/components/onboarding/OutcomeStep.tsx(93,103): error TS7026: JSX element implicitly has type 'any' because no interface 'JSX.IntrinsicElements' exists.
../247gbsaffiliates/components/onboarding/OutcomeStep.tsx(94,33): error TS7026: JSX element implicitly has type 'any' because no interface 'JSX.IntrinsicElements' exists.
../247gbsaffiliates/components/onboarding/OutcomeStep.tsx(95,29): error TS7026: JSX element implicitly has type 'any' because no interface 'JSX.IntrinsicElements' exists.
../247gbsaffiliates/components/onboarding/OutcomeStep.tsx(97,21): error TS7026: JSX element implicitly has type 'any' because no interface 'JSX.IntrinsicElements' exists.
../247gbsaffiliates/components/onboarding/OutcomeStep.tsx(99,21): error TS7026: JSX element implicitly has type 'any' because no interface 'JSX.IntrinsicElements' exists.
../247gbsaffiliates/components/onboarding/OutcomeStep.tsx(100,25): error TS7026: JSX element implicitly has type 'any' because no interface 'JSX.IntrinsicElements' exists.
../247gbsaffiliates/components/onboarding/OutcomeStep.tsx(104,25): error TS7026: JSX element implicitly has type 'any' because no interface 'JSX.IntrinsicElements' exists.
../247gbsaffiliates/components/onboarding/OutcomeStep.tsx(105,25): error TS7026: JSX element implicitly has type 'any' because no interface 'JSX.IntrinsicElements' exists.
../247gbsaffiliates/components/onboarding/OutcomeStep.tsx(107,35): error TS7026: JSX element implicitly has type 'any' because no interface 'JSX.IntrinsicElements' exists.
../247gbsaffiliates/components/onboarding/OutcomeStep.tsx(107,141): error TS7026: JSX element implicitly has type 'any' because no interface 'JSX.IntrinsicElements' exists.
../247gbsaffiliates/components/onboarding/OutcomeStep.tsx(109,39): error TS7026: JSX element implicitly has type 'any' because no interface 'JSX.IntrinsicElements' exists.
../247gbsaffiliates/components/onboarding/OutcomeStep.tsx(109,65): error TS7026: JSX element implicitly has type 'any' because no interface 'JSX.IntrinsicElements' exists.
../247gbsaffiliates/components/onboarding/OutcomeStep.tsx(109,113): error TS7026: JSX element implicitly has type 'any' because no interface 'JSX.IntrinsicElements' exists.
../247gbsaffiliates/components/onboarding/OutcomeStep.tsx(109,263): error TS7026: JSX element implicitly has type 'any' because no interface 'JSX.IntrinsicElements' exists.
../247gbsaffiliates/components/onboarding/OutcomeStep.tsx(110,39): error TS7026: JSX element implicitly has type 'any' because no interface 'JSX.IntrinsicElements' exists.
../247gbsaffiliates/components/onboarding/OutcomeStep.tsx(110,126): error TS7026: JSX element implicitly has type 'any' because no interface 'JSX.IntrinsicElements' exists.
../247gbsaffiliates/components/onboarding/OutcomeStep.tsx(110,203): error TS7026: JSX element implicitly has type 'any' because no interface 'JSX.IntrinsicElements' exists.
../247gbsaffiliates/components/onboarding/OutcomeStep.tsx(110,217): error TS7026: JSX element implicitly has type 'any' because no interface 'JSX.IntrinsicElements' exists.
../247gbsaffiliates/components/onboarding/OutcomeStep.tsx(112,25): error TS7026: JSX element implicitly has type 'any' because no interface 'JSX.IntrinsicElements' exists.
../247gbsaffiliates/components/onboarding/OutcomeStep.tsx(113,21): error TS7026: JSX element implicitly has type 'any' because no interface 'JSX.IntrinsicElements' exists.
../247gbsaffiliates/components/onboarding/OutcomeStep.tsx(114,17): error TS7026: JSX element implicitly has type 'any' because no interface 'JSX.IntrinsicElements' exists.
../247gbsaffiliates/components/onboarding/OutcomeStep.tsx(116,17): error TS7026: JSX element implicitly has type 'any' because no interface 'JSX.IntrinsicElements' exists.
../247gbsaffiliates/components/onboarding/OutcomeStep.tsx(117,21): error TS7026: JSX element implicitly has type 'any' because no interface 'JSX.IntrinsicElements' exists.
../247gbsaffiliates/components/onboarding/OutcomeStep.tsx(117,152): error TS7026: JSX element implicitly has type 'any' because no interface 'JSX.IntrinsicElements' exists.
../247gbsaffiliates/components/onboarding/OutcomeStep.tsx(118,21): error TS7026: JSX element implicitly has type 'any' because no interface 'JSX.IntrinsicElements' exists.
../247gbsaffiliates/components/onboarding/OutcomeStep.tsx(120,25): error TS7026: JSX element implicitly has type 'any' because no interface 'JSX.IntrinsicElements' exists.
../247gbsaffiliates/components/onboarding/OutcomeStep.tsx(121,29): error TS7026: JSX element implicitly has type 'any' because no interface 'JSX.IntrinsicElements' exists.
../247gbsaffiliates/components/onboarding/OutcomeStep.tsx(121,139): error TS7026: JSX element implicitly has type 'any' because no interface 'JSX.IntrinsicElements' exists.
../247gbsaffiliates/components/onboarding/OutcomeStep.tsx(122,29): error TS7026: JSX element implicitly has type 'any' because no interface 'JSX.IntrinsicElements' exists.
../247gbsaffiliates/components/onboarding/OutcomeStep.tsx(122,139): error TS7026: JSX element implicitly has type 'any' because no interface 'JSX.IntrinsicElements' exists.
../247gbsaffiliates/components/onboarding/OutcomeStep.tsx(123,29): error TS7026: JSX element implicitly has type 'any' because no interface 'JSX.IntrinsicElements' exists.
../247gbsaffiliates/components/onboarding/OutcomeStep.tsx(123,96): error TS7026: JSX element implicitly has type 'any' because no interface 'JSX.IntrinsicElements' exists.
../247gbsaffiliates/components/onboarding/OutcomeStep.tsx(124,25): error TS7026: JSX element implicitly has type 'any' because no interface 'JSX.IntrinsicElements' exists.
../247gbsaffiliates/components/onboarding/OutcomeStep.tsx(126,25): error TS7026: JSX element implicitly has type 'any' because no interface 'JSX.IntrinsicElements' exists.
../247gbsaffiliates/components/onboarding/OutcomeStep.tsx(127,29): error TS7026: JSX element implicitly has type 'any' because no interface 'JSX.IntrinsicElements' exists.
../247gbsaffiliates/components/onboarding/OutcomeStep.tsx(127,147): error TS7026: JSX element implicitly has type 'any' because no interface 'JSX.IntrinsicElements' exists.
../247gbsaffiliates/components/onboarding/OutcomeStep.tsx(128,29): error TS7026: JSX element implicitly has type 'any' because no interface 'JSX.IntrinsicElements' exists.
../247gbsaffiliates/components/onboarding/OutcomeStep.tsx(128,136): error TS7026: JSX element implicitly has type 'any' because no interface 'JSX.IntrinsicElements' exists.
../247gbsaffiliates/components/onboarding/OutcomeStep.tsx(129,29): error TS7026: JSX element implicitly has type 'any' because no interface 'JSX.IntrinsicElements' exists.
../247gbsaffiliates/components/onboarding/OutcomeStep.tsx(129,112): error TS7026: JSX element implicitly has type 'any' because no interface 'JSX.IntrinsicElements' exists.
../247gbsaffiliates/components/onboarding/OutcomeStep.tsx(130,25): error TS7026: JSX element implicitly has type 'any' because no interface 'JSX.IntrinsicElements' exists.
../247gbsaffiliates/components/onboarding/OutcomeStep.tsx(132,25): error TS7026: JSX element implicitly has type 'any' because no interface 'JSX.IntrinsicElements' exists.
../247gbsaffiliates/components/onboarding/OutcomeStep.tsx(133,29): error TS7026: JSX element implicitly has type 'any' because no interface 'JSX.IntrinsicElements' exists.
../247gbsaffiliates/components/onboarding/OutcomeStep.tsx(133,143): error TS7026: JSX element implicitly has type 'any' because no interface 'JSX.IntrinsicElements' exists.
../247gbsaffiliates/components/onboarding/OutcomeStep.tsx(134,29): error TS7026: JSX element implicitly has type 'any' because no interface 'JSX.IntrinsicElements' exists.
../247gbsaffiliates/components/onboarding/OutcomeStep.tsx(134,136): error TS7026: JSX element implicitly has type 'any' because no interface 'JSX.IntrinsicElements' exists.
../247gbsaffiliates/components/onboarding/OutcomeStep.tsx(135,29): error TS7026: JSX element implicitly has type 'any' because no interface 'JSX.IntrinsicElements' exists.
../247gbsaffiliates/components/onboarding/OutcomeStep.tsx(135,96): error TS7026: JSX element implicitly has type 'any' because no interface 'JSX.IntrinsicElements' exists.
../247gbsaffiliates/components/onboarding/OutcomeStep.tsx(136,25): error TS7026: JSX element implicitly has type 'any' because no interface 'JSX.IntrinsicElements' exists.
../247gbsaffiliates/components/onboarding/OutcomeStep.tsx(137,21): error TS7026: JSX element implicitly has type 'any' because no interface 'JSX.IntrinsicElements' exists.
../247gbsaffiliates/components/onboarding/OutcomeStep.tsx(138,17): error TS7026: JSX element implicitly has type 'any' because no interface 'JSX.IntrinsicElements' exists.
../247gbsaffiliates/components/onboarding/OutcomeStep.tsx(140,17): error TS7026: JSX element implicitly has type 'any' because no interface 'JSX.IntrinsicElements' exists.
../247gbsaffiliates/components/onboarding/OutcomeStep.tsx(141,21): error TS7026: JSX element implicitly has type 'any' because no interface 'JSX.IntrinsicElements' exists.
../247gbsaffiliates/components/onboarding/OutcomeStep.tsx(148,29): error TS7026: JSX element implicitly has type 'any' because no interface 'JSX.IntrinsicElements' exists.
../247gbsaffiliates/components/onboarding/OutcomeStep.tsx(148,92): error TS7026: JSX element implicitly has type 'any' because no interface 'JSX.IntrinsicElements' exists.
../247gbsaffiliates/components/onboarding/OutcomeStep.tsx(150,25): error TS7026: JSX element implicitly has type 'any' because no interface 'JSX.IntrinsicElements' exists.
../247gbsaffiliates/components/onboarding/OutcomeStep.tsx(150,145): error TS7026: JSX element implicitly has type 'any' because no interface 'JSX.IntrinsicElements' exists.
../247gbsaffiliates/components/onboarding/OutcomeStep.tsx(151,21): error TS7026: JSX element implicitly has type 'any' because no interface 'JSX.IntrinsicElements' exists.
../247gbsaffiliates/components/onboarding/OutcomeStep.tsx(153,25): error TS7026: JSX element implicitly has type 'any' because no interface 'JSX.IntrinsicElements' exists.
../247gbsaffiliates/components/onboarding/OutcomeStep.tsx(154,29): error TS7026: JSX element implicitly has type 'any' because no interface 'JSX.IntrinsicElements' exists.
../247gbsaffiliates/components/onboarding/OutcomeStep.tsx(154,125): error TS7026: JSX element implicitly has type 'any' because no interface 'JSX.IntrinsicElements' exists.
../247gbsaffiliates/components/onboarding/OutcomeStep.tsx(155,29): error TS7026: JSX element implicitly has type 'any' because no interface 'JSX.IntrinsicElements' exists.
../247gbsaffiliates/components/onboarding/OutcomeStep.tsx(156,33): error TS7026: JSX element implicitly has type 'any' because no interface 'JSX.IntrinsicElements' exists.
../247gbsaffiliates/components/onboarding/OutcomeStep.tsx(156,91): error TS7026: JSX element implicitly has type 'any' because no interface 'JSX.IntrinsicElements' exists.
../247gbsaffiliates/components/onboarding/OutcomeStep.tsx(158,29): error TS7026: JSX element implicitly has type 'any' because no interface 'JSX.IntrinsicElements' exists.
../247gbsaffiliates/components/onboarding/OutcomeStep.tsx(159,25): error TS7026: JSX element implicitly has type 'any' because no interface 'JSX.IntrinsicElements' exists.
../247gbsaffiliates/components/onboarding/OutcomeStep.tsx(161,17): error TS7026: JSX element implicitly has type 'any' because no interface 'JSX.IntrinsicElements' exists.
../247gbsaffiliates/components/onboarding/OutcomeStep.tsx(162,13): error TS7026: JSX element implicitly has type 'any' because no interface 'JSX.IntrinsicElements' exists.
../247gbsaffiliates/components/onboarding/OutcomeStep.tsx(163,13): error TS7026: JSX element implicitly has type 'any' because no interface 'JSX.IntrinsicElements' exists.
../247gbsaffiliates/components/onboarding/OutcomeStep.tsx(165,13): error TS7026: JSX element implicitly has type 'any' because no interface 'JSX.IntrinsicElements' exists.
../247gbsaffiliates/components/onboarding/OutcomeStep.tsx(166,9): error TS7026: JSX element implicitly has type 'any' because no interface 'JSX.IntrinsicElements' exists.
../247gbsaffiliates/components/onboarding/ProfileInfoStep.tsx(3,44): error TS2307: Cannot find module 'react' or its corresponding type declarations.
../247gbsaffiliates/components/onboarding/ProfileInfoStep.tsx(5,25): error TS2307: Cannot find module 'react-hook-form' or its corresponding type declarations.
../247gbsaffiliates/components/onboarding/ProfileInfoStep.tsx(6,29): error TS2307: Cannot find module '@hookform/resolvers/zod' or its corresponding type declarations.
../247gbsaffiliates/components/onboarding/ProfileInfoStep.tsx(9,23): error TS2307: Cannot find module 'react-toastify' or its corresponding type declarations.
../247gbsaffiliates/components/onboarding/ProfileInfoStep.tsx(158,9): error TS7026: JSX element implicitly has type 'any' because no interface 'JSX.IntrinsicElements' exists.
../247gbsaffiliates/components/onboarding/ProfileInfoStep.tsx(158,9): error TS2875: This JSX tag requires the module path 'react/jsx-runtime' to exist, but none could be found. Make sure you have types for the appropriate package installed.
../247gbsaffiliates/components/onboarding/ProfileInfoStep.tsx(159,13): error TS7026: JSX element implicitly has type 'any' because no interface 'JSX.IntrinsicElements' exists.
../247gbsaffiliates/components/onboarding/ProfileInfoStep.tsx(160,17): error TS7026: JSX element implicitly has type 'any' because no interface 'JSX.IntrinsicElements' exists.
../247gbsaffiliates/components/onboarding/ProfileInfoStep.tsx(162,17): error TS7026: JSX element implicitly has type 'any' because no interface 'JSX.IntrinsicElements' exists.
../247gbsaffiliates/components/onboarding/ProfileInfoStep.tsx(163,17): error TS7026: JSX element implicitly has type 'any' because no interface 'JSX.IntrinsicElements' exists.
../247gbsaffiliates/components/onboarding/ProfileInfoStep.tsx(165,17): error TS7026: JSX element implicitly has type 'any' because no interface 'JSX.IntrinsicElements' exists.
../247gbsaffiliates/components/onboarding/ProfileInfoStep.tsx(166,17): error TS7026: JSX element implicitly has type 'any' because no interface 'JSX.IntrinsicElements' exists.
../247gbsaffiliates/components/onboarding/ProfileInfoStep.tsx(166,121): error TS7026: JSX element implicitly has type 'any' because no interface 'JSX.IntrinsicElements' exists.
../247gbsaffiliates/components/onboarding/ProfileInfoStep.tsx(167,13): error TS7026: JSX element implicitly has type 'any' because no interface 'JSX.IntrinsicElements' exists.
../247gbsaffiliates/components/onboarding/ProfileInfoStep.tsx(169,13): error TS7026: JSX element implicitly has type 'any' because no interface 'JSX.IntrinsicElements' exists.
../247gbsaffiliates/components/onboarding/ProfileInfoStep.tsx(172,17): error TS7026: JSX element implicitly has type 'any' because no interface 'JSX.IntrinsicElements' exists.
../247gbsaffiliates/components/onboarding/ProfileInfoStep.tsx(174,17): error TS7026: JSX element implicitly has type 'any' because no interface 'JSX.IntrinsicElements' exists.
../247gbsaffiliates/components/onboarding/ProfileInfoStep.tsx(176,17): error TS7026: JSX element implicitly has type 'any' because no interface 'JSX.IntrinsicElements' exists.
../247gbsaffiliates/components/onboarding/ProfileInfoStep.tsx(176,71): error TS7026: JSX element implicitly has type 'any' because no interface 'JSX.IntrinsicElements' exists.
../247gbsaffiliates/components/onboarding/ProfileInfoStep.tsx(179,17): error TS7026: JSX element implicitly has type 'any' because no interface 'JSX.IntrinsicElements' exists.
../247gbsaffiliates/components/onboarding/ProfileInfoStep.tsx(180,21): error TS7026: JSX element implicitly has type 'any' because no interface 'JSX.IntrinsicElements' exists.
../247gbsaffiliates/components/onboarding/ProfileInfoStep.tsx(189,25): error TS7026: JSX element implicitly has type 'any' because no interface 'JSX.IntrinsicElements' exists.
../247gbsaffiliates/components/onboarding/ProfileInfoStep.tsx(191,25): error TS7026: JSX element implicitly has type 'any' because no interface 'JSX.IntrinsicElements' exists.
../247gbsaffiliates/components/onboarding/ProfileInfoStep.tsx(192,21): error TS7026: JSX element implicitly has type 'any' because no interface 'JSX.IntrinsicElements' exists.
../247gbsaffiliates/components/onboarding/ProfileInfoStep.tsx(200,17): error TS7026: JSX element implicitly has type 'any' because no interface 'JSX.IntrinsicElements' exists.
../247gbsaffiliates/components/onboarding/ProfileInfoStep.tsx(202,17): error TS7026: JSX element implicitly has type 'any' because no interface 'JSX.IntrinsicElements' exists.
../247gbsaffiliates/components/onboarding/ProfileInfoStep.tsx(203,21): error TS7026: JSX element implicitly has type 'any' because no interface 'JSX.IntrinsicElements' exists.
../247gbsaffiliates/components/onboarding/ProfileInfoStep.tsx(211,25): error TS7026: JSX element implicitly has type 'any' because no interface 'JSX.IntrinsicElements' exists.
../247gbsaffiliates/components/onboarding/ProfileInfoStep.tsx(217,29): error TS7026: JSX element implicitly has type 'any' because no interface 'JSX.IntrinsicElements' exists.
../247gbsaffiliates/components/onboarding/ProfileInfoStep.tsx(217,96): error TS7026: JSX element implicitly has type 'any' because no interface 'JSX.IntrinsicElements' exists.
../247gbsaffiliates/components/onboarding/ProfileInfoStep.tsx(219,25): error TS7026: JSX element implicitly has type 'any' because no interface 'JSX.IntrinsicElements' exists.
../247gbsaffiliates/components/onboarding/ProfileInfoStep.tsx(220,21): error TS7026: JSX element implicitly has type 'any' because no interface 'JSX.IntrinsicElements' exists.
../247gbsaffiliates/components/onboarding/ProfileInfoStep.tsx(229,17): error TS7026: JSX element implicitly has type 'any' because no interface 'JSX.IntrinsicElements' exists.
../247gbsaffiliates/components/onboarding/ProfileInfoStep.tsx(231,17): error TS7026: JSX element implicitly has type 'any' because no interface 'JSX.IntrinsicElements' exists.
../247gbsaffiliates/components/onboarding/ProfileInfoStep.tsx(232,21): error TS7026: JSX element implicitly has type 'any' because no interface 'JSX.IntrinsicElements' exists.
../247gbsaffiliates/components/onboarding/ProfileInfoStep.tsx(233,51): error TS7026: JSX element implicitly has type 'any' because no interface 'JSX.IntrinsicElements' exists.
../247gbsaffiliates/components/onboarding/ProfileInfoStep.tsx(233,83): error TS7026: JSX element implicitly has type 'any' because no interface 'JSX.IntrinsicElements' exists.
../247gbsaffiliates/components/onboarding/ProfileInfoStep.tsx(234,21): error TS7026: JSX element implicitly has type 'any' because no interface 'JSX.IntrinsicElements' exists.
../247gbsaffiliates/components/onboarding/ProfileInfoStep.tsx(235,21): error TS7026: JSX element implicitly has type 'any' because no interface 'JSX.IntrinsicElements' exists.
../247gbsaffiliates/components/onboarding/ProfileInfoStep.tsx(245,25): error TS7026: JSX element implicitly has type 'any' because no interface 'JSX.IntrinsicElements' exists.
../247gbsaffiliates/components/onboarding/ProfileInfoStep.tsx(246,29): error TS7026: JSX element implicitly has type 'any' because no interface 'JSX.IntrinsicElements' exists.
../247gbsaffiliates/components/onboarding/ProfileInfoStep.tsx(246,90): error TS7026: JSX element implicitly has type 'any' because no interface 'JSX.IntrinsicElements' exists.
../247gbsaffiliates/components/onboarding/ProfileInfoStep.tsx(248,25): error TS7026: JSX element implicitly has type 'any' because no interface 'JSX.IntrinsicElements' exists.
../247gbsaffiliates/components/onboarding/ProfileInfoStep.tsx(250,17): error TS7026: JSX element implicitly has type 'any' because no interface 'JSX.IntrinsicElements' exists.
../247gbsaffiliates/components/onboarding/ProfileInfoStep.tsx(262,21): error TS7026: JSX element implicitly has type 'any' because no interface 'JSX.IntrinsicElements' exists.
../247gbsaffiliates/components/onboarding/ProfileInfoStep.tsx(263,25): error TS7026: JSX element implicitly has type 'any' because no interface 'JSX.IntrinsicElements' exists.
../247gbsaffiliates/components/onboarding/ProfileInfoStep.tsx(263,153): error TS7026: JSX element implicitly has type 'any' because no interface 'JSX.IntrinsicElements' exists.
../247gbsaffiliates/components/onboarding/ProfileInfoStep.tsx(264,25): error TS7026: JSX element implicitly has type 'any' because no interface 'JSX.IntrinsicElements' exists.
../247gbsaffiliates/components/onboarding/ProfileInfoStep.tsx(264,140): error TS7026: JSX element implicitly has type 'any' because no interface 'JSX.IntrinsicElements' exists.
../247gbsaffiliates/components/onboarding/ProfileInfoStep.tsx(265,25): error TS7026: JSX element implicitly has type 'any' because no interface 'JSX.IntrinsicElements' exists.
../247gbsaffiliates/components/onboarding/ProfileInfoStep.tsx(270,21): error TS7026: JSX element implicitly has type 'any' because no interface 'JSX.IntrinsicElements' exists.
../247gbsaffiliates/components/onboarding/ProfileInfoStep.tsx(273,17): error TS7026: JSX element implicitly has type 'any' because no interface 'JSX.IntrinsicElements' exists.
../247gbsaffiliates/components/onboarding/ProfileInfoStep.tsx(274,21): error TS7026: JSX element implicitly has type 'any' because no interface 'JSX.IntrinsicElements' exists.
../247gbsaffiliates/components/onboarding/ProfileInfoStep.tsx(280,21): error TS7026: JSX element implicitly has type 'any' because no interface 'JSX.IntrinsicElements' exists.
../247gbsaffiliates/components/onboarding/ProfileInfoStep.tsx(281,21): error TS7026: JSX element implicitly has type 'any' because no interface 'JSX.IntrinsicElements' exists.
../247gbsaffiliates/components/onboarding/ProfileInfoStep.tsx(286,21): error TS7026: JSX element implicitly has type 'any' because no interface 'JSX.IntrinsicElements' exists.
../247gbsaffiliates/components/onboarding/ProfileInfoStep.tsx(287,17): error TS7026: JSX element implicitly has type 'any' because no interface 'JSX.IntrinsicElements' exists.
../247gbsaffiliates/components/onboarding/ProfileInfoStep.tsx(288,13): error TS7026: JSX element implicitly has type 'any' because no interface 'JSX.IntrinsicElements' exists.
../247gbsaffiliates/components/onboarding/ProfileInfoStep.tsx(289,9): error TS7026: JSX element implicitly has type 'any' because no interface 'JSX.IntrinsicElements' exists.
../247gbsaffiliates/components/onboarding/QuizStep.tsx(3,44): error TS2307: Cannot find module 'react' or its corresponding type declarations.
../247gbsaffiliates/components/onboarding/QuizStep.tsx(4,39): error TS2307: Cannot find module '@tanstack/react-query' or its corresponding type declarations.
../247gbsaffiliates/components/onboarding/QuizStep.tsx(7,27): error TS2307: Cannot find module 'next/navigation' or its corresponding type declarations.
../247gbsaffiliates/components/onboarding/QuizStep.tsx(46,21): error TS7006: Parameter 'data' implicitly has an 'any' type.
../247gbsaffiliates/components/onboarding/QuizStep.tsx(77,62): error TS7006: Parameter 'prev' implicitly has an 'any' type.
../247gbsaffiliates/components/onboarding/QuizStep.tsx(104,13): error TS7026: JSX element implicitly has type 'any' because no interface 'JSX.IntrinsicElements' exists.
../247gbsaffiliates/components/onboarding/QuizStep.tsx(104,13): error TS2875: This JSX tag requires the module path 'react/jsx-runtime' to exist, but none could be found. Make sure you have types for the appropriate package installed.
../247gbsaffiliates/components/onboarding/QuizStep.tsx(105,17): error TS7026: JSX element implicitly has type 'any' because no interface 'JSX.IntrinsicElements' exists.
../247gbsaffiliates/components/onboarding/QuizStep.tsx(105,119): error TS7026: JSX element implicitly has type 'any' because no interface 'JSX.IntrinsicElements' exists.
../247gbsaffiliates/components/onboarding/QuizStep.tsx(106,17): error TS7026: JSX element implicitly has type 'any' because no interface 'JSX.IntrinsicElements' exists.
../247gbsaffiliates/components/onboarding/QuizStep.tsx(106,103): error TS7026: JSX element implicitly has type 'any' because no interface 'JSX.IntrinsicElements' exists.
../247gbsaffiliates/components/onboarding/QuizStep.tsx(107,13): error TS7026: JSX element implicitly has type 'any' because no interface 'JSX.IntrinsicElements' exists.
../247gbsaffiliates/components/onboarding/QuizStep.tsx(115,9): error TS7026: JSX element implicitly has type 'any' because no interface 'JSX.IntrinsicElements' exists.
../247gbsaffiliates/components/onboarding/QuizStep.tsx(117,17): error TS7026: JSX element implicitly has type 'any' because no interface 'JSX.IntrinsicElements' exists.
../247gbsaffiliates/components/onboarding/QuizStep.tsx(118,21): error TS7026: JSX element implicitly has type 'any' because no interface 'JSX.IntrinsicElements' exists.
../247gbsaffiliates/components/onboarding/QuizStep.tsx(119,25): error TS7026: JSX element implicitly has type 'any' because no interface 'JSX.IntrinsicElements' exists.
../247gbsaffiliates/components/onboarding/QuizStep.tsx(120,25): error TS7026: JSX element implicitly has type 'any' because no interface 'JSX.IntrinsicElements' exists.
../247gbsaffiliates/components/onboarding/QuizStep.tsx(120,100): error TS7026: JSX element implicitly has type 'any' because no interface 'JSX.IntrinsicElements' exists.
../247gbsaffiliates/components/onboarding/QuizStep.tsx(121,21): error TS7026: JSX element implicitly has type 'any' because no interface 'JSX.IntrinsicElements' exists.
../247gbsaffiliates/components/onboarding/QuizStep.tsx(122,21): error TS7026: JSX element implicitly has type 'any' because no interface 'JSX.IntrinsicElements' exists.
../247gbsaffiliates/components/onboarding/QuizStep.tsx(122,110): error TS7026: JSX element implicitly has type 'any' because no interface 'JSX.IntrinsicElements' exists.
../247gbsaffiliates/components/onboarding/QuizStep.tsx(123,21): error TS7026: JSX element implicitly has type 'any' because no interface 'JSX.IntrinsicElements' exists.
../247gbsaffiliates/components/onboarding/QuizStep.tsx(123,98): error TS7026: JSX element implicitly has type 'any' because no interface 'JSX.IntrinsicElements' exists.
../247gbsaffiliates/components/onboarding/QuizStep.tsx(124,21): error TS7026: JSX element implicitly has type 'any' because no interface 'JSX.IntrinsicElements' exists.
../247gbsaffiliates/components/onboarding/QuizStep.tsx(125,25): error TS7026: JSX element implicitly has type 'any' because no interface 'JSX.IntrinsicElements' exists.
../247gbsaffiliates/components/onboarding/QuizStep.tsx(129,21): error TS7026: JSX element implicitly has type 'any' because no interface 'JSX.IntrinsicElements' exists.
../247gbsaffiliates/components/onboarding/QuizStep.tsx(130,17): error TS7026: JSX element implicitly has type 'any' because no interface 'JSX.IntrinsicElements' exists.
../247gbsaffiliates/components/onboarding/QuizStep.tsx(133,13): error TS7026: JSX element implicitly has type 'any' because no interface 'JSX.IntrinsicElements' exists.
../247gbsaffiliates/components/onboarding/QuizStep.tsx(134,17): error TS7026: JSX element implicitly has type 'any' because no interface 'JSX.IntrinsicElements' exists.
../247gbsaffiliates/components/onboarding/QuizStep.tsx(135,21): error TS7026: JSX element implicitly has type 'any' because no interface 'JSX.IntrinsicElements' exists.
../247gbsaffiliates/components/onboarding/QuizStep.tsx(137,21): error TS7026: JSX element implicitly has type 'any' because no interface 'JSX.IntrinsicElements' exists.
../247gbsaffiliates/components/onboarding/QuizStep.tsx(138,21): error TS7026: JSX element implicitly has type 'any' because no interface 'JSX.IntrinsicElements' exists.
../247gbsaffiliates/components/onboarding/QuizStep.tsx(140,21): error TS7026: JSX element implicitly has type 'any' because no interface 'JSX.IntrinsicElements' exists.
../247gbsaffiliates/components/onboarding/QuizStep.tsx(141,17): error TS7026: JSX element implicitly has type 'any' because no interface 'JSX.IntrinsicElements' exists.
../247gbsaffiliates/components/onboarding/QuizStep.tsx(142,17): error TS7026: JSX element implicitly has type 'any' because no interface 'JSX.IntrinsicElements' exists.
../247gbsaffiliates/components/onboarding/QuizStep.tsx(143,21): error TS7026: JSX element implicitly has type 'any' because no interface 'JSX.IntrinsicElements' exists.
../247gbsaffiliates/components/onboarding/QuizStep.tsx(143,81): error TS7026: JSX element implicitly has type 'any' because no interface 'JSX.IntrinsicElements' exists.
../247gbsaffiliates/components/onboarding/QuizStep.tsx(144,21): error TS7026: JSX element implicitly has type 'any' because no interface 'JSX.IntrinsicElements' exists.
../247gbsaffiliates/components/onboarding/QuizStep.tsx(145,25): error TS7026: JSX element implicitly has type 'any' because no interface 'JSX.IntrinsicElements' exists.
../247gbsaffiliates/components/onboarding/QuizStep.tsx(149,21): error TS7026: JSX element implicitly has type 'any' because no interface 'JSX.IntrinsicElements' exists.
../247gbsaffiliates/components/onboarding/QuizStep.tsx(150,17): error TS7026: JSX element implicitly has type 'any' because no interface 'JSX.IntrinsicElements' exists.
../247gbsaffiliates/components/onboarding/QuizStep.tsx(151,13): error TS7026: JSX element implicitly has type 'any' because no interface 'JSX.IntrinsicElements' exists.
../247gbsaffiliates/components/onboarding/QuizStep.tsx(153,13): error TS7026: JSX element implicitly has type 'any' because no interface 'JSX.IntrinsicElements' exists.
../247gbsaffiliates/components/onboarding/QuizStep.tsx(155,17): error TS7026: JSX element implicitly has type 'any' because no interface 'JSX.IntrinsicElements' exists.
../247gbsaffiliates/components/onboarding/QuizStep.tsx(156,21): error TS7026: JSX element implicitly has type 'any' because no interface 'JSX.IntrinsicElements' exists.
../247gbsaffiliates/components/onboarding/QuizStep.tsx(157,25): error TS7026: JSX element implicitly has type 'any' because no interface 'JSX.IntrinsicElements' exists.
../247gbsaffiliates/components/onboarding/QuizStep.tsx(158,29): error TS7026: JSX element implicitly has type 'any' because no interface 'JSX.IntrinsicElements' exists.
../247gbsaffiliates/components/onboarding/QuizStep.tsx(158,143): error TS7026: JSX element implicitly has type 'any' because no interface 'JSX.IntrinsicElements' exists.
../247gbsaffiliates/components/onboarding/QuizStep.tsx(159,29): error TS7026: JSX element implicitly has type 'any' because no interface 'JSX.IntrinsicElements' exists.
../247gbsaffiliates/components/onboarding/QuizStep.tsx(165,30): error TS7026: JSX element implicitly has type 'any' because no interface 'JSX.IntrinsicElements' exists.
../247gbsaffiliates/components/onboarding/QuizStep.tsx(166,25): error TS7026: JSX element implicitly has type 'any' because no interface 'JSX.IntrinsicElements' exists.
../247gbsaffiliates/components/onboarding/QuizStep.tsx(167,25): error TS7026: JSX element implicitly has type 'any' because no interface 'JSX.IntrinsicElements' exists.
../247gbsaffiliates/components/onboarding/QuizStep.tsx(168,29): error TS7026: JSX element implicitly has type 'any' because no interface 'JSX.IntrinsicElements' exists.
../247gbsaffiliates/components/onboarding/QuizStep.tsx(170,29): error TS7026: JSX element implicitly has type 'any' because no interface 'JSX.IntrinsicElements' exists.
../247gbsaffiliates/components/onboarding/QuizStep.tsx(171,25): error TS7026: JSX element implicitly has type 'any' because no interface 'JSX.IntrinsicElements' exists.
../247gbsaffiliates/components/onboarding/QuizStep.tsx(172,21): error TS7026: JSX element implicitly has type 'any' because no interface 'JSX.IntrinsicElements' exists.
../247gbsaffiliates/components/onboarding/QuizStep.tsx(173,21): error TS7026: JSX element implicitly has type 'any' because no interface 'JSX.IntrinsicElements' exists.
../247gbsaffiliates/components/onboarding/QuizStep.tsx(173,108): error TS7026: JSX element implicitly has type 'any' because no interface 'JSX.IntrinsicElements' exists.
../247gbsaffiliates/components/onboarding/QuizStep.tsx(174,17): error TS7026: JSX element implicitly has type 'any' because no interface 'JSX.IntrinsicElements' exists.
../247gbsaffiliates/components/onboarding/QuizStep.tsx(176,17): error TS7026: JSX element implicitly has type 'any' because no interface 'JSX.IntrinsicElements' exists.
../247gbsaffiliates/components/onboarding/QuizStep.tsx(177,21): error TS7026: JSX element implicitly has type 'any' because no interface 'JSX.IntrinsicElements' exists.
../247gbsaffiliates/components/onboarding/QuizStep.tsx(179,21): error TS7026: JSX element implicitly has type 'any' because no interface 'JSX.IntrinsicElements' exists.
../247gbsaffiliates/components/onboarding/QuizStep.tsx(180,17): error TS7026: JSX element implicitly has type 'any' because no interface 'JSX.IntrinsicElements' exists.
../247gbsaffiliates/components/onboarding/QuizStep.tsx(182,17): error TS7026: JSX element implicitly has type 'any' because no interface 'JSX.IntrinsicElements' exists.
../247gbsaffiliates/components/onboarding/QuizStep.tsx(183,51): error TS7006: Parameter 'option' implicitly has an 'any' type.
../247gbsaffiliates/components/onboarding/QuizStep.tsx(184,25): error TS7026: JSX element implicitly has type 'any' because no interface 'JSX.IntrinsicElements' exists.
../247gbsaffiliates/components/onboarding/QuizStep.tsx(192,29): error TS7026: JSX element implicitly has type 'any' because no interface 'JSX.IntrinsicElements' exists.
../247gbsaffiliates/components/onboarding/QuizStep.tsx(196,33): error TS7026: JSX element implicitly has type 'any' because no interface 'JSX.IntrinsicElements' exists.
../247gbsaffiliates/components/onboarding/QuizStep.tsx(198,29): error TS7026: JSX element implicitly has type 'any' because no interface 'JSX.IntrinsicElements' exists.
../247gbsaffiliates/components/onboarding/QuizStep.tsx(199,29): error TS7026: JSX element implicitly has type 'any' because no interface 'JSX.IntrinsicElements' exists.
../247gbsaffiliates/components/onboarding/QuizStep.tsx(202,29): error TS7026: JSX element implicitly has type 'any' because no interface 'JSX.IntrinsicElements' exists.
../247gbsaffiliates/components/onboarding/QuizStep.tsx(203,25): error TS7026: JSX element implicitly has type 'any' because no interface 'JSX.IntrinsicElements' exists.
../247gbsaffiliates/components/onboarding/QuizStep.tsx(205,17): error TS7026: JSX element implicitly has type 'any' because no interface 'JSX.IntrinsicElements' exists.
../247gbsaffiliates/components/onboarding/QuizStep.tsx(207,17): error TS7026: JSX element implicitly has type 'any' because no interface 'JSX.IntrinsicElements' exists.
../247gbsaffiliates/components/onboarding/QuizStep.tsx(208,21): error TS7026: JSX element implicitly has type 'any' because no interface 'JSX.IntrinsicElements' exists.
../247gbsaffiliates/components/onboarding/QuizStep.tsx(209,25): error TS7026: JSX element implicitly has type 'any' because no interface 'JSX.IntrinsicElements' exists.
../247gbsaffiliates/components/onboarding/QuizStep.tsx(209,81): error TS7026: JSX element implicitly has type 'any' because no interface 'JSX.IntrinsicElements' exists.
../247gbsaffiliates/components/onboarding/QuizStep.tsx(211,21): error TS7026: JSX element implicitly has type 'any' because no interface 'JSX.IntrinsicElements' exists.
../247gbsaffiliates/components/onboarding/QuizStep.tsx(212,21): error TS7026: JSX element implicitly has type 'any' because no interface 'JSX.IntrinsicElements' exists.
../247gbsaffiliates/components/onboarding/QuizStep.tsx(213,25): error TS7026: JSX element implicitly has type 'any' because no interface 'JSX.IntrinsicElements' exists.
../247gbsaffiliates/components/onboarding/QuizStep.tsx(218,25): error TS7026: JSX element implicitly has type 'any' because no interface 'JSX.IntrinsicElements' exists.
../247gbsaffiliates/components/onboarding/QuizStep.tsx(219,25): error TS7026: JSX element implicitly has type 'any' because no interface 'JSX.IntrinsicElements' exists.
../247gbsaffiliates/components/onboarding/QuizStep.tsx(228,29): error TS7026: JSX element implicitly has type 'any' because no interface 'JSX.IntrinsicElements' exists.
../247gbsaffiliates/components/onboarding/QuizStep.tsx(228,86): error TS7026: JSX element implicitly has type 'any' because no interface 'JSX.IntrinsicElements' exists.
../247gbsaffiliates/components/onboarding/QuizStep.tsx(229,25): error TS7026: JSX element implicitly has type 'any' because no interface 'JSX.IntrinsicElements' exists.
../247gbsaffiliates/components/onboarding/QuizStep.tsx(230,21): error TS7026: JSX element implicitly has type 'any' because no interface 'JSX.IntrinsicElements' exists.
../247gbsaffiliates/components/onboarding/QuizStep.tsx(231,17): error TS7026: JSX element implicitly has type 'any' because no interface 'JSX.IntrinsicElements' exists.
../247gbsaffiliates/components/onboarding/QuizStep.tsx(232,13): error TS7026: JSX element implicitly has type 'any' because no interface 'JSX.IntrinsicElements' exists.
../247gbsaffiliates/components/onboarding/QuizStep.tsx(239,9): error TS7026: JSX element implicitly has type 'any' because no interface 'JSX.IntrinsicElements' exists.
../247gbsaffiliates/components/onboarding/RoleSelectionStep.tsx(3,19): error TS2307: Cannot find module 'react' or its corresponding type declarations.
../247gbsaffiliates/components/onboarding/RoleSelectionStep.tsx(39,9): error TS7026: JSX element implicitly has type 'any' because no interface 'JSX.IntrinsicElements' exists.
../247gbsaffiliates/components/onboarding/RoleSelectionStep.tsx(39,9): error TS2875: This JSX tag requires the module path 'react/jsx-runtime' to exist, but none could be found. Make sure you have types for the appropriate package installed.
../247gbsaffiliates/components/onboarding/RoleSelectionStep.tsx(40,13): error TS7026: JSX element implicitly has type 'any' because no interface 'JSX.IntrinsicElements' exists.
../247gbsaffiliates/components/onboarding/RoleSelectionStep.tsx(41,17): error TS7026: JSX element implicitly has type 'any' because no interface 'JSX.IntrinsicElements' exists.
../247gbsaffiliates/components/onboarding/RoleSelectionStep.tsx(41,116): error TS7026: JSX element implicitly has type 'any' because no interface 'JSX.IntrinsicElements' exists.
../247gbsaffiliates/components/onboarding/RoleSelectionStep.tsx(42,17): error TS7026: JSX element implicitly has type 'any' because no interface 'JSX.IntrinsicElements' exists.
../247gbsaffiliates/components/onboarding/RoleSelectionStep.tsx(44,17): error TS7026: JSX element implicitly has type 'any' because no interface 'JSX.IntrinsicElements' exists.
../247gbsaffiliates/components/onboarding/RoleSelectionStep.tsx(45,13): error TS7026: JSX element implicitly has type 'any' because no interface 'JSX.IntrinsicElements' exists.
../247gbsaffiliates/components/onboarding/RoleSelectionStep.tsx(47,13): error TS7026: JSX element implicitly has type 'any' because no interface 'JSX.IntrinsicElements' exists.
../247gbsaffiliates/components/onboarding/RoleSelectionStep.tsx(49,21): error TS7026: JSX element implicitly has type 'any' because no interface 'JSX.IntrinsicElements' exists.
../247gbsaffiliates/components/onboarding/RoleSelectionStep.tsx(54,25): error TS7026: JSX element implicitly has type 'any' because no interface 'JSX.IntrinsicElements' exists.
../247gbsaffiliates/components/onboarding/RoleSelectionStep.tsx(55,29): error TS7026: JSX element implicitly has type 'any' because no interface 'JSX.IntrinsicElements' exists.
../247gbsaffiliates/components/onboarding/RoleSelectionStep.tsx(55,93): error TS7026: JSX element implicitly has type 'any' because no interface 'JSX.IntrinsicElements' exists.
../247gbsaffiliates/components/onboarding/RoleSelectionStep.tsx(56,25): error TS7026: JSX element implicitly has type 'any' because no interface 'JSX.IntrinsicElements' exists.
../247gbsaffiliates/components/onboarding/RoleSelectionStep.tsx(57,25): error TS7026: JSX element implicitly has type 'any' because no interface 'JSX.IntrinsicElements' exists.
../247gbsaffiliates/components/onboarding/RoleSelectionStep.tsx(59,25): error TS7026: JSX element implicitly has type 'any' because no interface 'JSX.IntrinsicElements' exists.
../247gbsaffiliates/components/onboarding/RoleSelectionStep.tsx(60,25): error TS7026: JSX element implicitly has type 'any' because no interface 'JSX.IntrinsicElements' exists.
../247gbsaffiliates/components/onboarding/RoleSelectionStep.tsx(62,25): error TS7026: JSX element implicitly has type 'any' because no interface 'JSX.IntrinsicElements' exists.
../247gbsaffiliates/components/onboarding/RoleSelectionStep.tsx(63,25): error TS7026: JSX element implicitly has type 'any' because no interface 'JSX.IntrinsicElements' exists.
../247gbsaffiliates/components/onboarding/RoleSelectionStep.tsx(64,41): error TS7026: JSX element implicitly has type 'any' because no interface 'JSX.IntrinsicElements' exists.
../247gbsaffiliates/components/onboarding/RoleSelectionStep.tsx(64,98): error TS7026: JSX element implicitly has type 'any' because no interface 'JSX.IntrinsicElements' exists.
../247gbsaffiliates/components/onboarding/RoleSelectionStep.tsx(65,25): error TS7026: JSX element implicitly has type 'any' because no interface 'JSX.IntrinsicElements' exists.
../247gbsaffiliates/components/onboarding/RoleSelectionStep.tsx(66,21): error TS7026: JSX element implicitly has type 'any' because no interface 'JSX.IntrinsicElements' exists.
../247gbsaffiliates/components/onboarding/RoleSelectionStep.tsx(68,13): error TS7026: JSX element implicitly has type 'any' because no interface 'JSX.IntrinsicElements' exists.
../247gbsaffiliates/components/onboarding/RoleSelectionStep.tsx(69,9): error TS7026: JSX element implicitly has type 'any' because no interface 'JSX.IntrinsicElements' exists.
../247gbsaffiliates/components/onboarding/SkillSelectionStep.tsx(3,44): error TS2307: Cannot find module 'react' or its corresponding type declarations.
../247gbsaffiliates/components/onboarding/SkillSelectionStep.tsx(4,26): error TS2307: Cannot find module '@tanstack/react-query' or its corresponding type declarations.
../247gbsaffiliates/components/onboarding/SkillSelectionStep.tsx(7,27): error TS2307: Cannot find module 'next/navigation' or its corresponding type declarations.
../247gbsaffiliates/components/onboarding/SkillSelectionStep.tsx(8,23): error TS2307: Cannot find module 'react-toastify' or its corresponding type declarations.
../247gbsaffiliates/components/onboarding/SkillSelectionStep.tsx(31,43): error TS7006: Parameter 'skill' implicitly has an 'any' type.
../247gbsaffiliates/components/onboarding/SkillSelectionStep.tsx(53,13): error TS7026: JSX element implicitly has type 'any' because no interface 'JSX.IntrinsicElements' exists.
../247gbsaffiliates/components/onboarding/SkillSelectionStep.tsx(53,13): error TS2875: This JSX tag requires the module path 'react/jsx-runtime' to exist, but none could be found. Make sure you have types for the appropriate package installed.
../247gbsaffiliates/components/onboarding/SkillSelectionStep.tsx(54,17): error TS7026: JSX element implicitly has type 'any' because no interface 'JSX.IntrinsicElements' exists.
../247gbsaffiliates/components/onboarding/SkillSelectionStep.tsx(54,114): error TS7026: JSX element implicitly has type 'any' because no interface 'JSX.IntrinsicElements' exists.
../247gbsaffiliates/components/onboarding/SkillSelectionStep.tsx(55,13): error TS7026: JSX element implicitly has type 'any' because no interface 'JSX.IntrinsicElements' exists.
../247gbsaffiliates/components/onboarding/SkillSelectionStep.tsx(60,9): error TS7026: JSX element implicitly has type 'any' because no interface 'JSX.IntrinsicElements' exists.
../247gbsaffiliates/components/onboarding/SkillSelectionStep.tsx(61,13): error TS7026: JSX element implicitly has type 'any' because no interface 'JSX.IntrinsicElements' exists.
../247gbsaffiliates/components/onboarding/SkillSelectionStep.tsx(62,17): error TS7026: JSX element implicitly has type 'any' because no interface 'JSX.IntrinsicElements' exists.
../247gbsaffiliates/components/onboarding/SkillSelectionStep.tsx(64,17): error TS7026: JSX element implicitly has type 'any' because no interface 'JSX.IntrinsicElements' exists.
../247gbsaffiliates/components/onboarding/SkillSelectionStep.tsx(65,17): error TS7026: JSX element implicitly has type 'any' because no interface 'JSX.IntrinsicElements' exists.
../247gbsaffiliates/components/onboarding/SkillSelectionStep.tsx(65,101): error TS7026: JSX element implicitly has type 'any' because no interface 'JSX.IntrinsicElements' exists.
../247gbsaffiliates/components/onboarding/SkillSelectionStep.tsx(66,17): error TS7026: JSX element implicitly has type 'any' because no interface 'JSX.IntrinsicElements' exists.
../247gbsaffiliates/components/onboarding/SkillSelectionStep.tsx(68,17): error TS7026: JSX element implicitly has type 'any' because no interface 'JSX.IntrinsicElements' exists.
../247gbsaffiliates/components/onboarding/SkillSelectionStep.tsx(69,13): error TS7026: JSX element implicitly has type 'any' because no interface 'JSX.IntrinsicElements' exists.
../247gbsaffiliates/components/onboarding/SkillSelectionStep.tsx(71,13): error TS7026: JSX element implicitly has type 'any' because no interface 'JSX.IntrinsicElements' exists.
../247gbsaffiliates/components/onboarding/SkillSelectionStep.tsx(72,17): error TS7026: JSX element implicitly has type 'any' because no interface 'JSX.IntrinsicElements' exists.
../247gbsaffiliates/components/onboarding/SkillSelectionStep.tsx(72,105): error TS7026: JSX element implicitly has type 'any' because no interface 'JSX.IntrinsicElements' exists.
../247gbsaffiliates/components/onboarding/SkillSelectionStep.tsx(74,17): error TS7026: JSX element implicitly has type 'any' because no interface 'JSX.IntrinsicElements' exists.
../247gbsaffiliates/components/onboarding/SkillSelectionStep.tsx(75,21): error TS7026: JSX element implicitly has type 'any' because no interface 'JSX.IntrinsicElements' exists.
../247gbsaffiliates/components/onboarding/SkillSelectionStep.tsx(75,127): error TS7026: JSX element implicitly has type 'any' because no interface 'JSX.IntrinsicElements' exists.
../247gbsaffiliates/components/onboarding/SkillSelectionStep.tsx(76,21): error TS7026: JSX element implicitly has type 'any' because no interface 'JSX.IntrinsicElements' exists.
../247gbsaffiliates/components/onboarding/SkillSelectionStep.tsx(81,36): error TS7006: Parameter 'e' implicitly has an 'any' type.
../247gbsaffiliates/components/onboarding/SkillSelectionStep.tsx(83,17): error TS7026: JSX element implicitly has type 'any' because no interface 'JSX.IntrinsicElements' exists.
../247gbsaffiliates/components/onboarding/SkillSelectionStep.tsx(85,17): error TS7026: JSX element implicitly has type 'any' because no interface 'JSX.IntrinsicElements' exists.
../247gbsaffiliates/components/onboarding/SkillSelectionStep.tsx(86,43): error TS7006: Parameter 'skill' implicitly has an 'any' type.
../247gbsaffiliates/components/onboarding/SkillSelectionStep.tsx(89,29): error TS7026: JSX element implicitly has type 'any' because no interface 'JSX.IntrinsicElements' exists.
../247gbsaffiliates/components/onboarding/SkillSelectionStep.tsx(97,48): error TS7026: JSX element implicitly has type 'any' because no interface 'JSX.IntrinsicElements' exists.
../247gbsaffiliates/components/onboarding/SkillSelectionStep.tsx(97,109): error TS7026: JSX element implicitly has type 'any' because no interface 'JSX.IntrinsicElements' exists.
../247gbsaffiliates/components/onboarding/SkillSelectionStep.tsx(98,33): error TS7026: JSX element implicitly has type 'any' because no interface 'JSX.IntrinsicElements' exists.
../247gbsaffiliates/components/onboarding/SkillSelectionStep.tsx(98,51): error TS7026: JSX element implicitly has type 'any' because no interface 'JSX.IntrinsicElements' exists.
../247gbsaffiliates/components/onboarding/SkillSelectionStep.tsx(99,29): error TS7026: JSX element implicitly has type 'any' because no interface 'JSX.IntrinsicElements' exists.
../247gbsaffiliates/components/onboarding/SkillSelectionStep.tsx(102,17): error TS7026: JSX element implicitly has type 'any' because no interface 'JSX.IntrinsicElements' exists.
../247gbsaffiliates/components/onboarding/SkillSelectionStep.tsx(104,17): error TS7026: JSX element implicitly has type 'any' because no interface 'JSX.IntrinsicElements' exists.
../247gbsaffiliates/components/onboarding/SkillSelectionStep.tsx(104,71): error TS7026: JSX element implicitly has type 'any' because no interface 'JSX.IntrinsicElements' exists.
../247gbsaffiliates/components/onboarding/SkillSelectionStep.tsx(106,17): error TS7026: JSX element implicitly has type 'any' because no interface 'JSX.IntrinsicElements' exists.
../247gbsaffiliates/components/onboarding/SkillSelectionStep.tsx(106,103): error TS7026: JSX element implicitly has type 'any' because no interface 'JSX.IntrinsicElements' exists.
../247gbsaffiliates/components/onboarding/SkillSelectionStep.tsx(108,17): error TS7026: JSX element implicitly has type 'any' because no interface 'JSX.IntrinsicElements' exists.
../247gbsaffiliates/components/onboarding/SkillSelectionStep.tsx(109,21): error TS7026: JSX element implicitly has type 'any' because no interface 'JSX.IntrinsicElements' exists.
../247gbsaffiliates/components/onboarding/SkillSelectionStep.tsx(110,25): error TS7026: JSX element implicitly has type 'any' because no interface 'JSX.IntrinsicElements' exists.
../247gbsaffiliates/components/onboarding/SkillSelectionStep.tsx(110,143): error TS7026: JSX element implicitly has type 'any' because no interface 'JSX.IntrinsicElements' exists.
../247gbsaffiliates/components/onboarding/SkillSelectionStep.tsx(111,25): error TS7026: JSX element implicitly has type 'any' because no interface 'JSX.IntrinsicElements' exists.
../247gbsaffiliates/components/onboarding/SkillSelectionStep.tsx(114,40): error TS7006: Parameter 'e' implicitly has an 'any' type.
../247gbsaffiliates/components/onboarding/SkillSelectionStep.tsx(116,29): error TS7026: JSX element implicitly has type 'any' because no interface 'JSX.IntrinsicElements' exists.
../247gbsaffiliates/components/onboarding/SkillSelectionStep.tsx(116,66): error TS7026: JSX element implicitly has type 'any' because no interface 'JSX.IntrinsicElements' exists.
../247gbsaffiliates/components/onboarding/SkillSelectionStep.tsx(117,29): error TS7026: JSX element implicitly has type 'any' because no interface 'JSX.IntrinsicElements' exists.
../247gbsaffiliates/components/onboarding/SkillSelectionStep.tsx(117,58): error TS7026: JSX element implicitly has type 'any' because no interface 'JSX.IntrinsicElements' exists.
../247gbsaffiliates/components/onboarding/SkillSelectionStep.tsx(118,29): error TS7026: JSX element implicitly has type 'any' because no interface 'JSX.IntrinsicElements' exists.
../247gbsaffiliates/components/onboarding/SkillSelectionStep.tsx(118,58): error TS7026: JSX element implicitly has type 'any' because no interface 'JSX.IntrinsicElements' exists.
../247gbsaffiliates/components/onboarding/SkillSelectionStep.tsx(119,29): error TS7026: JSX element implicitly has type 'any' because no interface 'JSX.IntrinsicElements' exists.
../247gbsaffiliates/components/onboarding/SkillSelectionStep.tsx(119,58): error TS7026: JSX element implicitly has type 'any' because no interface 'JSX.IntrinsicElements' exists.
../247gbsaffiliates/components/onboarding/SkillSelectionStep.tsx(120,29): error TS7026: JSX element implicitly has type 'any' because no interface 'JSX.IntrinsicElements' exists.
../247gbsaffiliates/components/onboarding/SkillSelectionStep.tsx(120,56): error TS7026: JSX element implicitly has type 'any' because no interface 'JSX.IntrinsicElements' exists.
../247gbsaffiliates/components/onboarding/SkillSelectionStep.tsx(121,25): error TS7026: JSX element implicitly has type 'any' because no interface 'JSX.IntrinsicElements' exists.
../247gbsaffiliates/components/onboarding/SkillSelectionStep.tsx(122,21): error TS7026: JSX element implicitly has type 'any' because no interface 'JSX.IntrinsicElements' exists.
../247gbsaffiliates/components/onboarding/SkillSelectionStep.tsx(125,25): error TS7026: JSX element implicitly has type 'any' because no interface 'JSX.IntrinsicElements' exists.
../247gbsaffiliates/components/onboarding/SkillSelectionStep.tsx(126,29): error TS7026: JSX element implicitly has type 'any' because no interface 'JSX.IntrinsicElements' exists.
../247gbsaffiliates/components/onboarding/SkillSelectionStep.tsx(126,147): error TS7026: JSX element implicitly has type 'any' because no interface 'JSX.IntrinsicElements' exists.
../247gbsaffiliates/components/onboarding/SkillSelectionStep.tsx(127,29): error TS7026: JSX element implicitly has type 'any' because no interface 'JSX.IntrinsicElements' exists.
../247gbsaffiliates/components/onboarding/SkillSelectionStep.tsx(130,44): error TS7006: Parameter 'e' implicitly has an 'any' type.
../247gbsaffiliates/components/onboarding/SkillSelectionStep.tsx(132,33): error TS7026: JSX element implicitly has type 'any' because no interface 'JSX.IntrinsicElements' exists.
../247gbsaffiliates/components/onboarding/SkillSelectionStep.tsx(132,70): error TS7026: JSX element implicitly has type 'any' because no interface 'JSX.IntrinsicElements' exists.
../247gbsaffiliates/components/onboarding/SkillSelectionStep.tsx(133,33): error TS7026: JSX element implicitly has type 'any' because no interface 'JSX.IntrinsicElements' exists.
../247gbsaffiliates/components/onboarding/SkillSelectionStep.tsx(133,58): error TS7026: JSX element implicitly has type 'any' because no interface 'JSX.IntrinsicElements' exists.
../247gbsaffiliates/components/onboarding/SkillSelectionStep.tsx(134,33): error TS7026: JSX element implicitly has type 'any' because no interface 'JSX.IntrinsicElements' exists.
../247gbsaffiliates/components/onboarding/SkillSelectionStep.tsx(134,71): error TS7026: JSX element implicitly has type 'any' because no interface 'JSX.IntrinsicElements' exists.
../247gbsaffiliates/components/onboarding/SkillSelectionStep.tsx(135,33): error TS7026: JSX element implicitly has type 'any' because no interface 'JSX.IntrinsicElements' exists.
../247gbsaffiliates/components/onboarding/SkillSelectionStep.tsx(135,73): error TS7026: JSX element implicitly has type 'any' because no interface 'JSX.IntrinsicElements' exists.
../247gbsaffiliates/components/onboarding/SkillSelectionStep.tsx(136,33): error TS7026: JSX element implicitly has type 'any' because no interface 'JSX.IntrinsicElements' exists.
../247gbsaffiliates/components/onboarding/SkillSelectionStep.tsx(136,71): error TS7026: JSX element implicitly has type 'any' because no interface 'JSX.IntrinsicElements' exists.
../247gbsaffiliates/components/onboarding/SkillSelectionStep.tsx(137,29): error TS7026: JSX element implicitly has type 'any' because no interface 'JSX.IntrinsicElements' exists.
../247gbsaffiliates/components/onboarding/SkillSelectionStep.tsx(138,25): error TS7026: JSX element implicitly has type 'any' because no interface 'JSX.IntrinsicElements' exists.
../247gbsaffiliates/components/onboarding/SkillSelectionStep.tsx(140,25): error TS7026: JSX element implicitly has type 'any' because no interface 'JSX.IntrinsicElements' exists.
../247gbsaffiliates/components/onboarding/SkillSelectionStep.tsx(141,29): error TS7026: JSX element implicitly has type 'any' because no interface 'JSX.IntrinsicElements' exists.
../247gbsaffiliates/components/onboarding/SkillSelectionStep.tsx(141,146): error TS7026: JSX element implicitly has type 'any' because no interface 'JSX.IntrinsicElements' exists.
../247gbsaffiliates/components/onboarding/SkillSelectionStep.tsx(142,29): error TS7026: JSX element implicitly has type 'any' because no interface 'JSX.IntrinsicElements' exists.
../247gbsaffiliates/components/onboarding/SkillSelectionStep.tsx(145,44): error TS7006: Parameter 'e' implicitly has an 'any' type.
../247gbsaffiliates/components/onboarding/SkillSelectionStep.tsx(147,33): error TS7026: JSX element implicitly has type 'any' because no interface 'JSX.IntrinsicElements' exists.
../247gbsaffiliates/components/onboarding/SkillSelectionStep.tsx(147,70): error TS7026: JSX element implicitly has type 'any' because no interface 'JSX.IntrinsicElements' exists.
../247gbsaffiliates/components/onboarding/SkillSelectionStep.tsx(148,33): error TS7026: JSX element implicitly has type 'any' because no interface 'JSX.IntrinsicElements' exists.
../247gbsaffiliates/components/onboarding/SkillSelectionStep.tsx(148,67): error TS7026: JSX element implicitly has type 'any' because no interface 'JSX.IntrinsicElements' exists.
../247gbsaffiliates/components/onboarding/SkillSelectionStep.tsx(149,33): error TS7026: JSX element implicitly has type 'any' because no interface 'JSX.IntrinsicElements' exists.
../247gbsaffiliates/components/onboarding/SkillSelectionStep.tsx(149,62): error TS7026: JSX element implicitly has type 'any' because no interface 'JSX.IntrinsicElements' exists.
../247gbsaffiliates/components/onboarding/SkillSelectionStep.tsx(150,33): error TS7026: JSX element implicitly has type 'any' because no interface 'JSX.IntrinsicElements' exists.
../247gbsaffiliates/components/onboarding/SkillSelectionStep.tsx(150,66): error TS7026: JSX element implicitly has type 'any' because no interface 'JSX.IntrinsicElements' exists.
../247gbsaffiliates/components/onboarding/SkillSelectionStep.tsx(151,33): error TS7026: JSX element implicitly has type 'any' because no interface 'JSX.IntrinsicElements' exists.
../247gbsaffiliates/components/onboarding/SkillSelectionStep.tsx(151,65): error TS7026: JSX element implicitly has type 'any' because no interface 'JSX.IntrinsicElements' exists.
../247gbsaffiliates/components/onboarding/SkillSelectionStep.tsx(152,29): error TS7026: JSX element implicitly has type 'any' because no interface 'JSX.IntrinsicElements' exists.
../247gbsaffiliates/components/onboarding/SkillSelectionStep.tsx(153,25): error TS7026: JSX element implicitly has type 'any' because no interface 'JSX.IntrinsicElements' exists.
../247gbsaffiliates/components/onboarding/SkillSelectionStep.tsx(155,17): error TS7026: JSX element implicitly has type 'any' because no interface 'JSX.IntrinsicElements' exists.
../247gbsaffiliates/components/onboarding/SkillSelectionStep.tsx(158,21): error TS7026: JSX element implicitly has type 'any' because no interface 'JSX.IntrinsicElements' exists.
../247gbsaffiliates/components/onboarding/SkillSelectionStep.tsx(159,25): error TS7026: JSX element implicitly has type 'any' because no interface 'JSX.IntrinsicElements' exists.
../247gbsaffiliates/components/onboarding/SkillSelectionStep.tsx(160,29): error TS7026: JSX element implicitly has type 'any' because no interface 'JSX.IntrinsicElements' exists.
../247gbsaffiliates/components/onboarding/SkillSelectionStep.tsx(160,152): error TS7026: JSX element implicitly has type 'any' because no interface 'JSX.IntrinsicElements' exists.
../247gbsaffiliates/components/onboarding/SkillSelectionStep.tsx(161,29): error TS7026: JSX element implicitly has type 'any' because no interface 'JSX.IntrinsicElements' exists.
../247gbsaffiliates/components/onboarding/SkillSelectionStep.tsx(164,44): error TS7006: Parameter 'e' implicitly has an 'any' type.
../247gbsaffiliates/components/onboarding/SkillSelectionStep.tsx(166,33): error TS7026: JSX element implicitly has type 'any' because no interface 'JSX.IntrinsicElements' exists.
../247gbsaffiliates/components/onboarding/SkillSelectionStep.tsx(166,75): error TS7026: JSX element implicitly has type 'any' because no interface 'JSX.IntrinsicElements' exists.
../247gbsaffiliates/components/onboarding/SkillSelectionStep.tsx(167,33): error TS7026: JSX element implicitly has type 'any' because no interface 'JSX.IntrinsicElements' exists.
../247gbsaffiliates/components/onboarding/SkillSelectionStep.tsx(167,66): error TS7026: JSX element implicitly has type 'any' because no interface 'JSX.IntrinsicElements' exists.
../247gbsaffiliates/components/onboarding/SkillSelectionStep.tsx(168,33): error TS7026: JSX element implicitly has type 'any' because no interface 'JSX.IntrinsicElements' exists.
../247gbsaffiliates/components/onboarding/SkillSelectionStep.tsx(168,64): error TS7026: JSX element implicitly has type 'any' because no interface 'JSX.IntrinsicElements' exists.
../247gbsaffiliates/components/onboarding/SkillSelectionStep.tsx(169,33): error TS7026: JSX element implicitly has type 'any' because no interface 'JSX.IntrinsicElements' exists.
../247gbsaffiliates/components/onboarding/SkillSelectionStep.tsx(169,66): error TS7026: JSX element implicitly has type 'any' because no interface 'JSX.IntrinsicElements' exists.
../247gbsaffiliates/components/onboarding/SkillSelectionStep.tsx(170,33): error TS7026: JSX element implicitly has type 'any' because no interface 'JSX.IntrinsicElements' exists.
../247gbsaffiliates/components/onboarding/SkillSelectionStep.tsx(170,59): error TS7026: JSX element implicitly has type 'any' because no interface 'JSX.IntrinsicElements' exists.
../247gbsaffiliates/components/onboarding/SkillSelectionStep.tsx(171,29): error TS7026: JSX element implicitly has type 'any' because no interface 'JSX.IntrinsicElements' exists.
../247gbsaffiliates/components/onboarding/SkillSelectionStep.tsx(172,25): error TS7026: JSX element implicitly has type 'any' because no interface 'JSX.IntrinsicElements' exists.
../247gbsaffiliates/components/onboarding/SkillSelectionStep.tsx(173,25): error TS7026: JSX element implicitly has type 'any' because no interface 'JSX.IntrinsicElements' exists.
../247gbsaffiliates/components/onboarding/SkillSelectionStep.tsx(174,29): error TS7026: JSX element implicitly has type 'any' because no interface 'JSX.IntrinsicElements' exists.
../247gbsaffiliates/components/onboarding/SkillSelectionStep.tsx(174,145): error TS7026: JSX element implicitly has type 'any' because no interface 'JSX.IntrinsicElements' exists.
../247gbsaffiliates/components/onboarding/SkillSelectionStep.tsx(175,29): error TS7026: JSX element implicitly has type 'any' because no interface 'JSX.IntrinsicElements' exists.
../247gbsaffiliates/components/onboarding/SkillSelectionStep.tsx(178,44): error TS7006: Parameter 'e' implicitly has an 'any' type.
../247gbsaffiliates/components/onboarding/SkillSelectionStep.tsx(180,33): error TS7026: JSX element implicitly has type 'any' because no interface 'JSX.IntrinsicElements' exists.
../247gbsaffiliates/components/onboarding/SkillSelectionStep.tsx(180,72): error TS7026: JSX element implicitly has type 'any' because no interface 'JSX.IntrinsicElements' exists.
../247gbsaffiliates/components/onboarding/SkillSelectionStep.tsx(181,33): error TS7026: JSX element implicitly has type 'any' because no interface 'JSX.IntrinsicElements' exists.
../247gbsaffiliates/components/onboarding/SkillSelectionStep.tsx(181,68): error TS7026: JSX element implicitly has type 'any' because no interface 'JSX.IntrinsicElements' exists.
../247gbsaffiliates/components/onboarding/SkillSelectionStep.tsx(182,33): error TS7026: JSX element implicitly has type 'any' because no interface 'JSX.IntrinsicElements' exists.
../247gbsaffiliates/components/onboarding/SkillSelectionStep.tsx(182,68): error TS7026: JSX element implicitly has type 'any' because no interface 'JSX.IntrinsicElements' exists.
../247gbsaffiliates/components/onboarding/SkillSelectionStep.tsx(183,33): error TS7026: JSX element implicitly has type 'any' because no interface 'JSX.IntrinsicElements' exists.
../247gbsaffiliates/components/onboarding/SkillSelectionStep.tsx(183,70): error TS7026: JSX element implicitly has type 'any' because no interface 'JSX.IntrinsicElements' exists.
../247gbsaffiliates/components/onboarding/SkillSelectionStep.tsx(184,29): error TS7026: JSX element implicitly has type 'any' because no interface 'JSX.IntrinsicElements' exists.
../247gbsaffiliates/components/onboarding/SkillSelectionStep.tsx(185,25): error TS7026: JSX element implicitly has type 'any' because no interface 'JSX.IntrinsicElements' exists.
../247gbsaffiliates/components/onboarding/SkillSelectionStep.tsx(186,21): error TS7026: JSX element implicitly has type 'any' because no interface 'JSX.IntrinsicElements' exists.
../247gbsaffiliates/components/onboarding/SkillSelectionStep.tsx(189,17): error TS7026: JSX element implicitly has type 'any' because no interface 'JSX.IntrinsicElements' exists.
../247gbsaffiliates/components/onboarding/SkillSelectionStep.tsx(191,25): error TS7026: JSX element implicitly has type 'any' because no interface 'JSX.IntrinsicElements' exists.
../247gbsaffiliates/components/onboarding/SkillSelectionStep.tsx(192,29): error TS7026: JSX element implicitly has type 'any' because no interface 'JSX.IntrinsicElements' exists.
../247gbsaffiliates/components/onboarding/SkillSelectionStep.tsx(196,44): error TS7006: Parameter 'e' implicitly has an 'any' type.
../247gbsaffiliates/components/onboarding/SkillSelectionStep.tsx(198,29): error TS7026: JSX element implicitly has type 'any' because no interface 'JSX.IntrinsicElements' exists.
../247gbsaffiliates/components/onboarding/SkillSelectionStep.tsx(198,119): error TS7026: JSX element implicitly has type 'any' because no interface 'JSX.IntrinsicElements' exists.
../247gbsaffiliates/components/onboarding/SkillSelectionStep.tsx(199,25): error TS7026: JSX element implicitly has type 'any' because no interface 'JSX.IntrinsicElements' exists.
../247gbsaffiliates/components/onboarding/SkillSelectionStep.tsx(202,21): error TS7026: JSX element implicitly has type 'any' because no interface 'JSX.IntrinsicElements' exists.
../247gbsaffiliates/components/onboarding/SkillSelectionStep.tsx(203,25): error TS7026: JSX element implicitly has type 'any' because no interface 'JSX.IntrinsicElements' exists.
../247gbsaffiliates/components/onboarding/SkillSelectionStep.tsx(203,86): error TS7026: JSX element implicitly has type 'any' because no interface 'JSX.IntrinsicElements' exists.
../247gbsaffiliates/components/onboarding/SkillSelectionStep.tsx(204,25): error TS7026: JSX element implicitly has type 'any' because no interface 'JSX.IntrinsicElements' exists.
../247gbsaffiliates/components/onboarding/SkillSelectionStep.tsx(208,40): error TS7006: Parameter 'e' implicitly has an 'any' type.
../247gbsaffiliates/components/onboarding/SkillSelectionStep.tsx(210,25): error TS7026: JSX element implicitly has type 'any' because no interface 'JSX.IntrinsicElements' exists.
../247gbsaffiliates/components/onboarding/SkillSelectionStep.tsx(211,29): error TS7026: JSX element implicitly has type 'any' because no interface 'JSX.IntrinsicElements' exists.
../247gbsaffiliates/components/onboarding/SkillSelectionStep.tsx(211,127): error TS7026: JSX element implicitly has type 'any' because no interface 'JSX.IntrinsicElements' exists.
../247gbsaffiliates/components/onboarding/SkillSelectionStep.tsx(212,29): error TS7026: JSX element implicitly has type 'any' because no interface 'JSX.IntrinsicElements' exists.
../247gbsaffiliates/components/onboarding/SkillSelectionStep.tsx(214,29): error TS7026: JSX element implicitly has type 'any' because no interface 'JSX.IntrinsicElements' exists.
../247gbsaffiliates/components/onboarding/SkillSelectionStep.tsx(215,25): error TS7026: JSX element implicitly has type 'any' because no interface 'JSX.IntrinsicElements' exists.
../247gbsaffiliates/components/onboarding/SkillSelectionStep.tsx(216,21): error TS7026: JSX element implicitly has type 'any' because no interface 'JSX.IntrinsicElements' exists.
../247gbsaffiliates/components/onboarding/SkillSelectionStep.tsx(217,17): error TS7026: JSX element implicitly has type 'any' because no interface 'JSX.IntrinsicElements' exists.
../247gbsaffiliates/components/onboarding/SkillSelectionStep.tsx(218,13): error TS7026: JSX element implicitly has type 'any' because no interface 'JSX.IntrinsicElements' exists.
../247gbsaffiliates/components/onboarding/SkillSelectionStep.tsx(220,13): error TS7026: JSX element implicitly has type 'any' because no interface 'JSX.IntrinsicElements' exists.
../247gbsaffiliates/components/onboarding/SkillSelectionStep.tsx(221,17): error TS7026: JSX element implicitly has type 'any' because no interface 'JSX.IntrinsicElements' exists.
../247gbsaffiliates/components/onboarding/SkillSelectionStep.tsx(225,21): error TS7026: JSX element implicitly has type 'any' because no interface 'JSX.IntrinsicElements' exists.
../247gbsaffiliates/components/onboarding/SkillSelectionStep.tsx(225,123): error TS7026: JSX element implicitly has type 'any' because no interface 'JSX.IntrinsicElements' exists.
../247gbsaffiliates/components/onboarding/SkillSelectionStep.tsx(226,21): error TS7026: JSX element implicitly has type 'any' because no interface 'JSX.IntrinsicElements' exists.
../247gbsaffiliates/components/onboarding/SkillSelectionStep.tsx(226,42): error TS7026: JSX element implicitly has type 'any' because no interface 'JSX.IntrinsicElements' exists.
../247gbsaffiliates/components/onboarding/SkillSelectionStep.tsx(227,17): error TS7026: JSX element implicitly has type 'any' because no interface 'JSX.IntrinsicElements' exists.
../247gbsaffiliates/components/onboarding/SkillSelectionStep.tsx(228,17): error TS7026: JSX element implicitly has type 'any' because no interface 'JSX.IntrinsicElements' exists.
../247gbsaffiliates/components/onboarding/SkillSelectionStep.tsx(235,25): error TS7026: JSX element implicitly has type 'any' because no interface 'JSX.IntrinsicElements' exists.
../247gbsaffiliates/components/onboarding/SkillSelectionStep.tsx(243,25): error TS7026: JSX element implicitly has type 'any' because no interface 'JSX.IntrinsicElements' exists.
../247gbsaffiliates/components/onboarding/SkillSelectionStep.tsx(246,21): error TS7026: JSX element implicitly has type 'any' because no interface 'JSX.IntrinsicElements' exists.
../247gbsaffiliates/components/onboarding/SkillSelectionStep.tsx(248,21): error TS7026: JSX element implicitly has type 'any' because no interface 'JSX.IntrinsicElements' exists.
../247gbsaffiliates/components/onboarding/SkillSelectionStep.tsx(250,21): error TS7026: JSX element implicitly has type 'any' because no interface 'JSX.IntrinsicElements' exists.
../247gbsaffiliates/components/onboarding/SkillSelectionStep.tsx(258,21): error TS7026: JSX element implicitly has type 'any' because no interface 'JSX.IntrinsicElements' exists.
../247gbsaffiliates/components/onboarding/SkillSelectionStep.tsx(259,17): error TS7026: JSX element implicitly has type 'any' because no interface 'JSX.IntrinsicElements' exists.
../247gbsaffiliates/components/onboarding/SkillSelectionStep.tsx(260,13): error TS7026: JSX element implicitly has type 'any' because no interface 'JSX.IntrinsicElements' exists.
../247gbsaffiliates/components/onboarding/SkillSelectionStep.tsx(261,9): error TS7026: JSX element implicitly has type 'any' because no interface 'JSX.IntrinsicElements' exists.
../247gbsaffiliates/components/Providers.tsx(3,50): error TS2307: Cannot find module '@tanstack/react-query' or its corresponding type declarations.
../247gbsaffiliates/components/Providers.tsx(4,26): error TS2307: Cannot find module 'react' or its corresponding type declarations.
../247gbsaffiliates/components/Providers.tsx(6,61): error TS2503: Cannot find namespace 'React'.
../247gbsaffiliates/components/Providers.tsx(17,9): error TS2875: This JSX tag requires the module path 'react/jsx-runtime' to exist, but none could be found. Make sure you have types for the appropriate package installed.
../247gbsaffiliates/components/ui/BrandLogo.tsx(3,19): error TS2307: Cannot find module 'react' or its corresponding type declarations.
../247gbsaffiliates/components/ui/BrandLogo.tsx(4,18): error TS2307: Cannot find module 'next/link' or its corresponding type declarations.
../247gbsaffiliates/components/ui/BrandLogo.tsx(13,55): error TS7031: Binding element 'className' implicitly has an 'any' type.
../247gbsaffiliates/components/ui/BrandLogo.tsx(22,28): error TS7053: Element implicitly has an 'any' type because expression of type 'string' can't be used to index type '{ sm: { icon: string; text: string; }; md: { icon: string; text: string; }; lg: { icon: string; text: string; }; }'.
  No index signature with a parameter of type 'string' was found on type '{ sm: { icon: string; text: string; }; md: { icon: string; text: string; }; lg: { icon: string; text: string; }; }'.
../247gbsaffiliates/components/ui/BrandLogo.tsx(25,9): error TS2875: This JSX tag requires the module path 'react/jsx-runtime' to exist, but none could be found. Make sure you have types for the appropriate package installed.
../247gbsaffiliates/components/ui/BrandLogo.tsx(26,13): error TS7026: JSX element implicitly has type 'any' because no interface 'JSX.IntrinsicElements' exists.
../247gbsaffiliates/components/ui/BrandLogo.tsx(27,17): error TS7026: JSX element implicitly has type 'any' because no interface 'JSX.IntrinsicElements' exists.
../247gbsaffiliates/components/ui/BrandLogo.tsx(28,21): error TS7026: JSX element implicitly has type 'any' because no interface 'JSX.IntrinsicElements' exists.
../247gbsaffiliates/components/ui/BrandLogo.tsx(28,124): error TS7026: JSX element implicitly has type 'any' because no interface 'JSX.IntrinsicElements' exists.
../247gbsaffiliates/components/ui/BrandLogo.tsx(29,17): error TS7026: JSX element implicitly has type 'any' because no interface 'JSX.IntrinsicElements' exists.
../247gbsaffiliates/components/ui/BrandLogo.tsx(30,13): error TS7026: JSX element implicitly has type 'any' because no interface 'JSX.IntrinsicElements' exists.
../247gbsaffiliates/components/ui/BrandLogo.tsx(31,13): error TS7026: JSX element implicitly has type 'any' because no interface 'JSX.IntrinsicElements' exists.
../247gbsaffiliates/components/ui/BrandLogo.tsx(33,13): error TS7026: JSX element implicitly has type 'any' because no interface 'JSX.IntrinsicElements' exists.
../247gbsaffiliates/components/ui/button.tsx(1,24): error TS2307: Cannot find module 'react' or its corresponding type declarations.
../247gbsaffiliates/components/ui/button.tsx(2,22): error TS2307: Cannot find module '@radix-ui/react-slot' or its corresponding type declarations.
../247gbsaffiliates/components/ui/button.tsx(3,40): error TS2307: Cannot find module 'class-variance-authority' or its corresponding type declarations.
../247gbsaffiliates/components/ui/button.tsx(19,8): error TS7031: Binding element 'className' implicitly has an 'any' type.
../247gbsaffiliates/components/ui/button.tsx(19,87): error TS7006: Parameter 'ref' implicitly has an 'any' type.
../247gbsaffiliates/components/ui/button.tsx(42,13): error TS2875: This JSX tag requires the module path 'react/jsx-runtime' to exist, but none could be found. Make sure you have types for the appropriate package installed.
../247gbsaffiliates/components/ui/button.tsx(42,13): error TS7026: JSX element implicitly has type 'any' because no interface 'JSX.IntrinsicElements' exists.
../247gbsaffiliates/components/ui/button.tsx(43,43): error TS7053: Element implicitly has an 'any' type because expression of type 'string' can't be used to index type '{ default: string; outline: string; ghost: string; link: string; }'.
  No index signature with a parameter of type 'string' was found on type '{ default: string; outline: string; ghost: string; link: string; }'.
../247gbsaffiliates/components/ui/button.tsx(43,62): error TS7053: Element implicitly has an 'any' type because expression of type 'string' can't be used to index type '{ default: string; sm: string; lg: string; icon: string; }'.
  No index signature with a parameter of type 'string' was found on type '{ default: string; sm: string; lg: string; icon: string; }'.
../247gbsaffiliates/components/ui/CustomSpinner.tsx(3,19): error TS2307: Cannot find module 'react' or its corresponding type declarations.
../247gbsaffiliates/components/ui/CustomSpinner.tsx(4,24): error TS2307: Cannot find module 'framer-motion' or its corresponding type declarations.
../247gbsaffiliates/components/ui/CustomSpinner.tsx(11,63): error TS7031: Binding element 'className' implicitly has an 'any' type.
../247gbsaffiliates/components/ui/CustomSpinner.tsx(19,48): error TS7053: Element implicitly has an 'any' type because expression of type 'string' can't be used to index type '{ sm: { size: number; stroke: number; text: string; }; md: { size: number; stroke: number; text: string; }; lg: { size: number; stroke: number; text: string; }; }'.
  No index signature with a parameter of type 'string' was found on type '{ sm: { size: number; stroke: number; text: string; }; md: { size: number; stroke: number; text: string; }; lg: { size: number; stroke: number; text: string; }; }'.
../247gbsaffiliates/components/ui/CustomSpinner.tsx(25,9): error TS7026: JSX element implicitly has type 'any' because no interface 'JSX.IntrinsicElements' exists.
../247gbsaffiliates/components/ui/CustomSpinner.tsx(25,9): error TS2875: This JSX tag requires the module path 'react/jsx-runtime' to exist, but none could be found. Make sure you have types for the appropriate package installed.
../247gbsaffiliates/components/ui/CustomSpinner.tsx(34,17): error TS7026: JSX element implicitly has type 'any' because no interface 'JSX.IntrinsicElements' exists.
../247gbsaffiliates/components/ui/CustomSpinner.tsx(65,13): error TS7026: JSX element implicitly has type 'any' because no interface 'JSX.IntrinsicElements' exists.
../247gbsaffiliates/components/ui/CustomSpinner.tsx(67,13): error TS7026: JSX element implicitly has type 'any' because no interface 'JSX.IntrinsicElements' exists.
../247gbsaffiliates/components/ui/CustomSpinner.tsx(68,9): error TS7026: JSX element implicitly has type 'any' because no interface 'JSX.IntrinsicElements' exists.
../247gbsaffiliates/components/ui/FormComponents.tsx(3,19): error TS2307: Cannot find module 'react' or its corresponding type declarations.
../247gbsaffiliates/components/ui/FormComponents.tsx(4,51): error TS2307: Cannot find module 'react-hook-form' or its corresponding type declarations.
../247gbsaffiliates/components/ui/FormComponents.tsx(14,5): error TS7031: Binding element 'label' implicitly has an 'any' type.
../247gbsaffiliates/components/ui/FormComponents.tsx(15,5): error TS7031: Binding element 'register' implicitly has an 'any' type.
../247gbsaffiliates/components/ui/FormComponents.tsx(16,5): error TS7031: Binding element 'error' implicitly has an 'any' type.
../247gbsaffiliates/components/ui/FormComponents.tsx(17,5): error TS7031: Binding element 'helperText' implicitly has an 'any' type.
../247gbsaffiliates/components/ui/FormComponents.tsx(18,5): error TS7031: Binding element 'className' implicitly has an 'any' type.
../247gbsaffiliates/components/ui/FormComponents.tsx(19,5): error TS7031: Binding element 'required' implicitly has an 'any' type.
../247gbsaffiliates/components/ui/FormComponents.tsx(23,9): error TS7026: JSX element implicitly has type 'any' because no interface 'JSX.IntrinsicElements' exists.
../247gbsaffiliates/components/ui/FormComponents.tsx(23,9): error TS2875: This JSX tag requires the module path 'react/jsx-runtime' to exist, but none could be found. Make sure you have types for the appropriate package installed.
../247gbsaffiliates/components/ui/FormComponents.tsx(24,13): error TS7026: JSX element implicitly has type 'any' because no interface 'JSX.IntrinsicElements' exists.
../247gbsaffiliates/components/ui/FormComponents.tsx(26,30): error TS7026: JSX element implicitly has type 'any' because no interface 'JSX.IntrinsicElements' exists.
../247gbsaffiliates/components/ui/FormComponents.tsx(26,85): error TS7026: JSX element implicitly has type 'any' because no interface 'JSX.IntrinsicElements' exists.
../247gbsaffiliates/components/ui/FormComponents.tsx(27,13): error TS7026: JSX element implicitly has type 'any' because no interface 'JSX.IntrinsicElements' exists.
../247gbsaffiliates/components/ui/FormComponents.tsx(28,13): error TS7026: JSX element implicitly has type 'any' because no interface 'JSX.IntrinsicElements' exists.
../247gbsaffiliates/components/ui/FormComponents.tsx(37,17): error TS7026: JSX element implicitly has type 'any' because no interface 'JSX.IntrinsicElements' exists.
../247gbsaffiliates/components/ui/FormComponents.tsx(37,72): error TS7026: JSX element implicitly has type 'any' because no interface 'JSX.IntrinsicElements' exists.
../247gbsaffiliates/components/ui/FormComponents.tsx(40,17): error TS7026: JSX element implicitly has type 'any' because no interface 'JSX.IntrinsicElements' exists.
../247gbsaffiliates/components/ui/FormComponents.tsx(41,21): error TS7026: JSX element implicitly has type 'any' because no interface 'JSX.IntrinsicElements' exists.
../247gbsaffiliates/components/ui/FormComponents.tsx(41,82): error TS7026: JSX element implicitly has type 'any' because no interface 'JSX.IntrinsicElements' exists.
../247gbsaffiliates/components/ui/FormComponents.tsx(43,17): error TS7026: JSX element implicitly has type 'any' because no interface 'JSX.IntrinsicElements' exists.
../247gbsaffiliates/components/ui/FormComponents.tsx(45,9): error TS7026: JSX element implicitly has type 'any' because no interface 'JSX.IntrinsicElements' exists.
../247gbsaffiliates/components/ui/FormComponents.tsx(57,5): error TS7031: Binding element 'label' implicitly has an 'any' type.
../247gbsaffiliates/components/ui/FormComponents.tsx(58,5): error TS7031: Binding element 'register' implicitly has an 'any' type.
../247gbsaffiliates/components/ui/FormComponents.tsx(59,5): error TS7031: Binding element 'error' implicitly has an 'any' type.
../247gbsaffiliates/components/ui/FormComponents.tsx(60,5): error TS7031: Binding element 'options' implicitly has an 'any' type.
../247gbsaffiliates/components/ui/FormComponents.tsx(61,5): error TS7031: Binding element 'required' implicitly has an 'any' type.
../247gbsaffiliates/components/ui/FormComponents.tsx(65,9): error TS7026: JSX element implicitly has type 'any' because no interface 'JSX.IntrinsicElements' exists.
../247gbsaffiliates/components/ui/FormComponents.tsx(66,13): error TS7026: JSX element implicitly has type 'any' because no interface 'JSX.IntrinsicElements' exists.
../247gbsaffiliates/components/ui/FormComponents.tsx(68,30): error TS7026: JSX element implicitly has type 'any' because no interface 'JSX.IntrinsicElements' exists.
../247gbsaffiliates/components/ui/FormComponents.tsx(68,85): error TS7026: JSX element implicitly has type 'any' because no interface 'JSX.IntrinsicElements' exists.
../247gbsaffiliates/components/ui/FormComponents.tsx(69,13): error TS7026: JSX element implicitly has type 'any' because no interface 'JSX.IntrinsicElements' exists.
../247gbsaffiliates/components/ui/FormComponents.tsx(70,13): error TS7026: JSX element implicitly has type 'any' because no interface 'JSX.IntrinsicElements' exists.
../247gbsaffiliates/components/ui/FormComponents.tsx(71,17): error TS7026: JSX element implicitly has type 'any' because no interface 'JSX.IntrinsicElements' exists.
../247gbsaffiliates/components/ui/FormComponents.tsx(79,21): error TS7026: JSX element implicitly has type 'any' because no interface 'JSX.IntrinsicElements' exists.
../247gbsaffiliates/components/ui/FormComponents.tsx(79,54): error TS7026: JSX element implicitly has type 'any' because no interface 'JSX.IntrinsicElements' exists.
../247gbsaffiliates/components/ui/FormComponents.tsx(80,35): error TS7006: Parameter 'opt' implicitly has an 'any' type.
../247gbsaffiliates/components/ui/FormComponents.tsx(81,25): error TS7026: JSX element implicitly has type 'any' because no interface 'JSX.IntrinsicElements' exists.
../247gbsaffiliates/components/ui/FormComponents.tsx(81,78): error TS7026: JSX element implicitly has type 'any' because no interface 'JSX.IntrinsicElements' exists.
../247gbsaffiliates/components/ui/FormComponents.tsx(83,17): error TS7026: JSX element implicitly has type 'any' because no interface 'JSX.IntrinsicElements' exists.
../247gbsaffiliates/components/ui/FormComponents.tsx(84,17): error TS7026: JSX element implicitly has type 'any' because no interface 'JSX.IntrinsicElements' exists.
../247gbsaffiliates/components/ui/FormComponents.tsx(85,21): error TS7026: JSX element implicitly has type 'any' because no interface 'JSX.IntrinsicElements' exists.
../247gbsaffiliates/components/ui/FormComponents.tsx(85,76): error TS7026: JSX element implicitly has type 'any' because no interface 'JSX.IntrinsicElements' exists.
../247gbsaffiliates/components/ui/FormComponents.tsx(86,17): error TS7026: JSX element implicitly has type 'any' because no interface 'JSX.IntrinsicElements' exists.
../247gbsaffiliates/components/ui/FormComponents.tsx(87,13): error TS7026: JSX element implicitly has type 'any' because no interface 'JSX.IntrinsicElements' exists.
../247gbsaffiliates/components/ui/FormComponents.tsx(89,17): error TS7026: JSX element implicitly has type 'any' because no interface 'JSX.IntrinsicElements' exists.
../247gbsaffiliates/components/ui/FormComponents.tsx(90,21): error TS7026: JSX element implicitly has type 'any' because no interface 'JSX.IntrinsicElements' exists.
../247gbsaffiliates/components/ui/FormComponents.tsx(90,82): error TS7026: JSX element implicitly has type 'any' because no interface 'JSX.IntrinsicElements' exists.
../247gbsaffiliates/components/ui/FormComponents.tsx(92,17): error TS7026: JSX element implicitly has type 'any' because no interface 'JSX.IntrinsicElements' exists.
../247gbsaffiliates/components/ui/FormComponents.tsx(94,9): error TS7026: JSX element implicitly has type 'any' because no interface 'JSX.IntrinsicElements' exists.
../247gbsaffiliates/hooks/useAuth.ts(3,39): error TS2307: Cannot find module '@tanstack/react-query' or its corresponding type declarations.
../247gbsaffiliates/hooks/useAuth.ts(6,27): error TS2307: Cannot find module 'next/navigation' or its corresponding type declarations.
../247gbsaffiliates/hooks/useAuth.ts(14,17): error TS7006: Parameter 'data' implicitly has an 'any' type.
../247gbsaffiliates/hooks/useAuth.ts(22,17): error TS7006: Parameter 'data' implicitly has an 'any' type.
../247gbsaffiliates/lib/constants.ts(1,27): error TS2307: Cannot find module 'countries-list' or its corresponding type declarations.
../247gbsaffiliates/lib/constants.ts(2,21): error TS2307: Cannot find module 'iso-639-1' or its corresponding type declarations.
../247gbsaffiliates/lib/constants.ts(6,12): error TS18046: 'c' is of type 'unknown'.
../247gbsaffiliates/lib/constants.ts(7,12): error TS18046: 'c' is of type 'unknown'.
../247gbsaffiliates/lib/constants.ts(11,60): error TS7006: Parameter 'name' implicitly has an 'any' type.
../247gbsaffiliates/lib/constants.ts(14,11): error TS7006: Parameter 'a' implicitly has an 'any' type.
../247gbsaffiliates/lib/constants.ts(14,14): error TS7006: Parameter 'b' implicitly has an 'any' type.
../247gbsaffiliates/lib/schemas.ts(1,19): error TS2307: Cannot find module 'zod' or its corresponding type declarations.
../247gbsaffiliates/lib/utils.ts(1,39): error TS2307: Cannot find module 'clsx' or its corresponding type declarations.
../247gbsaffiliates/lib/utils.ts(2,25): error TS2307: Cannot find module 'tailwind-merge' or its corresponding type declarations.
../247gbsaffiliates/next.config.ts(1,33): error TS2307: Cannot find module 'next' or its corresponding type declarations.
../247gbsaffiliates/store/useAuthStore.ts(1,24): error TS2307: Cannot find module 'zustand' or its corresponding type declarations.
../247gbsaffiliates/store/useAuthStore.ts(2,25): error TS2307: Cannot find module 'zustand/middleware' or its corresponding type declarations.
../247gbsaffiliates/store/useAuthStore.ts(16,6): error TS7006: Parameter 'set' implicitly has an 'any' type.
../247gbsaffiliates/store/useAuthStore.ts(21,17): error TS7006: Parameter 'user' implicitly has an 'any' type.
../247gbsaffiliates/store/useAuthStore.ts(21,23): error TS7006: Parameter 'token' implicitly has an 'any' type.
../247gbsaffiliates/store/useAuthStore.ts(33,20): error TS7006: Parameter 'userData' implicitly has an 'any' type.
../247gbsaffiliates/store/useAuthStore.ts(33,38): error TS7006: Parameter 'state' implicitly has an 'any' type.
../247gbsaffiliates/store/useOnboardingStore.ts(1,24): error TS2307: Cannot find module 'zustand' or its corresponding type declarations.
../247gbsaffiliates/store/useOnboardingStore.ts(2,25): error TS2307: Cannot find module 'zustand/middleware' or its corresponding type declarations.
../247gbsaffiliates/store/useOnboardingStore.ts(72,6): error TS7006: Parameter 'set' implicitly has an 'any' type.
../247gbsaffiliates/store/useOnboardingStore.ts(94,17): error TS7006: Parameter 'step' implicitly has an 'any' type.
../247gbsaffiliates/store/useOnboardingStore.ts(96,17): error TS7006: Parameter 'role' implicitly has an 'any' type.
../247gbsaffiliates/store/useOnboardingStore.ts(98,21): error TS7006: Parameter 'name' implicitly has an 'any' type.
../247gbsaffiliates/store/useOnboardingStore.ts(100,25): error TS7006: Parameter 'info' implicitly has an 'any' type.
../247gbsaffiliates/store/useOnboardingStore.ts(100,39): error TS7006: Parameter 'state' implicitly has an 'any' type.
../247gbsaffiliates/store/useOnboardingStore.ts(104,27): error TS7006: Parameter 'info' implicitly has an 'any' type.
../247gbsaffiliates/store/useOnboardingStore.ts(104,41): error TS7006: Parameter 'state' implicitly has an 'any' type.
../247gbsaffiliates/store/useOnboardingStore.ts(108,36): error TS7006: Parameter 'answers' implicitly has an 'any' type.
../247gbsaffiliates/store/useOnboardingStore.ts(108,53): error TS7006: Parameter 'state' implicitly has an 'any' type.
../247gbsaffiliates/store/useOnboardingStore.ts(112,38): error TS7006: Parameter 'requested' implicitly has an 'any' type.
../247gbsaffiliates/store/useOnboardingStore.ts(114,26): error TS7006: Parameter 'status' implicitly has an 'any' type.
../247gbsaffiliates/store/useOnboardingStore.ts(116,21): error TS7006: Parameter 'skillId' implicitly has an 'any' type.
../247gbsaffiliates/store/useOnboardingStore.ts(116,38): error TS7006: Parameter 'state' implicitly has an 'any' type.
../247gbsaffiliates/store/useOnboardingStore.ts(118,41): error TS7006: Parameter 'id' implicitly has an 'any' type.
../247gbsaffiliates/store/useOnboardingStore.ts(122,23): error TS7006: Parameter 'questionId' implicitly has an 'any' type.
../247gbsaffiliates/store/useOnboardingStore.ts(122,35): error TS7006: Parameter 'answerId' implicitly has an 'any' type.
../247gbsaffiliates/store/useOnboardingStore.ts(122,53): error TS7006: Parameter 'state' implicitly has an 'any' type.
../247gbsaffiliates/store/useOnboardingStore.ts(126,23): error TS7006: Parameter 'result' implicitly has an 'any' type.
../247gbsaffiliates/store/useOnboardingStore.ts(128,28): error TS7006: Parameter 'questions' implicitly has an 'any' type.
../247gbsaffiliates/store/useOnboardingStore.ts(130,33): error TS7006: Parameter 'breakdown' implicitly has an 'any' type.
../247gbsaffiliates/store/useOnboardingStore.ts(132,30): error TS7006: Parameter 'timestamp' implicitly has an 'any' type.
../247gbsaffiliates/tailwind.config.ts(1,29): error TS2307: Cannot find module 'tailwindcss' or its corresponding type declarations.
